The following modules were not unloaded:
  (Use "module --force purge" to unload all):

  1) ModuleLabel/label   2) lumi-tools/24.05   3) init-lumi/0.2

The following sticky modules could not be reloaded:

  1) lumi-tools
Found EESSI repo @ /cvmfs/software.eessi.io/versions/2025.06!
archdetect says x86_64/amd/zen3
archdetect could not detect any accelerators
Using x86_64/amd/zen3 as software subdirectory.
Found Lmod configuration file at /cvmfs/software.eessi.io/versions/2025.06/software/linux/x86_64/amd/zen3/.lmod/lmodrc.lua
Found Lmod SitePackage.lua file at /cvmfs/software.eessi.io/versions/2025.06/software/linux/x86_64/amd/zen3/.lmod/SitePackage.lua
Using /cvmfs/software.eessi.io/host_injections/2025.06/software/linux/x86_64/amd/zen3 as the site extension directory for installations.
Using  as the site extension directory for accelerated installations.
Using /cvmfs/software.eessi.io/versions/2025.06/software/linux/x86_64/amd/zen3/modules/all as the directory to be added to MODULEPATH.
Using /cvmfs/software.eessi.io/host_injections/2025.06/software/linux/x86_64/amd/zen3/modules/all as the site extension directory to be added to MODULEPATH.
Initializing Lmod...
Prepending /cvmfs/software.eessi.io/versions/2025.06/software/linux/x86_64/amd/zen3/modules/all to $MODULEPATH...
Prepending site path /cvmfs/software.eessi.io/host_injections/2025.06/software/linux/x86_64/amd/zen3/modules/all to $MODULEPATH...
Environment set up to use EESSI (2025.06), have fun!
-- Using /tmp/$USER as a temporary working directory for installations, you can
override this by setting the environment variable WORKING_DIR and reloading the
module (e.g., /dev/shm is a common option) 
Configuring for use of EESSI_USER_INSTALL under /users/joglekar/eessi
-- To create installations for EESSI, you _must_ have write permissions to
/users/joglekar/eessi/versions/2025.06/software/linux/x86_64/amd/zen3 
-- You may wish to configure a sources directory for EasyBuild (for example,
via setting the environment variable EASYBUILD_SOURCEPATH) to allow you to
reuse existing sources for packages. 
================================================================
Loaded environment:
  ucx_info:    /users/joglekar/eessi/versions/2025.06/software/linux/x86_64/amd/zen3/software/UCX-ROCm/1.18.0-rocm-compilers-19.0.0-ROCm-6.4.1/bin/ucx_info
  mpirun:      /users/joglekar/eessi/versions/2025.06/software/linux/x86_64/amd/zen3/software/OpenMPI/5.0.7-rocm-compilers-19.0.0-ROCm-6.4.1/bin/mpirun
  OSU prefix:  /users/joglekar/eessi/versions/2025.06/software/linux/x86_64/amd/zen3/software/OSU-Micro-Benchmarks/7.5-rompi-2025a
  Hostname:    nid005020
  Date:        Sun May 10 07:25:12 EEST 2026
================================================================
OK: ucx_info reports ROCm support compiled in


################################################################
# osu_barrier   (8 GCDs, D D)
# Note: synchronization only
################################################################

# OSU MPI-ROCM Barrier Latency Test v7.5
# Avg Latency(us)
             1.02

################################################################
# osu_bcast   (8 GCDs, D D)
# Note: 1->all broadcast
################################################################

# OSU MPI-ROCM Broadcast Latency Test v7.5
# Datatype: MPI_CHAR.
# Size       Avg Latency(us)
1                       1.69
2                       1.74
4                       1.68
8                       1.64
16                      1.62
32                      1.66
64                      1.70
128                    10.83
256                    10.78
512                    10.84
1024                   11.02
2048                   11.30
4096                   26.39
8192                   26.32
16384                  24.39
32768                  25.43
65536                  27.62
131072                 32.40
262144                 42.53
524288                 63.92
1048576               120.18

################################################################
# osu_reduce   (8 GCDs, D D)
# Note: all->1 reduction
################################################################

# OSU MPI-ROCM Reduce Latency Test v7.5
# Datatype: MPI_INT.
# Size       Avg Latency(us)
4                       1.20
8                       1.03
16                      1.03
32                      1.02
64                      1.04
128                     1.27
256                     8.33
512                     8.44
1024                    8.70
2048                    9.19
4096                    9.76
8192                   12.32
16384                  14.60
32768                  18.12
65536                  26.70
131072                 44.95
262144                 84.51
524288                153.19
1048576               282.67

################################################################
# osu_allreduce   (8 GCDs, D D)
# Note: all->all reduction, used in DL training
################################################################

# OSU MPI-ROCM Allreduce Latency Test v7.5
# Datatype: MPI_INT.
# Size       Avg Latency(us)
4                      30.99
8                      31.81
16                     29.50
32                     29.64
64                     29.62
128                    30.95
256                    42.77
512                    43.14
1024                   44.17
2048                   46.66
4096                   49.66
8192                  122.42
16384                 126.87
32768                 138.21
65536                 159.72
131072                207.67
262144                315.08
524288                512.45
1048576               936.63

################################################################
# osu_allgather   (8 GCDs, D D)
# Note: every rank gets every rank's data
################################################################

# OSU MPI-ROCM Allgather Latency Test v7.5
# Datatype: MPI_CHAR.
# Size       Avg Latency(us)
1                      18.16
2                      18.61
4                      18.72
8                      19.04
16                     17.37
32                     17.21
64                     25.51
128                    30.65
256                    36.65
512                    36.76
1024                   37.09
2048                   37.71
4096                   51.61
8192                   53.84
16384                  54.38
32768                  57.26
65536                  63.35
131072                 75.55
262144                100.00
524288                149.87
1048576               249.10

################################################################
# osu_alltoall   (8 GCDs, D D)
# Note: full pairwise exchange, fabric stress
################################################################

# OSU MPI-ROCM All-to-All Personalized Exchange Latency Test v7.5
# Datatype: MPI_CHAR.
# Size       Avg Latency(us)
1                      24.25
2                      22.51
4                      22.46
8                      23.38
16                     22.16
32                     22.19
64                     22.31
128                    48.20
256                    47.77
512                    48.21
1024                   48.30
2048                   48.51
4096                   77.52
8192                   78.76
16384                  78.60
32768                  79.09
65536                  79.49
131072                 83.37
262144                 94.80
524288                132.60
1048576               233.13

################################################################
# osu_reduce_scatter   (8 GCDs, D D)
# Note: reduce + scatter combined
################################################################

# OSU MPI-ROCM Reduce_scatter Latency Test v7.5
# Datatype: MPI_INT.
# Size       Avg Latency(us)
4                      21.40
8                      23.95
16                     25.85
32                     32.74
64                     34.07
128                    32.39
256                    33.30
512                    33.71
1024                   34.31
2048                   35.05
4096                   37.16
8192                   41.30
16384                  49.82
32768                  59.45
65536                  70.53
131072                 96.24
262144                148.33
524288                261.14
1048576               521.85

################################################################
# osu_gather   (8 GCDs, D D)
# Note: all->root gather
################################################################

# OSU MPI-ROCM Gather Latency Test v7.5
# Datatype: MPI_CHAR.
# Size       Avg Latency(us)
1                      10.74
2                      10.79
4                      10.96
8                      11.34
16                     10.67
32                     10.75
64                     10.91
128                    10.83
256                    27.22
512                    27.49
1024                   28.18
2048                   28.67
4096                   32.17
8192                   35.41
16384                  39.25
32768                  43.64
65536                  59.24
131072                 84.04
262144                130.02
524288                220.64
1048576               394.57

################################################################
# osu_scatter   (8 GCDs, D D)
# Note: root->all scatter
################################################################

# OSU MPI-ROCM Scatter Latency Test v7.5
# Datatype: MPI_CHAR.
# Size       Avg Latency(us)
1                      28.00
2                      28.42
4                      29.17
8                      30.52
16                     27.88
32                     27.82
64                     37.62
128                    49.84
256                    50.98
512                    51.46
1024                   52.22
2048                   53.60
4096                   58.05
8192                   64.62
16384                  38.96
32768                  39.06
65536                  42.82
131072                 47.15
262144                 52.85
524288                 74.17
1048576               154.60

################################################################
# osu_iallreduce   (8 GCDs, D D)
# Note: non-blocking allreduce
################################################################

# OSU MPI-ROCM Non-blocking Allreduce Latency Test v7.5
# Overall = Coll. Init + Compute + MPI_Test + MPI_Wait

# Datatype: MPI_INT.
# Size           Overall(us)       Compute(us)    Pure Comm.(us)        Overlap(%)
4                       9.59              5.35              4.70              9.73
8                       9.05              4.79              4.12              0.00
16                      8.85              4.82              4.17              3.15
32                      8.89              4.74              4.10              0.00
64                      8.91              4.70              4.11              0.00
128                    49.02             25.08             23.24              0.00
256                    59.42             30.50             28.29              0.00
512                    60.04             30.76             28.55              0.00
1024                   61.14             31.35             29.11              0.00
2048                   63.06             32.32             30.06              0.00
4096                  116.83             63.13             58.95              8.91
8192                  122.87             65.57             61.19              6.35
16384                 135.63             71.78             67.07              4.81
32768                 165.88             87.57             81.92              4.41
65536                 337.35            177.92            166.72              4.37
131072                427.51            220.30            206.53              0.00
262144                649.33            335.84            315.03              0.49
524288               1087.32            568.19            533.21              2.64
1048576              2019.17           1040.26            976.49              0.00

################################################################
# osu_ialltoall   (8 GCDs, D D)
# Note: non-blocking alltoall
################################################################

# OSU MPI-ROCM Non-blocking All-to-All Latency Test v7.5
# Overall = Coll. Init + Compute + MPI_Test + MPI_Wait

# Datatype: MPI_CHAR.
# Size           Overall(us)       Compute(us)    Pure Comm.(us)        Overlap(%)
1                      52.72             28.43             26.40              7.98
2                      50.44             26.08             24.10              0.00
4                      50.10             25.85             23.97              0.00
8                      51.69             26.79             24.76              0.00
16                     49.91             25.77             23.86              0.00
32                     49.77             25.72             23.79              0.00
64                     49.81             25.76             23.85              0.00
128                   102.90             54.31             50.68              4.13
256                   102.98             54.07             50.40              2.97
512                   103.27             54.08             50.42              2.44
1024                  103.35             54.58             50.86              4.09
2048                  104.19             55.03             51.29              4.13
4096                  182.79             92.13             86.14              0.00
8192                  187.62             94.40             88.28              0.00
16384                 186.31             93.40             87.39              0.00
32768                 186.70             93.45             87.40              0.00
65536                 189.57             96.22             90.00              0.00
131072                192.81             97.84             91.51              0.00
262144                208.69            107.57            100.63              0.00
524288                279.25            143.63            134.54              0.00
1048576               451.34            233.06            218.50              0.10

################################################################
# osu_ibcast   (8 GCDs, D D)
# Note: non-blocking broadcast
################################################################

# OSU MPI-ROCM Non-Blocking Broadcast Latency Test v7.5
# Overall = Coll. Init + Compute + MPI_Test + MPI_Wait

# Datatype: MPI_CHAR.
# Size           Overall(us)       Compute(us)    Pure Comm.(us)        Overlap(%)
1                       4.31              2.55              2.04             13.89
2                       4.26              2.59              2.13             21.74
4                       4.16              2.55              2.07             22.31
8                       4.20              2.53              1.99             16.03
16                      4.27              2.55              2.03             15.48
32                      4.23              2.56              2.10             20.24
64                      4.20              2.61              2.14             25.83
128                    26.10             14.17             12.86              7.20
256                    25.75             13.80             12.68              5.78
512                    26.20             14.08             12.79              5.21
1024                   26.37             14.12             12.91              5.14
2048                   26.76             14.36             13.23              6.24
4096                   48.70             26.62             24.68             10.55
8192                   49.18             26.60             24.66              8.46
16384                  49.48             26.54             24.62              6.84
32768                  50.37             26.81             24.88              5.28
65536                  52.26             27.54             25.59              3.40
131072                 59.16             32.05             29.83              9.12
262144                 76.86             44.39             41.30             21.37
524288                115.08             68.82             64.29             28.05
1048576               193.34            117.90            110.41             31.67

All collectives done.
