The following modules were not unloaded:
  (Use "module --force purge" to unload all):

  1) ModuleLabel/label   2) lumi-tools/24.05   3) init-lumi/0.2

The following sticky modules could not be reloaded:

  1) lumi-tools
Found EESSI repo @ /cvmfs/software.eessi.io/versions/2025.06!
archdetect says x86_64/amd/zen3
archdetect could not detect any accelerators
Using x86_64/amd/zen3 as software subdirectory.
Found Lmod configuration file at /cvmfs/software.eessi.io/versions/2025.06/software/linux/x86_64/amd/zen3/.lmod/lmodrc.lua
Found Lmod SitePackage.lua file at /cvmfs/software.eessi.io/versions/2025.06/software/linux/x86_64/amd/zen3/.lmod/SitePackage.lua
Using /cvmfs/software.eessi.io/host_injections/2025.06/software/linux/x86_64/amd/zen3 as the site extension directory for installations.
Using  as the site extension directory for accelerated installations.
Using /cvmfs/software.eessi.io/versions/2025.06/software/linux/x86_64/amd/zen3/modules/all as the directory to be added to MODULEPATH.
Using /cvmfs/software.eessi.io/host_injections/2025.06/software/linux/x86_64/amd/zen3/modules/all as the site extension directory to be added to MODULEPATH.
Initializing Lmod...
Prepending /cvmfs/software.eessi.io/versions/2025.06/software/linux/x86_64/amd/zen3/modules/all to $MODULEPATH...
Prepending site path /cvmfs/software.eessi.io/host_injections/2025.06/software/linux/x86_64/amd/zen3/modules/all to $MODULEPATH...
Environment set up to use EESSI (2025.06), have fun!
-- Using /tmp/$USER as a temporary working directory for installations, you can
override this by setting the environment variable WORKING_DIR and reloading the
module (e.g., /dev/shm is a common option) 
Configuring for use of EESSI_USER_INSTALL under /users/joglekar/eessi
-- To create installations for EESSI, you _must_ have write permissions to
/users/joglekar/eessi/versions/2025.06/software/linux/x86_64/amd/zen3 
-- You may wish to configure a sources directory for EasyBuild (for example,
via setting the environment variable EASYBUILD_SOURCEPATH) to allow you to
reuse existing sources for packages. 
================================================================
Loaded environment:
  ucx_info:    /users/joglekar/eessi/versions/2025.06/software/linux/x86_64/amd/zen3/software/UCX-ROCm/1.18.0-rocm-compilers-19.0.0-ROCm-6.4.1/bin/ucx_info
  mpirun:      /users/joglekar/eessi/versions/2025.06/software/linux/x86_64/amd/zen3/software/OpenMPI/5.0.7-rocm-compilers-19.0.0-ROCm-6.4.1/bin/mpirun
  OSU prefix:  /users/joglekar/eessi/versions/2025.06/software/linux/x86_64/amd/zen3/software/OSU-Micro-Benchmarks/7.5-rompi-2025a
  Hostname:    nid005020
  Date:        Sun May 10 07:14:59 EEST 2026
================================================================
OK: ucx_info reports ROCm support compiled in


################################################################
# w15_intra_pkg_GPU0   GCD(0,1)
# Hypothesis: intra-package (same MI250X), ~100 GB/s
################################################################

# OSU MPI-ROCM Bi-Directional Bandwidth Test v7.5
# Datatype: MPI_CHAR.
# Size      Bandwidth (MB/s)
1                       3.66
2                       7.29
4                      14.59
8                      29.20
16                     58.60
32                    117.09
64                    229.72
128                   451.14
256                    91.68
512                   180.15
1024                  358.51
2048                  701.80
4096                  740.99
8192                 1464.04
16384                2915.24
32768                5703.70
65536               11260.56
131072              21697.31
262144              40474.87
524288              71408.27
1048576            113734.90
2097152            162147.62
4194304            201546.42

################################################################
# w15_intra_pkg_GPU1   GCD(2,3)
# Hypothesis: intra-package (same MI250X), ~100 GB/s
################################################################

# OSU MPI-ROCM Bi-Directional Bandwidth Test v7.5
# Datatype: MPI_CHAR.
# Size      Bandwidth (MB/s)
1                       3.63
2                       6.80
4                      14.49
8                      29.00
16                     58.09
32                    116.20
64                    228.32
128                   445.68
256                    90.66
512                   180.39
1024                  358.19
2048                  701.58
4096                  732.71
8192                 1465.09
16384                2899.00
32768                5770.61
65536               11236.99
131072              21644.93
262144              40503.22
524288              71299.99
1048576            114330.63
2097152            161698.15
4194304            201303.00

################################################################
# w15_intra_pkg_GPU2   GCD(4,5)
# Hypothesis: intra-package (same MI250X), ~100 GB/s
################################################################

# OSU MPI-ROCM Bi-Directional Bandwidth Test v7.5
# Datatype: MPI_CHAR.
# Size      Bandwidth (MB/s)
1                       3.68
2                       7.35
4                      14.68
8                      29.47
16                     58.96
32                    117.66
64                    230.95
128                   454.62
256                    94.66
512                   187.54
1024                  369.38
2048                  724.79
4096                  765.48
8192                 1530.28
16384                3029.03
32768                5984.16
65536               11688.62
131072              22453.93
262144              41738.84
524288              73401.64
1048576            116921.13
2097152            164860.62
4194304            203842.74

################################################################
# w15_intra_pkg_GPU3   GCD(6,7)
# Hypothesis: intra-package (same MI250X), ~100 GB/s
################################################################

# OSU MPI-ROCM Bi-Directional Bandwidth Test v7.5
# Datatype: MPI_CHAR.
# Size      Bandwidth (MB/s)
1                       3.53
2                       7.06
4                      14.17
8                      28.39
16                     56.74
32                    113.56
64                    221.41
128                   434.91
256                    91.89
512                   181.49
1024                  363.41
2048                  726.09
4096                  738.38
8192                 1468.47
16384                2931.74
32768                5782.08
65536               11183.05
131072              21793.61
262144              40724.75
524288              71789.49
1048576            114349.81
2097152            162558.52
4194304            202057.91

################################################################
# w15_inter_pkg_close   GCD(0,2)
# Hypothesis: inter-package, 2 links, ~100 GB/s
################################################################

# OSU MPI-ROCM Bi-Directional Bandwidth Test v7.5
# Datatype: MPI_CHAR.
# Size      Bandwidth (MB/s)
1                       3.58
2                       7.14
4                      14.31
8                      26.30
16                     57.05
32                    115.54
64                    226.23
128                   438.07
256                    92.81
512                   180.17
1024                  359.03
2048                  711.06
4096                 1381.00
8192                 2790.17
16384                5313.71
32768                9880.89
65536               17175.50
131072              27649.59
262144              39780.05
524288              50295.58
1048576             58405.76
2097152             63226.72
4194304             65136.75

################################################################
# w15_inter_pkg_far   GCD(0,6)
# Hypothesis: inter-package, 2 links, ~100 GB/s
################################################################

# OSU MPI-ROCM Bi-Directional Bandwidth Test v7.5
# Datatype: MPI_CHAR.
# Size      Bandwidth (MB/s)
1                       3.69
2                       7.36
4                      14.72
8                      29.61
16                     58.98
32                    117.81
64                    231.43
128                   453.41
256                    93.46
512                   180.26
1024                  359.74
2048                  724.66
4096                  982.41
8192                 1937.44
16384                3857.99
32768                7517.15
65536               14444.18
131072              26620.30
262144              45033.79
524288              69908.10
1048576             90473.87
2097152            104708.29
4194304            114440.05

################################################################
# w15_inter_pkg   GCD(1,3)
# Hypothesis: inter-package, 2 links, ~100 GB/s
################################################################

# OSU MPI-ROCM Bi-Directional Bandwidth Test v7.5
# Datatype: MPI_CHAR.
# Size      Bandwidth (MB/s)
1                       3.71
2                       7.39
4                      14.81
8                      29.79
16                     59.29
32                    118.54
64                    233.22
128                   455.18
256                    92.64
512                   183.63
1024                  366.35
2048                  725.07
4096                 1436.24
8192                 2817.97
16384                5362.77
32768               10005.66
65536               17441.82
131072              28159.91
262144              40362.02
524288              51170.65
1048576             58940.98
2097152             63407.35
4194304             65198.49

################################################################
# w15_inter_pkg   GCD(1,5)
# Hypothesis: inter-package, 2 links, ~100 GB/s
################################################################

# OSU MPI-ROCM Bi-Directional Bandwidth Test v7.5
# Datatype: MPI_CHAR.
# Size      Bandwidth (MB/s)
1                       3.67
2                       7.29
4                      14.61
8                      29.27
16                     58.65
32                    117.05
64                    230.57
128                   451.26
256                    92.77
512                   184.27
1024                  360.84
2048                  718.28
4096                 1435.25
8192                 2815.11
16384                5339.42
32768               10011.53
65536               17422.15
131072              28148.77
262144              40326.61
524288              51209.58
1048576             58880.43
2097152             63433.77
4194304             65192.65

################################################################
# w15_inter_pkg   GCD(2,4)
# Hypothesis: inter-package, 2 links, ~100 GB/s
################################################################

# OSU MPI-ROCM Bi-Directional Bandwidth Test v7.5
# Datatype: MPI_CHAR.
# Size      Bandwidth (MB/s)
1                       3.72
2                       7.43
4                      14.04
8                      29.60
16                     59.41
32                    118.61
64                    232.78
128                   456.53
256                    91.28
512                   180.35
1024                  359.01
2048                  724.91
4096                  979.45
8192                 1943.96
16384                3839.53
32768                7464.22
65536               14413.14
131072              26626.38
262144              46010.40
524288              71326.96
1048576             91357.66
2097152            105670.25
4194304            114933.20

################################################################
# w15_inter_pkg   GCD(3,7)
# Hypothesis: inter-package, 2 links, ~100 GB/s
################################################################

# OSU MPI-ROCM Bi-Directional Bandwidth Test v7.5
# Datatype: MPI_CHAR.
# Size      Bandwidth (MB/s)
1                       3.55
2                       7.08
4                      14.17
8                      28.33
16                     56.89
32                    113.54
64                    224.36
128                   438.50
256                    92.29
512                   181.11
1024                  365.19
2048                  729.41
4096                 1433.14
8192                 2806.72
16384                5317.82
32768                9977.81
65536               17384.80
131072              28072.19
262144              40192.59
524288              51243.10
1048576             58943.33
2097152             63456.70
4194304             65234.55

################################################################
# w15_inter_pkg   GCD(4,6)
# Hypothesis: inter-package, 2 links, ~100 GB/s
################################################################

# OSU MPI-ROCM Bi-Directional Bandwidth Test v7.5
# Datatype: MPI_CHAR.
# Size      Bandwidth (MB/s)
1                       3.61
2                       7.22
4                      13.78
8                      28.99
16                     57.63
32                    115.34
64                    226.44
128                   443.97
256                    93.45
512                   181.01
1024                  368.34
2048                  725.43
4096                 1425.48
8192                 2849.70
16384                5453.93
32768               10173.88
65536               17739.20
131072              28373.76
262144              40427.23
524288              50856.37
1048576             58790.63
2097152             63333.40
4194304             65217.17

################################################################
# w15_inter_pkg   GCD(5,7)
# Hypothesis: inter-package, 2 links, ~100 GB/s
################################################################

# OSU MPI-ROCM Bi-Directional Bandwidth Test v7.5
# Datatype: MPI_CHAR.
# Size      Bandwidth (MB/s)
1                       3.68
2                       7.37
4                      14.74
8                      29.55
16                     58.93
32                    117.59
64                    231.13
128                   452.52
256                    96.27
512                   190.26
1024                  377.44
2048                  737.29
4096                 1445.48
8192                 2913.65
16384                5489.63
32768               10253.50
65536               17887.94
131072              28629.68
262144              40904.80
524288              50933.93
1048576             58805.86
2097152             63425.78
4194304             65251.49

################################################################
# w30_inter_pkg   GCD(0,3)
# Hypothesis: inter-package, 1 link, ~50 GB/s
################################################################

# OSU MPI-ROCM Bi-Directional Bandwidth Test v7.5
# Datatype: MPI_CHAR.
# Size      Bandwidth (MB/s)
1                       3.64
2                       6.91
4                      14.54
8                      27.33
16                     58.51
32                    111.17
64                    229.62
128                   426.32
256                    90.07
512                   177.68
1024                  356.51
2048                  701.19
4096                 1399.29
8192                 2747.80
16384                5190.71
32768                9717.28
65536               17049.92
131072              27858.02
262144              40750.08
524288              51902.28
1048576             60075.22
2097152             65014.30
4194304             66957.58

################################################################
# w30_inter_pkg   GCD(0,4)
# Hypothesis: inter-package, 1 link, ~50 GB/s
################################################################

# OSU MPI-ROCM Bi-Directional Bandwidth Test v7.5
# Datatype: MPI_CHAR.
# Size      Bandwidth (MB/s)
1                       3.69
2                       7.38
4                      14.79
8                      29.64
16                     56.75
32                    119.43
64                    221.03
128                   457.61
256                    89.95
512                   179.82
1024                  351.02
2048                  691.62
4096                 1360.68
8192                 2759.47
16384                5243.81
32768                9813.21
65536               17166.47
131072              27983.72
262144              40546.34
524288              52043.79
1048576             60227.88
2097152             65014.68
4194304             66949.10

################################################################
# w30_inter_pkg   GCD(0,5)
# Hypothesis: inter-package, 1 link, ~50 GB/s
################################################################

# OSU MPI-ROCM Bi-Directional Bandwidth Test v7.5
# Datatype: MPI_CHAR.
# Size      Bandwidth (MB/s)
1                       3.67
2                       7.32
4                      14.64
8                      29.27
16                     58.89
32                    117.55
64                    230.51
128                   453.03
256                    88.89
512                   177.02
1024                  350.76
2048                  700.54
4096                 1379.33
8192                 2707.50
16384                5139.18
32768                9592.36
65536               16836.13
131072              27272.28
262144              39267.51
524288              50099.88
1048576             58097.58
2097152             62862.72
4194304             65044.94

################################################################
# w30_inter_pkg   GCD(0,7)
# Hypothesis: inter-package, 1 link, ~50 GB/s
################################################################

# OSU MPI-ROCM Bi-Directional Bandwidth Test v7.5
# Datatype: MPI_CHAR.
# Size      Bandwidth (MB/s)
1                       3.60
2                       7.19
4                      14.39
8                      28.78
16                     57.82
32                    115.84
64                    216.00
128                   444.93
256                    89.75
512                   179.10
1024                  349.39
2048                  688.38
4096                 1347.08
8192                 2760.53
16384                5355.88
32768               10211.46
65536               18160.71
131072              30885.87
262144              47636.03
524288              64976.87
1048576             79462.58
2097152             89206.07
4194304             95302.25

################################################################
# w30_inter_pkg   GCD(1,2)
# Hypothesis: inter-package, 1 link, ~50 GB/s
################################################################

# OSU MPI-ROCM Bi-Directional Bandwidth Test v7.5
# Datatype: MPI_CHAR.
# Size      Bandwidth (MB/s)
1                       3.49
2                       7.31
4                      14.74
8                      29.48
16                     59.09
32                    117.98
64                    231.16
128                   453.82
256                    90.02
512                   177.09
1024                  352.04
2048                  699.76
4096                 1395.54
8192                 2738.36
16384                5166.07
32768                9699.13
65536               16914.33
131072              27703.73
262144              40362.04
524288              51241.25
1048576             59804.66
2097152             64849.61
4194304             66896.64

################################################################
# w30_inter_pkg   GCD(1,4)
# Hypothesis: inter-package, 1 link, ~50 GB/s
################################################################

# OSU MPI-ROCM Bi-Directional Bandwidth Test v7.5
# Datatype: MPI_CHAR.
# Size      Bandwidth (MB/s)
1                       3.66
2                       7.30
4                      14.60
8                      29.22
16                     58.57
32                    117.02
64                    228.92
128                   448.73
256                    90.40
512                   178.22
1024                  348.30
2048                  687.30
4096                 1352.08
8192                 2718.62
16384                5199.54
32768                9703.19
65536               17006.76
131072              27418.87
262144              39651.83
524288              50607.73
1048576             58365.44
2097152             62984.82
4194304             64986.90

################################################################
# w30_inter_pkg   GCD(1,6)
# Hypothesis: inter-package, 1 link, ~50 GB/s
################################################################

# OSU MPI-ROCM Bi-Directional Bandwidth Test v7.5
# Datatype: MPI_CHAR.
# Size      Bandwidth (MB/s)
1                       3.65
2                       7.26
4                      14.57
8                      29.27
16                     58.52
32                    117.09
64                    229.15
128                   449.45
256                    89.21
512                   174.58
1024                  350.73
2048                  688.78
4096                 1381.75
8192                 2749.97
16384                5265.15
32768               10142.50
65536               17997.41
131072              30556.50
262144              46714.99
524288              64662.56
1048576             78914.91
2097152             89040.38
4194304             95293.27

################################################################
# w30_inter_pkg   GCD(2,5)
# Hypothesis: inter-package, 1 link, ~50 GB/s
################################################################

# OSU MPI-ROCM Bi-Directional Bandwidth Test v7.5
# Datatype: MPI_CHAR.
# Size      Bandwidth (MB/s)
1                       3.62
2                       7.19
4                      14.39
8                      28.78
16                     57.79
32                    115.33
64                    226.64
128                   444.21
256                    90.22
512                   176.80
1024                  350.06
2048                  688.19
4096                 1398.34
8192                 2748.94
16384                5319.85
32768               10191.39
65536               18106.49
131072              30860.00
262144              47556.46
524288              64973.75
1048576             79455.47
2097152             89187.02
4194304             95260.50

################################################################
# w30_inter_pkg   GCD(2,6)
# Hypothesis: inter-package, 1 link, ~50 GB/s
################################################################

# OSU MPI-ROCM Bi-Directional Bandwidth Test v7.5
# Datatype: MPI_CHAR.
# Size      Bandwidth (MB/s)
1                       3.65
2                       7.31
4                      14.64
8                      29.23
16                     58.76
32                    117.25
64                    230.15
128                   449.86
256                    90.48
512                   178.36
1024                  355.17
2048                  699.01
4096                 1397.05
8192                 2743.71
16384                5215.28
32768                9721.60
65536               17092.54
131072              27936.98
262144              40215.35
524288              51983.66
1048576             60215.41
2097152             65024.45
4194304             66954.57

################################################################
# w30_inter_pkg   GCD(2,7)
# Hypothesis: inter-package, 1 link, ~50 GB/s
################################################################

# OSU MPI-ROCM Bi-Directional Bandwidth Test v7.5
# Datatype: MPI_CHAR.
# Size      Bandwidth (MB/s)
1                       3.56
2                       7.09
4                      14.21
8                      28.40
16                     57.13
32                    113.98
64                    223.73
128                   439.27
256                    88.21
512                   175.57
1024                  343.29
2048                  694.48
4096                 1368.45
8192                 2685.00
16384                5104.27
32768                9501.44
65536               16719.56
131072              26977.13
262144              39059.27
524288              50126.22
1048576             58017.38
2097152             62849.75
4194304             65086.04

################################################################
# w30_inter_pkg   GCD(3,4)
# Hypothesis: inter-package, 1 link, ~50 GB/s
################################################################

# OSU MPI-ROCM Bi-Directional Bandwidth Test v7.5
# Datatype: MPI_CHAR.
# Size      Bandwidth (MB/s)
1                       3.69
2                       7.37
4                      14.79
8                      29.53
16                     59.34
32                    118.67
64                    218.33
128                   454.23
256                    90.87
512                   180.49
1024                  360.38
2048                  719.81
4096                 1431.09
8192                 2825.29
16384                5392.21
32768               10323.73
65536               18422.15
131072              31197.76
262144              47915.85
524288              65381.53
1048576             79637.06
2097152             89400.38
4194304             95365.77

################################################################
# w30_inter_pkg   GCD(3,6)
# Hypothesis: inter-package, 1 link, ~50 GB/s
################################################################

# OSU MPI-ROCM Bi-Directional Bandwidth Test v7.5
# Datatype: MPI_CHAR.
# Size      Bandwidth (MB/s)
1                       3.65
2                       7.28
4                      14.58
8                      29.13
16                     58.43
32                    116.86
64                    229.96
128                   447.51
256                    89.41
512                   177.56
1024                  346.92
2048                  683.50
4096                 1339.73
8192                 2720.36
16384                5155.27
32768                9595.14
65536               16833.16
131072              27189.01
262144              39222.40
524288              50155.16
1048576             58041.31
2097152             62860.54
4194304             64989.64

################################################################
# w30_inter_pkg   GCD(4,7)
# Hypothesis: inter-package, 1 link, ~50 GB/s
################################################################

# OSU MPI-ROCM Bi-Directional Bandwidth Test v7.5
# Datatype: MPI_CHAR.
# Size      Bandwidth (MB/s)
1                       3.64
2                       7.26
4                      14.02
8                      29.06
16                     58.47
32                    116.77
64                    218.20
128                   448.21
256                    92.35
512                   180.57
1024                  358.73
2048                  705.81
4096                 1381.48
8192                 2817.65
16384                5312.44
32768                9893.92
65536               17286.75
131072              28037.72
262144              40525.04
524288              51662.14
1048576             59933.30
2097152             64870.52
4194304             66968.12

################################################################
# w30_inter_pkg   GCD(5,6)
# Hypothesis: inter-package, 1 link, ~50 GB/s
################################################################

# OSU MPI-ROCM Bi-Directional Bandwidth Test v7.5
# Datatype: MPI_CHAR.
# Size      Bandwidth (MB/s)
1                       3.64
2                       7.25
4                      14.51
8                      29.01
16                     58.19
32                    116.14
64                    228.02
128                   448.19
256                    90.32
512                   177.93
1024                  357.88
2048                  703.63
4096                 1384.81
8192                 2717.42
16384                5194.43
32768                9700.30
65536               17082.09
131072              27861.78
262144              40401.52
524288              52030.33
1048576             60231.26
2097152             65042.16
4194304             66971.40

################################################################
# w45_anomaly1   GCD(1,7)
# Hypothesis: weakest path on node, ~30-40 GB/s
################################################################

# OSU MPI-ROCM Bi-Directional Bandwidth Test v7.5
# Datatype: MPI_CHAR.
# Size      Bandwidth (MB/s)
1                       3.66
2                       7.31
4                      14.62
8                      29.26
16                     58.70
32                    117.17
64                    230.61
128                   432.61
256                    87.21
512                   170.92
1024                  336.36
2048                  680.52
4096                 1359.36
8192                 2674.14
16384                5170.82
32768                9805.21
65536               17542.57
131072              30119.60
262144              46609.50
524288              64299.52
1048576             78991.06
2097152             88831.12
4194304             95133.62

################################################################
# w45_anomaly2   GCD(3,5)
# Hypothesis: weakest path on node, ~30-40 GB/s
################################################################

# OSU MPI-ROCM Bi-Directional Bandwidth Test v7.5
# Datatype: MPI_CHAR.
# Size      Bandwidth (MB/s)
1                       3.60
2                       7.23
4                      14.47
8                      28.83
16                     57.68
32                    114.08
64                    208.52
128                   443.93
256                    89.56
512                   174.98
1024                  348.26
2048                  686.33
4096                 1350.08
8192                 2743.21
16384                5316.98
32768               10184.02
65536               18099.52
131072              30665.85
262144              47510.53
524288              64905.72
1048576             79298.44
2097152             89057.85
4194304             95197.68

################################################################
# self_GCD0   GCD(0,0)
# Hypothesis: same GCD, intra-process HBM, ~250 GB/s
################################################################

# OSU MPI-ROCM Bi-Directional Bandwidth Test v7.5
# Datatype: MPI_CHAR.
# Size      Bandwidth (MB/s)
1                       3.73
2                       7.46
4                      14.94
8                      29.76
16                     59.67
32                    119.25
64                    234.10
128                    23.76
256                    47.97
512                    94.86
1024                  187.86
2048                  371.20
4096                  731.80
8192                 1480.53
16384                2830.90
32768                5334.55
65536                9432.71
131072              15761.03
262144              23722.37
524288              32257.80
1048576            141176.52
2097152            238190.45
4194304            358889.86

All pairs done.
