The following modules were not unloaded:
  (Use "module --force purge" to unload all):

  1) ModuleLabel/label   2) lumi-tools/24.05   3) init-lumi/0.2

The following sticky modules could not be reloaded:

  1) lumi-tools
Found EESSI repo @ /cvmfs/software.eessi.io/versions/2025.06!
archdetect says x86_64/amd/zen3
archdetect could not detect any accelerators
Using x86_64/amd/zen3 as software subdirectory.
Found Lmod configuration file at /cvmfs/software.eessi.io/versions/2025.06/software/linux/x86_64/amd/zen3/.lmod/lmodrc.lua
Found Lmod SitePackage.lua file at /cvmfs/software.eessi.io/versions/2025.06/software/linux/x86_64/amd/zen3/.lmod/SitePackage.lua
Using /cvmfs/software.eessi.io/host_injections/2025.06/software/linux/x86_64/amd/zen3 as the site extension directory for installations.
Using  as the site extension directory for accelerated installations.
Using /cvmfs/software.eessi.io/versions/2025.06/software/linux/x86_64/amd/zen3/modules/all as the directory to be added to MODULEPATH.
Using /cvmfs/software.eessi.io/host_injections/2025.06/software/linux/x86_64/amd/zen3/modules/all as the site extension directory to be added to MODULEPATH.
Initializing Lmod...
Prepending /cvmfs/software.eessi.io/versions/2025.06/software/linux/x86_64/amd/zen3/modules/all to $MODULEPATH...
Prepending site path /cvmfs/software.eessi.io/host_injections/2025.06/software/linux/x86_64/amd/zen3/modules/all to $MODULEPATH...
Environment set up to use EESSI (2025.06), have fun!
-- Using /tmp/$USER as a temporary working directory for installations, you can
override this by setting the environment variable WORKING_DIR and reloading the
module (e.g., /dev/shm is a common option) 
Configuring for use of EESSI_USER_INSTALL under /users/joglekar/eessi
-- To create installations for EESSI, you _must_ have write permissions to
/users/joglekar/eessi/versions/2025.06/software/linux/x86_64/amd/zen3 
-- You may wish to configure a sources directory for EasyBuild (for example,
via setting the environment variable EASYBUILD_SOURCEPATH) to allow you to
reuse existing sources for packages. 
================================================================
Loaded environment:
  ucx_info:    /users/joglekar/eessi/versions/2025.06/software/linux/x86_64/amd/zen3/software/UCX-ROCm/1.18.0-rocm-compilers-19.0.0-ROCm-6.4.1/bin/ucx_info
  mpirun:      /users/joglekar/eessi/versions/2025.06/software/linux/x86_64/amd/zen3/software/OpenMPI/5.0.7-rocm-compilers-19.0.0-ROCm-6.4.1/bin/mpirun
  OSU prefix:  /users/joglekar/eessi/versions/2025.06/software/linux/x86_64/amd/zen3/software/OSU-Micro-Benchmarks/7.5-rompi-2025a
  Hostname:    nid005022
  Date:        Sun May 10 07:09:59 EEST 2026
================================================================
OK: ucx_info reports ROCm support compiled in


################################################################
# w15_intra_pkg_GPU0   GCD(0,1)
# Hypothesis: intra-package (same MI250X), ~100 GB/s
################################################################

# OSU MPI-ROCM Bandwidth Test v7.5
# Datatype: MPI_CHAR.
# Size      Bandwidth (MB/s)
1                       3.15
2                       5.80
4                      13.23
8                      27.37
16                     54.61
32                    109.45
64                    218.69
128                   433.76
256                    47.97
512                    94.24
1024                  187.58
2048                  370.71
4096                  375.11
8192                  740.90
16384                1482.33
32768                2932.50
65536                5706.86
131072              10993.26
262144              20559.68
524288              36272.85
1048576             58345.24
2097152             82848.77
4194304            105170.52

################################################################
# w15_intra_pkg_GPU1   GCD(2,3)
# Hypothesis: intra-package (same MI250X), ~100 GB/s
################################################################

# OSU MPI-ROCM Bandwidth Test v7.5
# Datatype: MPI_CHAR.
# Size      Bandwidth (MB/s)
1                       3.05
2                       6.11
4                      12.99
8                      26.65
16                     52.57
32                    105.17
64                    209.14
128                   415.74
256                    47.41
512                    94.49
1024                  187.09
2048                  367.69
4096                  356.75
8192                  704.69
16384                1411.87
32768                2759.78
65536                5375.00
131072              10503.27
262144              19693.06
524288              34637.06
1048576             56219.47
2097152             81301.89
4194304            103828.68

################################################################
# w15_intra_pkg_GPU2   GCD(4,5)
# Hypothesis: intra-package (same MI250X), ~100 GB/s
################################################################

# OSU MPI-ROCM Bandwidth Test v7.5
# Datatype: MPI_CHAR.
# Size      Bandwidth (MB/s)
1                       3.07
2                       6.13
4                      13.08
8                      26.64
16                     53.06
32                    105.54
64                    210.63
128                   414.49
256                    49.72
512                    97.20
1024                  193.27
2048                  378.63
4096                  389.06
8192                  767.82
16384                1537.27
32768                3034.63
65536                5917.66
131072              11360.89
262144              21191.70
524288              37260.99
1048576             59748.15
2097152             84436.33
4194304            106361.55

################################################################
# w15_intra_pkg_GPU3   GCD(6,7)
# Hypothesis: intra-package (same MI250X), ~100 GB/s
################################################################

# OSU MPI-ROCM Bandwidth Test v7.5
# Datatype: MPI_CHAR.
# Size      Bandwidth (MB/s)
1                       3.03
2                       6.04
4                      12.89
8                      26.24
16                     52.57
32                    104.69
64                    208.01
128                   415.30
256                    48.19
512                    94.64
1024                  188.88
2048                  368.05
4096                  378.09
8192                  773.04
16384                1547.83
32768                3049.38
65536                5947.64
131072              11422.91
262144              21051.56
524288              37421.71
1048576             59951.19
2097152             84732.37
4194304            106538.50

################################################################
# w15_inter_pkg_close   GCD(0,2)
# Hypothesis: inter-package, 2 links, ~100 GB/s
################################################################

# OSU MPI-ROCM Bandwidth Test v7.5
# Datatype: MPI_CHAR.
# Size      Bandwidth (MB/s)
1                       3.10
2                       6.23
4                      13.22
8                      26.91
16                     53.74
32                    107.50
64                    213.75
128                   424.26
256                    48.25
512                    94.41
1024                  188.19
2048                  368.25
4096                  719.92
8192                 1404.41
16384                2695.75
32768                5071.38
65536                9105.02
131072              14754.03
262144              21034.63
524288              27194.77
1048576             31702.71
2097152             34334.27
4194304             35372.71

################################################################
# w15_inter_pkg_far   GCD(0,6)
# Hypothesis: inter-package, 2 links, ~100 GB/s
################################################################

# OSU MPI-ROCM Bandwidth Test v7.5
# Datatype: MPI_CHAR.
# Size      Bandwidth (MB/s)
1                       3.16
2                       6.28
4                      13.46
8                      27.23
16                     54.46
32                    108.87
64                    215.59
128                   431.12
256                    48.45
512                    94.28
1024                  186.79
2048                  367.12
4096                  493.25
8192                  964.01
16384                1923.66
32768                3769.25
65536                7257.81
131072              13455.71
262144              22814.62
524288              35720.21
1048576             46968.80
2097152             55008.18
4194304             60413.61

################################################################
# w15_inter_pkg   GCD(1,3)
# Hypothesis: inter-package, 2 links, ~100 GB/s
################################################################

# OSU MPI-ROCM Bandwidth Test v7.5
# Datatype: MPI_CHAR.
# Size      Bandwidth (MB/s)
1                       3.11
2                       6.21
4                      12.23
8                      26.75
16                     53.77
32                    100.48
64                    202.13
128                   422.45
256                    48.53
512                    94.84
1024                  189.15
2048                  372.42
4096                  723.95
8192                 1411.88
16384                2710.13
32768                5054.65
65536                9073.79
131072              14701.34
262144              21065.91
524288              27162.57
1048576             31675.91
2097152             34362.97
4194304             35400.70

################################################################
# w15_inter_pkg   GCD(1,5)
# Hypothesis: inter-package, 2 links, ~100 GB/s
################################################################

# OSU MPI-ROCM Bandwidth Test v7.5
# Datatype: MPI_CHAR.
# Size      Bandwidth (MB/s)
1                       3.18
2                       6.41
4                      13.54
8                      27.73
16                     54.74
32                    109.63
64                    215.92
128                   433.66
256                    49.18
512                    94.88
1024                  189.15
2048                  370.89
4096                  725.19
8192                 1405.44
16384                2690.55
32768                5019.31
65536                9005.44
131072              14684.85
262144              21039.05
524288              27150.75
1048576             31665.26
2097152             34323.10
4194304             35397.36

################################################################
# w15_inter_pkg   GCD(2,4)
# Hypothesis: inter-package, 2 links, ~100 GB/s
################################################################

# OSU MPI-ROCM Bandwidth Test v7.5
# Datatype: MPI_CHAR.
# Size      Bandwidth (MB/s)
1                       3.16
2                       6.34
4                      13.50
8                      27.64
16                     54.91
32                    109.77
64                    215.08
128                   432.40
256                    48.81
512                    94.84
1024                  188.83
2048                  372.38
4096                  501.50
8192                  976.13
16384                1946.39
32768                3794.31
65536                7292.28
131072              13690.04
262144              23449.71
524288              37402.49
1048576             51561.96
2097152             62257.13
4194304             68344.56

################################################################
# w15_inter_pkg   GCD(3,7)
# Hypothesis: inter-package, 2 links, ~100 GB/s
################################################################

# OSU MPI-ROCM Bandwidth Test v7.5
# Datatype: MPI_CHAR.
# Size      Bandwidth (MB/s)
1                       3.12
2                       6.19
4                      13.27
8                      24.55
16                     53.71
32                    107.53
64                    209.37
128                   417.40
256                    50.29
512                    99.98
1024                  195.25
2048                  383.48
4096                  748.59
8192                 1448.68
16384                2772.30
32768                5219.64
65536                9384.54
131072              15049.06
262144              21317.79
524288              27444.30
1048576             31902.73
2097152             34426.55
4194304             35443.33

################################################################
# w15_inter_pkg   GCD(4,6)
# Hypothesis: inter-package, 2 links, ~100 GB/s
################################################################

# OSU MPI-ROCM Bandwidth Test v7.5
# Datatype: MPI_CHAR.
# Size      Bandwidth (MB/s)
1                       3.07
2                       6.15
4                      13.06
8                      26.72
16                     53.27
32                    106.95
64                    207.39
128                   419.76
256                    50.46
512                    98.46
1024                  194.50
2048                  381.73
4096                  747.84
8192                 1450.01
16384                2779.93
32768                5154.66
65536                9320.96
131072              14937.08
262144              21338.66
524288              27379.02
1048576             31825.81
2097152             34424.26
4194304             35453.94

################################################################
# w15_inter_pkg   GCD(5,7)
# Hypothesis: inter-package, 2 links, ~100 GB/s
################################################################

# OSU MPI-ROCM Bandwidth Test v7.5
# Datatype: MPI_CHAR.
# Size      Bandwidth (MB/s)
1                       3.04
2                       6.18
4                      13.17
8                      26.72
16                     53.55
32                    107.30
64                    210.36
128                   422.14
256                    51.07
512                    99.89
1024                  198.19
2048                  386.05
4096                  755.85
8192                 1462.88
16384                2797.97
32768                5188.18
65536                9407.69
131072              14982.93
262144              21389.06
524288              27443.99
1048576             31855.82
2097152             34472.80
4194304             35463.03

################################################################
# w30_inter_pkg   GCD(0,3)
# Hypothesis: inter-package, 1 link, ~50 GB/s
################################################################

# OSU MPI-ROCM Bandwidth Test v7.5
# Datatype: MPI_CHAR.
# Size      Bandwidth (MB/s)
1                       3.17
2                       6.29
4                      13.47
8                      27.43
16                     54.44
32                    108.48
64                    212.40
128                   431.95
256                    47.08
512                    92.63
1024                  182.56
2048                  355.38
4096                  704.08
8192                 1362.00
16384                2616.70
32768                4933.52
65536                8897.65
131072              14530.15
262144              20884.36
524288              27260.58
1048576             31961.43
2097152             34790.84
4194304             35918.10

################################################################
# w30_inter_pkg   GCD(0,4)
# Hypothesis: inter-package, 1 link, ~50 GB/s
################################################################

# OSU MPI-ROCM Bandwidth Test v7.5
# Datatype: MPI_CHAR.
# Size      Bandwidth (MB/s)
1                       3.16
2                       6.33
4                      13.47
8                      27.22
16                     54.25
32                    108.69
64                    214.03
128                   429.51
256                    47.22
512                    94.33
1024                  183.76
2048                  360.61
4096                  707.80
8192                 1381.95
16384                2649.26
32768                4984.39
65536                8981.81
131072              14664.22
262144              21013.20
524288              27237.78
1048576             31890.78
2097152             34704.60
4194304             35918.25

################################################################
# w30_inter_pkg   GCD(0,5)
# Hypothesis: inter-package, 1 link, ~50 GB/s
################################################################

# OSU MPI-ROCM Bandwidth Test v7.5
# Datatype: MPI_CHAR.
# Size      Bandwidth (MB/s)
1                       3.12
2                       6.21
4                      13.29
8                      24.23
16                     53.53
32                    106.66
64                    210.32
128                   422.70
256                    46.50
512                    92.87
1024                  181.40
2048                  353.04
4096                  696.15
8192                 1348.91
16384                2592.44
32768                4882.36
65536                8823.76
131072              14306.87
262144              20483.17
524288              26670.02
1048576             31182.13
2097152             33912.52
4194304             35288.02

################################################################
# w30_inter_pkg   GCD(0,7)
# Hypothesis: inter-package, 1 link, ~50 GB/s
################################################################

# OSU MPI-ROCM Bandwidth Test v7.5
# Datatype: MPI_CHAR.
# Size      Bandwidth (MB/s)
1                       3.16
2                       6.26
4                      13.48
8                      27.44
16                     54.68
32                    106.89
64                    216.86
128                   393.30
256                    47.17
512                    93.04
1024                  183.14
2048                  360.54
4096                  704.78
8192                 1375.94
16384                2671.78
32768                5066.33
65536                9374.45
131072              15933.99
262144              23788.65
524288              33006.97
1048576             39921.67
2097152             44882.16
4194304             47698.73

################################################################
# w30_inter_pkg   GCD(1,2)
# Hypothesis: inter-package, 1 link, ~50 GB/s
################################################################

# OSU MPI-ROCM Bandwidth Test v7.5
# Datatype: MPI_CHAR.
# Size      Bandwidth (MB/s)
1                       2.95
2                       5.80
4                      13.37
8                      27.36
16                     54.05
32                    109.51
64                    212.01
128                   431.86
256                    47.14
512                    92.46
1024                  183.02
2048                  360.04
4096                  703.94
8192                 1369.19
16384                2631.41
32768                4903.96
65536                8857.99
131072              14461.10
262144              20926.76
524288              27203.60
1048576             31952.75
2097152             34774.80
4194304             35922.04

################################################################
# w30_inter_pkg   GCD(1,4)
# Hypothesis: inter-package, 1 link, ~50 GB/s
################################################################

# OSU MPI-ROCM Bandwidth Test v7.5
# Datatype: MPI_CHAR.
# Size      Bandwidth (MB/s)
1                       3.17
2                       6.36
4                      12.12
8                      27.73
16                     55.28
32                    109.99
64                    219.38
128                   437.05
256                    47.37
512                    94.52
1024                  184.18
2048                  360.55
4096                  710.63
8192                 1377.54
16384                2644.99
32768                4912.22
65536                8872.83
131072              14400.14
262144              20814.88
524288              26924.76
1048576             31510.98
2097152             34260.04
4194304             35345.99

################################################################
# w30_inter_pkg   GCD(1,6)
# Hypothesis: inter-package, 1 link, ~50 GB/s
################################################################

# OSU MPI-ROCM Bandwidth Test v7.5
# Datatype: MPI_CHAR.
# Size      Bandwidth (MB/s)
1                       3.11
2                       6.23
4                      13.29
8                      27.16
16                     54.08
32                    108.39
64                    214.11
128                   427.25
256                    46.79
512                    95.63
1024                  187.97
2048                  370.88
4096                  728.95
8192                 1418.23
16384                2757.61
32768                5217.21
65536                9745.27
131072              16258.55
262144              24390.57
524288              33564.66
1048576             40263.92
2097152             45190.05
4194304             47751.01

################################################################
# w30_inter_pkg   GCD(2,5)
# Hypothesis: inter-package, 1 link, ~50 GB/s
################################################################

# OSU MPI-ROCM Bandwidth Test v7.5
# Datatype: MPI_CHAR.
# Size      Bandwidth (MB/s)
1                       3.13
2                       6.23
4                      13.34
8                      27.19
16                     53.78
32                    108.19
64                    213.27
128                   424.01
256                    47.28
512                    92.43
1024                  183.12
2048                  360.40
4096                  706.16
8192                 1374.79
16384                2677.66
32768                5064.90
65536                9396.80
131072              15927.61
262144              23786.34
524288              32982.19
1048576             39903.31
2097152             44902.41
4194304             47694.15

################################################################
# w30_inter_pkg   GCD(2,6)
# Hypothesis: inter-package, 1 link, ~50 GB/s
################################################################

# OSU MPI-ROCM Bandwidth Test v7.5
# Datatype: MPI_CHAR.
# Size      Bandwidth (MB/s)
1                       3.14
2                       6.26
4                      13.39
8                      27.27
16                     54.67
32                    109.04
64                    215.38
128                   430.80
256                    47.27
512                    92.14
1024                  182.74
2048                  362.04
4096                  706.96
8192                 1371.64
16384                2639.17
32768                4928.44
65536                8899.50
131072              14473.93
262144              20956.58
524288              27259.02
1048576             31961.70
2097152             34815.79
4194304             35926.24

################################################################
# w30_inter_pkg   GCD(2,7)
# Hypothesis: inter-package, 1 link, ~50 GB/s
################################################################

# OSU MPI-ROCM Bandwidth Test v7.5
# Datatype: MPI_CHAR.
# Size      Bandwidth (MB/s)
1                       3.17
2                       6.32
4                      13.51
8                      27.64
16                     54.77
32                    109.64
64                    216.07
128                   434.92
256                    46.42
512                    93.98
1024                  187.16
2048                  364.94
4096                  715.91
8192                 1395.39
16384                2669.43
32768                4978.45
65536                8926.29
131072              14420.20
262144              20731.07
524288              26837.44
1048576             31309.07
2097152             34043.90
4194304             35308.15

################################################################
# w30_inter_pkg   GCD(3,4)
# Hypothesis: inter-package, 1 link, ~50 GB/s
################################################################

# OSU MPI-ROCM Bandwidth Test v7.5
# Datatype: MPI_CHAR.
# Size      Bandwidth (MB/s)
1                       3.15
2                       6.28
4                      13.40
8                      27.13
16                     54.29
32                     97.12
64                    213.92
128                   428.94
256                    48.45
512                    94.58
1024                  187.08
2048                  365.82
4096                  717.85
8192                 1400.15
16384                2723.76
32768                5235.29
65536                9474.93
131072              16070.66
262144              24184.72
524288              33243.40
1048576             40106.75
2097152             45012.69
4194304             47734.49

################################################################
# w30_inter_pkg   GCD(3,6)
# Hypothesis: inter-package, 1 link, ~50 GB/s
################################################################

# OSU MPI-ROCM Bandwidth Test v7.5
# Datatype: MPI_CHAR.
# Size      Bandwidth (MB/s)
1                       3.12
2                       6.17
4                      13.26
8                      27.10
16                     53.62
32                    108.70
64                    213.43
128                   430.70
256                    48.66
512                    95.28
1024                  189.46
2048                  373.40
4096                  730.17
8192                 1413.42
16384                2707.73
32768                5029.65
65536                9084.54
131072              14699.64
262144              21032.97
524288              27158.43
1048576             31685.47
2097152             34346.15
4194304             35399.30

################################################################
# w30_inter_pkg   GCD(4,7)
# Hypothesis: inter-package, 1 link, ~50 GB/s
################################################################

# OSU MPI-ROCM Bandwidth Test v7.5
# Datatype: MPI_CHAR.
# Size      Bandwidth (MB/s)
1                       3.09
2                       6.16
4                      13.13
8                      26.81
16                     53.55
32                    106.31
64                    212.82
128                   420.85
256                    48.44
512                    94.43
1024                  187.82
2048                  370.91
4096                  720.14
8192                 1402.85
16384                2686.17
32768                5013.66
65536                9034.72
131072              14708.81
262144              21178.78
524288              27440.21
1048576             32213.94
2097152             34898.49
4194304             35963.91

################################################################
# w30_inter_pkg   GCD(5,6)
# Hypothesis: inter-package, 1 link, ~50 GB/s
################################################################

# OSU MPI-ROCM Bandwidth Test v7.5
# Datatype: MPI_CHAR.
# Size      Bandwidth (MB/s)
1                       3.09
2                       6.14
4                      13.10
8                      26.80
16                     53.02
32                    106.59
64                    208.58
128                   419.87
256                    49.04
512                    96.00
1024                  189.57
2048                  374.30
4096                  730.10
8192                 1419.08
16384                2721.38
32768                5072.05
65536                9108.48
131072              14779.77
262144              21265.58
524288              27501.74
1048576             32161.55
2097152             34896.40
4194304             35960.89

################################################################
# w45_anomaly1   GCD(1,7)
# Hypothesis: weakest path on node, ~30-40 GB/s
################################################################

# OSU MPI-ROCM Bandwidth Test v7.5
# Datatype: MPI_CHAR.
# Size      Bandwidth (MB/s)
1                       3.16
2                       6.34
4                      13.48
8                      27.68
16                     54.82
32                    109.65
64                    215.61
128                   433.01
256                    45.60
512                    89.96
1024                  178.19
2048                  350.32
4096                  680.44
8192                 1332.01
16384                2587.99
32768                4904.43
65536                9087.74
131072              15581.43
262144              23440.19
524288              32696.42
1048576             39654.15
2097152             44766.57
4194304             47680.24

################################################################
# w45_anomaly2   GCD(3,5)
# Hypothesis: weakest path on node, ~30-40 GB/s
################################################################

# OSU MPI-ROCM Bandwidth Test v7.5
# Datatype: MPI_CHAR.
# Size      Bandwidth (MB/s)
1                       3.15
2                       6.32
4                      13.56
8                      27.67
16                     55.15
32                    109.55
64                    217.09
128                   419.72
256                    46.87
512                    91.59
1024                  182.03
2048                  358.73
4096                  701.92
8192                 1369.24
16384                2657.87
32768                5058.40
65536                9348.11
131072              15836.05
262144              23727.36
524288              32914.29
1048576             39867.01
2097152             44907.69
4194304             47697.10

################################################################
# self_GCD0   GCD(0,0)
# Hypothesis: same GCD, intra-process HBM, ~250 GB/s
################################################################

# OSU MPI-ROCM Bandwidth Test v7.5
# Datatype: MPI_CHAR.
# Size      Bandwidth (MB/s)
1                       3.11
2                       6.23
4                      13.29
8                      27.16
16                     54.04
32                    107.47
64                    211.88
128                    24.54
256                    48.20
512                    96.01
1024                  189.34
2048                  375.71
4096                  733.78
8192                 1484.76
16384                2886.57
32768                5489.24
65536                9667.29
131072              16287.95
262144              24515.75
524288              33380.50
1048576             88170.29
2097152            147229.26
4194304            238915.87

All pairs done.
