The following modules were not unloaded:
  (Use "module --force purge" to unload all):

  1) ModuleLabel/label   2) lumi-tools/24.05   3) init-lumi/0.2

The following sticky modules could not be reloaded:

  1) lumi-tools
Found EESSI repo @ /cvmfs/software.eessi.io/versions/2025.06!
archdetect says x86_64/amd/zen3
archdetect could not detect any accelerators
Using x86_64/amd/zen3 as software subdirectory.
Found Lmod configuration file at /cvmfs/software.eessi.io/versions/2025.06/software/linux/x86_64/amd/zen3/.lmod/lmodrc.lua
Found Lmod SitePackage.lua file at /cvmfs/software.eessi.io/versions/2025.06/software/linux/x86_64/amd/zen3/.lmod/SitePackage.lua
Using /cvmfs/software.eessi.io/host_injections/2025.06/software/linux/x86_64/amd/zen3 as the site extension directory for installations.
Using  as the site extension directory for accelerated installations.
Using /cvmfs/software.eessi.io/versions/2025.06/software/linux/x86_64/amd/zen3/modules/all as the directory to be added to MODULEPATH.
Using /cvmfs/software.eessi.io/host_injections/2025.06/software/linux/x86_64/amd/zen3/modules/all as the site extension directory to be added to MODULEPATH.
Initializing Lmod...
Prepending /cvmfs/software.eessi.io/versions/2025.06/software/linux/x86_64/amd/zen3/modules/all to $MODULEPATH...
Prepending site path /cvmfs/software.eessi.io/host_injections/2025.06/software/linux/x86_64/amd/zen3/modules/all to $MODULEPATH...
Environment set up to use EESSI (2025.06), have fun!
-- Using /tmp/$USER as a temporary working directory for installations, you can
override this by setting the environment variable WORKING_DIR and reloading the
module (e.g., /dev/shm is a common option) 
Configuring for use of EESSI_USER_INSTALL under /users/joglekar/eessi
-- To create installations for EESSI, you _must_ have write permissions to
/users/joglekar/eessi/versions/2025.06/software/linux/x86_64/amd/zen3 
-- You may wish to configure a sources directory for EasyBuild (for example,
via setting the environment variable EASYBUILD_SOURCEPATH) to allow you to
reuse existing sources for packages. 
================================================================
Loaded environment:
  ucx_info:    /users/joglekar/eessi/versions/2025.06/software/linux/x86_64/amd/zen3/software/UCX-ROCm/1.18.0-rocm-compilers-19.0.0-ROCm-6.4.1/bin/ucx_info
  mpirun:      /users/joglekar/eessi/versions/2025.06/software/linux/x86_64/amd/zen3/software/OpenMPI/5.0.7-rocm-compilers-19.0.0-ROCm-6.4.1/bin/mpirun
  OSU prefix:  /users/joglekar/eessi/versions/2025.06/software/linux/x86_64/amd/zen3/software/OSU-Micro-Benchmarks/7.5-rompi-2025a
  Hostname:    nid007955
  Date:        Sun May 10 06:52:14 EEST 2026
================================================================
OK: ucx_info reports ROCm support compiled in

######################################################################
# Topology-grounded pt2pt sweep (NUMA-local binding)
# Pairs: 10
# Host: nid007955
# SLURM cores: 56
######################################################################


>>>>>>>>>>>>>>>>>>>>>>>>>>>>>>>>>>>>>>>>>>>>>>>>>>>>>>>>>>>>>>>>
>>> Starting pair: A_w15_intra_pkg_GPU0  (GCD 0, GCD 1)
>>>>>>>>>>>>>>>>>>>>>>>>>>>>>>>>>>>>>>>>>>>>>>>>>>>>>>>>>>>>>>>>
================================================================
  A_w15_intra_pkg_GPU0   GCD(0,1)   osu_bw   placement=[D D]
  rank0: GCD=0 NUMA=3
  rank1: GCD=1 NUMA=3
================================================================

# OSU MPI-ROCM Bandwidth Test v7.5
# Datatype: MPI_CHAR.
# Size      Bandwidth (MB/s)
1                       3.26
2                       6.26
4                      12.95
8                      27.82
16                     56.44
32                    105.71
64                    216.44
128                   415.04
256                    49.75
512                    98.21
1024                  193.89
2048                  378.73
4096                  744.37
8192                 1446.46
16384                2801.57
32768                5360.43
65536                9973.74
131072              16548.36
262144              25142.92
524288              33955.32
1048576             40707.97
2097152             45519.44
4194304             48097.97

================================================================
  A_w15_intra_pkg_GPU0   GCD(0,1)   osu_bibw   placement=[D D]
  rank0: GCD=0 NUMA=3
  rank1: GCD=1 NUMA=3
================================================================

# OSU MPI-ROCM Bi-Directional Bandwidth Test v7.5
# Datatype: MPI_CHAR.
# Size      Bandwidth (MB/s)
1                       4.00
2                       7.99
4                      15.99
8                      31.80
16                     63.67
32                    127.09
64                    248.73
128                   461.47
256                    94.94
512                   186.50
1024                  366.66
2048                  736.17
4096                 1471.90
8192                 2891.07
16384                5619.63
32768               10607.05
65536               19098.26
131072              32437.43
262144              49446.59
524288              66835.91
1048576             80825.11
2097152             90341.83
4194304             95986.83

================================================================
  A_w15_intra_pkg_GPU0   GCD(0,1)   osu_latency   placement=[D D]
  rank0: GCD=0 NUMA=3
  rank1: GCD=1 NUMA=3
================================================================

# OSU MPI-ROCM Latency Test v7.5
# Datatype: MPI_CHAR.
# Size       Avg Latency(us)
1                       0.49
2                       0.47
4                       0.47
8                       0.47
16                      0.47
32                      0.47
64                      0.47
128                     0.48
256                     0.49
512                     4.74
1024                    4.64
2048                    4.71
4096                    4.82
8192                    4.97
16384                   5.21
32768                   5.38
65536                   6.15
131072                  7.67
262144                 10.07
524288                 15.13
1048576                25.46
2097152                45.82
4194304                86.97

================================================================
  A_w15_intra_pkg_GPU0   GCD(0,1)   osu_bw   placement=[H D]
  rank0: GCD=0 NUMA=3
  rank1: GCD=1 NUMA=3
================================================================

# OSU MPI-ROCM Bandwidth Test v7.5
# Datatype: MPI_CHAR.
# Size      Bandwidth (MB/s)
1                       3.92
2                       7.83
4                      16.96
8                      34.95
16                     69.97
32                    125.76
64                    274.46
128                   504.24
256                   982.69
512                  1708.90
1024                 3581.81
2048                 6673.18
4096                 2337.11
8192                13324.69
16384                5545.45
32768                7444.41
65536                8967.13
131072               9730.95
262144               9846.50
524288               9992.54
1048576              8396.42
2097152              7940.82
4194304              7857.19

================================================================
  A_w15_intra_pkg_GPU0   GCD(0,1)   osu_bibw   placement=[H D]
  rank0: GCD=0 NUMA=3
  rank1: GCD=1 NUMA=3
================================================================

# OSU MPI-ROCM Bi-Directional Bandwidth Test v7.5
# Datatype: MPI_CHAR.
# Size      Bandwidth (MB/s)
1                       4.08
2                       8.13
4                      16.30
8                      32.42
16                     64.95
32                    129.83
64                    257.86
128                   489.37
256                   689.24
512                   165.60
1024                  330.07
2048                  646.00
4096                 1215.92
8192                 2461.32
16384                4341.72
32768                6418.91
65536                8018.31
131072               9119.90
262144               9584.83
524288               9800.07
1048576              9018.75
2097152              8403.25
4194304              8138.94

================================================================
  A_w15_intra_pkg_GPU0   GCD(0,1)   osu_latency   placement=[H D]
  rank0: GCD=0 NUMA=3
  rank1: GCD=1 NUMA=3
================================================================

# OSU MPI-ROCM Latency Test v7.5
# Datatype: MPI_CHAR.
# Size       Avg Latency(us)
1                       0.35
2                       0.33
4                       0.33
8                       0.33
16                      0.33
32                      0.34
64                      0.34
128                     0.39
256                     0.39
512                     2.92
1024                    3.59
2048                    3.72
4096                    3.84
8192                    4.27
16384                   5.15
32768                   6.62
65536                   9.56
131072                 15.70
262144                 27.88
524288                 50.09
1048576                84.74
2097152               153.70
4194304               289.32

================================================================
  A_w15_intra_pkg_GPU0   GCD(0,1)   osu_bw   placement=[D H]
  rank0: GCD=0 NUMA=3
  rank1: GCD=1 NUMA=3
================================================================

# OSU MPI-ROCM Bandwidth Test v7.5
# Datatype: MPI_CHAR.
# Size      Bandwidth (MB/s)
1                       3.64
2                       7.24
4                      14.63
8                      29.01
16                     57.98
32                    115.61
64                    228.23
128                   460.60
256                   508.90
512                    86.86
1024                  172.89
2048                  339.97
4096                  670.54
8192                 1305.93
16384                2448.95
32768                4405.06
65536                7359.53
131072               8609.03
262144               9500.61
524288              10188.90
1048576             10287.02
2097152             10328.86
4194304             10217.20

================================================================
  A_w15_intra_pkg_GPU0   GCD(0,1)   osu_bibw   placement=[D H]
  rank0: GCD=0 NUMA=3
  rank1: GCD=1 NUMA=3
================================================================

# OSU MPI-ROCM Bi-Directional Bandwidth Test v7.5
# Datatype: MPI_CHAR.
# Size      Bandwidth (MB/s)
1                       3.97
2                       7.93
4                      15.91
8                      31.73
16                     63.64
32                    127.06
64                    257.46
128                   488.83
256                   691.57
512                   165.98
1024                  329.93
2048                  646.29
4096                 1218.23
8192                 2485.28
16384                4348.68
32768                6388.78
65536                7949.18
131072               8988.71
262144               9543.70
524288               9739.61
1048576              9135.54
2097152              8726.87
4194304              8640.59

================================================================
  A_w15_intra_pkg_GPU0   GCD(0,1)   osu_latency   placement=[D H]
  rank0: GCD=0 NUMA=3
  rank1: GCD=1 NUMA=3
================================================================

# OSU MPI-ROCM Latency Test v7.5
# Datatype: MPI_CHAR.
# Size       Avg Latency(us)
1                       0.34
2                       0.33
4                       0.33
8                       0.33
16                      0.33
32                      0.34
64                      0.34
128                     0.38
256                     0.38
512                     2.81
1024                    3.59
2048                    3.67
4096                    3.89
8192                    4.22
16384                   5.12
32768                   6.97
65536                   9.79
131072                 16.01
262144                 28.43
524288                 49.48
1048576                84.53
2097152               153.85
4194304               289.48


>>>>>>>>>>>>>>>>>>>>>>>>>>>>>>>>>>>>>>>>>>>>>>>>>>>>>>>>>>>>>>>>
>>> Starting pair: A_w15_intra_pkg_GPU1  (GCD 2, GCD 3)
>>>>>>>>>>>>>>>>>>>>>>>>>>>>>>>>>>>>>>>>>>>>>>>>>>>>>>>>>>>>>>>>
================================================================
  A_w15_intra_pkg_GPU1   GCD(2,3)   osu_bw   placement=[D D]
  rank0: GCD=2 NUMA=1
  rank1: GCD=3 NUMA=1
================================================================

# OSU MPI-ROCM Bandwidth Test v7.5
# Datatype: MPI_CHAR.
# Size      Bandwidth (MB/s)
1                       2.08
2                       3.96
4                       8.70
8                      17.49
16                     35.04
32                     69.99
64                    136.54
128                   282.92
256                    48.92
512                    97.32
1024                  193.59
2048                  378.76
4096                  745.40
8192                 1451.28
16384                2808.13
32768                5379.67
65536                9927.40
131072              16580.13
262144              25179.69
524288              33970.37
1048576             40695.57
2097152             45508.57
4194304             48081.55

================================================================
  A_w15_intra_pkg_GPU1   GCD(2,3)   osu_bibw   placement=[D D]
  rank0: GCD=2 NUMA=1
  rank1: GCD=3 NUMA=1
================================================================

# OSU MPI-ROCM Bi-Directional Bandwidth Test v7.5
# Datatype: MPI_CHAR.
# Size      Bandwidth (MB/s)
1                       3.02
2                       6.03
4                      12.09
8                      24.02
16                     48.15
32                     96.38
64                    176.51
128                   338.56
256                    92.75
512                   182.65
1024                  362.22
2048                  710.81
4096                 1440.55
8192                 2833.52
16384                5497.42
32768               10393.66
65536               18805.32
131072              32051.39
262144              49032.77
524288              66329.92
1048576             80501.02
2097152             90226.82
4194304             95929.73

================================================================
  A_w15_intra_pkg_GPU1   GCD(2,3)   osu_latency   placement=[D D]
  rank0: GCD=2 NUMA=1
  rank1: GCD=3 NUMA=1
================================================================

# OSU MPI-ROCM Latency Test v7.5
# Datatype: MPI_CHAR.
# Size       Avg Latency(us)
1                       0.81
2                       0.78
4                       0.78
8                       0.78
16                      0.78
32                      0.78
64                      0.81
128                     0.84
256                     0.84
512                     5.05
1024                    4.84
2048                    4.95
4096                    5.12
8192                    5.34
16384                   5.65
32768                   5.78
65536                   6.59
131072                  7.90
262144                 10.34
524288                 15.40
1048576                25.77
2097152                46.09
4194304                87.24

================================================================
  A_w15_intra_pkg_GPU1   GCD(2,3)   osu_bw   placement=[H D]
  rank0: GCD=2 NUMA=1
  rank1: GCD=3 NUMA=1
================================================================

# OSU MPI-ROCM Bandwidth Test v7.5
# Datatype: MPI_CHAR.
# Size      Bandwidth (MB/s)
1                       3.80
2                       7.61
4                      16.42
8                      33.63
16                     67.49
32                    132.51
64                    265.33
128                   349.30
256                   725.18
512                  1363.73
1024                 2403.29
2048                 4151.19
4096                 2281.96
8192                 5580.57
16384                5517.08
32768                7123.92
65536                8474.49
131072               9742.74
262144               9820.49
524288              10264.59
1048576              8939.12
2097152              7897.86
4194304              7384.70

================================================================
  A_w15_intra_pkg_GPU1   GCD(2,3)   osu_bibw   placement=[H D]
  rank0: GCD=2 NUMA=1
  rank1: GCD=3 NUMA=1
================================================================

# OSU MPI-ROCM Bi-Directional Bandwidth Test v7.5
# Datatype: MPI_CHAR.
# Size      Bandwidth (MB/s)
1                       3.02
2                       5.88
4                      12.20
8                      24.39
16                     48.68
32                     97.36
64                    193.52
128                   341.13
256                   471.78
512                   160.52
1024                  319.46
2048                  625.56
4096                 1238.73
8192                 2473.10
16384                4393.47
32768                6317.94
65536                7870.43
131072               9269.79
262144               9741.32
524288               9943.89
1048576              9287.52
2097152              8887.30
4194304              8456.08

================================================================
  A_w15_intra_pkg_GPU1   GCD(2,3)   osu_latency   placement=[H D]
  rank0: GCD=2 NUMA=1
  rank1: GCD=3 NUMA=1
================================================================

# OSU MPI-ROCM Latency Test v7.5
# Datatype: MPI_CHAR.
# Size       Avg Latency(us)
1                       0.59
2                       0.57
4                       0.57
8                       0.58
16                      0.57
32                      0.63
64                      0.64
128                     0.69
256                     0.70
512                     2.75
1024                    4.08
2048                    4.30
4096                    4.57
8192                    5.24
16384                   6.56
32768                   8.75
65536                  13.43
131072                 22.49
262144                 40.95
524288                 76.04
1048576               138.29
2097152               263.50
4194304               512.86

================================================================
  A_w15_intra_pkg_GPU1   GCD(2,3)   osu_bw   placement=[D H]
  rank0: GCD=2 NUMA=1
  rank1: GCD=3 NUMA=1
================================================================

# OSU MPI-ROCM Bandwidth Test v7.5
# Datatype: MPI_CHAR.
# Size      Bandwidth (MB/s)
1                       2.25
2                       4.31
4                       9.03
8                      17.18
16                     35.66
32                     71.70
64                    132.08
128                   287.41
256                   327.38
512                    84.87
1024                  168.66
2048                  332.79
4096                  657.12
8192                 1273.74
16384                2392.92
32768                4296.48
65536                7274.23
131072               8618.12
262144               9470.02
524288              10196.84
1048576             10333.82
2097152             10374.91
4194304             10413.20

================================================================
  A_w15_intra_pkg_GPU1   GCD(2,3)   osu_bibw   placement=[D H]
  rank0: GCD=2 NUMA=1
  rank1: GCD=3 NUMA=1
================================================================

# OSU MPI-ROCM Bi-Directional Bandwidth Test v7.5
# Datatype: MPI_CHAR.
# Size      Bandwidth (MB/s)
1                       3.95
2                       8.00
4                      15.97
8                      32.01
16                     63.84
32                    127.31
64                    236.94
128                   485.39
256                   659.99
512                   166.35
1024                  331.35
2048                  650.70
4096                 1230.17
8192                 2560.60
16384                4399.38
32768                6413.79
65536                8077.76
131072               9278.41
262144               9640.85
524288               9784.41
1048576              8954.93
2097152              8400.70
4194304              8190.48

================================================================
  A_w15_intra_pkg_GPU1   GCD(2,3)   osu_latency   placement=[D H]
  rank0: GCD=2 NUMA=1
  rank1: GCD=3 NUMA=1
================================================================

# OSU MPI-ROCM Latency Test v7.5
# Datatype: MPI_CHAR.
# Size       Avg Latency(us)
1                       0.58
2                       0.57
4                       0.57
8                       0.57
16                      0.57
32                      0.62
64                      0.62
128                     0.67
256                     0.69
512                     3.10
1024                    3.99
2048                    4.27
4096                    4.55
8192                    5.27
16384                   6.90
32768                   9.12
65536                  13.69
131072                 22.82
262144                 41.61
524288                 76.65
1048576               139.65
2097152               264.93
4194304               516.55


>>>>>>>>>>>>>>>>>>>>>>>>>>>>>>>>>>>>>>>>>>>>>>>>>>>>>>>>>>>>>>>>
>>> Starting pair: A_w15_inter_pkg_close  (GCD 0, GCD 2)
>>>>>>>>>>>>>>>>>>>>>>>>>>>>>>>>>>>>>>>>>>>>>>>>>>>>>>>>>>>>>>>>
================================================================
  A_w15_inter_pkg_close   GCD(0,2)   osu_bw   placement=[D D]
  rank0: GCD=0 NUMA=3
  rank1: GCD=2 NUMA=1
================================================================

# OSU MPI-ROCM Bandwidth Test v7.5
# Datatype: MPI_CHAR.
# Size      Bandwidth (MB/s)
1                       1.86
2                       3.88
4                       8.07
8                      16.35
16                     32.87
32                     65.27
64                    128.07
128                   245.24
256                    49.22
512                    96.76
1024                  191.55
2048                  377.52
4096                  742.38
8192                 1442.32
16384                2795.79
32768                5258.34
65536                9560.15
131072              15609.95
262144              22843.18
524288              29515.78
1048576             34421.23
2097152             36652.09
4194304             36363.87

================================================================
  A_w15_inter_pkg_close   GCD(0,2)   osu_bibw   placement=[D D]
  rank0: GCD=0 NUMA=3
  rank1: GCD=2 NUMA=1
================================================================

# OSU MPI-ROCM Bi-Directional Bandwidth Test v7.5
# Datatype: MPI_CHAR.
# Size      Bandwidth (MB/s)
1                       2.80
2                       5.40
4                      10.88
8                      22.24
16                     44.48
32                     88.63
64                    160.20
128                   311.90
256                    93.48
512                   184.66
1024                  363.65
2048                  710.06
4096                 1412.27
8192                 2859.58
16384                5448.08
32768               10253.31
65536               18010.71
131072              29103.74
262144              42549.88
524288              55020.22
1048576             64191.65
2097152             68624.90
4194304             68372.64

================================================================
  A_w15_inter_pkg_close   GCD(0,2)   osu_latency   placement=[D D]
  rank0: GCD=0 NUMA=3
  rank1: GCD=2 NUMA=1
================================================================

# OSU MPI-ROCM Latency Test v7.5
# Datatype: MPI_CHAR.
# Size       Avg Latency(us)
1                       0.88
2                       0.85
4                       0.84
8                       0.84
16                      0.84
32                      0.84
64                      0.86
128                     0.89
256                     0.90
512                     5.18
1024                    4.90
2048                    5.12
4096                    5.65
8192                    5.94
16384                   6.21
32768                   6.46
65536                   7.13
131072                  8.75
262144                 11.68
524288                 18.00
1048576                30.74
2097152                57.46
4194304               115.69

================================================================
  A_w15_inter_pkg_close   GCD(0,2)   osu_bw   placement=[H D]
  rank0: GCD=0 NUMA=3
  rank1: GCD=2 NUMA=1
================================================================

# OSU MPI-ROCM Bandwidth Test v7.5
# Datatype: MPI_CHAR.
# Size      Bandwidth (MB/s)
1                       3.77
2                       7.50
4                      16.29
8                      33.52
16                     67.30
32                    131.85
64                    262.12
128                   362.66
256                   694.32
512                  1305.87
1024                 2459.56
2048                 3629.43
4096                 2203.85
8192                 4965.91
16384                5402.42
32768                7349.91
65536                8827.14
131072               9887.83
262144               9825.81
524288               9950.30
1048576              8326.61
2097152              7631.18
4194304              7223.14

================================================================
  A_w15_inter_pkg_close   GCD(0,2)   osu_bibw   placement=[H D]
  rank0: GCD=0 NUMA=3
  rank1: GCD=2 NUMA=1
================================================================

# OSU MPI-ROCM Bi-Directional Bandwidth Test v7.5
# Datatype: MPI_CHAR.
# Size      Bandwidth (MB/s)
1                       2.94
2                       5.87
4                      11.80
8                      23.57
16                     46.99
32                     94.34
64                    175.58
128                   322.18
256                   443.88
512                   159.64
1024                  315.80
2048                  616.86
4096                 1197.90
8192                 2382.86
16384                4251.21
32768                6277.61
65536                7871.16
131072               8571.64
262144               9400.78
524288               9743.53
1048576              8742.43
2097152              8067.61
4194304              8017.17

================================================================
  A_w15_inter_pkg_close   GCD(0,2)   osu_latency   placement=[H D]
  rank0: GCD=0 NUMA=3
  rank1: GCD=2 NUMA=1
================================================================

# OSU MPI-ROCM Latency Test v7.5
# Datatype: MPI_CHAR.
# Size       Avg Latency(us)
1                       0.65
2                       0.63
4                       0.63
8                       0.63
16                      0.63
32                      0.68
64                      0.69
128                     0.75
256                     0.77
512                     3.19
1024                    4.13
2048                    4.38
4096                    4.98
8192                    5.67
16384                   7.35
32768                   9.65
65536                  14.47
131072                 23.97
262144                 43.96
524288                 81.24
1048576               147.84
2097152               282.02
4194304               548.40

================================================================
  A_w15_inter_pkg_close   GCD(0,2)   osu_bw   placement=[D H]
  rank0: GCD=0 NUMA=3
  rank1: GCD=2 NUMA=1
================================================================

# OSU MPI-ROCM Bandwidth Test v7.5
# Datatype: MPI_CHAR.
# Size      Bandwidth (MB/s)
1                       2.08
2                       4.18
4                       8.37
8                      16.70
16                     33.34
32                     66.77
64                    127.50
128                   261.37
256                   308.95
512                    85.10
1024                  170.04
2048                  334.23
4096                  660.07
8192                 1279.47
16384                2404.58
32768                4350.19
65536                7317.61
131072               8751.36
262144               9634.10
524288              10278.96
1048576             10299.13
2097152             10262.82
4194304             10271.56

================================================================
  A_w15_inter_pkg_close   GCD(0,2)   osu_bibw   placement=[D H]
  rank0: GCD=0 NUMA=3
  rank1: GCD=2 NUMA=1
================================================================

# OSU MPI-ROCM Bi-Directional Bandwidth Test v7.5
# Datatype: MPI_CHAR.
# Size      Bandwidth (MB/s)
1                       2.84
2                       5.70
4                      11.43
8                      22.81
16                     45.47
32                     91.01
64                    175.68
128                   314.45
256                   443.10
512                   160.05
1024                  317.50
2048                  624.31
4096                 1199.50
8192                 2410.55
16384                4276.97
32768                6242.30
65536                7953.36
131072               9141.05
262144               9619.55
524288               9683.89
1048576              8959.38
2097152              8590.38
4194304              8503.19

================================================================
  A_w15_inter_pkg_close   GCD(0,2)   osu_latency   placement=[D H]
  rank0: GCD=0 NUMA=3
  rank1: GCD=2 NUMA=1
================================================================

# OSU MPI-ROCM Latency Test v7.5
# Datatype: MPI_CHAR.
# Size       Avg Latency(us)
1                       0.64
2                       0.63
4                       0.63
8                       0.63
16                      0.63
32                      0.68
64                      0.70
128                     0.74
256                     0.76
512                     3.23
1024                    4.18
2048                    4.42
4096                    4.74
8192                    5.58
16384                   7.21
32768                   9.59
65536                  14.57
131072                 24.38
262144                 44.55
524288                 82.46
1048576               150.30
2097152               287.10
4194304               561.03


>>>>>>>>>>>>>>>>>>>>>>>>>>>>>>>>>>>>>>>>>>>>>>>>>>>>>>>>>>>>>>>>
>>> Starting pair: A_w15_inter_pkg_far  (GCD 0, GCD 6)
>>>>>>>>>>>>>>>>>>>>>>>>>>>>>>>>>>>>>>>>>>>>>>>>>>>>>>>>>>>>>>>>
================================================================
  A_w15_inter_pkg_far   GCD(0,6)   osu_bw   placement=[D D]
  rank0: GCD=0 NUMA=3
  rank1: GCD=6 NUMA=2
================================================================

# OSU MPI-ROCM Bandwidth Test v7.5
# Datatype: MPI_CHAR.
# Size      Bandwidth (MB/s)
1                       2.06
2                       4.12
4                       8.62
8                      17.47
16                     34.79
32                     69.38
64                    132.50
128                   275.48
256                    49.74
512                    99.66
1024                  198.35
2048                  389.78
4096                  757.49
8192                 1473.13
16384                2858.67
32768                5391.87
65536               10222.02
131072              16955.95
262144              25666.37
524288              34214.45
1048576             41047.74
2097152             45594.89
4194304             48216.85

================================================================
  A_w15_inter_pkg_far   GCD(0,6)   osu_bibw   placement=[D D]
  rank0: GCD=0 NUMA=3
  rank1: GCD=6 NUMA=2
================================================================

# OSU MPI-ROCM Bi-Directional Bandwidth Test v7.5
# Datatype: MPI_CHAR.
# Size      Bandwidth (MB/s)
1                       2.99
2                       5.96
4                      11.93
8                      23.78
16                     47.47
32                     95.09
64                    167.01
128                   332.16
256                    92.58
512                   179.35
1024                  357.57
2048                  707.25
4096                 1434.81
8192                 2822.96
16384                5423.29
32768               10334.72
65536               18727.54
131072              31899.37
262144              48675.44
524288              66150.07
1048576             80355.79
2097152             90105.89
4194304             95846.06

================================================================
  A_w15_inter_pkg_far   GCD(0,6)   osu_latency   placement=[D D]
  rank0: GCD=0 NUMA=3
  rank1: GCD=6 NUMA=2
================================================================

# OSU MPI-ROCM Latency Test v7.5
# Datatype: MPI_CHAR.
# Size       Avg Latency(us)
1                       0.83
2                       0.82
4                       0.81
8                       0.81
16                      0.81
32                      0.81
64                      0.83
128                     0.84
256                     0.86
512                     5.19
1024                    4.89
2048                    5.06
4096                    5.40
8192                    5.85
16384                   6.17
32768                   6.32
65536                   6.90
131072                  8.14
262144                 10.53
524288                 15.65
1048576                26.06
2097152                46.35
4194304                87.49

================================================================
  A_w15_inter_pkg_far   GCD(0,6)   osu_bw   placement=[H D]
  rank0: GCD=0 NUMA=3
  rank1: GCD=6 NUMA=2
================================================================

# OSU MPI-ROCM Bandwidth Test v7.5
# Datatype: MPI_CHAR.
# Size      Bandwidth (MB/s)
1                       3.47
2                       7.59
4                      16.47
8                      33.88
16                     67.83
32                    133.56
64                    267.16
128                   360.06
256                   680.35
512                  1355.71
1024                 2551.73
2048                 3835.15
4096                 2231.37
8192                 5200.26
16384                5489.30
32768                7384.32
65536                8804.22
131072               9757.42
262144               9755.71
524288              10011.06
1048576              8471.37
2097152              7666.55
4194304              7332.08

================================================================
  A_w15_inter_pkg_far   GCD(0,6)   osu_bibw   placement=[H D]
  rank0: GCD=0 NUMA=3
  rank1: GCD=6 NUMA=2
================================================================

# OSU MPI-ROCM Bi-Directional Bandwidth Test v7.5
# Datatype: MPI_CHAR.
# Size      Bandwidth (MB/s)
1                       2.87
2                       5.46
4                      11.38
8                      22.76
16                     45.45
32                     91.40
64                    178.29
128                   311.75
256                   458.56
512                   165.83
1024                  329.37
2048                  646.32
4096                 1239.11
8192                 2486.13
16384                4349.70
32768                6315.63
65536                7989.27
131072               9174.37
262144               9734.99
524288               9721.92
1048576              8803.34
2097152              8171.82
4194304              8123.14

================================================================
  A_w15_inter_pkg_far   GCD(0,6)   osu_latency   placement=[H D]
  rank0: GCD=0 NUMA=3
  rank1: GCD=6 NUMA=2
================================================================

# OSU MPI-ROCM Latency Test v7.5
# Datatype: MPI_CHAR.
# Size       Avg Latency(us)
1                       0.61
2                       0.59
4                       0.60
8                       0.60
16                      0.59
32                      0.65
64                      0.66
128                     0.70
256                     0.72
512                     3.13
1024                    3.91
2048                    4.23
4096                    4.54
8192                    5.23
16384                   6.89
32768                   9.16
65536                  13.72
131072                 22.76
262144                 41.64
524288                 77.13
1048576               140.05
2097152               265.92
4194304               517.46

================================================================
  A_w15_inter_pkg_far   GCD(0,6)   osu_bw   placement=[D H]
  rank0: GCD=0 NUMA=3
  rank1: GCD=6 NUMA=2
================================================================

# OSU MPI-ROCM Bandwidth Test v7.5
# Datatype: MPI_CHAR.
# Size      Bandwidth (MB/s)
1                       2.19
2                       4.40
4                       8.83
8                      17.66
16                     35.17
32                     70.09
64                    129.23
128                   272.69
256                   321.85
512                    86.41
1024                  172.42
2048                  341.67
4096                  670.99
8192                 1295.48
16384                2420.90
32768                4341.96
65536                7240.19
131072               8622.43
262144               9504.75
524288              10153.23
1048576             10205.94
2097152             10190.98
4194304             10250.63

================================================================
  A_w15_inter_pkg_far   GCD(0,6)   osu_bibw   placement=[D H]
  rank0: GCD=0 NUMA=3
  rank1: GCD=6 NUMA=2
================================================================

# OSU MPI-ROCM Bi-Directional Bandwidth Test v7.5
# Datatype: MPI_CHAR.
# Size      Bandwidth (MB/s)
1                       3.00
2                       5.99
4                      12.02
8                      23.93
16                     47.93
32                     95.66
64                    185.06
128                   332.81
256                   462.05
512                   160.82
1024                  319.36
2048                  626.25
4096                 1203.84
8192                 2408.84
16384                4111.32
32768                5894.05
65536                7849.94
131072               8970.65
262144               9413.54
524288               9701.25
1048576              8878.83
2097152              8326.76
4194304              8054.33

================================================================
  A_w15_inter_pkg_far   GCD(0,6)   osu_latency   placement=[D H]
  rank0: GCD=0 NUMA=3
  rank1: GCD=6 NUMA=2
================================================================

# OSU MPI-ROCM Latency Test v7.5
# Datatype: MPI_CHAR.
# Size       Avg Latency(us)
1                       0.61
2                       0.60
4                       0.60
8                       0.60
16                      0.60
32                      0.65
64                      0.69
128                     0.70
256                     0.72
512                     3.12
1024                    4.09
2048                    4.34
4096                    4.65
8192                    5.44
16384                   7.00
32768                   9.31
65536                  14.02
131072                 23.45
262144                 42.84
524288                 79.69
1048576               144.50
2097152               274.15
4194304               535.36


>>>>>>>>>>>>>>>>>>>>>>>>>>>>>>>>>>>>>>>>>>>>>>>>>>>>>>>>>>>>>>>>
>>> Starting pair: B_w30_inter_pkg  (GCD 0, GCD 3)
>>>>>>>>>>>>>>>>>>>>>>>>>>>>>>>>>>>>>>>>>>>>>>>>>>>>>>>>>>>>>>>>
================================================================
  B_w30_inter_pkg   GCD(0,3)   osu_bw   placement=[D D]
  rank0: GCD=0 NUMA=3
  rank1: GCD=3 NUMA=1
================================================================

# OSU MPI-ROCM Bandwidth Test v7.5
# Datatype: MPI_CHAR.
# Size      Bandwidth (MB/s)
1                       1.95
2                       3.92
4                       8.13
8                      16.44
16                     32.78
32                     65.75
64                    124.26
128                   257.68
256                    47.62
512                    94.12
1024                  186.27
2048                  365.24
4096                  715.47
8192                 1395.54
16384                2706.86
32768                5137.63
65536                9016.53
131072              14742.65
262144              21760.69
524288              28025.67
1048576             33071.23
2097152             35703.56
4194304             36121.64

================================================================
  B_w30_inter_pkg   GCD(0,3)   osu_bibw   placement=[D D]
  rank0: GCD=0 NUMA=3
  rank1: GCD=3 NUMA=1
================================================================

# OSU MPI-ROCM Bi-Directional Bandwidth Test v7.5
# Datatype: MPI_CHAR.
# Size      Bandwidth (MB/s)
1                       2.74
2                       5.63
4                      10.81
8                      20.98
16                     44.89
32                     86.61
64                    160.23
128                   312.74
256                    89.59
512                   176.85
1024                  351.31
2048                  707.82
4096                 1399.60
8192                 2737.12
16384                5303.11
32768                9801.31
65536               16754.22
131072              26812.63
262144              38597.79
524288              49411.51
1048576             57590.61
2097152             60411.75
4194304             58117.25

================================================================
  B_w30_inter_pkg   GCD(0,3)   osu_latency   placement=[D D]
  rank0: GCD=0 NUMA=3
  rank1: GCD=3 NUMA=1
================================================================

# OSU MPI-ROCM Latency Test v7.5
# Datatype: MPI_CHAR.
# Size       Avg Latency(us)
1                       0.88
2                       0.85
4                       0.85
8                       0.85
16                      0.85
32                      0.85
64                      0.88
128                     0.90
256                     0.91
512                     5.11
1024                    5.25
2048                    5.45
4096                    5.63
8192                    5.84
16384                   6.31
32768                   6.53
65536                   7.28
131072                  8.87
262144                 11.91
524288                 18.34
1048576                31.55
2097152                58.29
4194304               115.96

================================================================
  B_w30_inter_pkg   GCD(0,3)   osu_bw   placement=[H D]
  rank0: GCD=0 NUMA=3
  rank1: GCD=3 NUMA=1
================================================================

# OSU MPI-ROCM Bandwidth Test v7.5
# Datatype: MPI_CHAR.
# Size      Bandwidth (MB/s)
1                       3.83
2                       7.60
4                      16.52
8                      33.46
16                     67.70
32                    132.43
64                    267.04
128                   368.83
256                   702.88
512                  1322.78
1024                 2458.49
2048                 3812.18
4096                 2454.82
8192                 4992.62
16384                5696.49
32768                7600.08
65536                8831.49
131072               9884.50
262144               9955.32
524288              10169.12
1048576              8396.51
2097152              7661.78
4194304              7313.24

================================================================
  B_w30_inter_pkg   GCD(0,3)   osu_bibw   placement=[H D]
  rank0: GCD=0 NUMA=3
  rank1: GCD=3 NUMA=1
================================================================

# OSU MPI-ROCM Bi-Directional Bandwidth Test v7.5
# Datatype: MPI_CHAR.
# Size      Bandwidth (MB/s)
1                       2.77
2                       5.42
4                      10.84
8                      22.12
16                     44.38
32                     89.54
64                    181.14
128                   314.88
256                   438.44
512                   159.69
1024                  317.57
2048                  620.13
4096                 1203.64
8192                 2397.59
16384                4279.92
32768                6342.66
65536                7861.98
131072               9149.54
262144               9646.66
524288               9795.16
1048576              8972.38
2097152              8325.46
4194304              8120.96

================================================================
  B_w30_inter_pkg   GCD(0,3)   osu_latency   placement=[H D]
  rank0: GCD=0 NUMA=3
  rank1: GCD=3 NUMA=1
================================================================

# OSU MPI-ROCM Latency Test v7.5
# Datatype: MPI_CHAR.
# Size       Avg Latency(us)
1                       0.64
2                       0.63
4                       0.63
8                       0.64
16                      0.64
32                      0.69
64                      0.69
128                     0.75
256                     0.76
512                     2.88
1024                    4.08
2048                    4.40
4096                    4.71
8192                    5.45
16384                   6.83
32768                   9.17
65536                  13.99
131072                 23.67
262144                 43.46
524288                 80.96
1048576               147.57
2097152               281.13
4194304               547.62

================================================================
  B_w30_inter_pkg   GCD(0,3)   osu_bw   placement=[D H]
  rank0: GCD=0 NUMA=3
  rank1: GCD=3 NUMA=1
================================================================

# OSU MPI-ROCM Bandwidth Test v7.5
# Datatype: MPI_CHAR.
# Size      Bandwidth (MB/s)
1                       2.07
2                       4.17
4                       8.16
8                      16.63
16                     33.27
32                     66.59
64                    125.15
128                   250.96
256                   304.99
512                    84.91
1024                  169.43
2048                  334.05
4096                  658.94
8192                 1279.23
16384                2404.63
32768                4350.51
65536                7228.71
131072               8577.29
262144               9437.54
524288              10121.92
1048576             10186.48
2097152             10092.16
4194304             10075.00

================================================================
  B_w30_inter_pkg   GCD(0,3)   osu_bibw   placement=[D H]
  rank0: GCD=0 NUMA=3
  rank1: GCD=3 NUMA=1
================================================================

# OSU MPI-ROCM Bi-Directional Bandwidth Test v7.5
# Datatype: MPI_CHAR.
# Size      Bandwidth (MB/s)
1                       2.87
2                       5.74
4                      11.51
8                      23.01
16                     45.96
32                     92.14
64                    180.13
128                   317.22
256                   442.00
512                   160.21
1024                  318.38
2048                  624.41
4096                 1201.44
8192                 2418.27
16384                4296.75
32768                6255.65
65536                7956.87
131072               9163.63
262144               9545.46
524288               9668.91
1048576              8923.93
2097152              8579.22
4194304              8457.40

================================================================
  B_w30_inter_pkg   GCD(0,3)   osu_latency   placement=[D H]
  rank0: GCD=0 NUMA=3
  rank1: GCD=3 NUMA=1
================================================================

# OSU MPI-ROCM Latency Test v7.5
# Datatype: MPI_CHAR.
# Size       Avg Latency(us)
1                       0.64
2                       0.62
4                       0.62
8                       0.62
16                      0.62
32                      0.68
64                      0.69
128                     0.74
256                     0.76
512                     3.24
1024                    4.17
2048                    4.42
4096                    4.73
8192                    5.63
16384                   7.21
32768                   9.59
65536                  14.42
131072                 24.11
262144                 44.39
524288                 82.36
1048576               150.89
2097152               288.39
4194304               562.64


>>>>>>>>>>>>>>>>>>>>>>>>>>>>>>>>>>>>>>>>>>>>>>>>>>>>>>>>>>>>>>>>
>>> Starting pair: B_w30_inter_pkg_diag  (GCD 0, GCD 4)
>>>>>>>>>>>>>>>>>>>>>>>>>>>>>>>>>>>>>>>>>>>>>>>>>>>>>>>>>>>>>>>>
================================================================
  B_w30_inter_pkg_diag   GCD(0,4)   osu_bw   placement=[D D]
  rank0: GCD=0 NUMA=3
  rank1: GCD=4 NUMA=0
================================================================

# OSU MPI-ROCM Bandwidth Test v7.5
# Datatype: MPI_CHAR.
# Size      Bandwidth (MB/s)
1                       1.88
2                       3.79
4                       7.87
8                      15.90
16                     31.73
32                     63.50
64                    120.31
128                   249.11
256                    48.64
512                    95.39
1024                  189.43
2048                  375.92
4096                  734.07
8192                 1432.73
16384                2775.05
32768                5242.82
65536                9445.81
131072              15530.03
262144              22719.37
524288              29349.99
1048576             34376.96
2097152             36614.88
4194304             36309.96

================================================================
  B_w30_inter_pkg_diag   GCD(0,4)   osu_bibw   placement=[D D]
  rank0: GCD=0 NUMA=3
  rank1: GCD=4 NUMA=0
================================================================

# OSU MPI-ROCM Bi-Directional Bandwidth Test v7.5
# Datatype: MPI_CHAR.
# Size      Bandwidth (MB/s)
1                       2.82
2                       5.62
4                      11.24
8                      22.51
16                     45.04
32                     89.77
64                    162.23
128                   310.71
256                    92.18
512                   181.97
1024                  357.08
2048                  706.95
4096                 1436.47
8192                 2813.48
16384                5337.39
32768               10065.04
65536               17746.13
131072              29010.66
262144              42639.84
524288              55150.72
1048576             64584.09
2097152             68913.48
4194304             68709.45

================================================================
  B_w30_inter_pkg_diag   GCD(0,4)   osu_latency   placement=[D D]
  rank0: GCD=0 NUMA=3
  rank1: GCD=4 NUMA=0
================================================================

# OSU MPI-ROCM Latency Test v7.5
# Datatype: MPI_CHAR.
# Size       Avg Latency(us)
1                       0.90
2                       0.87
4                       0.87
8                       0.87
16                      0.87
32                      0.87
64                      0.89
128                     0.95
256                     0.97
512                     5.35
1024                    5.27
2048                    5.63
4096                    5.81
8192                    6.04
16384                   6.36
32768                   6.52
65536                   7.24
131072                  8.84
262144                 11.82
524288                 18.20
1048576                30.88
2097152                57.56
4194304               115.88

================================================================
  B_w30_inter_pkg_diag   GCD(0,4)   osu_bw   placement=[H D]
  rank0: GCD=0 NUMA=3
  rank1: GCD=4 NUMA=0
================================================================

# OSU MPI-ROCM Bandwidth Test v7.5
# Datatype: MPI_CHAR.
# Size      Bandwidth (MB/s)
1                       3.76
2                       7.46
4                      16.26
8                      33.26
16                     61.02
32                    129.00
64                    265.24
128                   359.29
256                   687.00
512                  1299.33
1024                 2434.35
2048                 3650.29
4096                 2208.85
8192                 4719.33
16384                5399.17
32768                7241.40
65536                8891.17
131072               9557.18
262144               9714.20
524288               9975.05
1048576              8293.02
2097152              7595.94
4194304              7329.26

================================================================
  B_w30_inter_pkg_diag   GCD(0,4)   osu_bibw   placement=[H D]
  rank0: GCD=0 NUMA=3
  rank1: GCD=4 NUMA=0
================================================================

# OSU MPI-ROCM Bi-Directional Bandwidth Test v7.5
# Datatype: MPI_CHAR.
# Size      Bandwidth (MB/s)
1                       2.90
2                       5.80
4                      11.61
8                      23.21
16                     46.17
32                     93.19
64                    180.02
128                   318.51
256                   435.87
512                   164.16
1024                  325.74
2048                  639.54
4096                 1238.08
8192                 2471.45
16384                4251.96
32768                6309.41
65536                8030.97
131072               9220.01
262144               9619.79
524288               9691.00
1048576              8771.50
2097152              8251.78
4194304              8176.28

================================================================
  B_w30_inter_pkg_diag   GCD(0,4)   osu_latency   placement=[H D]
  rank0: GCD=0 NUMA=3
  rank1: GCD=4 NUMA=0
================================================================

# OSU MPI-ROCM Latency Test v7.5
# Datatype: MPI_CHAR.
# Size       Avg Latency(us)
1                       0.67
2                       0.66
4                       0.65
8                       0.65
16                      0.65
32                      0.72
64                      0.72
128                     0.78
256                     0.79
512                     3.18
1024                    4.15
2048                    4.45
4096                    4.75
8192                    5.61
16384                   7.36
32768                   9.72
65536                  14.72
131072                 24.65
262144                 45.32
524288                 84.60
1048576               153.11
2097152               291.68
4194304               570.23

================================================================
  B_w30_inter_pkg_diag   GCD(0,4)   osu_bw   placement=[D H]
  rank0: GCD=0 NUMA=3
  rank1: GCD=4 NUMA=0
================================================================

# OSU MPI-ROCM Bandwidth Test v7.5
# Datatype: MPI_CHAR.
# Size      Bandwidth (MB/s)
1                       2.02
2                       4.04
4                       8.06
8                      16.08
16                     32.22
32                     64.48
64                    120.40
128                   253.29
256                   301.74
512                    84.84
1024                  167.21
2048                  332.21
4096                  655.19
8192                 1269.16
16384                2395.99
32768                4319.23
65536                7134.90
131072               8466.38
262144               9380.09
524288              10079.42
1048576             10116.61
2097152             10000.39
4194304              9997.78

================================================================
  B_w30_inter_pkg_diag   GCD(0,4)   osu_bibw   placement=[D H]
  rank0: GCD=0 NUMA=3
  rank1: GCD=4 NUMA=0
================================================================

# OSU MPI-ROCM Bi-Directional Bandwidth Test v7.5
# Datatype: MPI_CHAR.
# Size      Bandwidth (MB/s)
1                       2.79
2                       5.59
4                      11.18
8                      22.31
16                     44.47
32                     89.47
64                    179.14
128                   314.27
256                   432.80
512                   161.99
1024                  321.50
2048                  629.92
4096                 1220.01
8192                 2434.76
16384                4336.72
32768                6209.79
65536                7758.84
131072               8929.98
262144               9478.84
524288               9542.52
1048576              8725.41
2097152              8148.91
4194304              8014.27

================================================================
  B_w30_inter_pkg_diag   GCD(0,4)   osu_latency   placement=[D H]
  rank0: GCD=0 NUMA=3
  rank1: GCD=4 NUMA=0
================================================================

# OSU MPI-ROCM Latency Test v7.5
# Datatype: MPI_CHAR.
# Size       Avg Latency(us)
1                       0.66
2                       0.65
4                       0.65
8                       0.65
16                      0.65
32                      0.71
64                      0.71
128                     0.77
256                     0.80
512                     3.26
1024                    4.15
2048                    4.47
4096                    4.85
8192                    5.87
16384                   7.38
32768                   9.84
65536                  14.86
131072                 24.76
262144                 45.80
524288                 84.91
1048576               155.11
2097152               296.20
4194304               579.10


>>>>>>>>>>>>>>>>>>>>>>>>>>>>>>>>>>>>>>>>>>>>>>>>>>>>>>>>>>>>>>>>
>>> Starting pair: B_w30_inter_pkg_far  (GCD 0, GCD 7)
>>>>>>>>>>>>>>>>>>>>>>>>>>>>>>>>>>>>>>>>>>>>>>>>>>>>>>>>>>>>>>>>
================================================================
  B_w30_inter_pkg_far   GCD(0,7)   osu_bw   placement=[D D]
  rank0: GCD=0 NUMA=3
  rank1: GCD=7 NUMA=2
================================================================

# OSU MPI-ROCM Bandwidth Test v7.5
# Datatype: MPI_CHAR.
# Size      Bandwidth (MB/s)
1                       2.03
2                       4.13
4                       8.62
8                      17.55
16                     34.91
32                     69.56
64                    134.84
128                   265.36
256                    47.31
512                    94.42
1024                  187.40
2048                  366.22
4096                  716.02
8192                 1400.04
16384                2716.33
32768                5161.94
65536                9153.07
131072              15128.71
262144              21764.19
524288              27980.54
1048576             32765.70
2097152             35555.01
4194304             37301.00

================================================================
  B_w30_inter_pkg_far   GCD(0,7)   osu_bibw   placement=[D D]
  rank0: GCD=0 NUMA=3
  rank1: GCD=7 NUMA=2
================================================================

# OSU MPI-ROCM Bi-Directional Bandwidth Test v7.5
# Datatype: MPI_CHAR.
# Size      Bandwidth (MB/s)
1                       2.91
2                       5.83
4                      11.65
8                      23.29
16                     46.41
32                     93.14
64                    163.09
128                   325.25
256                    90.27
512                   177.99
1024                  353.49
2048                  694.99
4096                 1356.63
8192                 2769.99
16384                5348.99
32768               10034.27
65536               17533.95
131072              28958.28
262144              42391.37
524288              55112.11
1048576             64840.72
2097152             70686.40
4194304             74140.78

================================================================
  B_w30_inter_pkg_far   GCD(0,7)   osu_latency   placement=[D D]
  rank0: GCD=0 NUMA=3
  rank1: GCD=7 NUMA=2
================================================================

# OSU MPI-ROCM Latency Test v7.5
# Datatype: MPI_CHAR.
# Size       Avg Latency(us)
1                       0.84
2                       0.81
4                       0.81
8                       0.81
16                      0.81
32                      0.82
64                      0.82
128                     0.87
256                     0.89
512                     5.06
1024                    5.14
2048                    5.32
4096                    5.55
8192                    5.75
16384                   6.06
32768                   6.23
65536                   7.08
131072                  8.47
262144                 11.55
524288                 17.51
1048576                29.95
2097152                54.44
4194304               103.45

================================================================
  B_w30_inter_pkg_far   GCD(0,7)   osu_bw   placement=[H D]
  rank0: GCD=0 NUMA=3
  rank1: GCD=7 NUMA=2
================================================================

# OSU MPI-ROCM Bandwidth Test v7.5
# Datatype: MPI_CHAR.
# Size      Bandwidth (MB/s)
1                       3.60
2                       7.24
4                      15.60
8                      31.33
16                     66.77
32                    131.37
64                    263.27
128                   374.39
256                   715.73
512                  1353.38
1024                 2543.07
2048                 4025.85
4096                 2444.18
8192                 5356.35
16384                5738.86
32768                7611.00
65536                8594.39
131072               9991.64
262144               9910.24
524288              10043.25
1048576              8468.92
2097152              7737.62
4194304              7348.56

================================================================
  B_w30_inter_pkg_far   GCD(0,7)   osu_bibw   placement=[H D]
  rank0: GCD=0 NUMA=3
  rank1: GCD=7 NUMA=2
================================================================

# OSU MPI-ROCM Bi-Directional Bandwidth Test v7.5
# Datatype: MPI_CHAR.
# Size      Bandwidth (MB/s)
1                       2.97
2                       5.94
4                      11.90
8                      23.76
16                     47.44
32                     95.38
64                    185.17
128                   331.26
256                   461.39
512                   166.54
1024                  330.02
2048                  647.09
4096                 1239.54
8192                 2485.36
16384                4396.93
32768                6398.46
65536                8169.82
131072               9301.65
262144               9753.47
524288               9924.75
1048576              8984.90
2097152              8495.40
4194304              8323.02

================================================================
  B_w30_inter_pkg_far   GCD(0,7)   osu_latency   placement=[H D]
  rank0: GCD=0 NUMA=3
  rank1: GCD=7 NUMA=2
================================================================

# OSU MPI-ROCM Latency Test v7.5
# Datatype: MPI_CHAR.
# Size       Avg Latency(us)
1                       0.61
2                       0.60
4                       0.60
8                       0.60
16                      0.60
32                      0.65
64                      0.66
128                     0.70
256                     0.72
512                     2.76
1024                    4.12
2048                    4.35
4096                    4.64
8192                    5.28
16384                   6.60
32768                   8.86
65536                  13.50
131072                 22.58
262144                 41.71
524288                 77.09
1048576               140.28
2097152               265.85
4194304               518.74

================================================================
  B_w30_inter_pkg_far   GCD(0,7)   osu_bw   placement=[D H]
  rank0: GCD=0 NUMA=3
  rank1: GCD=7 NUMA=2
================================================================

# OSU MPI-ROCM Bandwidth Test v7.5
# Datatype: MPI_CHAR.
# Size      Bandwidth (MB/s)
1                       2.22
2                       4.46
4                       8.86
8                      17.39
16                     35.70
32                     71.12
64                    135.05
128                   279.50
256                   328.69
512                    86.17
1024                  171.60
2048                  339.41
4096                  669.96
8192                 1299.28
16384                2422.57
32768                4333.77
65536                7227.66
131072               8567.97
262144               9426.33
524288              10117.59
1048576             10235.09
2097152             10181.88
4194304             10197.87

================================================================
  B_w30_inter_pkg_far   GCD(0,7)   osu_bibw   placement=[D H]
  rank0: GCD=0 NUMA=3
  rank1: GCD=7 NUMA=2
================================================================

# OSU MPI-ROCM Bi-Directional Bandwidth Test v7.5
# Datatype: MPI_CHAR.
# Size      Bandwidth (MB/s)
1                       3.01
2                       6.03
4                      12.05
8                      24.01
16                     48.04
32                     95.84
64                    184.44
128                   334.66
256                   462.33
512                   160.73
1024                  318.46
2048                  621.82
4096                 1195.62
8192                 2421.86
16384                4079.52
32768                5828.35
65536                7960.62
131072               9047.83
262144               9502.45
524288               9569.86
1048576              8900.85
2097152              8314.04
4194304              8125.67

================================================================
  B_w30_inter_pkg_far   GCD(0,7)   osu_latency   placement=[D H]
  rank0: GCD=0 NUMA=3
  rank1: GCD=7 NUMA=2
================================================================

# OSU MPI-ROCM Latency Test v7.5
# Datatype: MPI_CHAR.
# Size       Avg Latency(us)
1                       0.63
2                       0.62
4                       0.62
8                       0.62
16                      0.62
32                      0.67
64                      0.70
128                     0.70
256                     0.71
512                     3.13
1024                    4.16
2048                    4.43
4096                    4.74
8192                    5.56
16384                   7.08
32768                   9.33
65536                  14.01
131072                 23.26
262144                 42.71
524288                 78.93
1048576               143.77
2097152               272.92
4194304               531.98


>>>>>>>>>>>>>>>>>>>>>>>>>>>>>>>>>>>>>>>>>>>>>>>>>>>>>>>>>>>>>>>>
>>> Starting pair: C_w45_anomaly1  (GCD 1, GCD 7)
>>>>>>>>>>>>>>>>>>>>>>>>>>>>>>>>>>>>>>>>>>>>>>>>>>>>>>>>>>>>>>>>
================================================================
  C_w45_anomaly1   GCD(1,7)   osu_bw   placement=[D D]
  rank0: GCD=1 NUMA=3
  rank1: GCD=7 NUMA=2
================================================================

# OSU MPI-ROCM Bandwidth Test v7.5
# Datatype: MPI_CHAR.
# Size      Bandwidth (MB/s)
1                       2.07
2                       4.15
4                       8.66
8                      17.58
16                     34.92
32                     70.30
64                    131.81
128                   276.49
256                    45.80
512                    91.03
1024                  179.83
2048                  354.21
4096                  693.95
8192                 1357.15
16384                2629.11
32768                5012.41
65536                8605.53
131072              13639.39
262144              19082.09
524288              23784.77
1048576             27233.03
2097152             29263.71
4194304             30396.15

================================================================
  C_w45_anomaly1   GCD(1,7)   osu_bibw   placement=[D D]
  rank0: GCD=1 NUMA=3
  rank1: GCD=7 NUMA=2
================================================================

# OSU MPI-ROCM Bi-Directional Bandwidth Test v7.5
# Datatype: MPI_CHAR.
# Size      Bandwidth (MB/s)
1                       2.94
2                       5.87
4                      11.46
8                      23.53
16                     46.89
32                     93.60
64                    167.88
128                   327.72
256                    85.63
512                   170.13
1024                  332.50
2048                  666.08
4096                 1323.02
8192                 2622.89
16384                5046.81
32768                9270.91
65536               16114.68
131072              25750.24
262144              36752.80
524288              46620.94
1048576             53738.52
2097152             58162.66
4194304             60655.90

================================================================
  C_w45_anomaly1   GCD(1,7)   osu_latency   placement=[D D]
  rank0: GCD=1 NUMA=3
  rank1: GCD=7 NUMA=2
================================================================

# OSU MPI-ROCM Latency Test v7.5
# Datatype: MPI_CHAR.
# Size       Avg Latency(us)
1                       0.84
2                       0.81
4                       0.81
8                       0.81
16                      0.81
32                      0.81
64                      0.83
128                     0.88
256                     0.90
512                     5.03
1024                    5.26
2048                    5.41
4096                    5.56
8192                    5.71
16384                   5.94
32768                   6.21
65536                   7.35
131072                  9.32
262144                 13.45
524288                 21.80
1048576                38.22
2097152                71.46
4194304               137.92

================================================================
  C_w45_anomaly1   GCD(1,7)   osu_bw   placement=[H D]
  rank0: GCD=1 NUMA=3
  rank1: GCD=7 NUMA=2
================================================================

# OSU MPI-ROCM Bandwidth Test v7.5
# Datatype: MPI_CHAR.
# Size      Bandwidth (MB/s)
1                       3.76
2                       7.49
4                      16.23
8                      33.28
16                     66.70
32                    131.44
64                    264.03
128                   349.59
256                   711.42
512                  1347.81
1024                 2388.51
2048                 3889.65
4096                 2230.59
8192                 5306.29
16384                5465.24
32768                7419.01
65536                8916.34
131072               9831.53
262144               9827.58
524288              10022.81
1048576              8468.26
2097152              7693.56
4194304              7372.41

================================================================
  C_w45_anomaly1   GCD(1,7)   osu_bibw   placement=[H D]
  rank0: GCD=1 NUMA=3
  rank1: GCD=7 NUMA=2
================================================================

# OSU MPI-ROCM Bi-Directional Bandwidth Test v7.5
# Datatype: MPI_CHAR.
# Size      Bandwidth (MB/s)
1                       2.92
2                       5.83
4                      11.65
8                      23.26
16                     46.45
32                     93.20
64                    181.44
128                   324.90
256                   455.44
512                   166.39
1024                  329.69
2048                  647.82
4096                 1236.48
8192                 2475.04
16384                4404.17
32768                6340.50
65536                7924.23
131072               9300.40
262144               9839.01
524288               9902.61
1048576              9034.87
2097152              8479.82
4194304              8304.52

================================================================
  C_w45_anomaly1   GCD(1,7)   osu_latency   placement=[H D]
  rank0: GCD=1 NUMA=3
  rank1: GCD=7 NUMA=2
================================================================

# OSU MPI-ROCM Latency Test v7.5
# Datatype: MPI_CHAR.
# Size       Avg Latency(us)
1                       0.61
2                       0.60
4                       0.60
8                       0.60
16                      0.60
32                      0.65
64                      0.65
128                     0.70
256                     0.72
512                     2.71
1024                    3.92
2048                    4.22
4096                    4.52
8192                    5.22
16384                   6.54
32768                   8.73
65536                  13.47
131072                 22.48
262144                 41.29
524288                 76.82
1048576               139.58
2097152               265.92
4194304               518.85

================================================================
  C_w45_anomaly1   GCD(1,7)   osu_bw   placement=[D H]
  rank0: GCD=1 NUMA=3
  rank1: GCD=7 NUMA=2
================================================================

# OSU MPI-ROCM Bandwidth Test v7.5
# Datatype: MPI_CHAR.
# Size      Bandwidth (MB/s)
1                       2.22
2                       4.44
4                       8.94
8                      17.73
16                     35.50
32                     71.02
64                    129.37
128                   280.08
256                   324.41
512                    85.43
1024                  170.43
2048                  334.67
4096                  660.45
8192                 1286.77
16384                2409.27
32768                4326.37
65536                7267.24
131072               8603.74
262144               9519.84
524288              10171.45
1048576             10306.05
2097152             10278.26
4194304             10215.99

================================================================
  C_w45_anomaly1   GCD(1,7)   osu_bibw   placement=[D H]
  rank0: GCD=1 NUMA=3
  rank1: GCD=7 NUMA=2
================================================================

# OSU MPI-ROCM Bi-Directional Bandwidth Test v7.5
# Datatype: MPI_CHAR.
# Size      Bandwidth (MB/s)
1                       3.00
2                       6.01
4                      12.02
8                      23.97
16                     47.93
32                     95.81
64                    187.07
128                   332.30
256                   457.71
512                   161.01
1024                  319.39
2048                  621.01
4096                 1197.01
8192                 2422.54
16384                4281.78
32768                6253.43
65536                7967.48
131072               9093.64
262144               9510.79
524288               9713.59
1048576              8932.42
2097152              8342.02
4194304              8191.83

================================================================
  C_w45_anomaly1   GCD(1,7)   osu_latency   placement=[D H]
  rank0: GCD=1 NUMA=3
  rank1: GCD=7 NUMA=2
================================================================

# OSU MPI-ROCM Latency Test v7.5
# Datatype: MPI_CHAR.
# Size       Avg Latency(us)
1                       0.61
2                       0.59
4                       0.59
8                       0.59
16                      0.59
32                      0.64
64                      0.64
128                     0.69
256                     0.72
512                     2.76
1024                    4.04
2048                    4.37
4096                    4.64
8192                    5.36
16384                   6.62
32768                   8.92
65536                  13.62
131072                 23.04
262144                 42.52
524288                 78.79
1048576               143.49
2097152               272.84
4194304               532.59


>>>>>>>>>>>>>>>>>>>>>>>>>>>>>>>>>>>>>>>>>>>>>>>>>>>>>>>>>>>>>>>>
>>> Starting pair: C_w45_anomaly2  (GCD 3, GCD 5)
>>>>>>>>>>>>>>>>>>>>>>>>>>>>>>>>>>>>>>>>>>>>>>>>>>>>>>>>>>>>>>>>
================================================================
  C_w45_anomaly2   GCD(3,5)   osu_bw   placement=[D D]
  rank0: GCD=3 NUMA=1
  rank1: GCD=5 NUMA=0
================================================================

# OSU MPI-ROCM Bandwidth Test v7.5
# Datatype: MPI_CHAR.
# Size      Bandwidth (MB/s)
1                       2.07
2                       4.15
4                       8.68
8                      17.56
16                     34.99
32                     70.03
64                    133.09
128                   277.20
256                    45.78
512                    91.15
1024                  180.37
2048                  358.02
4096                  695.92
8192                 1357.53
16384                2634.75
32768                5011.91
65536                8627.42
131072              13620.10
262144              19054.02
524288              23780.44
1048576             27208.39
2097152             29260.10
4194304             30397.50

================================================================
  C_w45_anomaly2   GCD(3,5)   osu_bibw   placement=[D D]
  rank0: GCD=3 NUMA=1
  rank1: GCD=5 NUMA=0
================================================================

# OSU MPI-ROCM Bi-Directional Bandwidth Test v7.5
# Datatype: MPI_CHAR.
# Size      Bandwidth (MB/s)
1                       2.94
2                       5.86
4                      11.72
8                      23.44
16                     46.96
32                     93.28
64                    170.39
128                   328.93
256                    87.39
512                   171.49
1024                  337.86
2048                  668.12
4096                 1311.21
8192                 2700.24
16384                5156.11
32768                9531.61
65536               16428.05
131072              26176.44
262144              37086.90
524288              46889.28
1048576             54002.34
2097152             58335.38
4194304             60768.27

================================================================
  C_w45_anomaly2   GCD(3,5)   osu_latency   placement=[D D]
  rank0: GCD=3 NUMA=1
  rank1: GCD=5 NUMA=0
================================================================

# OSU MPI-ROCM Latency Test v7.5
# Datatype: MPI_CHAR.
# Size       Avg Latency(us)
1                       0.83
2                       0.81
4                       0.80
8                       0.80
16                      0.80
32                      0.80
64                      0.81
128                     0.85
256                     0.86
512                     5.12
1024                    5.23
2048                    5.37
4096                    5.48
8192                    5.66
16384                   5.89
32768                   6.15
65536                   7.32
131072                  9.32
262144                 13.38
524288                 21.73
1048576                38.19
2097152                71.40
4194304               137.93

================================================================
  C_w45_anomaly2   GCD(3,5)   osu_bw   placement=[H D]
  rank0: GCD=3 NUMA=1
  rank1: GCD=5 NUMA=0
================================================================

# OSU MPI-ROCM Bandwidth Test v7.5
# Datatype: MPI_CHAR.
# Size      Bandwidth (MB/s)
1                       3.79
2                       7.58
4                      16.39
8                      33.60
16                     67.24
32                    132.23
64                    265.41
128                   376.35
256                   715.55
512                  1270.06
1024                 2546.32
2048                 3917.15
4096                 2274.91
8192                 5346.72
16384                5466.78
32768                7394.92
65536                8914.29
131072               9633.40
262144               9874.91
524288              10006.36
1048576              8384.13
2097152              7604.97
4194304              7244.20

================================================================
  C_w45_anomaly2   GCD(3,5)   osu_bibw   placement=[H D]
  rank0: GCD=3 NUMA=1
  rank1: GCD=5 NUMA=0
================================================================

# OSU MPI-ROCM Bi-Directional Bandwidth Test v7.5
# Datatype: MPI_CHAR.
# Size      Bandwidth (MB/s)
1                       3.00
2                       5.99
4                      11.98
8                      23.88
16                     47.82
32                     95.78
64                    182.87
128                   332.03
256                   461.51
512                   164.57
1024                  327.54
2048                  648.79
4096                 1245.60
8192                 2472.82
16384                4369.79
32768                6288.85
65536                7939.22
131072               9082.75
262144               9550.62
524288               9646.65
1048576              8790.54
2097152              8252.66
4194304              8068.37

================================================================
  C_w45_anomaly2   GCD(3,5)   osu_latency   placement=[H D]
  rank0: GCD=3 NUMA=1
  rank1: GCD=5 NUMA=0
================================================================

# OSU MPI-ROCM Latency Test v7.5
# Datatype: MPI_CHAR.
# Size       Avg Latency(us)
1                       0.61
2                       0.60
4                       0.60
8                       0.60
16                      0.60
32                      0.65
64                      0.66
128                     0.68
256                     0.69
512                     2.80
1024                    4.02
2048                    4.33
4096                    4.60
8192                    5.32
16384                   6.67
32768                   8.86
65536                  13.56
131072                 22.67
262144                 41.79
524288                 77.79
1048576               141.63
2097152               270.19
4194304               526.79

================================================================
  C_w45_anomaly2   GCD(3,5)   osu_bw   placement=[D H]
  rank0: GCD=3 NUMA=1
  rank1: GCD=5 NUMA=0
================================================================

# OSU MPI-ROCM Bandwidth Test v7.5
# Datatype: MPI_CHAR.
# Size      Bandwidth (MB/s)
1                       2.22
2                       4.44
4                       8.94
8                      17.88
16                     35.49
32                     71.04
64                    134.63
128                   279.45
256                   315.03
512                    85.98
1024                  171.56
2048                  339.22
4096                  669.05
8192                 1291.82
16384                2412.32
32768                4317.82
65536                7160.57
131072               8512.93
262144               9352.42
524288              10089.29
1048576             10184.94
2097152             10197.00
4194304             10218.34

================================================================
  C_w45_anomaly2   GCD(3,5)   osu_bibw   placement=[D H]
  rank0: GCD=3 NUMA=1
  rank1: GCD=5 NUMA=0
================================================================

# OSU MPI-ROCM Bi-Directional Bandwidth Test v7.5
# Datatype: MPI_CHAR.
# Size      Bandwidth (MB/s)
1                       3.00
2                       5.77
4                      12.03
8                      23.15
16                     47.90
32                     93.31
64                    185.34
128                   332.92
256                   456.16
512                   159.93
1024                  317.73
2048                  624.24
4096                 1202.22
8192                 2407.48
16384                4236.34
32768                6331.47
65536                7761.52
131072               8834.06
262144               9544.37
524288               9586.91
1048576              8583.00
2097152              8436.13
4194304              8379.71

================================================================
  C_w45_anomaly2   GCD(3,5)   osu_latency   placement=[D H]
  rank0: GCD=3 NUMA=1
  rank1: GCD=5 NUMA=0
================================================================

# OSU MPI-ROCM Latency Test v7.5
# Datatype: MPI_CHAR.
# Size       Avg Latency(us)
1                       0.61
2                       0.60
4                       0.60
8                       0.59
16                      0.59
32                      0.64
64                      0.64
128                     0.70
256                     0.71
512                     2.77
1024                    4.17
2048                    4.32
4096                    4.63
8192                    5.32
16384                   6.61
32768                   8.85
65536                  13.47
131072                 22.75
262144                 41.67
524288                 77.62
1048576               141.50
2097152               270.66
4194304               525.67


>>>>>>>>>>>>>>>>>>>>>>>>>>>>>>>>>>>>>>>>>>>>>>>>>>>>>>>>>>>>>>>>
>>> Starting pair: X_self_GCD0  (GCD 0, GCD 0)
>>>>>>>>>>>>>>>>>>>>>>>>>>>>>>>>>>>>>>>>>>>>>>>>>>>>>>>>>>>>>>>>
================================================================
  X_self_GCD0   GCD(0,0)   osu_bw   placement=[D D]
  rank0: GCD=0 NUMA=3
  rank1: GCD=0 NUMA=3
================================================================

# OSU MPI-ROCM Bandwidth Test v7.5
# Datatype: MPI_CHAR.
# Size      Bandwidth (MB/s)
1                       2.11
2                       4.14
4                       8.71
8                      17.31
16                     34.03
32                     68.14
64                    129.11
128                   275.19
256                    48.86
512                    95.13
1024                  189.09
2048                  376.20
4096                  738.78
8192                 1479.29
16384                2880.18
32768                5428.34
65536                9765.06
131072              16223.12
262144              24456.32
524288              33476.40
1048576             96515.63
2097152            161131.44
4194304            252915.55

================================================================
  X_self_GCD0   GCD(0,0)   osu_bibw   placement=[D D]
  rank0: GCD=0 NUMA=3
  rank1: GCD=0 NUMA=3
================================================================

# OSU MPI-ROCM Bi-Directional Bandwidth Test v7.5
# Datatype: MPI_CHAR.
# Size      Bandwidth (MB/s)
1                       3.85
2                       7.64
4                      14.76
8                      29.31
16                     58.73
32                    126.80
64                    246.28
128                   489.27
256                    47.48
512                    94.31
1024                  184.54
2048                  372.35
4096                  738.77
8192                 1455.48
16384                2790.07
32768                5215.03
65536                9360.50
131072              15609.00
262144              23541.82
524288              32198.91
1048576            151699.29
2097152            244314.69
4194304            368768.57

================================================================
  X_self_GCD0   GCD(0,0)   osu_latency   placement=[D D]
  rank0: GCD=0 NUMA=3
  rank1: GCD=0 NUMA=3
================================================================

# OSU MPI-ROCM Latency Test v7.5
# Datatype: MPI_CHAR.
# Size       Avg Latency(us)
1                       0.52
2                       0.48
4                       0.49
8                       0.48
16                      0.47
32                      0.47
64                      0.48
128                     0.48
256                     0.50
512                     6.39
1024                    6.23
2048                    6.28
4096                    6.33
8192                    6.33
16384                   6.58
32768                   6.99
65536                   7.77
131072                  9.07
262144                 11.70
524288                 16.65
1048576                16.20
2097152                18.34
4194304                21.83

================================================================
  X_self_GCD0   GCD(0,0)   osu_bw   placement=[H D]
  rank0: GCD=0 NUMA=3
  rank1: GCD=0 NUMA=3
================================================================

# OSU MPI-ROCM Bandwidth Test v7.5
# Datatype: MPI_CHAR.
# Size      Bandwidth (MB/s)
1                       3.89
2                       7.76
4                      16.86
8                      34.60
16                     69.45
32                    138.07
64                    277.24
128                   450.26
256                   934.89
512                  1662.68
1024                 3672.45
2048                 6032.34
4096                 2293.85
8192                13500.82
16384                5571.15
32768                7475.12
65536                8598.33
131072               9747.25
262144               9351.65
524288               9629.31
1048576              8381.09
2097152              7607.67
4194304              7245.89

================================================================
  X_self_GCD0   GCD(0,0)   osu_bibw   placement=[H D]
  rank0: GCD=0 NUMA=3
  rank1: GCD=0 NUMA=3
================================================================

# OSU MPI-ROCM Bi-Directional Bandwidth Test v7.5
# Datatype: MPI_CHAR.
# Size      Bandwidth (MB/s)
1                       4.07
2                       8.12
4                      16.33
8                      32.49
16                     64.67
32                    129.57
64                    256.33
128                   489.09
256                   689.78
512                   166.06
1024                  331.03
2048                  655.66
4096                 1226.09
8192                 2480.73
16384                4348.70
32768                6473.46
65536                8171.45
131072               9357.29
262144               9740.20
524288               9889.03
1048576              9282.75
2097152              8819.02
4194304              8671.08

================================================================
  X_self_GCD0   GCD(0,0)   osu_latency   placement=[H D]
  rank0: GCD=0 NUMA=3
  rank1: GCD=0 NUMA=3
================================================================

# OSU MPI-ROCM Latency Test v7.5
# Datatype: MPI_CHAR.
# Size       Avg Latency(us)
1                       0.59
2                       0.58
4                       0.58
8                       0.58
16                      0.58
32                      0.63
64                      0.63
128                     0.69
256                     0.70
512                     3.11
1024                    4.03
2048                    4.30
4096                    4.60
8192                    5.25
16384                   6.98
32768                   9.16
65536                  13.77
131072                 23.05
262144                 41.78
524288                 77.12
1048576               140.03
2097152               265.73
4194304               518.73

================================================================
  X_self_GCD0   GCD(0,0)   osu_bw   placement=[D H]
  rank0: GCD=0 NUMA=3
  rank1: GCD=0 NUMA=3
================================================================

# OSU MPI-ROCM Bandwidth Test v7.5
# Datatype: MPI_CHAR.
# Size      Bandwidth (MB/s)
1                       3.62
2                       7.24
4                      14.56
8                      28.85
16                     57.83
32                    115.18
64                    228.40
128                   457.26
256                   511.74
512                    86.93
1024                  173.46
2048                  343.41
4096                  671.37
8192                 1297.04
16384                2436.39
32768                4435.60
65536                7479.64
131072               8816.82
262144               9696.58
524288              10312.19
1048576             10407.41
2097152             10463.19
4194304             10469.00

================================================================
  X_self_GCD0   GCD(0,0)   osu_bibw   placement=[D H]
  rank0: GCD=0 NUMA=3
  rank1: GCD=0 NUMA=3
================================================================

# OSU MPI-ROCM Bi-Directional Bandwidth Test v7.5
# Datatype: MPI_CHAR.
# Size      Bandwidth (MB/s)
1                       4.08
2                       8.16
4                      16.31
8                      32.65
16                     64.98
32                    129.90
64                    257.41
128                   492.15
256                   694.10
512                   165.42
1024                  326.27
2048                  646.81
4096                 1217.60
8192                 2483.28
16384                4361.65
32768                6402.79
65536                8096.92
131072               9280.18
262144               9529.26
524288               9759.02
1048576              8985.14
2097152              8340.11
4194304              8047.47

================================================================
  X_self_GCD0   GCD(0,0)   osu_latency   placement=[D H]
  rank0: GCD=0 NUMA=3
  rank1: GCD=0 NUMA=3
================================================================

# OSU MPI-ROCM Latency Test v7.5
# Datatype: MPI_CHAR.
# Size       Avg Latency(us)
1                       0.34
2                       0.33
4                       0.33
8                       0.33
16                      0.33
32                      0.34
64                      0.34
128                     0.38
256                     0.38
512                     2.80
1024                    3.52
2048                    3.64
4096                    3.89
8192                    4.23
16384                   5.09
32768                   6.82
65536                   9.75
131072                 15.72
262144                 27.80
524288                 50.59
1048576                85.04
2097152               155.36
4194304               292.21


Done.
