The following modules were not unloaded:
  (Use "module --force purge" to unload all):

  1) ModuleLabel/label   2) lumi-tools/24.05   3) init-lumi/0.2

The following sticky modules could not be reloaded:

  1) lumi-tools
Found EESSI repo @ /cvmfs/software.eessi.io/versions/2025.06!
archdetect says x86_64/amd/zen3
archdetect could not detect any accelerators
Using x86_64/amd/zen3 as software subdirectory.
Found Lmod configuration file at /cvmfs/software.eessi.io/versions/2025.06/software/linux/x86_64/amd/zen3/.lmod/lmodrc.lua
Found Lmod SitePackage.lua file at /cvmfs/software.eessi.io/versions/2025.06/software/linux/x86_64/amd/zen3/.lmod/SitePackage.lua
Using /cvmfs/software.eessi.io/host_injections/2025.06/software/linux/x86_64/amd/zen3 as the site extension directory for installations.
Using  as the site extension directory for accelerated installations.
Using /cvmfs/software.eessi.io/versions/2025.06/software/linux/x86_64/amd/zen3/modules/all as the directory to be added to MODULEPATH.
Using /cvmfs/software.eessi.io/host_injections/2025.06/software/linux/x86_64/amd/zen3/modules/all as the site extension directory to be added to MODULEPATH.
Initializing Lmod...
Prepending /cvmfs/software.eessi.io/versions/2025.06/software/linux/x86_64/amd/zen3/modules/all to $MODULEPATH...
Prepending site path /cvmfs/software.eessi.io/host_injections/2025.06/software/linux/x86_64/amd/zen3/modules/all to $MODULEPATH...
Environment set up to use EESSI (2025.06), have fun!
-- Using /tmp/$USER as a temporary working directory for installations, you can
override this by setting the environment variable WORKING_DIR and reloading the
module (e.g., /dev/shm is a common option) 
Configuring for use of EESSI_USER_INSTALL under /users/joglekar/eessi
-- To create installations for EESSI, you _must_ have write permissions to
/users/joglekar/eessi/versions/2025.06/software/linux/x86_64/amd/zen3 
-- You may wish to configure a sources directory for EasyBuild (for example,
via setting the environment variable EASYBUILD_SOURCEPATH) to allow you to
reuse existing sources for packages. 
================================================================
Loaded environment:
  ucx_info:    /users/joglekar/eessi/versions/2025.06/software/linux/x86_64/amd/zen3/software/UCX-ROCm/1.18.0-rocm-compilers-19.0.0-ROCm-6.4.1/bin/ucx_info
  mpirun:      /users/joglekar/eessi/versions/2025.06/software/linux/x86_64/amd/zen3/software/OpenMPI/5.0.7-rocm-compilers-19.0.0-ROCm-6.4.1/bin/mpirun
  OSU prefix:  /users/joglekar/eessi/versions/2025.06/software/linux/x86_64/amd/zen3/software/OSU-Micro-Benchmarks/7.5-rompi-2025a
  Hostname:    nid005021
  Date:        Sun May 10 06:57:09 EEST 2026
================================================================
OK: ucx_info reports ROCm support compiled in

######################################################################
# Topology-grounded pt2pt sweep (NUMA-local binding)
# Pairs: 10
# Host: nid005021
# SLURM cores: 56
######################################################################


>>>>>>>>>>>>>>>>>>>>>>>>>>>>>>>>>>>>>>>>>>>>>>>>>>>>>>>>>>>>>>>>
>>> Starting pair: A_w15_intra_pkg_GPU0  (GCD 0, GCD 1)
>>>>>>>>>>>>>>>>>>>>>>>>>>>>>>>>>>>>>>>>>>>>>>>>>>>>>>>>>>>>>>>>
================================================================
  A_w15_intra_pkg_GPU0   GCD(0,1)   osu_bw   placement=[D D]
  rank0: GCD=0 NUMA=3
  rank1: GCD=1 NUMA=3
================================================================

# OSU MPI-ROCM Bandwidth Test v7.5
# Datatype: MPI_CHAR.
# Size      Bandwidth (MB/s)
1                       1.99
2                       4.06
4                       8.61
8                      17.10
16                     33.50
32                     66.87
64                    135.99
128                   271.70
256                    48.87
512                    97.57
1024                  193.31
2048                  378.11
4096                  742.59
8192                 1446.86
16384                2805.33
32768                5344.79
65536                9955.66
131072              16519.68
262144              25079.03
524288              33949.85
1048576             40699.76
2097152             45497.42
4194304             48096.87


>>>>>>>>>>>>>>>>>>>>>>>>>>>>>>>>>>>>>>>>>>>>>>>>>>>>>>>>>>>>>>>>
>>> Starting pair: A_w15_intra_pkg_GPU1  (GCD 2, GCD 3)
>>>>>>>>>>>>>>>>>>>>>>>>>>>>>>>>>>>>>>>>>>>>>>>>>>>>>>>>>>>>>>>>
================================================================
  A_w15_intra_pkg_GPU1   GCD(2,3)   osu_bw   placement=[D D]
  rank0: GCD=2 NUMA=1
  rank1: GCD=3 NUMA=1
================================================================

# OSU MPI-ROCM Bandwidth Test v7.5
# Datatype: MPI_CHAR.
# Size      Bandwidth (MB/s)
1                       2.06
2                       3.88
4                       8.59
8                      17.03
16                     34.13
32                     69.62
64                    128.17
128                   268.48
256                    49.90
512                    96.64
1024                  191.47
2048                  378.09
4096                  744.97
8192                 1447.73
16384                2801.82
32768                5364.16
65536                9982.15
131072              16554.50
262144              25080.73
524288              33937.49
1048576             40703.23
2097152             45471.51
4194304             48092.84


>>>>>>>>>>>>>>>>>>>>>>>>>>>>>>>>>>>>>>>>>>>>>>>>>>>>>>>>>>>>>>>>
>>> Starting pair: A_w15_inter_pkg_close  (GCD 0, GCD 2)
>>>>>>>>>>>>>>>>>>>>>>>>>>>>>>>>>>>>>>>>>>>>>>>>>>>>>>>>>>>>>>>>
================================================================
  A_w15_inter_pkg_close   GCD(0,2)   osu_bw   placement=[D D]
  rank0: GCD=0 NUMA=3
  rank1: GCD=2 NUMA=1
================================================================

# OSU MPI-ROCM Bandwidth Test v7.5
# Datatype: MPI_CHAR.
# Size      Bandwidth (MB/s)
1                       1.93
2                       3.87
4                       8.05
8                      16.10
16                     32.61
32                     62.15
64                    122.35
128                   225.02
256                    47.61
512                    94.71
1024                  187.68
2048                  368.99
4096                  718.47
8192                 1408.59
16384                2731.78
32768                5139.53
65536                9360.55
131072              15334.57
262144              22535.01
524288              29254.25
1048576             34276.68
2097152             36598.40
4194304             36282.07


>>>>>>>>>>>>>>>>>>>>>>>>>>>>>>>>>>>>>>>>>>>>>>>>>>>>>>>>>>>>>>>>
>>> Starting pair: A_w15_inter_pkg_far  (GCD 0, GCD 6)
>>>>>>>>>>>>>>>>>>>>>>>>>>>>>>>>>>>>>>>>>>>>>>>>>>>>>>>>>>>>>>>>
================================================================
  A_w15_inter_pkg_far   GCD(0,6)   osu_bw   placement=[D D]
  rank0: GCD=0 NUMA=3
  rank1: GCD=6 NUMA=2
================================================================

# OSU MPI-ROCM Bandwidth Test v7.5
# Datatype: MPI_CHAR.
# Size      Bandwidth (MB/s)
1                       1.92
2                       3.85
4                       7.99
8                      16.20
16                     32.69
32                     67.85
64                    129.01
128                   255.17
256                    49.67
512                    98.18
1024                  195.19
2048                  380.17
4096                  749.73
8192                 1459.74
16384                2829.28
32768                5323.23
65536               10147.94
131072              16826.46
262144              25540.93
524288              34096.72
1048576             40879.25
2097152             45604.94
4194304             48191.68


>>>>>>>>>>>>>>>>>>>>>>>>>>>>>>>>>>>>>>>>>>>>>>>>>>>>>>>>>>>>>>>>
>>> Starting pair: B_w30_inter_pkg  (GCD 0, GCD 3)
>>>>>>>>>>>>>>>>>>>>>>>>>>>>>>>>>>>>>>>>>>>>>>>>>>>>>>>>>>>>>>>>
================================================================
  B_w30_inter_pkg   GCD(0,3)   osu_bw   placement=[D D]
  rank0: GCD=0 NUMA=3
  rank1: GCD=3 NUMA=1
================================================================

# OSU MPI-ROCM Bandwidth Test v7.5
# Datatype: MPI_CHAR.
# Size      Bandwidth (MB/s)
1                       1.92
2                       3.81
4                       7.99
8                      16.21
16                     31.49
32                     64.42
64                    121.96
128                   246.01
256                    47.15
512                    94.15
1024                  186.27
2048                  365.42
4096                  713.30
8192                 1390.53
16384                2699.76
32768                5119.78
65536                9016.79
131072              14754.10
262144              21746.33
524288              28034.58
1048576             33052.49
2097152             35693.78
4194304             36141.79


>>>>>>>>>>>>>>>>>>>>>>>>>>>>>>>>>>>>>>>>>>>>>>>>>>>>>>>>>>>>>>>>
>>> Starting pair: B_w30_inter_pkg_diag  (GCD 0, GCD 4)
>>>>>>>>>>>>>>>>>>>>>>>>>>>>>>>>>>>>>>>>>>>>>>>>>>>>>>>>>>>>>>>>
================================================================
  B_w30_inter_pkg_diag   GCD(0,4)   osu_bw   placement=[D D]
  rank0: GCD=0 NUMA=3
  rank1: GCD=4 NUMA=0
================================================================

# OSU MPI-ROCM Bandwidth Test v7.5
# Datatype: MPI_CHAR.
# Size      Bandwidth (MB/s)
1                       1.87
2                       3.63
4                       7.83
8                      15.65
16                     31.08
32                     63.21
64                    115.17
128                   237.12
256                    48.68
512                    95.31
1024                  189.34
2048                  376.03
4096                  734.08
8192                 1430.40
16384                2775.66
32768                5241.91
65536                9431.02
131072              15529.39
262144              22717.64
524288              29376.70
1048576             34404.27
2097152             36614.46
4194304             36333.03


>>>>>>>>>>>>>>>>>>>>>>>>>>>>>>>>>>>>>>>>>>>>>>>>>>>>>>>>>>>>>>>>
>>> Starting pair: B_w30_inter_pkg_far  (GCD 0, GCD 7)
>>>>>>>>>>>>>>>>>>>>>>>>>>>>>>>>>>>>>>>>>>>>>>>>>>>>>>>>>>>>>>>>
================================================================
  B_w30_inter_pkg_far   GCD(0,7)   osu_bw   placement=[D D]
  rank0: GCD=0 NUMA=3
  rank1: GCD=7 NUMA=2
================================================================

# OSU MPI-ROCM Bandwidth Test v7.5
# Datatype: MPI_CHAR.
# Size      Bandwidth (MB/s)
1                       2.00
2                       4.02
4                       8.33
8                      16.88
16                     33.67
32                     67.83
64                    129.68
128                   260.33
256                    47.26
512                    94.30
1024                  186.90
2048                  363.13
4096                  713.92
8192                 1391.90
16384                2703.65
32768                5152.07
65536                9151.50
131072              15102.28
262144              21728.63
524288              27962.75
1048576             32748.89
2097152             35542.35
4194304             37279.58


>>>>>>>>>>>>>>>>>>>>>>>>>>>>>>>>>>>>>>>>>>>>>>>>>>>>>>>>>>>>>>>>
>>> Starting pair: C_w45_anomaly1  (GCD 1, GCD 7)
>>>>>>>>>>>>>>>>>>>>>>>>>>>>>>>>>>>>>>>>>>>>>>>>>>>>>>>>>>>>>>>>
================================================================
  C_w45_anomaly1   GCD(1,7)   osu_bw   placement=[D D]
  rank0: GCD=1 NUMA=3
  rank1: GCD=7 NUMA=2
================================================================

# OSU MPI-ROCM Bandwidth Test v7.5
# Datatype: MPI_CHAR.
# Size      Bandwidth (MB/s)
1                       1.92
2                       4.03
4                       8.01
8                      16.98
16                     33.54
32                     66.45
64                    129.38
128                   253.57
256                    46.34
512                    92.53
1024                  180.90
2048                  358.00
4096                  697.58
8192                 1361.90
16384                2655.80
32768                5001.67
65536                8600.82
131072              13614.18
262144              19056.88
524288              23772.06
1048576             27214.79
2097152             29260.78
4194304             30401.43


>>>>>>>>>>>>>>>>>>>>>>>>>>>>>>>>>>>>>>>>>>>>>>>>>>>>>>>>>>>>>>>>
>>> Starting pair: C_w45_anomaly2  (GCD 3, GCD 5)
>>>>>>>>>>>>>>>>>>>>>>>>>>>>>>>>>>>>>>>>>>>>>>>>>>>>>>>>>>>>>>>>
================================================================
  C_w45_anomaly2   GCD(3,5)   osu_bw   placement=[D D]
  rank0: GCD=3 NUMA=1
  rank1: GCD=5 NUMA=0
================================================================

# OSU MPI-ROCM Bandwidth Test v7.5
# Datatype: MPI_CHAR.
# Size      Bandwidth (MB/s)
1                       1.97
2                       4.05
4                       8.21
8                      17.24
16                     33.88
32                     67.74
64                    130.98
128                   258.86
256                    45.87
512                    91.30
1024                  180.63
2048                  355.37
4096                  696.50
8192                 1354.99
16384                2638.99
32768                5016.17
65536                8626.16
131072              13631.01
262144              19069.36
524288              23774.85
1048576             27205.53
2097152             29267.72
4194304             30402.93


>>>>>>>>>>>>>>>>>>>>>>>>>>>>>>>>>>>>>>>>>>>>>>>>>>>>>>>>>>>>>>>>
>>> Starting pair: X_self_GCD0  (GCD 0, GCD 0)
>>>>>>>>>>>>>>>>>>>>>>>>>>>>>>>>>>>>>>>>>>>>>>>>>>>>>>>>>>>>>>>>
================================================================
  X_self_GCD0   GCD(0,0)   osu_bw   placement=[D D]
  rank0: GCD=0 NUMA=3
  rank1: GCD=0 NUMA=3
================================================================

# OSU MPI-ROCM Bandwidth Test v7.5
# Datatype: MPI_CHAR.
# Size      Bandwidth (MB/s)
1                       3.26
2                       6.47
4                      13.91
8                      28.39
16                     56.59
32                    112.38
64                    224.43
128                   447.02
256                    48.64
512                    96.49
1024                  198.40
2048                  389.49
4096                  759.99
8192                 1535.93
16384                2970.99
32768                5568.97
65536               10088.14
131072              16490.17
262144              24924.85
524288              33867.13
1048576             96424.47
2097152            161582.19
4194304            254207.69


Done.
