The following modules were not unloaded:
  (Use "module --force purge" to unload all):

  1) ModuleLabel/label   2) lumi-tools/24.05   3) init-lumi/0.2

The following sticky modules could not be reloaded:

  1) lumi-tools
Found EESSI repo @ /cvmfs/software.eessi.io/versions/2025.06!
archdetect says x86_64/amd/zen3
archdetect could not detect any accelerators
Using x86_64/amd/zen3 as software subdirectory.
Found Lmod configuration file at /cvmfs/software.eessi.io/versions/2025.06/software/linux/x86_64/amd/zen3/.lmod/lmodrc.lua
Found Lmod SitePackage.lua file at /cvmfs/software.eessi.io/versions/2025.06/software/linux/x86_64/amd/zen3/.lmod/SitePackage.lua
Using /cvmfs/software.eessi.io/host_injections/2025.06/software/linux/x86_64/amd/zen3 as the site extension directory for installations.
Using  as the site extension directory for accelerated installations.
Using /cvmfs/software.eessi.io/versions/2025.06/software/linux/x86_64/amd/zen3/modules/all as the directory to be added to MODULEPATH.
Using /cvmfs/software.eessi.io/host_injections/2025.06/software/linux/x86_64/amd/zen3/modules/all as the site extension directory to be added to MODULEPATH.
Initializing Lmod...
Prepending /cvmfs/software.eessi.io/versions/2025.06/software/linux/x86_64/amd/zen3/modules/all to $MODULEPATH...
Prepending site path /cvmfs/software.eessi.io/host_injections/2025.06/software/linux/x86_64/amd/zen3/modules/all to $MODULEPATH...
Environment set up to use EESSI (2025.06), have fun!
-- Using /tmp/$USER as a temporary working directory for installations, you can
override this by setting the environment variable WORKING_DIR and reloading the
module (e.g., /dev/shm is a common option) 
Configuring for use of EESSI_USER_INSTALL under /users/joglekar/eessi
-- To create installations for EESSI, you _must_ have write permissions to
/users/joglekar/eessi/versions/2025.06/software/linux/x86_64/amd/zen3 
-- You may wish to configure a sources directory for EasyBuild (for example,
via setting the environment variable EASYBUILD_SOURCEPATH) to allow you to
reuse existing sources for packages. 
================================================================
Loaded environment:
  ucx_info:    /users/joglekar/eessi/versions/2025.06/software/linux/x86_64/amd/zen3/software/UCX-ROCm/1.18.0-rocm-compilers-19.0.0-ROCm-6.4.1/bin/ucx_info
  mpirun:      /users/joglekar/eessi/versions/2025.06/software/linux/x86_64/amd/zen3/software/OpenMPI/5.0.7-rocm-compilers-19.0.0-ROCm-6.4.1/bin/mpirun
  OSU prefix:  /users/joglekar/eessi/versions/2025.06/software/linux/x86_64/amd/zen3/software/OSU-Micro-Benchmarks/7.5-rompi-2025a
  Hostname:    nid005020
  Date:        Sun May 10 07:20:21 EEST 2026
================================================================
OK: ucx_info reports ROCm support compiled in

######################################################################
# 1. Node hardware summary
######################################################################

--- CPU info (sockets, NUMA) ---
CPU(s):                                  128
On-line CPU(s) list:                     0-127
Model name:                              AMD EPYC 7A53 64-Core Processor
Core(s) per socket:                      64
Socket(s):                               1
CPU(s) scaling MHz:                      56%
NUMA node(s):                            4
NUMA node0 CPU(s):                       0-15,64-79
NUMA node1 CPU(s):                       16-31,80-95
NUMA node2 CPU(s):                       32-47,96-111
NUMA node3 CPU(s):                       48-63,112-127

--- NUMA topology ---
available: 4 nodes (0-3)
node 0 cpus: 0 1 2 3 4 5 6 7 8 9 10 11 12 13 14 15 64 65 66 67 68 69 70 71 72 73 74 75 76 77 78 79
node 0 size: 128265 MB
node 0 free: 119148 MB
node 1 cpus: 16 17 18 19 20 21 22 23 24 25 26 27 28 29 30 31 80 81 82 83 84 85 86 87 88 89 90 91 92 93 94 95
node 1 size: 129014 MB
node 1 free: 124778 MB
node 2 cpus: 32 33 34 35 36 37 38 39 40 41 42 43 44 45 46 47 96 97 98 99 100 101 102 103 104 105 106 107 108 109 110 111
node 2 size: 129014 MB
node 2 free: 125168 MB
node 3 cpus: 48 49 50 51 52 53 54 55 56 57 58 59 60 61 62 63 112 113 114 115 116 117 118 119 120 121 122 123 124 125 126 127
node 3 size: 128920 MB
node 3 free: 125041 MB
node distances:
node     0    1    2    3 
   0:   10   12   12   12 
   1:   12   10   12   12 
   2:   12   12   10   12 
   3:   12   12   12   10 

--- Memory ---
               total        used        free      shared  buff/cache   available
Mem:           503Gi        21Gi       482Gi       4.6Gi       5.1Gi       481Gi
Swap:             0B          0B          0B

######################################################################
# 2. GPU enumeration & xGMI topology (the key matrix for this work)
######################################################################

--- rocm-smi: device list ---


============================ ROCm System Management Interface ============================
=========================================== ID ===========================================
GPU[0]		: Device Name: 		AMD Instinct MI250X
GPU[0]		: Device ID: 		0x7408
GPU[0]		: Device Rev: 		0x00
GPU[0]		: Subsystem ID: 	0x0b0c
GPU[0]		: GUID: 		63582
GPU[1]		: Device Name: 		AMD Instinct MI250X
GPU[1]		: Device ID: 		0x7408
GPU[1]		: Device Rev: 		0x00
GPU[1]		: Subsystem ID: 	0x0b0c
GPU[1]		: GUID: 		51740
GPU[2]		: Device Name: 		AMD Instinct MI250X
GPU[2]		: Device ID: 		0x7408
GPU[2]		: Device Rev: 		0x00
GPU[2]		: Subsystem ID: 	0x0b0c
GPU[2]		: GUID: 		15961
GPU[3]		: Device Name: 		AMD Instinct MI250X
GPU[3]		: Device ID: 		0x7408
GPU[3]		: Device Rev: 		0x00
GPU[3]		: Subsystem ID: 	0x0b0c
GPU[3]		: GUID: 		3099
GPU[4]		: Device Name: 		AMD Instinct MI250X
GPU[4]		: Device ID: 		0x7408
GPU[4]		: Device Rev: 		0x00
GPU[4]		: Subsystem ID: 	0x0b0c
GPU[4]		: GUID: 		13395
GPU[5]		: Device Name: 		AMD Instinct MI250X
GPU[5]		: Device ID: 		0x7408
GPU[5]		: Device Rev: 		0x00
GPU[5]		: Subsystem ID: 	0x0b0c
GPU[5]		: GUID: 		1553
GPU[6]		: Device Name: 		AMD Instinct MI250X
GPU[6]		: Device ID: 		0x7408
GPU[6]		: Device Rev: 		0x00
GPU[6]		: Subsystem ID: 	0x0b0c
GPU[6]		: GUID: 		62036
GPU[7]		: Device Name: 		AMD Instinct MI250X
GPU[7]		: Device ID: 		0x7408
GPU[7]		: Device Rev: 		0x00
GPU[7]		: Subsystem ID: 	0x0b0c
GPU[7]		: GUID: 		49174
==========================================================================================
======================================= PCI Bus ID =======================================
GPU[0]		: PCI Bus: 0000:C1:00.0
GPU[1]		: PCI Bus: 0000:C6:00.0
GPU[2]		: PCI Bus: 0000:C9:00.0
GPU[3]		: PCI Bus: 0000:CE:00.0
GPU[4]		: PCI Bus: 0000:D1:00.0
GPU[5]		: PCI Bus: 0000:D6:00.0
GPU[6]		: PCI Bus: 0000:D9:00.0
GPU[7]		: PCI Bus: 0000:DE:00.0
==========================================================================================
====================================== Product Info ======================================
GPU[0]		: Card Series: 		AMD Instinct MI250X
GPU[0]		: Card Model: 		0x7408
GPU[0]		: Card Vendor: 		Advanced Micro Devices, Inc. [AMD/ATI]
GPU[0]		: Card SKU: 		D65201
GPU[0]		: Subsystem ID: 	0x0b0c
GPU[0]		: Device Rev: 		0x00
GPU[0]		: Node ID: 		4
GPU[0]		: GUID: 		63582
GPU[0]		: GFX Version: 		gfx90a
GPU[1]		: Card Series: 		AMD Instinct MI250X
GPU[1]		: Card Model: 		0x7408
GPU[1]		: Card Vendor: 		Advanced Micro Devices, Inc. [AMD/ATI]
GPU[1]		: Card SKU: 		D65201
GPU[1]		: Subsystem ID: 	0x0b0c
GPU[1]		: Device Rev: 		0x00
GPU[1]		: Node ID: 		5
GPU[1]		: GUID: 		51740
GPU[1]		: GFX Version: 		gfx90a
GPU[2]		: Card Series: 		AMD Instinct MI250X
GPU[2]		: Card Model: 		0x7408
GPU[2]		: Card Vendor: 		Advanced Micro Devices, Inc. [AMD/ATI]
GPU[2]		: Card SKU: 		D65201
GPU[2]		: Subsystem ID: 	0x0b0c
GPU[2]		: Device Rev: 		0x00
GPU[2]		: Node ID: 		6
GPU[2]		: GUID: 		15961
GPU[2]		: GFX Version: 		gfx90a
GPU[3]		: Card Series: 		AMD Instinct MI250X
GPU[3]		: Card Model: 		0x7408
GPU[3]		: Card Vendor: 		Advanced Micro Devices, Inc. [AMD/ATI]
GPU[3]		: Card SKU: 		D65201
GPU[3]		: Subsystem ID: 	0x0b0c
GPU[3]		: Device Rev: 		0x00
GPU[3]		: Node ID: 		7
GPU[3]		: GUID: 		3099
GPU[3]		: GFX Version: 		gfx90a
GPU[4]		: Card Series: 		AMD Instinct MI250X
GPU[4]		: Card Model: 		0x7408
GPU[4]		: Card Vendor: 		Advanced Micro Devices, Inc. [AMD/ATI]
GPU[4]		: Card SKU: 		D65201
GPU[4]		: Subsystem ID: 	0x0b0c
GPU[4]		: Device Rev: 		0x00
GPU[4]		: Node ID: 		8
GPU[4]		: GUID: 		13395
GPU[4]		: GFX Version: 		gfx90a
GPU[5]		: Card Series: 		AMD Instinct MI250X
GPU[5]		: Card Model: 		0x7408
GPU[5]		: Card Vendor: 		Advanced Micro Devices, Inc. [AMD/ATI]
GPU[5]		: Card SKU: 		D65201
GPU[5]		: Subsystem ID: 	0x0b0c
GPU[5]		: Device Rev: 		0x00
GPU[5]		: Node ID: 		9
GPU[5]		: GUID: 		1553
GPU[5]		: GFX Version: 		gfx90a
GPU[6]		: Card Series: 		AMD Instinct MI250X
GPU[6]		: Card Model: 		0x7408
GPU[6]		: Card Vendor: 		Advanced Micro Devices, Inc. [AMD/ATI]
GPU[6]		: Card SKU: 		D65201
GPU[6]		: Subsystem ID: 	0x0b0c
GPU[6]		: Device Rev: 		0x00
GPU[6]		: Node ID: 		10
GPU[6]		: GUID: 		62036
GPU[6]		: GFX Version: 		gfx90a
GPU[7]		: Card Series: 		AMD Instinct MI250X
GPU[7]		: Card Model: 		0x7408
GPU[7]		: Card Vendor: 		Advanced Micro Devices, Inc. [AMD/ATI]
GPU[7]		: Card SKU: 		D65201
GPU[7]		: Subsystem ID: 	0x0b0c
GPU[7]		: Device Rev: 		0x00
GPU[7]		: Node ID: 		11
GPU[7]		: GUID: 		49174
GPU[7]		: GFX Version: 		gfx90a
==========================================================================================
================================== End of ROCm SMI Log ===================================

--- rocm-smi: xGMI link weight/hops matrix ---
    (lower weight = more direct; check 'numLinks' for xGMI link count)


============================ ROCm System Management Interface ============================
================================ Weight between two GPUs =================================
       GPU0         GPU1         GPU2         GPU3         GPU4         GPU5         GPU6         GPU7         
GPU0   0            15           15           30           30           30           15           30           
GPU1   15           0            30           15           30           15           30           45           
GPU2   15           30           0            15           15           30           30           30           
GPU3   30           15           15           0            30           45           30           15           
GPU4   30           30           15           30           0            15           15           30           
GPU5   30           15           30           45           15           0            30           15           
GPU6   15           30           30           30           15           30           0            15           
GPU7   30           45           30           15           30           15           15           0            

================================= Hops between two GPUs ==================================
       GPU0         GPU1         GPU2         GPU3         GPU4         GPU5         GPU6         GPU7         
GPU0   0            1            1            1            1            1            1            1            
GPU1   1            0            1            1            1            1            1            1            
GPU2   1            1            0            1            1            1            1            1            
GPU3   1            1            1            0            1            1            1            1            
GPU4   1            1            1            1            0            1            1            1            
GPU5   1            1            1            1            1            0            1            1            
GPU6   1            1            1            1            1            1            0            1            
GPU7   1            1            1            1            1            1            1            0            

=============================== Link Type between two GPUs ===============================
       GPU0         GPU1         GPU2         GPU3         GPU4         GPU5         GPU6         GPU7         
GPU0   0            XGMI         XGMI         XGMI         XGMI         XGMI         XGMI         XGMI         
GPU1   XGMI         0            XGMI         XGMI         XGMI         XGMI         XGMI         XGMI         
GPU2   XGMI         XGMI         0            XGMI         XGMI         XGMI         XGMI         XGMI         
GPU3   XGMI         XGMI         XGMI         0            XGMI         XGMI         XGMI         XGMI         
GPU4   XGMI         XGMI         XGMI         XGMI         0            XGMI         XGMI         XGMI         
GPU5   XGMI         XGMI         XGMI         XGMI         XGMI         0            XGMI         XGMI         
GPU6   XGMI         XGMI         XGMI         XGMI         XGMI         XGMI         0            XGMI         
GPU7   XGMI         XGMI         XGMI         XGMI         XGMI         XGMI         XGMI         0            

======================================= Numa Nodes =======================================
GPU[0]		: (Topology) Numa Node: 3
GPU[0]		: (Topology) Numa Affinity: 3
GPU[1]		: (Topology) Numa Node: 3
GPU[1]		: (Topology) Numa Affinity: 3
GPU[2]		: (Topology) Numa Node: 1
GPU[2]		: (Topology) Numa Affinity: 1
GPU[3]		: (Topology) Numa Node: 1
GPU[3]		: (Topology) Numa Affinity: 1
GPU[4]		: (Topology) Numa Node: 0
GPU[4]		: (Topology) Numa Affinity: 0
GPU[5]		: (Topology) Numa Node: 0
GPU[5]		: (Topology) Numa Affinity: 0
GPU[6]		: (Topology) Numa Node: 2
GPU[6]		: (Topology) Numa Affinity: 2
GPU[7]		: (Topology) Numa Node: 2
GPU[7]		: (Topology) Numa Affinity: 2
================================== End of ROCm SMI Log ===================================

--- rocm-smi: topology weight matrix only ---


============================ ROCm System Management Interface ============================
================================ Weight between two GPUs =================================
       GPU0         GPU1         GPU2         GPU3         GPU4         GPU5         GPU6         GPU7         
GPU0   0            15           15           30           30           30           15           30           
GPU1   15           0            30           15           30           15           30           45           
GPU2   15           30           0            15           15           30           30           30           
GPU3   30           15           15           0            30           45           30           15           
GPU4   30           30           15           30           0            15           15           30           
GPU5   30           15           30           45           15           0            30           15           
GPU6   15           30           30           30           15           30           0            15           
GPU7   30           45           30           15           30           15           15           0            
================================== End of ROCm SMI Log ===================================

--- rocm-smi: topology hops matrix ---


============================ ROCm System Management Interface ============================
================================= Hops between two GPUs ==================================
       GPU0         GPU1         GPU2         GPU3         GPU4         GPU5         GPU6         GPU7         
GPU0   0            1            1            1            1            1            1            1            
GPU1   1            0            1            1            1            1            1            1            
GPU2   1            1            0            1            1            1            1            1            
GPU3   1            1            1            0            1            1            1            1            
GPU4   1            1            1            1            0            1            1            1            
GPU5   1            1            1            1            1            0            1            1            
GPU6   1            1            1            1            1            1            0            1            
GPU7   1            1            1            1            1            1            1            0            
================================== End of ROCm SMI Log ===================================

--- rocm-smi: parallel links ---
usage: rocm-smi [-h] [-V] [-d DEVICE [DEVICE ...]] [--alldevices] [--showhw] [-a] [-i] [-v] [-e [EVENT ...]]
                [--showdriverversion] [--showtempgraph] [--showfwinfo [BLOCK ...]] [--showmclkrange] [--showmemvendor]
                [--showsclkrange] [--showproductname] [--showserial] [--showuniqueid] [--showvoltagerange] [--showbus]
                [--showpagesinfo] [--showpendingpages] [--showretiredpages] [--showunreservablepages] [-f] [-P] [-t]
                [-u] [--showmemuse] [--showvoltage] [-b] [-c] [-g] [-l] [-M] [-m] [-o] [-p] [-S] [-s]
                [--showmeminfo TYPE [TYPE ...]] [--showpids [VERBOSE]] [--showpidgpus [SHOWPIDGPUS ...]]
                [--showreplaycount] [--showrasinfo [SHOWRASINFO ...]] [--showvc] [--showxgmierr] [--showtopo]
                [--showtopoaccess] [--showtopoweight] [--showtopohops] [--showtopotype] [--showtoponuma]
                [--showenergycounter] [--shownodesbw] [--showcomputepartition] [--showmemorypartition] [--showmetrics]
                [-r] [--resetfans] [--resetprofile] [--resetpoweroverdrive] [--resetxgmierr] [--resetperfdeterminism]
                [--setclock TYPE LEVEL] [--setsclk LEVEL [LEVEL ...]] [--setmclk LEVEL [LEVEL ...]]
                [--setpcie LEVEL [LEVEL ...]] [--setslevel SCLKLEVEL SCLK SVOLT] [--setmlevel MCLKLEVEL MCLK MVOLT]
                [--setvc POINT SCLK SVOLT] [--setsrange SCLKMIN SCLKMAX] [--setextremum min|max sclk|mclk CLK]
                [--setmrange MCLKMIN MCLKMAX] [--setfan LEVEL] [--setperflevel LEVEL] [--setoverdrive %]
                [--setmemoverdrive %] [--setpoweroverdrive WATTS] [--setprofile SETPROFILE] [--setperfdeterminism SCLK]
                [--setcomputepartition {SPX,DPX,TPX,QPX,CPX,spx,dpx,tpx,qpx,cpx}]
                [--setmemorypartition {NPS1,NPS2,NPS4,NPS8,nps1,nps2,nps4,nps8}] [--rasenable BLOCK ERRTYPE]
                [--rasdisable BLOCK ERRTYPE] [--rasinject BLOCK] [--gpureset] [--load FILE | --save FILE]
                [--autorespond RESPONSE] [--loglevel LEVEL] [--json] [--csv]
rocm-smi: error: unrecognized arguments: --shownumalink

--- rocm-smi: topology link type matrix ---


============================ ROCm System Management Interface ============================
=============================== Link Type between two GPUs ===============================
       GPU0         GPU1         GPU2         GPU3         GPU4         GPU5         GPU6         GPU7         
GPU0   0            XGMI         XGMI         XGMI         XGMI         XGMI         XGMI         XGMI         
GPU1   XGMI         0            XGMI         XGMI         XGMI         XGMI         XGMI         XGMI         
GPU2   XGMI         XGMI         0            XGMI         XGMI         XGMI         XGMI         XGMI         
GPU3   XGMI         XGMI         XGMI         0            XGMI         XGMI         XGMI         XGMI         
GPU4   XGMI         XGMI         XGMI         XGMI         0            XGMI         XGMI         XGMI         
GPU5   XGMI         XGMI         XGMI         XGMI         XGMI         0            XGMI         XGMI         
GPU6   XGMI         XGMI         XGMI         XGMI         XGMI         XGMI         0            XGMI         
GPU7   XGMI         XGMI         XGMI         XGMI         XGMI         XGMI         XGMI         0            
================================== End of ROCm SMI Log ===================================

--- rocm-smi: topology numa node per GCD ---


============================ ROCm System Management Interface ============================
======================================= Numa Nodes =======================================
GPU[0]		: (Topology) Numa Node: 3
GPU[0]		: (Topology) Numa Affinity: 3
GPU[1]		: (Topology) Numa Node: 3
GPU[1]		: (Topology) Numa Affinity: 3
GPU[2]		: (Topology) Numa Node: 1
GPU[2]		: (Topology) Numa Affinity: 1
GPU[3]		: (Topology) Numa Node: 1
GPU[3]		: (Topology) Numa Affinity: 1
GPU[4]		: (Topology) Numa Node: 0
GPU[4]		: (Topology) Numa Affinity: 0
GPU[5]		: (Topology) Numa Node: 0
GPU[5]		: (Topology) Numa Affinity: 0
GPU[6]		: (Topology) Numa Node: 2
GPU[6]		: (Topology) Numa Affinity: 2
GPU[7]		: (Topology) Numa Node: 2
GPU[7]		: (Topology) Numa Affinity: 2
================================== End of ROCm SMI Log ===================================

######################################################################
# 3. HSA agent enumeration (what UCX/MPI actually sees)
######################################################################

Agent 1                  
  Name:                    AMD EPYC 7A53 64-Core Processor    
  Marketing Name:          AMD EPYC 7A53 64-Core Processor    
  Vendor Name:             CPU                                
  Device Type:             CPU                                
  Cache Info:              
  Compute Unit:            32                                 
  Pool Info:               
Agent 2                  
  Name:                    AMD EPYC 7A53 64-Core Processor    
  Marketing Name:          AMD EPYC 7A53 64-Core Processor    
  Vendor Name:             CPU                                
  Device Type:             CPU                                
  Cache Info:              
  Compute Unit:            32                                 
  Pool Info:               
Agent 3                  
  Name:                    AMD EPYC 7A53 64-Core Processor    
  Marketing Name:          AMD EPYC 7A53 64-Core Processor    
  Vendor Name:             CPU                                
  Device Type:             CPU                                
  Cache Info:              
  Compute Unit:            32                                 
  Pool Info:               
Agent 4                  
  Name:                    AMD EPYC 7A53 64-Core Processor    
  Marketing Name:          AMD EPYC 7A53 64-Core Processor    
  Vendor Name:             CPU                                
  Device Type:             CPU                                
  Cache Info:              
  Compute Unit:            32                                 
  Pool Info:               
Agent 5                  
  Name:                    gfx90a                             
  Marketing Name:          AMD Instinct MI250X                
  Vendor Name:             AMD                                
  Device Type:             GPU                                
  Cache Info:              
  Compute Unit:            110                                
  Pool Info:               
      Name:                    amdgcn-amd-amdhsa--gfx90a:sramecc+:xnack-
Agent 6                  
  Name:                    gfx90a                             
  Marketing Name:          AMD Instinct MI250X                
  Vendor Name:             AMD                                
  Device Type:             GPU                                
  Cache Info:              
  Compute Unit:            110                                
  Pool Info:               
      Name:                    amdgcn-amd-amdhsa--gfx90a:sramecc+:xnack-
Agent 7                  
  Name:                    gfx90a                             
  Marketing Name:          AMD Instinct MI250X                
  Vendor Name:             AMD                                
  Device Type:             GPU                                
  Cache Info:              
  Compute Unit:            110                                
  Pool Info:               
      Name:                    amdgcn-amd-amdhsa--gfx90a:sramecc+:xnack-
Agent 8                  
  Name:                    gfx90a                             
  Marketing Name:          AMD Instinct MI250X                
  Vendor Name:             AMD                                
  Device Type:             GPU                                
  Cache Info:              
  Compute Unit:            110                                
  Pool Info:               
      Name:                    amdgcn-amd-amdhsa--gfx90a:sramecc+:xnack-
Agent 9                  
  Name:                    gfx90a                             
  Marketing Name:          AMD Instinct MI250X                
  Vendor Name:             AMD                                
  Device Type:             GPU                                
  Cache Info:              
  Compute Unit:            110                                
  Pool Info:               
      Name:                    amdgcn-amd-amdhsa--gfx90a:sramecc+:xnack-
Agent 10                 
  Name:                    gfx90a                             
  Marketing Name:          AMD Instinct MI250X                
  Vendor Name:             AMD                                
  Device Type:             GPU                                
  Cache Info:              
  Compute Unit:            110                                
  Pool Info:               
      Name:                    amdgcn-amd-amdhsa--gfx90a:sramecc+:xnack-
Agent 11                 
  Name:                    gfx90a                             
  Marketing Name:          AMD Instinct MI250X                
  Vendor Name:             AMD                                
  Device Type:             GPU                                
  Cache Info:              
  Compute Unit:            110                                
  Pool Info:               
      Name:                    amdgcn-amd-amdhsa--gfx90a:sramecc+:xnack-
Agent 12                 
  Name:                    gfx90a                             
  Marketing Name:          AMD Instinct MI250X                
  Vendor Name:             AMD                                
  Device Type:             GPU                                

######################################################################
# 4. NIC layout (Slingshot HSN)
######################################################################

--- ibv_devices (if available) ---
Failed to get IB devices list: Function not implemented

--- /sys/class/net interfaces ---
total 0
drwxr-xr-x  2 root root 0 May 10 06:17 .
drwxr-xr-x 82 root root 0 May 10 06:17 ..
lrwxrwxrwx  1 root root 0 May 10 06:17 hsn0 -> ../../devices/pci0000:c4/0000:c4:01.1/0000:c5:00.0/net/hsn0
lrwxrwxrwx  1 root root 0 May 10 06:17 hsn1 -> ../../devices/pci0000:cc/0000:cc:01.1/0000:cd:00.0/net/hsn1
lrwxrwxrwx  1 root root 0 May 10 06:17 hsn2 -> ../../devices/pci0000:d4/0000:d4:01.1/0000:d5:00.0/net/hsn2
lrwxrwxrwx  1 root root 0 May 10 06:17 hsn3 -> ../../devices/pci0000:dc/0000:dc:01.1/0000:dd:00.0/net/hsn3
lrwxrwxrwx  1 root root 0 May 10 06:17 nmn0 -> ../../devices/pci0000:90/0000:90:05.1/0000:91:00.0/net/nmn0

--- libfabric providers (if fi_info available) ---
psm2:
    version: 200.0
opx:
    version: 200.0
verbs:
    version: 200.0
psm3:
    version: 307.0
ofi_rxm:
    version: 200.0
ofi_rxd:
    version: 200.0
shm:
    version: 200.0
udp:
    version: 200.0
tcp:
    version: 200.0
ofi_hook_perf:
    version: 200.0
ofi_hook_trace:
    version: 200.0
ofi_hook_debug:
    version: 200.0
ofi_hook_noop:
    version: 200.0
ofi_hook_hmem:
    version: 200.0
ofi_hook_dmabuf_peer_mem:
    version: 200.0
off_coll:
    version: 200.0
sm2:
    version: 200.0
ofi_mrail:
    version: 200.0
lnx:
    version: 200.0

######################################################################
# 5. UCX device list (proof rocm transports are registered)
######################################################################

# Memory domain: self
#     Component: self
#      Transport: self
#         Device: memory
# Memory domain: tcp
#     Component: tcp
#      Transport: tcp
#         Device: hsn0
#      Transport: tcp
#         Device: hsn1
#      Transport: tcp
#         Device: hsn2
#      Transport: tcp
#         Device: hsn3
#      Transport: tcp
#         Device: lo
#      Transport: tcp
#         Device: nmn0
# Memory domain: sysv
#     Component: sysv
#      Transport: sysv
#         Device: memory
# Memory domain: posix
#     Component: posix
#      Transport: posix
#         Device: memory
# Memory domain: rocm_cpy
#     Component: rocm_cpy
#      Transport: rocm_copy
#         Device: rocm_cpy
# Memory domain: rocm_ipc
#     Component: rocm_ipc
#      Transport: rocm_ipc
#         Device: rocm_ipc
# Memory domain: cma
#     Component: cma
#      Transport: cma
#         Device: memory
# Memory domain: xpmem
#     Component: xpmem
#      Transport: xpmem
#         Device: memory

--- Build-time UCX config (definitive ROCm support check) ---
#define HAVE_HSA_AMD_PORTABLE_EXPORT_DMABUF 1
#define HAVE_HSA_EXT_AMD_H        1
#define HAVE_HSA_H                1
#define HAVE_ROCM                 1
#define UCX_CONFIGURE_FLAGS       "--prefix=/users/joglekar/eessi/versions/2025.06/software/linux/x86_64/amd/zen3/software/UCX-ROCm/1.18.0-rocm-compilers-19.0.0-ROCm-6.4.1 --build=x86_64-pc-linux-gnu --host=x86_64-pc-linux-gnu --enable-optimizations --enable-cma --enable-mt --with-verbs --without-java --without-go --disable-doxygen-doc --disable-logging --disable-debug --disable-assertions --disable-params-check --with-xpmem=/users/joglekar/eessi/versions/2025.06/software/linux/x86_64/amd/zen3/software/xpmem/2.7.4-GCCcore-14.2.0 --with-rocm=/users/joglekar/eessi/versions/2025.06/software/linux/x86_64/amd/zen3/software/ROCm-LLVM/19.0.0-GCCcore-14.2.0-ROCm-6.4.1"
#define ucm_MODULES               ":rocm"
#define uct_MODULES               ":ib:rocm:cma:xpmem"
#define uct_cuda_MODULES          ""
#define uct_rocm_MODULES          ""
#define ucx_perftest_MODULES      ":rocm:mad"

######################################################################
# 6. CPU<->GCD recommended bindings (LUMI canonical)
######################################################################

LUMI standard-g canonical CCD<->GCD pairing (low-noise core in each CCD):
   GCD 0 -> CCD 6 (cores 49-55)   close to GPU 0 die 0
   GCD 1 -> CCD 7 (cores 57-63)   close to GPU 0 die 1
   GCD 2 -> CCD 2 (cores 17-23)   close to GPU 1 die 0
   GCD 3 -> CCD 3 (cores 25-31)   close to GPU 1 die 1
   GCD 4 -> CCD 0 (cores 1-7)     close to GPU 2 die 0
   GCD 5 -> CCD 1 (cores 9-15)    close to GPU 2 die 1
   GCD 6 -> CCD 4 (cores 33-39)   close to GPU 3 die 0
   GCD 7 -> CCD 5 (cores 41-47)   close to GPU 3 die 1
(core 0,8,16,24,32,40,48,56 of each CCD are reserved for the OS.)

Expected xGMI structure on MI250X (4 GPUs / 8 GCDs):
- Each GCD pair (0,1) (2,3) (4,5) (6,7) shares 1 internal xGMI link (same package)
- Most inter-package GCD pairs have either 1 or 2 direct xGMI links
- A handful of pairs are reachable only via 2 hops or via PCIe
Use the 'rocm-smi --showtopo' matrix above as ground truth.

Done. Topology saved to results/topology_18533986.out
