################# EESSI STACK (HSA_ENABLE_SDMA=0) ##################
Found EESSI repo @ /cvmfs/software.eessi.io/versions/2025.06!
archdetect says x86_64/amd/zen3
archdetect could not detect any accelerators
Using x86_64/amd/zen3 as software subdirectory.
Found Lmod configuration file at /cvmfs/software.eessi.io/versions/2025.06/software/linux/x86_64/amd/zen3/.lmod/lmodrc.lua
Found Lmod SitePackage.lua file at /cvmfs/software.eessi.io/versions/2025.06/software/linux/x86_64/amd/zen3/.lmod/SitePackage.lua
Using /cvmfs/software.eessi.io/host_injections/2025.06/software/linux/x86_64/amd/zen3 as the site extension directory for installations.
Using  as the site extension directory for accelerated installations.
Using /cvmfs/software.eessi.io/versions/2025.06/software/linux/x86_64/amd/zen3/modules/all as the directory to be added to MODULEPATH.
Using /cvmfs/software.eessi.io/host_injections/2025.06/software/linux/x86_64/amd/zen3/modules/all as the site extension directory to be added to MODULEPATH.
Initializing Lmod...
Prepending /cvmfs/software.eessi.io/versions/2025.06/software/linux/x86_64/amd/zen3/modules/all to $MODULEPATH...
Prepending site path /cvmfs/software.eessi.io/host_injections/2025.06/software/linux/x86_64/amd/zen3/modules/all to $MODULEPATH...
Environment set up to use EESSI (2025.06), have fun!
-- Using /tmp/$USER as a temporary working directory for installations, you can
override this by setting the environment variable WORKING_DIR and reloading the
module (e.g., /dev/shm is a common option) 
Configuring for use of EESSI_USER_INSTALL under /users/joglekar/eessi
-- To create installations for EESSI, you _must_ have write permissions to
/users/joglekar/eessi/versions/2025.06/software/linux/x86_64/amd/zen3 
-- You may wish to configure a sources directory for EasyBuild (for example,
via setting the environment variable EASYBUILD_SOURCEPATH) to allow you to
reuse existing sources for packages. 
[setup_eessi] mpirun=/users/joglekar/eessi/versions/2025.06/software/linux/x86_64/amd/zen3/software/OpenMPI/5.0.7-rocm-compilers-19.0.0-ROCm-6.4.1/bin/mpirun  EBROOT=/users/joglekar/eessi/versions/2025.06/software/linux/x86_64/amd/zen3/software/OSU-Micro-Benchmarks/7.5-rompi-2025a

# [eessi sdma=0] intra_pkg_OAM0  GCD(0,1) tier=intra_pkg links=4
  [run 1/6] warm-up — 20:50:25
  [run 1/6] warm-up done in 19s
  [run 2/6] recording — 20:50:44
  [run 2/6] done in 11s
  [run 3/6] recording — 20:50:55
  [run 3/6] done in 10s
  [run 4/6] recording — 20:51:05
  [run 4/6] done in 10s
  [run 5/6] recording — 20:51:15
  [run 5/6] done in 10s
  [run 6/6] recording — 20:51:25
  [run 6/6] done in 11s

# [eessi sdma=0] intra_pkg_OAM1  GCD(2,3) tier=intra_pkg links=4
  [run 1/6] warm-up — 20:51:36
  [run 1/6] warm-up done in 10s
  [run 2/6] recording — 20:51:46
  [run 2/6] done in 10s
  [run 3/6] recording — 20:51:56
  [run 3/6] done in 10s
  [run 4/6] recording — 20:52:06
  [run 4/6] done in 10s
  [run 5/6] recording — 20:52:16
  [run 5/6] done in 10s
  [run 6/6] recording — 20:52:26
  [run 6/6] done in 11s

# [eessi sdma=0] intra_pkg_OAM2  GCD(4,5) tier=intra_pkg links=4
  [run 1/6] warm-up — 20:52:37
  [run 1/6] warm-up done in 10s
  [run 2/6] recording — 20:52:47
  [run 2/6] done in 10s
  [run 3/6] recording — 20:52:57
  [run 3/6] done in 10s
  [run 4/6] recording — 20:53:07
  [run 4/6] done in 10s
  [run 5/6] recording — 20:53:17
  [run 5/6] done in 10s
  [run 6/6] recording — 20:53:27
  [run 6/6] done in 10s

# [eessi sdma=0] inter_pkg_2link_06  GCD(0,6) tier=inter_pkg_2link links=2
  [run 1/6] warm-up — 20:53:37
  [run 1/6] warm-up done in 16s
  [run 2/6] recording — 20:53:53
  [run 2/6] done in 16s
  [run 3/6] recording — 20:54:09
  [run 3/6] done in 16s
  [run 4/6] recording — 20:54:25
  [run 4/6] done in 16s
  [run 5/6] recording — 20:54:42
  [run 5/6] done in 17s
  [run 6/6] recording — 20:54:58
  [run 6/6] done in 16s

# [eessi sdma=0] inter_pkg_2link_24  GCD(2,4) tier=inter_pkg_2link links=2
  [run 1/6] warm-up — 20:55:14
  [run 1/6] warm-up done in 16s
  [run 2/6] recording — 20:55:30
  [run 2/6] done in 15s
  [run 3/6] recording — 20:55:45
  [run 3/6] done in 16s
  [run 4/6] recording — 20:56:01
  [run 4/6] done in 16s
  [run 5/6] recording — 20:56:17
  [run 5/6] done in 16s
  [run 6/6] recording — 20:56:33
  [run 6/6] done in 16s

# [eessi sdma=0] inter_pkg_1link_02  GCD(0,2) tier=inter_pkg_1link links=1
  [run 1/6] warm-up — 20:56:49
  [run 1/6] warm-up done in 28s
  [run 2/6] recording — 20:57:17
  [run 2/6] done in 28s
  [run 3/6] recording — 20:57:45
  [run 3/6] done in 28s
  [run 4/6] recording — 20:58:13
  [run 4/6] done in 27s
  [run 5/6] recording — 20:58:40
  [run 5/6] done in 28s
  [run 6/6] recording — 20:59:08
  [run 6/6] done in 28s

# [eessi sdma=0] inter_pkg_1link_15  GCD(1,5) tier=inter_pkg_1link links=1
  [run 1/6] warm-up — 20:59:36
  [run 1/6] warm-up done in 28s
  [run 2/6] recording — 21:00:04
  [run 2/6] done in 28s
  [run 3/6] recording — 21:00:32
  [run 3/6] done in 27s
  [run 4/6] recording — 21:00:59
  [run 4/6] done in 28s
  [run 5/6] recording — 21:01:27
  [run 5/6] done in 28s
  [run 6/6] recording — 21:01:55
  [run 6/6] done in 27s

# [eessi sdma=0] inter_pkg_1link_37  GCD(3,7) tier=inter_pkg_1link links=1
  [run 1/6] warm-up — 21:02:22
  [run 1/6] warm-up done in 28s
  [run 2/6] recording — 21:02:50
  [run 2/6] done in 27s
  [run 3/6] recording — 21:03:17
  [run 3/6] done in 28s
  [run 4/6] recording — 21:03:45
  [run 4/6] done in 27s
  [run 5/6] recording — 21:04:12
  [run 5/6] done in 28s
  [run 6/6] recording — 21:04:40
  [run 6/6] done in 27s

# [eessi sdma=0] inter_pkg_1link_57  GCD(5,7) tier=inter_pkg_1link links=1
  [run 1/6] warm-up — 21:05:07
  [run 1/6] warm-up done in 28s
  [run 2/6] recording — 21:05:35
  [run 2/6] done in 27s
  [run 3/6] recording — 21:06:02
  [run 3/6] done in 27s
  [run 4/6] recording — 21:06:29
  [run 4/6] done in 28s
  [run 5/6] recording — 21:06:57
  [run 5/6] done in 27s
  [run 6/6] recording — 21:07:24
  [run 6/6] done in 28s

# [eessi sdma=0] routed_07  GCD(0,7) tier=routed links=0
  [run 1/6] warm-up — 21:07:52
  [run 1/6] warm-up done in 18s
  [run 2/6] recording — 21:08:10
  [run 2/6] done in 18s
  [run 3/6] recording — 21:08:28
  [run 3/6] done in 19s
  [run 4/6] recording — 21:08:47
  [run 4/6] done in 18s
  [run 5/6] recording — 21:09:05
  [run 5/6] done in 19s
  [run 6/6] recording — 21:09:24
  [run 6/6] done in 18s

# [eessi sdma=0] routed_03  GCD(0,3) tier=routed links=0
  [run 1/6] warm-up — 21:09:42
  [run 1/6] warm-up done in 32s
  [run 2/6] recording — 21:10:14
  [run 2/6] done in 31s
  [run 3/6] recording — 21:10:45
  [run 3/6] done in 32s
  [run 4/6] recording — 21:11:17
  [run 4/6] done in 31s
  [run 5/6] recording — 21:11:48
  [run 5/6] done in 32s
  [run 6/6] recording — 21:12:20
  [run 6/6] done in 31s

# [eessi sdma=0] routed_17  GCD(1,7) tier=routed links=0
  [run 1/6] warm-up — 21:12:51
  [run 1/6] warm-up done in 18s
  [run 2/6] recording — 21:13:09
  [run 2/6] done in 18s
  [run 3/6] recording — 21:13:27
  [run 3/6] done in 18s
  [run 4/6] recording — 21:13:45
  [run 4/6] done in 18s
  [run 5/6] recording — 21:14:03
  [run 5/6] done in 19s
  [run 6/6] recording — 21:14:22
  [run 6/6] done in 18s

ALL BENCHMARKS COMPLETE  CSV=results/osu_bibw_eessi_18634053.csv
