################# EESSI STACK ##################
--- EESSI / HSA_ENABLE_SDMA=0 ---

################################################################
# [eessi sdma=0] intra_pkg_OAM0  GCD(0,1) tier=intra_pkg links=4
################################################################
  [run 1/6] warm-up — 20:20:13
  [run 1/6] warm-up done in 19s
  [run 2/6] recording — 20:20:32
  [run 2/6] done in 10s

# OSU MPI-ROCM Bandwidth Test v7.5
# Datatype: MPI_CHAR.
# Size      Bandwidth (MB/s)
1                       2.99
2                       5.91
4                      12.66
8                      26.00
16                     52.01
32                    104.15
64                    202.59
128                   411.33
256                    30.81
512                    61.64
1024                  120.50
2048                  238.14
4096                  486.59
8192                  924.14
16384                1835.12
32768                3478.21
65536                6622.12
131072              12182.14
262144              21110.97
524288              37577.18
1048576             57477.35
2097152             81957.73
4194304            115617.61
8388608            131226.69
16777216           141739.12
33554432           147471.66
67108864           149821.43
  [run 3/6] recording — 20:20:42
  [run 3/6] done in 10s

# OSU MPI-ROCM Bandwidth Test v7.5
# Datatype: MPI_CHAR.
# Size      Bandwidth (MB/s)
1                       2.90
2                       6.01
4                      12.78
8                      26.12
16                     52.53
32                    104.81
64                    204.79
128                   398.03
256                    30.08
512                    60.29
1024                  119.11
2048                  237.24
4096                  460.46
8192                  906.46
16384                1798.48
32768                3431.03
65536                6670.29
131072              12305.36
262144              21228.04
524288              37950.30
1048576             57924.46
2097152             82763.15
4194304            116565.77
8388608            131341.16
16777216           141712.59
33554432           147215.91
67108864           149716.12
  [run 4/6] recording — 20:20:52
  [run 4/6] done in 10s

# OSU MPI-ROCM Bandwidth Test v7.5
# Datatype: MPI_CHAR.
# Size      Bandwidth (MB/s)
1                       2.98
2                       5.88
4                      12.70
8                      26.08
16                     52.09
32                    102.57
64                    201.01
128                   410.33
256                    30.29
512                    60.74
1024                  121.28
2048                  240.36
4096                  483.76
8192                  923.94
16384                1842.34
32768                3403.55
65536                6574.29
131072              12094.04
262144              21160.32
524288              37687.18
1048576             57621.71
2097152             81878.06
4194304            116072.04
8388608            131613.19
16777216           141645.85
33554432           147146.13
67108864           149743.61
  [run 5/6] recording — 20:21:02
  [run 5/6] done in 10s

# OSU MPI-ROCM Bandwidth Test v7.5
# Datatype: MPI_CHAR.
# Size      Bandwidth (MB/s)
1                       2.96
2                       5.78
4                      12.64
8                      25.93
16                     51.77
32                    103.81
64                    207.34
128                   410.73
256                    30.26
512                    60.37
1024                  119.51
2048                  239.03
4096                  484.79
8192                  935.68
16384                1860.47
32768                3298.22
65536                6441.63
131072              12156.14
262144              21134.83
524288              37672.41
1048576             57756.73
2097152             82592.07
4194304            116577.62
8388608            131106.64
16777216           141659.59
33554432           147177.72
67108864           149698.97
  [run 6/6] recording — 20:21:12
  [run 6/6] done in 9s

# OSU MPI-ROCM Bandwidth Test v7.5
# Datatype: MPI_CHAR.
# Size      Bandwidth (MB/s)
1                       2.89
2                       5.83
4                      12.61
8                      25.79
16                     51.73
32                     90.43
64                    185.29
128                   386.11
256                    30.44
512                    60.99
1024                  119.65
2048                  237.00
4096                  465.32
8192                  903.62
16384                1794.82
32768                3357.30
65536                6477.80
131072              12102.77
262144              21078.75
524288              37760.90
1048576             57669.10
2097152             82489.72
4194304            116405.98
8388608            131677.05
16777216           141622.66
33554432           147178.10
67108864           149770.95

################################################################
# [eessi sdma=0] intra_pkg_OAM1  GCD(2,3) tier=intra_pkg links=4
################################################################
  [run 1/6] warm-up — 20:21:21
  [run 1/6] warm-up done in 10s
  [run 2/6] recording — 20:21:31
  [run 2/6] done in 10s

# OSU MPI-ROCM Bandwidth Test v7.5
# Datatype: MPI_CHAR.
# Size      Bandwidth (MB/s)
1                       2.96
2                       5.91
4                      12.38
8                      25.93
16                     52.12
32                    103.83
64                    206.57
128                   408.27
256                    35.86
512                    72.28
1024                  144.18
2048                  287.37
4096                  569.13
8192                 1028.82
16384                2050.57
32768                3843.40
65536                7436.55
131072              13987.97
262144              22663.69
524288              40321.57
1048576             60534.72
2097152             84653.58
4194304            117826.79
8388608            132808.75
16777216           142331.14
33554432           148007.69
67108864           150443.66
  [run 3/6] recording — 20:21:41
  [run 3/6] done in 10s

# OSU MPI-ROCM Bandwidth Test v7.5
# Datatype: MPI_CHAR.
# Size      Bandwidth (MB/s)
1                       2.93
2                       6.04
4                      12.82
8                      26.19
16                     50.69
32                    104.81
64                    204.62
128                   403.82
256                    36.25
512                    72.39
1024                  143.77
2048                  287.53
4096                  566.70
8192                 1036.29
16384                2065.58
32768                3858.18
65536                7492.52
131072              14075.68
262144              22534.84
524288              40155.17
1048576             60368.62
2097152             83973.44
4194304            117279.00
8388608            132743.07
16777216           142702.44
33554432           147961.48
67108864           150287.82
  [run 4/6] recording — 20:21:51
  [run 4/6] done in 9s

# OSU MPI-ROCM Bandwidth Test v7.5
# Datatype: MPI_CHAR.
# Size      Bandwidth (MB/s)
1                       3.02
2                       6.04
4                      12.65
8                      26.42
16                     53.13
32                    105.82
64                    211.16
128                   416.74
256                    36.30
512                    72.58
1024                  143.78
2048                  287.63
4096                  571.94
8192                 1044.05
16384                2073.82
32768                3868.71
65536                7503.83
131072              13976.31
262144              22508.70
524288              40085.99
1048576             60159.06
2097152             83953.00
4194304            117130.00
8388608            132439.25
16777216           142205.39
33554432           147775.15
67108864           150038.20
  [run 5/6] recording — 20:22:01
  [run 5/6] done in 9s

# OSU MPI-ROCM Bandwidth Test v7.5
# Datatype: MPI_CHAR.
# Size      Bandwidth (MB/s)
1                       2.88
2                       5.35
4                      12.17
8                      24.91
16                     51.89
32                    104.00
64                    200.89
128                   401.90
256                    36.29
512                    72.65
1024                  144.65
2048                  287.85
4096                  567.66
8192                 1040.69
16384                2076.46
32768                3891.01
65536                7527.96
131072              14098.06
262144              22566.58
524288              40151.61
1048576             60290.29
2097152             83768.26
4194304            117693.09
8388608            132448.32
16777216           142163.93
33554432           147793.76
67108864           150189.34
  [run 6/6] recording — 20:22:10
  [run 6/6] done in 10s

# OSU MPI-ROCM Bandwidth Test v7.5
# Datatype: MPI_CHAR.
# Size      Bandwidth (MB/s)
1                       2.88
2                       5.71
4                      12.46
8                      25.32
16                     50.10
32                    100.72
64                    199.44
128                   384.49
256                    36.00
512                    72.21
1024                  144.04
2048                  286.12
4096                  561.90
8192                 1041.39
16384                2067.68
32768                3840.66
65536                7437.63
131072              13964.36
262144              22554.65
524288              40256.04
1048576             60331.41
2097152             84270.50
4194304            117578.90
8388608            132662.84
16777216           142336.35
33554432           147842.05
67108864           150279.25

################################################################
# [eessi sdma=0] intra_pkg_OAM2  GCD(4,5) tier=intra_pkg links=4
################################################################
  [run 1/6] warm-up — 20:22:20
  [run 1/6] warm-up done in 10s
  [run 2/6] recording — 20:22:30
  [run 2/6] done in 9s

# OSU MPI-ROCM Bandwidth Test v7.5
# Datatype: MPI_CHAR.
# Size      Bandwidth (MB/s)
1                       2.87
2                       5.56
4                      11.90
8                      24.69
16                     48.90
32                     98.12
64                    193.29
128                   376.69
256                    37.78
512                    75.39
1024                  150.97
2048                  299.90
4096                  598.66
8192                 1075.13
16384                2143.96
32768                4029.23
65536                7778.30
131072              14337.55
262144              23128.66
524288              40864.68
1048576             61089.21
2097152             84080.75
4194304            117056.59
8388608            132575.04
16777216           142362.15
33554432           147854.77
67108864           150368.78
  [run 3/6] recording — 20:22:39
  [run 3/6] done in 10s

# OSU MPI-ROCM Bandwidth Test v7.5
# Datatype: MPI_CHAR.
# Size      Bandwidth (MB/s)
1                       2.92
2                       5.87
4                      12.22
8                      25.14
16                     50.23
32                    102.66
64                    194.45
128                   385.99
256                    37.50
512                    75.08
1024                  150.16
2048                  300.55
4096                  594.61
8192                 1078.22
16384                2136.62
32768                3994.37
65536                7763.62
131072              14621.23
262144              23226.34
524288              41074.51
1048576             61321.66
2097152             84801.39
4194304            117380.52
8388608            132488.83
16777216           142145.24
33554432           148054.20
67108864           150491.56
  [run 4/6] recording — 20:22:49
  [run 4/6] done in 10s

# OSU MPI-ROCM Bandwidth Test v7.5
# Datatype: MPI_CHAR.
# Size      Bandwidth (MB/s)
1                       2.91
2                       5.80
4                      12.38
8                      25.33
16                     50.92
32                     97.81
64                    202.45
128                   401.66
256                    37.51
512                    75.26
1024                  148.51
2048                  298.38
4096                  583.73
8192                 1089.22
16384                2172.74
32768                4045.93
65536                7823.85
131072              14639.45
262144              23139.73
524288              41080.78
1048576             61300.51
2097152             84852.43
4194304            117568.86
8388608            132565.42
16777216           142536.97
33554432           148050.97
67108864           150489.62
  [run 5/6] recording — 20:22:59
  [run 5/6] done in 10s

# OSU MPI-ROCM Bandwidth Test v7.5
# Datatype: MPI_CHAR.
# Size      Bandwidth (MB/s)
1                       2.86
2                       5.86
4                      11.19
8                      24.95
16                     50.77
32                     99.72
64                    199.74
128                   400.20
256                    37.55
512                    75.10
1024                  150.22
2048                  300.52
4096                  595.90
8192                 1074.80
16384                2132.67
32768                3993.91
65536                7742.87
131072              14510.43
262144              23174.57
524288              41054.08
1048576             61178.18
2097152             84620.21
4194304            117661.66
8388608            132790.97
16777216           142461.83
33554432           148175.37
67108864           150599.34
  [run 6/6] recording — 20:23:09
  [run 6/6] done in 9s

# OSU MPI-ROCM Bandwidth Test v7.5
# Datatype: MPI_CHAR.
# Size      Bandwidth (MB/s)
1                       2.85
2                       5.88
4                      12.51
8                      25.56
16                     51.33
32                     99.35
64                    203.76
128                   387.69
256                    37.61
512                    75.27
1024                  149.87
2048                  298.04
4096                  592.87
8192                 1071.84
16384                2135.33
32768                3968.72
65536                7715.12
131072              14416.73
262144              23073.04
524288              41042.03
1048576             61108.49
2097152             85094.15
4194304            118033.03
8388608            133197.41
16777216           142739.14
33554432           148175.56
67108864           150358.76

################################################################
# [eessi sdma=0] inter_pkg_2link_06  GCD(0,6) tier=inter_pkg_2link links=2
################################################################
  [run 1/6] warm-up — 20:23:18
  [run 1/6] warm-up done in 16s
  [run 2/6] recording — 20:23:34
  [run 2/6] done in 15s

# OSU MPI-ROCM Bandwidth Test v7.5
# Datatype: MPI_CHAR.
# Size      Bandwidth (MB/s)
1                       2.99
2                       5.98
4                      12.56
8                      26.33
16                     52.64
32                    101.45
64                    199.37
128                   396.75
256                    29.75
512                    59.52
1024                  119.19
2048                  237.34
4096                  463.65
8192                  907.69
16384                1780.45
32768                3373.30
65536                6223.40
131072              11214.42
262144              18548.65
524288              30614.64
1048576             42622.79
2097152             57233.71
4194304             68822.88
8388608             73539.22
16777216            75960.49
33554432            76866.48
67108864            77097.75
  [run 3/6] recording — 20:23:49
  [run 3/6] done in 15s

# OSU MPI-ROCM Bandwidth Test v7.5
# Datatype: MPI_CHAR.
# Size      Bandwidth (MB/s)
1                       3.00
2                       5.86
4                      12.54
8                      26.25
16                     52.74
32                    101.70
64                    205.79
128                   411.88
256                    30.01
512                    58.99
1024                  118.07
2048                  233.88
4096                  473.32
8192                  901.93
16384                1766.63
32768                3313.23
65536                6091.62
131072              11257.26
262144              18706.02
524288              30746.54
1048576             42735.50
2097152             57769.22
4194304             68890.72
8388608             73592.84
16777216            76057.01
33554432            77085.81
67108864            77347.05
  [run 4/6] recording — 20:24:04
  [run 4/6] done in 16s

# OSU MPI-ROCM Bandwidth Test v7.5
# Datatype: MPI_CHAR.
# Size      Bandwidth (MB/s)
1                       2.95
2                       5.76
4                      12.31
8                      25.80
16                     45.86
32                    101.10
64                    187.05
128                   397.23
256                    29.39
512                    58.43
1024                  117.14
2048                  232.54
4096                  449.03
8192                  888.01
16384                1741.50
32768                3358.91
65536                6061.48
131072              11145.91
262144              18501.55
524288              30481.58
1048576             42484.19
2097152             57037.79
4194304             68671.59
8388608             73416.04
16777216            75905.22
33554432            76832.96
67108864            77068.46
  [run 5/6] recording — 20:24:20
  [run 5/6] done in 15s

# OSU MPI-ROCM Bandwidth Test v7.5
# Datatype: MPI_CHAR.
# Size      Bandwidth (MB/s)
1                       2.96
2                       5.93
4                      12.44
8                      25.31
16                     50.66
32                    102.89
64                    201.71
128                   404.31
256                    30.01
512                    58.99
1024                  118.04
2048                  233.62
4096                  467.81
8192                  907.53
16384                1774.22
32768                3181.79
65536                6049.61
131072              11173.50
262144              18527.22
524288              30507.51
1048576             42578.14
2097152             57521.99
4194304             68796.05
8388608             73583.06
16777216            76010.30
33554432            77081.76
67108864            77383.27
  [run 6/6] recording — 20:24:35
  [run 6/6] done in 15s

# OSU MPI-ROCM Bandwidth Test v7.5
# Datatype: MPI_CHAR.
# Size      Bandwidth (MB/s)
1                       2.90
2                       5.84
4                      12.71
8                      25.63
16                     52.25
32                    104.10
64                    207.51
128                   409.53
256                    29.95
512                    58.83
1024                  117.38
2048                  230.78
4096                  456.74
8192                  900.42
16384                1753.45
32768                3222.21
65536                6069.54
131072              11119.25
262144              18419.81
524288              30395.78
1048576             42622.65
2097152             57741.38
4194304             68756.65
8388608             73503.97
16777216            75888.37
33554432            76787.85
67108864            77087.31

################################################################
# [eessi sdma=0] inter_pkg_2link_24  GCD(2,4) tier=inter_pkg_2link links=2
################################################################
  [run 1/6] warm-up — 20:24:51
  [run 1/6] warm-up done in 16s
  [run 2/6] recording — 20:25:06
  [run 2/6] done in 15s

# OSU MPI-ROCM Bandwidth Test v7.5
# Datatype: MPI_CHAR.
# Size      Bandwidth (MB/s)
1                       2.88
2                       5.94
4                      12.73
8                      26.01
16                     52.38
32                    104.27
64                    208.38
128                   371.85
256                    35.78
512                    71.40
1024                  142.81
2048                  285.63
4096                  558.93
8192                 1022.46
16384                2021.48
32768                3732.41
65536                7015.76
131072              12181.10
262144              19743.97
524288              32097.78
1048576             43948.84
2097152             58407.62
4194304             69264.66
8388608             73942.37
16777216            76391.43
33554432            77342.67
67108864            77530.81
  [run 3/6] recording — 20:25:21
  [run 3/6] done in 15s

# OSU MPI-ROCM Bandwidth Test v7.5
# Datatype: MPI_CHAR.
# Size      Bandwidth (MB/s)
1                       2.91
2                       5.69
4                      12.08
8                      25.27
16                     50.51
32                    101.30
64                    200.13
128                   403.32
256                    36.03
512                    71.77
1024                  143.08
2048                  286.58
4096                  570.49
8192                 1036.85
16384                2049.06
32768                3787.94
65536                7066.43
131072              12201.39
262144              19745.04
524288              32041.18
1048576             43911.78
2097152             58660.69
4194304             69452.75
8388608             74022.88
16777216            76415.78
33554432            77376.83
67108864            77542.86
  [run 4/6] recording — 20:25:36
  [run 4/6] done in 15s

# OSU MPI-ROCM Bandwidth Test v7.5
# Datatype: MPI_CHAR.
# Size      Bandwidth (MB/s)
1                       2.96
2                       6.04
4                      12.46
8                      25.84
16                     51.53
32                    105.34
64                    201.35
128                   397.61
256                    35.81
512                    71.71
1024                  142.99
2048                  283.85
4096                  561.52
8192                 1023.30
16384                2023.44
32768                3733.96
65536                7020.54
131072              12197.86
262144              19823.33
524288              32222.12
1048576             43975.44
2097152             58574.64
4194304             69181.94
8388608             73851.89
16777216            76313.85
33554432            77293.91
67108864            77517.24
  [run 5/6] recording — 20:25:51
  [run 5/6] done in 15s

# OSU MPI-ROCM Bandwidth Test v7.5
# Datatype: MPI_CHAR.
# Size      Bandwidth (MB/s)
1                       2.90
2                       5.49
4                      11.98
8                      22.66
16                     50.22
32                     98.43
64                    187.36
128                   383.88
256                    35.42
512                    70.57
1024                  142.53
2048                  284.05
4096                  562.33
8192                 1027.18
16384                2028.63
32768                3708.67
65536                6983.83
131072              12065.02
262144              19639.80
524288              31977.43
1048576             43841.80
2097152             58589.45
4194304             69396.83
8388608             74004.50
16777216            76339.40
33554432            77311.98
67108864            77522.88
  [run 6/6] recording — 20:26:06
  [run 6/6] done in 16s

# OSU MPI-ROCM Bandwidth Test v7.5
# Datatype: MPI_CHAR.
# Size      Bandwidth (MB/s)
1                       2.97
2                       6.01
4                      12.73
8                      26.15
16                     47.69
32                    104.95
64                    209.69
128                   412.55
256                    35.67
512                    71.24
1024                  142.41
2048                  283.56
4096                  567.20
8192                 1030.79
16384                2041.07
32768                3758.80
65536                7046.96
131072              12227.68
262144              19739.00
524288              32088.45
1048576             43934.70
2097152             58333.37
4194304             69231.45
8388608             73910.53
16777216            76336.47
33554432            77321.23
67108864            77524.58

################################################################
# [eessi sdma=0] inter_pkg_1link_02  GCD(0,2) tier=inter_pkg_1link links=1
################################################################
  [run 1/6] warm-up — 20:26:22
  [run 1/6] warm-up done in 26s
  [run 2/6] recording — 20:26:48
  [run 2/6] done in 26s

# OSU MPI-ROCM Bandwidth Test v7.5
# Datatype: MPI_CHAR.
# Size      Bandwidth (MB/s)
1                       3.00
2                       5.90
4                      12.72
8                      26.24
16                     52.37
32                    105.12
64                    208.24
128                   404.68
256                    29.76
512                    58.35
1024                  116.50
2048                  230.92
4096                  453.29
8192                  898.35
16384                1736.80
32768                3042.11
65536                5629.08
131072               9806.00
262144              15033.09
524288              22050.42
1048576             27855.02
2097152             34444.04
4194304             37122.55
8388608             38359.25
16777216            38920.32
33554432            39048.79
67108864            38959.45
  [run 3/6] recording — 20:27:14
  [run 3/6] done in 27s

# OSU MPI-ROCM Bandwidth Test v7.5
# Datatype: MPI_CHAR.
# Size      Bandwidth (MB/s)
1                       2.85
2                       5.69
4                      12.05
8                      24.45
16                     47.67
32                     97.24
64                    193.58
128                   385.62
256                    29.95
512                    59.05
1024                  117.88
2048                  235.48
4096                  457.56
8192                  882.67
16384                1676.84
32768                3153.00
65536                5627.56
131072               9835.47
262144              15088.20
524288              22117.28
1048576             27883.20
2097152             34361.74
4194304             37128.06
8388608             38346.34
16777216            38879.61
33554432            38984.57
67108864            38900.68
  [run 4/6] recording — 20:27:41
  [run 4/6] done in 26s

# OSU MPI-ROCM Bandwidth Test v7.5
# Datatype: MPI_CHAR.
# Size      Bandwidth (MB/s)
1                       2.84
2                       5.67
4                      12.19
8                      24.96
16                     50.36
32                    100.22
64                    194.57
128                   386.78
256                    29.75
512                    58.51
1024                  117.03
2048                  232.84
4096                  463.59
8192                  879.20
16384                1678.41
32768                3075.54
65536                5629.73
131072               9809.45
262144              15070.25
524288              22096.14
1048576             27831.56
2097152             34342.28
4194304             37074.32
8388608             38316.83
16777216            38918.48
33554432            39073.68
67108864            38991.32
  [run 5/6] recording — 20:28:07
  [run 5/6] done in 27s

# OSU MPI-ROCM Bandwidth Test v7.5
# Datatype: MPI_CHAR.
# Size      Bandwidth (MB/s)
1                       3.02
2                       5.96
4                      12.87
8                      26.46
16                     52.84
32                    103.91
64                    205.10
128                   415.29
256                    29.51
512                    58.17
1024                  116.28
2048                  232.36
4096                  462.25
8192                  880.50
16384                1669.07
32768                3040.16
65536                5602.38
131072               9746.73
262144              14988.06
524288              22023.54
1048576             27837.40
2097152             34283.78
4194304             37052.73
8388608             38294.58
16777216            38853.52
33554432            38972.12
67108864            38896.33
  [run 6/6] recording — 20:28:34
  [run 6/6] done in 26s

# OSU MPI-ROCM Bandwidth Test v7.5
# Datatype: MPI_CHAR.
# Size      Bandwidth (MB/s)
1                       2.69
2                       5.94
4                      12.08
8                      24.62
16                     51.40
32                     95.49
64                    208.86
128                   374.73
256                    29.35
512                    57.54
1024                  114.84
2048                  228.75
4096                  449.89
8192                  868.31
16384                1672.86
32768                3037.13
65536                5598.22
131072               9753.34
262144              14958.29
524288              21974.16
1048576             27896.50
2097152             34439.67
4194304             37145.69
8388608             38350.69
16777216            38915.14
33554432            39044.59
67108864            38961.54

################################################################
# [eessi sdma=0] inter_pkg_1link_15  GCD(1,5) tier=inter_pkg_1link links=1
################################################################
  [run 1/6] warm-up — 20:29:00
  [run 1/6] warm-up done in 26s
  [run 2/6] recording — 20:29:26
  [run 2/6] done in 27s

# OSU MPI-ROCM Bandwidth Test v7.5
# Datatype: MPI_CHAR.
# Size      Bandwidth (MB/s)
1                       2.79
2                       5.51
4                      11.76
8                      24.07
16                     46.63
32                     96.37
64                    192.46
128                   344.22
256                    32.18
512                    64.38
1024                  128.30
2048                  255.67
4096                  506.06
8192                  935.54
16384                1829.93
32768                3363.63
65536                6167.03
131072              10601.28
262144              15981.31
524288              22943.73
1048576             28568.51
2097152             34818.16
4194304             37233.08
8388608             38354.90
16777216            38863.95
33554432            38936.62
67108864            38822.40
  [run 3/6] recording — 20:29:53
  [run 3/6] done in 26s

# OSU MPI-ROCM Bandwidth Test v7.5
# Datatype: MPI_CHAR.
# Size      Bandwidth (MB/s)
1                       2.93
2                       5.98
4                      12.60
8                      25.43
16                     51.35
32                    101.88
64                    207.16
128                   397.16
256                    32.24
512                    63.97
1024                  127.86
2048                  256.03
4096                  509.90
8192                  941.52
16384                1840.22
32768                3357.14
65536                6166.06
131072              10667.52
262144              16064.70
524288              22976.81
1048576             28577.51
2097152             34759.17
4194304             37178.14
8388608             38285.36
16777216            38817.15
33554432            38933.85
67108864            38826.91
  [run 4/6] recording — 20:30:19
  [run 4/6] done in 27s

# OSU MPI-ROCM Bandwidth Test v7.5
# Datatype: MPI_CHAR.
# Size      Bandwidth (MB/s)
1                       2.89
2                       6.00
4                      12.84
8                      26.24
16                     52.64
32                    104.93
64                    209.60
128                   374.66
256                    32.57
512                    64.50
1024                  129.00
2048                  257.69
4096                  512.48
8192                  944.31
16384                1842.14
32768                3376.85
65536                6186.31
131072              10700.32
262144              16076.07
524288              23035.79
1048576             28594.75
2097152             34823.07
4194304             37259.67
8388608             38386.12
16777216            38897.60
33554432            39005.25
67108864            38883.07
  [run 5/6] recording — 20:30:46
  [run 5/6] done in 26s

# OSU MPI-ROCM Bandwidth Test v7.5
# Datatype: MPI_CHAR.
# Size      Bandwidth (MB/s)
1                       2.93
2                       5.88
4                      12.81
8                      26.24
16                     51.42
32                     94.81
64                    208.84
128                   413.66
256                    32.39
512                    64.37
1024                  128.63
2048                  257.22
4096                  503.47
8192                  933.98
16384                1826.68
32768                3344.67
65536                6140.68
131072              10603.05
262144              15989.43
524288              22957.45
1048576             28549.34
2097152             34725.35
4194304             37172.59
8388608             38333.34
16777216            38849.49
33554432            38956.47
67108864            38843.18
  [run 6/6] recording — 20:31:12
  [run 6/6] done in 26s

# OSU MPI-ROCM Bandwidth Test v7.5
# Datatype: MPI_CHAR.
# Size      Bandwidth (MB/s)
1                       3.04
2                       5.96
4                      12.98
8                      26.66
16                     53.33
32                    104.41
64                    211.49
128                   418.50
256                    32.47
512                    64.22
1024                  128.52
2048                  256.38
4096                  505.02
8192                  931.51
16384                1821.12
32768                3328.55
65536                6114.14
131072              10559.88
262144              15986.64
524288              22913.00
1048576             28491.85
2097152             34687.12
4194304             37133.41
8388608             38296.84
16777216            38801.50
33554432            38924.04
67108864            38815.40

################################################################
# [eessi sdma=0] inter_pkg_1link_37  GCD(3,7) tier=inter_pkg_1link links=1
################################################################
  [run 1/6] warm-up — 20:31:38
  [run 1/6] warm-up done in 27s
  [run 2/6] recording — 20:32:05
  [run 2/6] done in 26s

# OSU MPI-ROCM Bandwidth Test v7.5
# Datatype: MPI_CHAR.
# Size      Bandwidth (MB/s)
1                       2.95
2                       5.92
4                      12.46
8                      25.75
16                     50.85
32                     96.12
64                    201.34
128                   399.73
256                    35.95
512                    71.92
1024                  144.10
2048                  287.52
4096                  563.38
8192                 1028.97
16384                2006.87
32768                3667.03
65536                6671.42
131072              11286.28
262144              16802.81
524288              23745.30
1048576             29072.51
2097152             34929.02
4194304             37210.36
8388608             38349.79
16777216            38847.32
33554432            38982.83
67108864            38910.10
  [run 3/6] recording — 20:32:31
  [run 3/6] done in 26s

# OSU MPI-ROCM Bandwidth Test v7.5
# Datatype: MPI_CHAR.
# Size      Bandwidth (MB/s)
1                       2.97
2                       5.99
4                      12.71
8                      26.09
16                     52.34
32                    104.77
64                    207.62
128                   412.13
256                    35.10
512                    69.39
1024                  139.71
2048                  284.25
4096                  557.46
8192                 1009.92
16384                1989.32
32768                3580.17
65536                6554.69
131072              11164.71
262144              16697.13
524288              23663.06
1048576             29063.73
2097152             34977.53
4194304             37280.26
8388608             38398.37
16777216            38929.65
33554432            39042.63
67108864            38939.38
  [run 4/6] recording — 20:32:57
  [run 4/6] done in 26s

# OSU MPI-ROCM Bandwidth Test v7.5
# Datatype: MPI_CHAR.
# Size      Bandwidth (MB/s)
1                       2.99
2                       5.91
4                      12.31
8                      25.59
16                     50.68
32                    104.44
64                    198.90
128                   396.45
256                    35.71
512                    71.16
1024                  142.29
2048                  283.92
4096                  569.17
8192                 1039.14
16384                2026.96
32768                3684.23
65536                6710.69
131072              11384.41
262144              16933.98
524288              23894.63
1048576             29242.59
2097152             35047.13
4194304             37311.26
8388608             38437.01
16777216            38953.22
33554432            39043.03
67108864            38960.57
  [run 5/6] recording — 20:33:23
  [run 5/6] done in 27s

# OSU MPI-ROCM Bandwidth Test v7.5
# Datatype: MPI_CHAR.
# Size      Bandwidth (MB/s)
1                       2.93
2                       5.84
4                      12.29
8                      25.74
16                     50.54
32                    102.58
64                    197.20
128                   403.36
256                    35.87
512                    71.42
1024                  142.85
2048                  285.41
4096                  571.03
8192                 1031.01
16384                2009.63
32768                3655.15
65536                6639.93
131072              11321.22
262144              16843.56
524288              23750.43
1048576             29088.54
2097152             34929.75
4194304             37224.27
8388608             38322.50
16777216            38842.98
33554432            38964.42
67108864            38896.65
  [run 6/6] recording — 20:33:50
  [run 6/6] done in 26s

# OSU MPI-ROCM Bandwidth Test v7.5
# Datatype: MPI_CHAR.
# Size      Bandwidth (MB/s)
1                       2.99
2                       5.84
4                      12.71
8                      25.93
16                     50.29
32                    100.65
64                    207.49
128                   411.38
256                    35.61
512                    71.19
1024                  142.11
2048                  284.77
4096                  567.17
8192                 1028.11
16384                2005.24
32768                3647.20
65536                6645.71
131072              11280.18
262144              16835.47
524288              23753.22
1048576             29172.76
2097152             34966.88
4194304             37285.40
8388608             38424.82
16777216            38944.73
33554432            39034.23
67108864            38940.95

################################################################
# [eessi sdma=0] inter_pkg_1link_57  GCD(5,7) tier=inter_pkg_1link links=1
################################################################
  [run 1/6] warm-up — 20:34:16
  [run 1/6] warm-up done in 26s
  [run 2/6] recording — 20:34:42
  [run 2/6] done in 26s

# OSU MPI-ROCM Bandwidth Test v7.5
# Datatype: MPI_CHAR.
# Size      Bandwidth (MB/s)
1                       2.88
2                       5.85
4                      11.46
8                      25.39
16                     51.18
32                     94.20
64                    202.41
128                   399.10
256                    37.32
512                    74.49
1024                  148.82
2048                  297.37
4096                  580.19
8192                 1055.91
16384                2059.21
32768                3766.35
65536                6832.91
131072              11529.70
262144              17110.64
524288              24106.53
1048576             29455.69
2097152             35233.16
4194304             37506.51
8388608             38632.85
16777216            39131.80
33554432            39189.49
67108864            39039.05
  [run 3/6] recording — 20:35:08
  [run 3/6] done in 26s

# OSU MPI-ROCM Bandwidth Test v7.5
# Datatype: MPI_CHAR.
# Size      Bandwidth (MB/s)
1                       2.92
2                       5.30
4                      12.39
8                      25.46
16                     50.91
32                    100.80
64                    202.52
128                   400.27
256                    37.30
512                    74.32
1024                  148.61
2048                  297.18
4096                  587.21
8192                 1058.55
16384                2056.26
32768                3724.92
65536                6790.15
131072              11483.53
262144              17097.83
524288              24082.60
1048576             29446.51
2097152             35195.40
4194304             37464.43
8388608             38599.11
16777216            39110.13
33554432            39186.08
67108864            39046.53
  [run 4/6] recording — 20:35:34
  [run 4/6] done in 26s

# OSU MPI-ROCM Bandwidth Test v7.5
# Datatype: MPI_CHAR.
# Size      Bandwidth (MB/s)
1                       2.93
2                       5.80
4                      12.27
8                      24.51
16                     49.50
32                    102.52
64                    204.73
128                   392.32
256                    37.44
512                    74.92
1024                  149.81
2048                  297.16
4096                  586.71
8192                 1063.95
16384                2073.88
32768                3771.08
65536                6851.28
131072              11581.58
262144              17194.02
524288              24173.13
1048576             29536.62
2097152             35364.57
4194304             37595.45
8388608             38696.42
16777216            39221.72
33554432            39316.83
67108864            39154.10
  [run 5/6] recording — 20:36:00
  [run 5/6] done in 27s

# OSU MPI-ROCM Bandwidth Test v7.5
# Datatype: MPI_CHAR.
# Size      Bandwidth (MB/s)
1                       2.74
2                       5.49
4                      11.62
8                      23.34
16                     43.42
32                     94.83
64                    189.52
128                   373.59
256                    36.97
512                    74.01
1024                  148.67
2048                  297.15
4096                  584.69
8192                 1055.59
16384                2054.43
32768                3737.49
65536                6791.38
131072              11518.02
262144              17049.12
524288              24093.15
1048576             29417.57
2097152             35220.67
4194304             37497.28
8388608             38610.40
16777216            39130.47
33554432            39190.69
67108864            39055.54
  [run 6/6] recording — 20:36:27
  [run 6/6] done in 26s

# OSU MPI-ROCM Bandwidth Test v7.5
# Datatype: MPI_CHAR.
# Size      Bandwidth (MB/s)
1                       2.82
2                       5.50
4                      11.51
8                      24.52
16                     49.25
32                     89.79
64                    199.42
128                   394.82
256                    37.47
512                    74.71
1024                  149.57
2048                  296.80
4096                  588.72
8192                 1064.43
16384                2073.10
32768                3762.34
65536                6850.04
131072              11568.01
262144              17165.94
524288              24146.21
1048576             29521.76
2097152             35322.26
4194304             37553.13
8388608             38661.91
16777216            39174.32
33554432            39282.04
67108864            39129.40

################################################################
# [eessi sdma=0] routed_07  GCD(0,7) tier=routed links=0
################################################################
  [run 1/6] warm-up — 20:36:53
  [run 1/6] warm-up done in 16s
  [run 2/6] recording — 20:37:09
  [run 2/6] done in 17s

# OSU MPI-ROCM Bandwidth Test v7.5
# Datatype: MPI_CHAR.
# Size      Bandwidth (MB/s)
1                       2.95
2                       5.98
4                      12.14
8                      25.48
16                     52.01
32                    102.96
64                    206.03
128                   405.25
256                    26.82
512                    53.71
1024                  107.04
2048                  210.27
4096                  433.55
8192                  867.64
16384                1675.48
32768                3137.27
65536                5944.51
131072              10852.98
262144              17839.47
524288              28948.49
1048576             39869.68
2097152             52850.92
4194304             62183.23
8388608             66351.19
16777216            68710.16
33554432            69879.69
67108864            70527.18
  [run 3/6] recording — 20:37:26
  [run 3/6] done in 16s

# OSU MPI-ROCM Bandwidth Test v7.5
# Datatype: MPI_CHAR.
# Size      Bandwidth (MB/s)
1                       2.87
2                       5.62
4                      11.88
8                      24.81
16                     50.74
32                     99.90
64                    197.46
128                   389.64
256                    27.35
512                    54.77
1024                  109.43
2048                  218.24
4096                  433.04
8192                  876.12
16384                1709.56
32768                3169.25
65536                5907.85
131072              10764.26
262144              17687.03
524288              28674.90
1048576             39526.81
2097152             52713.43
4194304             62113.66
8388608             66335.79
16777216            68701.89
33554432            69879.78
67108864            70542.05
  [run 4/6] recording — 20:37:42
  [run 4/6] done in 17s

# OSU MPI-ROCM Bandwidth Test v7.5
# Datatype: MPI_CHAR.
# Size      Bandwidth (MB/s)
1                       2.96
2                       5.73
4                      12.56
8                      25.35
16                     50.90
32                    103.25
64                    205.05
128                   405.63
256                    28.27
512                    56.63
1024                  112.88
2048                  220.35
4096                  450.91
8192                  879.18
16384                1713.36
32768                3196.75
65536                5908.74
131072              10793.45
262144              17726.21
524288              28698.68
1048576             39752.30
2097152             52753.45
4194304             62106.43
8388608             66336.39
16777216            68681.02
33554432            69867.37
67108864            70525.18
  [run 5/6] recording — 20:37:59
  [run 5/6] done in 16s

# OSU MPI-ROCM Bandwidth Test v7.5
# Datatype: MPI_CHAR.
# Size      Bandwidth (MB/s)
1                       3.06
2                       6.08
4                      12.77
8                      26.01
16                     52.25
32                    104.01
64                    209.33
128                   411.96
256                    26.61
512                    53.22
1024                  106.34
2048                  212.52
4096                  422.49
8192                  854.32
16384                1693.78
32768                3220.73
65536                6002.57
131072              10848.61
262144              17817.44
524288              28848.42
1048576             39747.85
2097152             52874.99
4194304             62090.44
8388608             66312.21
16777216            68688.20
33554432            69880.59
67108864            70552.55
  [run 6/6] recording — 20:38:15
  [run 6/6] done in 17s

# OSU MPI-ROCM Bandwidth Test v7.5
# Datatype: MPI_CHAR.
# Size      Bandwidth (MB/s)
1                       2.94
2                       6.06
4                      12.95
8                      26.45
16                     53.26
32                    104.51
64                    210.66
128                   413.72
256                    28.04
512                    55.93
1024                  111.54
2048                  217.29
4096                  441.88
8192                  878.77
16384                1718.67
32768                3179.19
65536                6005.75
131072              10831.05
262144              17768.83
524288              28764.91
1048576             39770.80
2097152             52681.45
4194304             62064.72
8388608             66301.01
16777216            68680.44
33554432            69855.53
67108864            70529.48

################################################################
# [eessi sdma=0] routed_03  GCD(0,3) tier=routed links=0
################################################################
  [run 1/6] warm-up — 20:38:32
  [run 1/6] warm-up done in 27s
  [run 2/6] recording — 20:38:59
  [run 2/6] done in 28s

# OSU MPI-ROCM Bandwidth Test v7.5
# Datatype: MPI_CHAR.
# Size      Bandwidth (MB/s)
1                       3.04
2                       6.01
4                      12.46
8                      25.68
16                     52.44
32                    106.60
64                    208.42
128                   402.80
256                    26.81
512                    53.52
1024                  106.35
2048                  213.88
4096                  424.48
8192                  829.52
16384                1613.00
32768                2967.63
65536                5479.89
131072               9556.52
262144              14566.85
524288              21157.12
1048576             26499.23
2097152             32481.66
4194304             34910.65
8388608             36190.29
16777216            36866.64
33554432            37207.92
67108864            37365.64
  [run 3/6] recording — 20:39:27
  [run 3/6] done in 27s

# OSU MPI-ROCM Bandwidth Test v7.5
# Datatype: MPI_CHAR.
# Size      Bandwidth (MB/s)
1                       3.06
2                       6.12
4                      12.97
8                      26.74
16                     53.49
32                    107.08
64                    212.31
128                   413.27
256                    28.49
512                    57.05
1024                  112.70
2048                  225.56
4096                  454.94
8192                  866.80
16384                1642.60
32768                2987.31
65536                5528.01
131072               9582.08
262144              14583.31
524288              21224.33
1048576             26492.95
2097152             32492.53
4194304             34920.45
8388608             36197.16
16777216            36870.48
33554432            37213.51
67108864            37378.06
  [run 4/6] recording — 20:39:54
  [run 4/6] done in 28s

# OSU MPI-ROCM Bandwidth Test v7.5
# Datatype: MPI_CHAR.
# Size      Bandwidth (MB/s)
1                       2.98
2                       5.48
4                      12.17
8                      25.97
16                     47.89
32                     96.44
64                    205.95
128                   391.80
256                    27.44
512                    54.72
1024                  109.31
2048                  215.91
4096                  431.51
8192                  859.12
16384                1658.79
32768                2981.50
65536                5508.00
131072               9543.97
262144              14534.01
524288              21167.99
1048576             26489.31
2097152             32478.63
4194304             34910.36
8388608             36187.33
16777216            36865.53
33554432            37209.06
67108864            37365.32
  [run 5/6] recording — 20:40:22
  [run 5/6] done in 27s

# OSU MPI-ROCM Bandwidth Test v7.5
# Datatype: MPI_CHAR.
# Size      Bandwidth (MB/s)
1                       3.01
2                       6.05
4                      11.75
8                      26.44
16                     53.05
32                    105.63
64                    210.90
128                   414.86
256                    28.28
512                    56.28
1024                  110.97
2048                  220.71
4096                  435.20
8192                  848.90
16384                1635.11
32768                2992.97
65536                5497.21
131072               9543.03
262144              14553.82
524288              21174.74
1048576             26507.15
2097152             32473.19
4194304             34901.33
8388608             36187.48
16777216            36865.70
33554432            37210.82
67108864            37376.81
  [run 6/6] recording — 20:40:49
  [run 6/6] done in 28s

# OSU MPI-ROCM Bandwidth Test v7.5
# Datatype: MPI_CHAR.
# Size      Bandwidth (MB/s)
1                       2.99
2                       5.84
4                      12.41
8                      26.02
16                     52.14
32                    104.32
64                    199.80
128                   410.93
256                    26.95
512                    53.92
1024                  107.65
2048                  214.68
4096                  426.29
8192                  831.67
16384                1607.66
32768                2976.94
65536                5463.78
131072               9420.85
262144              14402.49
524288              21074.92
1048576             26451.59
2097152             32487.17
4194304             34900.53
8388608             36187.18
16777216            36865.35
33554432            37209.69
67108864            37367.46

################################################################
# [eessi sdma=0] routed_17  GCD(1,7) tier=routed links=0
################################################################
  [run 1/6] warm-up — 20:41:17
  [run 1/6] warm-up done in 16s
  [run 2/6] recording — 20:41:33
  [run 2/6] done in 17s

# OSU MPI-ROCM Bandwidth Test v7.5
# Datatype: MPI_CHAR.
# Size      Bandwidth (MB/s)
1                       3.02
2                       6.05
4                      12.39
8                      26.31
16                     52.95
32                    105.33
64                    210.32
128                   403.86
256                    31.12
512                    62.28
1024                  124.37
2048                  247.46
4096                  489.52
8192                  910.27
16384                1799.55
32768                3348.92
65536                6387.42
131072              11660.97
262144              19052.42
524288              30386.72
1048576             41281.13
2097152             53592.07
4194304             62628.04
8388608             66603.56
16777216            68783.99
33554432            69910.76
67108864            70498.74
  [run 3/6] recording — 20:41:50
  [run 3/6] done in 16s

# OSU MPI-ROCM Bandwidth Test v7.5
# Datatype: MPI_CHAR.
# Size      Bandwidth (MB/s)
1                       2.95
2                       5.91
4                      12.64
8                      25.95
16                     51.22
32                    102.09
64                    205.46
128                   400.63
256                    30.30
512                    60.71
1024                  121.41
2048                  243.51
4096                  477.65
8192                  894.54
16384                1764.84
32768                3302.49
65536                6294.87
131072              11485.95
262144              18861.17
524288              30127.61
1048576             40909.05
2097152             53412.02
4194304             62598.55
8388608             66576.20
16777216            68767.46
33554432            69928.11
67108864            70510.73
  [run 4/6] recording — 20:42:06
  [run 4/6] done in 17s

# OSU MPI-ROCM Bandwidth Test v7.5
# Datatype: MPI_CHAR.
# Size      Bandwidth (MB/s)
1                       2.86
2                       5.80
4                      12.35
8                      24.44
16                     50.75
32                    101.55
64                    201.80
128                   399.68
256                    30.85
512                    62.08
1024                  124.30
2048                  246.88
4096                  491.08
8192                  912.55
16384                1799.48
32768                3363.80
65536                6406.63
131072              11650.34
262144              19025.61
524288              30410.15
1048576             41293.26
2097152             53574.91
4194304             62578.25
8388608             66577.72
16777216            68782.38
33554432            69919.26
67108864            70508.21
  [run 5/6] recording — 20:42:23
  [run 5/6] done in 16s

# OSU MPI-ROCM Bandwidth Test v7.5
# Datatype: MPI_CHAR.
# Size      Bandwidth (MB/s)
1                       3.05
2                       5.91
4                      12.95
8                      26.66
16                     53.42
32                    106.87
64                    208.10
128                   411.85
256                    30.86
512                    61.85
1024                  123.72
2048                  247.37
4096                  489.49
8192                  915.60
16384                1807.09
32768                3377.27
65536                6428.37
131072              11687.31
262144              19150.74
524288              30424.97
1048576             41207.02
2097152             53716.69
4194304             62659.86
8388608             66617.83
16777216            68786.35
33554432            69936.79
67108864            70516.60
  [run 6/6] recording — 20:42:39
  [run 6/6] done in 16s

# OSU MPI-ROCM Bandwidth Test v7.5
# Datatype: MPI_CHAR.
# Size      Bandwidth (MB/s)
1                       3.00
2                       6.01
4                      12.82
8                      26.31
16                     52.78
32                    105.56
64                    205.39
128                   412.48
256                    31.09
512                    62.10
1024                  124.31
2048                  244.77
4096                  489.28
8192                  909.80
16384                1801.14
32768                3358.20
65536                6396.57
131072              11634.47
262144              19041.65
524288              30414.23
1048576             41216.01
2097152             53466.71
4194304             62555.75
8388608             66585.28
16777216            68779.73
33554432            69911.57
67108864            70511.20
--- EESSI / HSA_ENABLE_SDMA=1 ---

################################################################
# [eessi sdma=1] intra_pkg_OAM0  GCD(0,1) tier=intra_pkg links=4
################################################################
  [run 1/6] warm-up — 20:42:55
  [run 1/6] warm-up done in 11s
  [run 2/6] recording — 20:43:06
  [run 2/6] done in 10s

# OSU MPI-ROCM Bandwidth Test v7.5
# Datatype: MPI_CHAR.
# Size      Bandwidth (MB/s)
1                       2.94
2                       5.92
4                      12.15
8                      25.69
16                     51.74
32                    103.06
64                    205.54
128                   403.79
256                    48.01
512                    94.34
1024                  187.81
2048                  366.48
4096                  372.23
8192                  736.07
16384                1477.56
32768                2896.65
65536                5662.32
131072              10920.27
262144              20407.53
524288              35948.37
1048576             57705.47
2097152             82458.44
4194304            104704.26
8388608            120223.40
16777216           130173.94
33554432           136013.74
67108864           139363.24
  [run 3/6] recording — 20:43:16
  [run 3/6] done in 10s

# OSU MPI-ROCM Bandwidth Test v7.5
# Datatype: MPI_CHAR.
# Size      Bandwidth (MB/s)
1                       2.72
2                       5.64
4                      12.11
8                      23.18
16                     51.67
32                     93.56
64                    192.19
128                   377.62
256                    48.03
512                    94.24
1024                  187.30
2048                  374.78
4096                  390.38
8192                  774.75
16384                1540.52
32768                3045.80
65536                5924.42
131072              11397.56
262144              21300.03
524288              37487.96
1048576             60054.76
2097152             84756.62
4194304            106409.46
8388608            121468.85
16777216           130980.96
33554432           136402.08
67108864           139708.44
  [run 4/6] recording — 20:43:26
  [run 4/6] done in 11s

# OSU MPI-ROCM Bandwidth Test v7.5
# Datatype: MPI_CHAR.
# Size      Bandwidth (MB/s)
1                       2.81
2                       5.81
4                      12.39
8                      23.02
16                     50.70
32                    102.04
64                    201.73
128                   392.84
256                    48.05
512                    95.52
1024                  187.79
2048                  367.21
4096                  374.09
8192                  740.39
16384                1488.17
32768                2917.94
65536                5828.97
131072              11376.46
262144              21178.40
524288              37358.38
1048576             59730.01
2097152             84649.15
4194304            106315.69
8388608            121382.06
16777216           130954.45
33554432           136424.35
67108864           139598.76
  [run 5/6] recording — 20:43:37
  [run 5/6] done in 10s

# OSU MPI-ROCM Bandwidth Test v7.5
# Datatype: MPI_CHAR.
# Size      Bandwidth (MB/s)
1                       2.87
2                       5.70
4                      11.69
8                      25.75
16                     51.78
32                    101.26
64                    204.47
128                   391.26
256                    48.12
512                    94.49
1024                  188.04
2048                  366.55
4096                  374.88
8192                  740.24
16384                1481.79
32768                2926.62
65536                5704.20
131072              10977.79
262144              20576.50
524288              36275.73
1048576             58336.57
2097152             82842.94
4194304            105095.78
8388608            120622.85
16777216           130419.61
33554432           136104.31
67108864           139766.58
  [run 6/6] recording — 20:43:47
  [run 6/6] done in 10s

# OSU MPI-ROCM Bandwidth Test v7.5
# Datatype: MPI_CHAR.
# Size      Bandwidth (MB/s)
1                       2.94
2                       5.81
4                      12.53
8                      25.76
16                     45.35
32                    102.86
64                    205.97
128                   405.13
256                    48.15
512                    95.54
1024                  188.20
2048                  367.90
4096                  375.10
8192                  739.22
16384                1488.60
32768                2928.20
65536                5694.99
131072              10983.79
262144              20527.48
524288              36252.84
1048576             58447.96
2097152             82965.34
4194304            105224.60
8388608            120598.86
16777216           130836.29
33554432           136297.67
67108864           139456.24

################################################################
# [eessi sdma=1] intra_pkg_OAM1  GCD(2,3) tier=intra_pkg links=4
################################################################
  [run 1/6] warm-up — 20:43:57
  [run 1/6] warm-up done in 11s
  [run 2/6] recording — 20:44:08
  [run 2/6] done in 10s

# OSU MPI-ROCM Bandwidth Test v7.5
# Datatype: MPI_CHAR.
# Size      Bandwidth (MB/s)
1                       3.00
2                       5.50
4                      12.59
8                      26.07
16                     50.20
32                     98.18
64                    208.92
128                   414.60
256                    47.60
512                    94.75
1024                  188.32
2048                  368.58
4096                  373.05
8192                  740.21
16384                1481.10
32768                2921.68
65536                5688.62
131072              10934.91
262144              20546.40
524288              36240.23
1048576             58368.37
2097152             82882.64
4194304            105175.52
8388608            121209.49
16777216           130859.37
33554432           136091.82
67108864           139145.93
  [run 3/6] recording — 20:44:18
  [run 3/6] done in 10s

# OSU MPI-ROCM Bandwidth Test v7.5
# Datatype: MPI_CHAR.
# Size      Bandwidth (MB/s)
1                       2.99
2                       5.86
4                      12.72
8                      26.13
16                     52.51
32                    103.14
64                    208.12
128                   413.27
256                    47.62
512                    95.09
1024                  188.33
2048                  368.37
4096                  372.43
8192                  741.77
16384                1484.56
32768                2916.72
65536                5685.53
131072              11001.22
262144              21013.08
524288              37431.70
1048576             59797.14
2097152             84643.79
4194304            106318.84
8388608            121305.78
16777216           130832.68
33554432           135999.97
67108864           139167.85
  [run 4/6] recording — 20:44:28
  [run 4/6] done in 11s

# OSU MPI-ROCM Bandwidth Test v7.5
# Datatype: MPI_CHAR.
# Size      Bandwidth (MB/s)
1                       2.92
2                       5.94
4                      11.62
8                      25.91
16                     52.09
32                    103.93
64                    207.06
128                   407.94
256                    47.58
512                    94.91
1024                  188.21
2048                  367.68
4096                  373.56
8192                  739.99
16384                1476.95
32768                2917.56
65536                5689.31
131072              10954.18
262144              20525.08
524288              36206.09
1048576             58300.42
2097152             84202.36
4194304            106136.39
8388608            121346.82
16777216           130900.76
33554432           136086.56
67108864           139046.51
  [run 5/6] recording — 20:44:39
  [run 5/6] done in 10s

# OSU MPI-ROCM Bandwidth Test v7.5
# Datatype: MPI_CHAR.
# Size      Bandwidth (MB/s)
1                       2.97
2                       5.43
4                      12.57
8                      25.85
16                     48.86
32                     99.08
64                    205.05
128                   399.56
256                    47.52
512                    94.66
1024                  188.05
2048                  367.21
4096                  372.11
8192                  740.61
16384                1479.04
32768                2921.60
65536                5779.91
131072              11303.57
262144              21193.49
524288              37300.09
1048576             59637.86
2097152             84439.47
4194304            106186.80
8388608            121318.56
16777216           130922.56
33554432           136227.01
67108864           139385.15
  [run 6/6] recording — 20:44:49
  [run 6/6] done in 10s

# OSU MPI-ROCM Bandwidth Test v7.5
# Datatype: MPI_CHAR.
# Size      Bandwidth (MB/s)
1                       2.93
2                       5.78
4                      12.53
8                      25.09
16                     52.44
32                    104.52
64                    205.03
128                   401.34
256                    47.54
512                    94.82
1024                  188.00
2048                  365.48
4096                  372.95
8192                  739.07
16384                1482.21
32768                2919.11
65536                5685.66
131072              10955.69
262144              20516.45
524288              36207.42
1048576             58316.04
2097152             83063.26
4194304            105391.72
8388608            120658.29
16777216           130270.15
33554432           135994.80
67108864           139206.31

################################################################
# [eessi sdma=1] intra_pkg_OAM2  GCD(4,5) tier=intra_pkg links=4
################################################################
  [run 1/6] warm-up — 20:45:00
  [run 1/6] warm-up done in 11s
  [run 2/6] recording — 20:45:10
