######## EESSI STACK (HSA_ENABLE_SDMA=0, UCX_RNDV_THRESH=1024) ########

################################################################
# [eessi sdma=0 rndv=1024] intra_pkg_OAM0  GCD(0,1) tier=intra_pkg links=4
################################################################
  [run 1/6] warm-up — 01:00:40
  [run 1/6] warm-up done in 22s
  [run 2/6] recording — 01:01:02
  [run 2/6] done in 10s

# OSU MPI-ROCM Bandwidth Test v7.5
# Datatype: MPI_CHAR.
# Size      Bandwidth (MB/s)
1                       3.02
2                       6.10
4                      12.95
8                      26.64
16                     53.42
32                     93.21
64                    189.76
128                   386.63
256                   795.18
512                    42.76
1024                  120.51
2048                  241.18
4096                  482.30
8192                  926.41
16384                1843.86
32768                3437.51
65536                6706.96
131072              12282.74
262144              21084.55
524288              37753.22
1048576             57695.19
2097152             82276.76
4194304            116500.55
8388608            131906.06
16777216           141708.83
33554432           147689.21
67108864           150268.60
  [run 3/6] recording — 01:01:12
  [run 3/6] done in 9s

# OSU MPI-ROCM Bandwidth Test v7.5
# Datatype: MPI_CHAR.
# Size      Bandwidth (MB/s)
1                       2.92
2                       5.80
4                      12.40
8                      25.27
16                     51.50
32                    102.36
64                    202.91
128                   396.87
256                   759.98
512                    42.76
1024                  119.40
2048                  240.97
4096                  467.15
8192                  909.63
16384                1808.03
32768                3296.69
65536                6514.97
131072              12210.71
262144              21124.83
524288              37622.41
1048576             57662.44
2097152             82590.44
4194304            116401.38
8388608            131863.96
16777216           141901.45
33554432           147569.58
67108864           149999.85
  [run 4/6] recording — 01:01:21
  [run 4/6] done in 10s

# OSU MPI-ROCM Bandwidth Test v7.5
# Datatype: MPI_CHAR.
# Size      Bandwidth (MB/s)
1                       2.99
2                       5.97
4                      12.69
8                      23.67
16                     51.31
32                    103.72
64                    204.06
128                   397.24
256                   791.04
512                    42.81
1024                  121.17
2048                  239.61
4096                  478.40
8192                  924.95
16384                1826.96
32768                3346.34
65536                6537.71
131072              12175.83
262144              21045.60
524288              37607.04
1048576             57517.07
2097152             81962.45
4194304            115556.52
8388608            131154.63
16777216           141642.37
33554432           147218.96
67108864           149737.21
  [run 5/6] recording — 01:01:31
  [run 5/6] done in 10s

# OSU MPI-ROCM Bandwidth Test v7.5
# Datatype: MPI_CHAR.
# Size      Bandwidth (MB/s)
1                       2.99
2                       5.99
4                      12.81
8                      26.17
16                     52.77
32                    105.11
64                    209.41
128                   385.39
256                   799.00
512                    42.82
1024                  119.84
2048                  239.48
4096                  469.62
8192                  922.51
16384                1835.95
32768                3284.93
65536                6457.68
131072              12190.53
262144              21174.54
524288              37799.80
1048576             57776.24
2097152             82837.78
4194304            116303.06
8388608            131278.61
16777216           141769.02
33554432           147210.04
67108864           149653.47
  [run 6/6] recording — 01:01:41
  [run 6/6] done in 10s

# OSU MPI-ROCM Bandwidth Test v7.5
# Datatype: MPI_CHAR.
# Size      Bandwidth (MB/s)
1                       2.99
2                       5.98
4                      12.75
8                      26.03
16                     52.43
32                    104.51
64                    207.95
128                   409.98
256                   799.61
512                    42.73
1024                  120.56
2048                  237.90
4096                  479.93
8192                  932.89
16384                1857.34
32768                3436.90
65536                6696.20
131072              12336.31
262144              21028.20
524288              37604.39
1048576             57713.23
2097152             82023.84
4194304            116091.03
8388608            131226.58
16777216           141124.42
33554432           147099.80
67108864           149476.66

################################################################
# [eessi sdma=0 rndv=1024] intra_pkg_OAM1  GCD(2,3) tier=intra_pkg links=4
################################################################
  [run 1/6] warm-up — 01:01:51
  [run 1/6] warm-up done in 10s
  [run 2/6] recording — 01:02:01
  [run 2/6] done in 9s

# OSU MPI-ROCM Bandwidth Test v7.5
# Datatype: MPI_CHAR.
# Size      Bandwidth (MB/s)
1                       2.91
2                       5.86
4                      12.47
8                      25.06
16                     51.35
32                    102.04
64                    203.21
128                   398.93
256                   773.42
512                    46.14
1024                  143.14
2048                  286.58
4096                  565.82
8192                 1034.62
16384                2057.16
32768                3866.04
65536                7486.88
131072              13823.19
262144              22450.08
524288              39812.63
1048576             59972.62
2097152             83693.78
4194304            116467.50
8388608            132145.10
16777216           142345.75
33554432           147956.58
67108864           150397.63
  [run 3/6] recording — 01:02:10
  [run 3/6] done in 10s

# OSU MPI-ROCM Bandwidth Test v7.5
# Datatype: MPI_CHAR.
# Size      Bandwidth (MB/s)
1                       2.98
2                       5.94
4                      12.72
8                      26.13
16                     52.03
32                    104.84
64                    208.05
128                   411.41
256                   802.52
512                    45.75
1024                  144.10
2048                  287.32
4096                  562.12
8192                 1038.85
16384                2056.00
32768                3852.02
65536                7414.84
131072              13916.98
262144              22550.84
524288              40080.11
1048576             60217.96
2097152             84013.55
4194304            117088.21
8388608            132382.74
16777216           142131.35
33554432           147640.93
67108864           150039.62
  [run 4/6] recording — 01:02:20
  [run 4/6] done in 10s

# OSU MPI-ROCM Bandwidth Test v7.5
# Datatype: MPI_CHAR.
# Size      Bandwidth (MB/s)
1                       3.03
2                       6.03
4                      12.85
8                      26.11
16                     52.02
32                    105.50
64                    209.04
128                   414.65
256                   810.55
512                    46.01
1024                  143.46
2048                  286.55
4096                  569.29
8192                 1037.98
16384                2067.19
32768                3848.83
65536                7450.74
131072              13945.83
262144              22574.64
524288              40323.03
1048576             60352.81
2097152             84106.92
4194304            117331.53
8388608            132299.87
16777216           142187.76
33554432           147649.77
67108864           150116.54
  [run 5/6] recording — 01:02:30
  [run 5/6] done in 10s

# OSU MPI-ROCM Bandwidth Test v7.5
# Datatype: MPI_CHAR.
# Size      Bandwidth (MB/s)
1                       2.95
2                       5.97
4                      12.73
8                      26.07
16                     52.13
32                    104.60
64                    208.68
128                   413.51
256                   808.19
512                    45.88
1024                  144.29
2048                  288.57
4096                  575.05
8192                 1042.18
16384                2070.80
32768                3866.26
65536                7492.09
131072              13874.05
262144              22488.24
524288              39962.88
1048576             60127.18
2097152             84202.27
4194304            117399.43
8388608            132204.86
16777216           142048.41
33554432           147425.50
67108864           149788.93
  [run 6/6] recording — 01:02:40
  [run 6/6] done in 9s

# OSU MPI-ROCM Bandwidth Test v7.5
# Datatype: MPI_CHAR.
# Size      Bandwidth (MB/s)
1                       2.92
2                       5.82
4                      12.40
8                      25.48
16                     51.09
32                    102.20
64                    201.97
128                   397.49
256                   783.11
512                    45.87
1024                  143.85
2048                  286.64
4096                  572.09
8192                 1038.10
16384                2067.41
32768                3865.00
65536                7504.64
131072              14054.79
262144              22527.39
524288              40006.16
1048576             60115.22
2097152             84077.56
4194304            117096.53
8388608            132169.36
16777216           142082.76
33554432           147584.80
67108864           150152.94

################################################################
# [eessi sdma=0 rndv=1024] intra_pkg_OAM2  GCD(4,5) tier=intra_pkg links=4
################################################################
  [run 1/6] warm-up — 01:02:49
  [run 1/6] warm-up done in 10s
  [run 2/6] recording — 01:02:59
  [run 2/6] done in 10s

# OSU MPI-ROCM Bandwidth Test v7.5
# Datatype: MPI_CHAR.
# Size      Bandwidth (MB/s)
1                       2.92
2                       5.84
4                      12.49
8                      25.57
16                     51.58
32                    102.58
64                    204.61
128                   403.10
256                   795.40
512                    47.73
1024                  151.26
2048                  302.98
4096                  592.58
8192                 1079.90
16384                2136.05
32768                3997.64
65536                7785.47
131072              14682.72
262144              23195.30
524288              40897.39
1048576             61133.62
2097152             84936.58
4194304            117715.21
8388608            133131.24
16777216           142930.73
33554432           149068.05
67108864           151639.55
  [run 3/6] recording — 01:03:09
  [run 3/6] done in 9s

# OSU MPI-ROCM Bandwidth Test v7.5
# Datatype: MPI_CHAR.
# Size      Bandwidth (MB/s)
1                       2.96
2                       5.91
4                      12.65
8                      25.88
16                     52.11
32                    103.57
64                    206.26
128                   405.41
256                   799.74
512                    47.56
1024                  150.46
2048                  301.44
4096                  597.45
8192                 1082.65
16384                2148.61
32768                4016.04
65536                7771.71
131072              14576.32
262144              23178.26
524288              40805.68
1048576             61115.84
2097152             84991.61
4194304            117600.36
8388608            132742.75
16777216           142935.45
33554432           148147.42
67108864           150377.03
  [run 4/6] recording — 01:03:18
  [run 4/6] done in 10s

# OSU MPI-ROCM Bandwidth Test v7.5
# Datatype: MPI_CHAR.
# Size      Bandwidth (MB/s)
1                       2.94
2                       5.89
4                      12.58
8                      25.70
16                     51.59
32                    103.31
64                    204.70
128                   403.33
256                   789.20
512                    47.69
1024                  150.91
2048                  301.59
4096                  588.38
8192                 1072.10
16384                2118.55
32768                3989.45
65536                7732.24
131072              14506.91
262144              23100.87
524288              40775.27
1048576             60947.12
2097152             84602.16
4194304            117491.65
8388608            132701.24
16777216           142316.68
33554432           148337.62
67108864           150844.72
  [run 5/6] recording — 01:03:28
  [run 5/6] done in 10s

# OSU MPI-ROCM Bandwidth Test v7.5
# Datatype: MPI_CHAR.
# Size      Bandwidth (MB/s)
1                       2.96
2                       5.93
4                      12.67
8                      23.52
16                     51.95
32                    104.08
64                    206.02
128                   405.26
256                   796.24
512                    47.64
1024                  150.07
2048                  300.21
4096                  589.95
8192                 1085.59
16384                2161.87
32768                4008.74
65536                7713.82
131072              14424.75
262144              23013.71
524288              40889.87
1048576             61113.05
2097152             84751.48
4194304            117524.03
8388608            132602.69
16777216           142649.32
33554432           147842.31
67108864           150084.83
  [run 6/6] recording — 01:03:38
  [run 6/6] done in 9s

# OSU MPI-ROCM Bandwidth Test v7.5
# Datatype: MPI_CHAR.
# Size      Bandwidth (MB/s)
1                       2.98
2                       5.97
4                      12.71
8                      26.04
16                     52.22
32                    103.82
64                    208.24
128                   406.56
256                   803.82
512                    47.69
1024                  150.26
2048                  301.48
4096                  590.20
8192                 1082.71
16384                2135.11
32768                4013.05
65536                7765.51
131072              14603.78
262144              23133.58
524288              40877.84
1048576             61113.44
2097152             84656.00
4194304            117645.36
8388608            132908.65
16777216           142544.02
33554432           148286.00
67108864           150783.69

################################################################
# [eessi sdma=0 rndv=1024] inter_pkg_2link_06  GCD(0,6) tier=inter_pkg_2link links=2
################################################################
  [run 1/6] warm-up — 01:03:47
  [run 1/6] warm-up done in 16s
  [run 2/6] recording — 01:04:03
  [run 2/6] done in 15s

# OSU MPI-ROCM Bandwidth Test v7.5
# Datatype: MPI_CHAR.
# Size      Bandwidth (MB/s)
1                       2.97
2                       5.93
4                      12.71
8                      25.99
16                     52.21
32                    103.91
64                    206.99
128                   409.40
256                   809.61
512                    42.83
1024                  119.80
2048                  233.97
4096                  460.96
8192                  887.27
16384                1753.12
32768                3198.44
65536                6072.11
131072              11194.59
262144              18609.19
524288              30601.18
1048576             42619.35
2097152             57508.40
4194304             68913.13
8388608             73569.83
16777216            75918.45
33554432            76760.81
67108864            77080.76
  [run 3/6] recording — 01:04:18
  [run 3/6] done in 15s

# OSU MPI-ROCM Bandwidth Test v7.5
# Datatype: MPI_CHAR.
# Size      Bandwidth (MB/s)
1                       3.03
2                       6.06
4                      12.91
8                      26.53
16                     52.75
32                    106.02
64                    209.29
128                   414.90
256                   813.67
512                    42.76
1024                  117.73
2048                  234.87
4096                  457.00
8192                  905.69
16384                1779.88
32768                3202.84
65536                6030.36
131072              11157.07
262144              18552.46
524288              30512.73
1048576             42577.90
2097152             57378.43
4194304             68921.19
8388608             73574.60
16777216            75949.87
33554432            76807.06
67108864            77062.63
  [run 4/6] recording — 01:04:33
  [run 4/6] done in 16s

# OSU MPI-ROCM Bandwidth Test v7.5
# Datatype: MPI_CHAR.
# Size      Bandwidth (MB/s)
1                       3.02
2                       6.07
4                      12.90
8                      26.51
16                     53.39
32                    106.04
64                    211.82
128                   415.29
256                   821.71
512                    42.80
1024                  118.08
2048                  234.81
4096                  455.40
8192                  899.15
16384                1768.29
32768                3346.56
65536                6105.30
131072              11200.23
262144              18608.23
524288              30523.84
1048576             42629.16
2097152             57411.36
4194304             68885.28
8388608             73612.51
16777216            75933.00
33554432            76799.99
67108864            77060.26
  [run 5/6] recording — 01:04:49
  [run 5/6] done in 15s

# OSU MPI-ROCM Bandwidth Test v7.5
# Datatype: MPI_CHAR.
# Size      Bandwidth (MB/s)
1                       2.93
2                       5.93
4                      12.61
8                      25.78
16                     47.59
32                    103.37
64                    205.47
128                   402.05
256                   793.38
512                    42.61
1024                  117.28
2048                  234.63
4096                  473.61
8192                  903.26
16384                1769.12
32768                3252.58
65536                6045.99
131072              11187.85
262144              18506.41
524288              30426.35
1048576             42617.29
2097152             57435.11
4194304             68814.14
8388608             73554.63
16777216            75964.12
33554432            76808.18
67108864            77089.73
  [run 6/6] recording — 01:05:04
  [run 6/6] done in 15s

# OSU MPI-ROCM Bandwidth Test v7.5
# Datatype: MPI_CHAR.
# Size      Bandwidth (MB/s)
1                       3.01
2                       6.03
4                      12.86
8                      26.49
16                     53.04
32                    106.17
64                    211.26
128                   415.27
256                   819.30
512                    42.85
1024                  118.70
2048                  236.78
4096                  475.55
8192                  911.26
16384                1799.81
32768                3198.34
65536                6096.51
131072              11233.85
262144              18607.85
524288              30634.93
1048576             42672.03
2097152             57789.81
4194304             68936.39
8388608             73670.54
16777216            76135.18
33554432            76968.89
67108864            77158.92

################################################################
# [eessi sdma=0 rndv=1024] inter_pkg_2link_24  GCD(2,4) tier=inter_pkg_2link links=2
################################################################
  [run 1/6] warm-up — 01:05:19
  [run 1/6] warm-up done in 15s
  [run 2/6] recording — 01:05:34
  [run 2/6] done in 16s

# OSU MPI-ROCM Bandwidth Test v7.5
# Datatype: MPI_CHAR.
# Size      Bandwidth (MB/s)
1                       2.96
2                       5.93
4                      12.63
8                      26.01
16                     51.60
32                    103.03
64                    199.76
128                   399.90
256                   795.64
512                    46.02
1024                  142.22
2048                  284.38
4096                  564.46
8192                 1023.87
16384                2019.62
32768                3692.06
65536                6981.45
131072              12374.17
262144              19618.35
524288              31948.13
1048576             43732.52
2097152             58037.34
4194304             69114.80
8388608             73821.17
16777216            76233.93
33554432            77045.89
67108864            77166.81
  [run 3/6] recording — 01:05:50
  [run 3/6] done in 15s

# OSU MPI-ROCM Bandwidth Test v7.5
# Datatype: MPI_CHAR.
# Size      Bandwidth (MB/s)
1                       2.71
2                       5.43
4                      11.56
8                      23.60
16                     47.35
32                     86.33
64                    185.42
128                   374.25
256                   674.83
512                    45.95
1024                  142.93
2048                  286.05
4096                  562.66
8192                 1022.75
16384                2023.17
32768                3712.11
65536                7017.35
131072              12113.37
262144              19741.88
524288              31981.26
1048576             43925.01
2097152             58436.90
4194304             69257.33
8388608             73879.24
16777216            76283.85
33554432            77052.67
67108864            77152.69
  [run 4/6] recording — 01:06:05
  [run 4/6] done in 15s

# OSU MPI-ROCM Bandwidth Test v7.5
# Datatype: MPI_CHAR.
# Size      Bandwidth (MB/s)
1                       2.98
2                       5.99
4                      12.82
8                      26.20
16                     52.84
32                    104.95
64                    209.32
128                   402.58
256                   806.94
512                    45.94
1024                  142.36
2048                  285.07
4096                  567.13
8192                 1032.96
16384                2046.90
32768                3776.74
65536                7039.47
131072              12317.93
262144              19821.39
524288              32142.67
1048576             43948.87
2097152             58339.79
4194304             69218.27
8388608             73916.65
16777216            76284.84
33554432            77104.30
67108864            77227.82
  [run 5/6] recording — 01:06:20
  [run 5/6] done in 15s

# OSU MPI-ROCM Bandwidth Test v7.5
# Datatype: MPI_CHAR.
# Size      Bandwidth (MB/s)
1                       2.94
2                       5.57
4                      12.30
8                      25.78
16                     51.57
32                     93.47
64                    204.63
128                   404.87
256                   745.96
512                    45.82
1024                  142.73
2048                  285.77
4096                  559.05
8192                 1022.03
16384                2022.70
32768                3712.73
65536                6859.06
131072              12153.56
262144              19635.91
524288              31862.01
1048576             43857.43
2097152             58363.91
4194304             69154.94
8388608             73835.67
16777216            76236.12
33554432            77075.62
67108864            77165.55
  [run 6/6] recording — 01:06:35
  [run 6/6] done in 15s

# OSU MPI-ROCM Bandwidth Test v7.5
# Datatype: MPI_CHAR.
# Size      Bandwidth (MB/s)
1                       2.89
2                       5.81
4                      12.41
8                      24.99
16                     50.67
32                    100.13
64                    200.81
128                   388.66
256                   779.22
512                    46.07
1024                  142.72
2048                  284.32
4096                  568.83
8192                 1031.00
16384                2044.77
32768                3774.28
65536                7089.61
131072              12120.88
262144              19538.06
524288              31875.09
1048576             43804.44
2097152             58448.46
4194304             69196.52
8388608             73885.52
16777216            76346.32
33554432            77201.68
67108864            77302.26

################################################################
# [eessi sdma=0 rndv=1024] inter_pkg_1link_02  GCD(0,2) tier=inter_pkg_1link links=1
################################################################
  [run 1/6] warm-up — 01:06:50
  [run 1/6] warm-up done in 27s
  [run 2/6] recording — 01:07:17
  [run 2/6] done in 26s

# OSU MPI-ROCM Bandwidth Test v7.5
# Datatype: MPI_CHAR.
# Size      Bandwidth (MB/s)
1                       2.97
2                       5.96
4                      12.74
8                      26.09
16                     52.16
32                    104.42
64                    207.50
128                   407.49
256                   800.50
512                    42.74
1024                  119.74
2048                  236.19
4096                  475.24
8192                  899.43
16384                1727.07
32768                3054.58
65536                5630.74
131072               9805.90
262144              15019.08
524288              22099.37
1048576             27853.13
2097152             34540.82
4194304             37174.13
8388608             38384.34
16777216            38942.50
33554432            39067.47
67108864            38978.79
  [run 3/6] recording — 01:07:43
  [run 3/6] done in 26s

# OSU MPI-ROCM Bandwidth Test v7.5
# Datatype: MPI_CHAR.
# Size      Bandwidth (MB/s)
1                       2.96
2                       5.91
4                      12.68
8                      25.95
16                     52.08
32                    103.86
64                    205.79
128                   405.89
256                   796.23
512                    42.78
1024                  118.46
2048                  235.54
4096                  461.51
8192                  895.07
16384                1702.49
32768                3058.09
65536                5635.63
131072               9754.56
262144              15019.85
524288              22028.25
1048576             27876.02
2097152             34389.05
4194304             37119.73
8388608             38352.32
16777216            38927.77
33554432            39056.14
67108864            38952.28
  [run 4/6] recording — 01:08:09
  [run 4/6] done in 27s

# OSU MPI-ROCM Bandwidth Test v7.5
# Datatype: MPI_CHAR.
# Size      Bandwidth (MB/s)
1                       2.89
2                       5.77
4                      12.25
8                      25.23
16                     50.28
32                    100.84
64                    199.89
128                   396.04
256                   707.86
512                    42.85
1024                  120.44
2048                  241.63
4096                  469.64
8192                  896.12
16384                1709.02
32768                3081.26
65536                5646.69
131072               9765.09
262144              15004.05
524288              22022.10
1048576             27872.12
2097152             34444.83
4194304             37120.61
8388608             38364.64
16777216            38932.42
33554432            39062.17
67108864            38961.36
  [run 5/6] recording — 01:08:36
  [run 5/6] done in 26s

# OSU MPI-ROCM Bandwidth Test v7.5
# Datatype: MPI_CHAR.
# Size      Bandwidth (MB/s)
1                       2.94
2                       5.90
4                      12.59
8                      25.77
16                     51.81
32                     94.48
64                    204.92
128                   403.05
256                   791.16
512                    42.83
1024                  120.43
2048                  234.90
4096                  465.96
8192                  885.24
16384                1662.41
32768                3045.82
65536                5649.48
131072               9806.55
262144              15033.55
524288              22033.38
1048576             27829.55
2097152             34381.08
4194304             37091.04
8388608             38333.09
16777216            38908.38
33554432            39045.17
67108864            38962.46
  [run 6/6] recording — 01:09:02
  [run 6/6] done in 26s

# OSU MPI-ROCM Bandwidth Test v7.5
# Datatype: MPI_CHAR.
# Size      Bandwidth (MB/s)
1                       2.93
2                       5.84
4                      12.51
8                      25.59
16                     51.48
32                    102.55
64                    204.30
128                   400.73
256                   787.40
512                    42.82
1024                  125.42
2048                  250.11
4096                  484.43
8192                  902.81
16384                1731.72
32768                3054.38
65536                5640.00
131072               9755.72
262144              14965.34
524288              21983.93
1048576             27855.20
2097152             34452.06
4194304             37144.66
8388608             38363.48
16777216            38934.94
33554432            39065.18
67108864            38960.65

################################################################
# [eessi sdma=0 rndv=1024] inter_pkg_1link_15  GCD(1,5) tier=inter_pkg_1link links=1
################################################################
  [run 1/6] warm-up — 01:09:28
  [run 1/6] warm-up done in 27s
  [run 2/6] recording — 01:09:55
  [run 2/6] done in 26s

# OSU MPI-ROCM Bandwidth Test v7.5
# Datatype: MPI_CHAR.
# Size      Bandwidth (MB/s)
1                       2.86
2                       5.79
4                      12.27
8                      25.14
16                     49.88
32                    100.63
64                    188.74
128                   406.93
256                   805.60
512                    44.55
1024                  128.61
2048                  256.55
4096                  510.34
8192                  923.88
16384                1820.98
32768                3343.44
65536                6142.99
131072              10590.84
262144              15954.09
524288              22887.82
1048576             28528.67
2097152             34793.62
4194304             37174.97
8388608             38325.28
16777216            38872.77
33554432            39020.33
67108864            38933.05
  [run 3/6] recording — 01:10:21
  [run 3/6] done in 26s

# OSU MPI-ROCM Bandwidth Test v7.5
# Datatype: MPI_CHAR.
# Size      Bandwidth (MB/s)
1                       2.74
2                       6.02
4                      12.89
8                      26.38
16                     52.97
32                    105.82
64                    210.53
128                   413.03
256                   816.91
512                    45.36
1024                  128.33
2048                  256.68
4096                  508.26
8192                  933.13
16384                1826.94
32768                3351.22
65536                6139.24
131072              10573.27
262144              15951.64
524288              22887.29
1048576             28469.26
2097152             34784.87
4194304             37143.86
8388608             38275.77
16777216            38785.87
33554432            38874.22
67108864            38772.51
  [run 4/6] recording — 01:10:47
  [run 4/6] done in 27s

# OSU MPI-ROCM Bandwidth Test v7.5
# Datatype: MPI_CHAR.
# Size      Bandwidth (MB/s)
1                       2.99
2                       5.98
4                      12.73
8                      26.28
16                     52.50
32                    105.18
64                    207.99
128                   411.71
256                   805.69
512                    45.22
1024                  128.34
2048                  256.72
4096                  507.53
8192                  932.53
16384                1823.80
32768                3348.33
65536                6137.55
131072              10532.22
262144              15958.35
524288              22893.97
1048576             28527.04
2097152             34845.46
4194304             37203.61
8388608             38364.54
16777216            38880.02
33554432            39012.13
67108864            38898.29
  [run 5/6] recording — 01:11:14
  [run 5/6] done in 26s

# OSU MPI-ROCM Bandwidth Test v7.5
# Datatype: MPI_CHAR.
# Size      Bandwidth (MB/s)
1                       3.02
2                       6.08
4                      13.02
8                      26.65
16                     53.55
32                    106.62
64                    212.35
128                   418.43
256                   819.84
512                    45.40
1024                  127.49
2048                  256.35
4096                  501.25
8192                  928.07
16384                1819.42
32768                3338.53
65536                6138.04
131072              10547.40
262144              15926.29
524288              22870.98
1048576             28479.51
2097152             34797.88
4194304             37190.16
8388608             38329.89
16777216            38833.60
33554432            38907.14
67108864            38784.71
  [run 6/6] recording — 01:11:40
  [run 6/6] done in 26s

# OSU MPI-ROCM Bandwidth Test v7.5
# Datatype: MPI_CHAR.
# Size      Bandwidth (MB/s)
1                       2.96
2                       5.93
4                      12.59
8                      25.92
16                     47.27
32                    103.74
64                    187.88
128                   390.68
256                   760.00
512                    45.18
1024                  126.93
2048                  254.37
4096                  508.46
8192                  935.70
16384                1832.35
32768                3355.13
65536                6166.39
131072              10639.16
262144              16039.61
524288              22985.35
1048576             28617.91
2097152             34856.88
4194304             37257.70
8388608             38380.85
16777216            38919.95
33554432            39048.84
67108864            38927.02

################################################################
# [eessi sdma=0 rndv=1024] inter_pkg_1link_37  GCD(3,7) tier=inter_pkg_1link links=1
################################################################
  [run 1/6] warm-up — 01:12:06
  [run 1/6] warm-up done in 27s
  [run 2/6] recording — 01:12:33
  [run 2/6] done in 26s

# OSU MPI-ROCM Bandwidth Test v7.5
# Datatype: MPI_CHAR.
# Size      Bandwidth (MB/s)
1                       3.00
2                       6.04
4                      12.79
8                      26.34
16                     52.76
32                    105.87
64                    202.50
128                   403.05
256                   803.63
512                    49.05
1024                  143.14
2048                  286.49
4096                  566.91
8192                 1030.68
16384                2012.43
32768                3651.98
65536                6642.96
131072              11323.70
262144              16847.08
524288              23780.52
1048576             29132.19
2097152             34987.63
4194304             37294.18
8388608             38387.01
16777216            38924.32
33554432            39052.12
67108864            38985.24
  [run 3/6] recording — 01:12:59
  [run 3/6] done in 26s

# OSU MPI-ROCM Bandwidth Test v7.5
# Datatype: MPI_CHAR.
# Size      Bandwidth (MB/s)
1                       2.99
2                       6.03
4                      12.78
8                      26.13
16                     51.70
32                    104.93
64                    206.03
128                   409.41
256                   800.53
512                    49.24
1024                  142.69
2048                  285.46
4096                  568.39
8192                 1040.49
16384                2025.31
32768                3696.57
65536                6704.69
131072              11350.17
262144              16828.54
524288              23744.47
1048576             29129.63
2097152             34988.54
4194304             37216.52
8388608             38335.27
16777216            38821.94
33554432            38924.47
67108864            38804.28
  [run 4/6] recording — 01:13:25
  [run 4/6] done in 26s

# OSU MPI-ROCM Bandwidth Test v7.5
# Datatype: MPI_CHAR.
# Size      Bandwidth (MB/s)
1                       3.00
2                       5.98
4                      12.67
8                      23.67
16                     51.44
32                    104.20
64                    206.59
128                   412.27
256                   802.01
512                    48.92
1024                  143.32
2048                  286.31
4096                  556.06
8192                 1017.71
16384                1990.94
32768                3621.64
65536                6603.01
131072              11258.09
262144              16738.10
524288              23698.24
1048576             29057.94
2097152             34986.17
4194304             37287.61
8388608             38413.44
16777216            38932.69
33554432            39026.04
67108864            38894.31
  [run 5/6] recording — 01:13:51
  [run 5/6] done in 26s

# OSU MPI-ROCM Bandwidth Test v7.5
# Datatype: MPI_CHAR.
# Size      Bandwidth (MB/s)
1                       2.99
2                       6.03
4                      12.84
8                      26.27
16                     52.81
32                    105.21
64                    209.13
128                   395.96
256                   770.75
512                    48.84
1024                  142.04
2048                  285.84
4096                  564.90
8192                 1030.07
16384                2013.76
32768                3662.19
65536                6665.34
131072              11303.75
262144              16813.79
524288              23751.04
1048576             29167.13
2097152             35028.82
4194304             37284.24
8388608             38394.01
16777216            38877.58
33554432            38959.04
67108864            38847.18
  [run 6/6] recording — 01:14:17
  [run 6/6] done in 27s

# OSU MPI-ROCM Bandwidth Test v7.5
# Datatype: MPI_CHAR.
# Size      Bandwidth (MB/s)
1                       2.93
2                       5.86
4                      12.42
8                      25.54
16                     51.02
32                    101.99
64                    203.49
128                   398.89
256                   788.93
512                    48.64
1024                  143.59
2048                  285.91
4096                  561.11
8192                 1021.58
16384                2004.28
32768                3653.24
65536                6635.69
131072              11321.53
262144              16834.13
524288              23787.46
1048576             29109.86
2097152             34953.58
4194304             37253.46
8388608             38402.79
16777216            38921.51
33554432            39028.58
67108864            38906.70

################################################################
# [eessi sdma=0 rndv=1024] inter_pkg_1link_57  GCD(5,7) tier=inter_pkg_1link links=1
################################################################
  [run 1/6] warm-up — 01:14:44
  [run 1/6] warm-up done in 26s
  [run 2/6] recording — 01:15:10
  [run 2/6] done in 26s

# OSU MPI-ROCM Bandwidth Test v7.5
# Datatype: MPI_CHAR.
# Size      Bandwidth (MB/s)
1                       2.63
2                       5.23
4                      11.10
8                      22.58
16                     45.86
32                     92.72
64                    183.44
128                   367.65
256                   720.54
512                    50.34
1024                  149.19
2048                  297.29
4096                  583.16
8192                 1053.35
16384                2054.69
32768                3740.70
65536                6799.83
131072              11489.02
262144              17058.75
524288              24047.80
1048576             29403.38
2097152             35206.07
4194304             37482.18
8388608             38591.71
16777216            39085.57
33554432            39162.33
67108864            39021.64
  [run 3/6] recording — 01:15:36
  [run 3/6] done in 26s

# OSU MPI-ROCM Bandwidth Test v7.5
# Datatype: MPI_CHAR.
# Size      Bandwidth (MB/s)
1                       2.91
2                       5.84
4                      11.41
8                      25.49
16                     51.18
32                    101.93
64                    202.98
128                   397.06
256                   784.02
512                    50.34
1024                  149.87
2048                  298.88
4096                  587.17
8192                 1067.85
16384                2084.76
32768                3773.90
65536                6829.79
131072              11574.52
262144              17158.59
524288              24137.17
1048576             29446.84
2097152             35234.34
4194304             37517.62
8388608             38624.27
16777216            39124.70
33554432            39197.69
67108864            39042.62
  [run 4/6] recording — 01:16:02
  [run 4/6] done in 26s

# OSU MPI-ROCM Bandwidth Test v7.5
# Datatype: MPI_CHAR.
# Size      Bandwidth (MB/s)
1                       2.90
2                       5.81
4                      12.34
8                      25.38
16                     50.69
32                    101.68
64                    201.27
128                   395.89
256                   779.03
512                    50.85
1024                  149.79
2048                  297.89
4096                  590.38
8192                 1059.01
16384                2066.90
32768                3752.04
65536                6828.12
131072              11549.48
262144              17128.06
524288              24118.44
1048576             29449.60
2097152             35262.47
4194304             37530.92
8388608             38632.34
16777216            39145.92
33554432            39208.99
67108864            39057.72
  [run 5/6] recording — 01:16:28
  [run 5/6] done in 26s

# OSU MPI-ROCM Bandwidth Test v7.5
# Datatype: MPI_CHAR.
# Size      Bandwidth (MB/s)
1                       2.95
2                       5.92
4                      12.66
8                      25.90
16                     52.02
32                    103.45
64                    206.56
128                   402.65
256                   790.74
512                    50.63
1024                  149.96
2048                  298.41
4096                  586.41
8192                 1067.05
16384                2081.73
32768                3777.36
65536                6831.13
131072              11569.98
262144              17167.58
524288              24138.42
1048576             29453.99
2097152             35233.74
4194304             37510.72
8388608             38622.30
16777216            39126.52
33554432            39203.82
67108864            39046.85
  [run 6/6] recording — 01:16:54
  [run 6/6] done in 26s

# OSU MPI-ROCM Bandwidth Test v7.5
# Datatype: MPI_CHAR.
# Size      Bandwidth (MB/s)
1                       2.92
2                       5.86
4                      12.45
8                      25.58
16                     51.12
32                    102.37
64                    202.74
128                   398.39
256                   724.76
512                    50.25
1024                  149.05
2048                  297.24
4096                  584.78
8192                 1062.65
16384                2073.73
32768                3761.30
65536                6825.41
131072              11579.05
262144              17192.23
524288              24170.76
1048576             29512.03
2097152             35281.42
4194304             37524.14
8388608             38639.68
16777216            39144.48
33554432            39210.29
67108864            39053.87

################################################################
# [eessi sdma=0 rndv=1024] routed_07  GCD(0,7) tier=routed links=0
################################################################
  [run 1/6] warm-up — 01:17:20
  [run 1/6] warm-up done in 17s
  [run 2/6] recording — 01:17:37
  [run 2/6] done in 16s

# OSU MPI-ROCM Bandwidth Test v7.5
# Datatype: MPI_CHAR.
# Size      Bandwidth (MB/s)
1                       2.99
2                       6.04
4                      12.81
8                      26.33
16                     52.58
32                    105.35
64                    208.52
128                   406.84
256                   723.41
512                    42.46
1024                  110.27
2048                  220.06
4096                  435.58
8192                  878.48
16384                1730.90
32768                3215.52
65536                6019.40
131072              10902.84
262144              17891.93
524288              28995.84
1048576             39835.50
2097152             52691.04
4194304             62214.00
8388608             66380.14
16777216            68743.63
33554432            69897.79
67108864            70577.46
  [run 3/6] recording — 01:17:53
  [run 3/6] done in 17s

# OSU MPI-ROCM Bandwidth Test v7.5
# Datatype: MPI_CHAR.
# Size      Bandwidth (MB/s)
1                       2.87
2                       5.71
4                      12.16
8                      24.77
16                     49.79
32                     90.72
64                    197.38
128                   390.39
256                   767.63
512                    42.86
1024                  112.20
2048                  224.07
4096                  440.70
8192                  879.25
16384                1694.54
32768                3103.86
65536                5926.22
131072              10795.71
262144              17720.61
524288              28707.80
1048576             39643.90
2097152             52849.44
4194304             62068.66
8388608             66306.06
16777216            68696.48
33554432            69866.75
67108864            70529.78
  [run 4/6] recording — 01:18:10
  [run 4/6] done in 16s

# OSU MPI-ROCM Bandwidth Test v7.5
# Datatype: MPI_CHAR.
# Size      Bandwidth (MB/s)
1                       2.98
2                       5.92
4                      12.63
8                      25.88
16                     51.95
32                    103.90
64                    204.33
128                   403.72
256                   795.22
512                    42.86
1024                  109.57
2048                  219.79
4096                  438.78
8192                  859.85
16384                1686.73
32768                3211.20
65536                6002.38
131072              10905.95
262144              17854.96
524288              28914.62
1048576             39762.28
2097152             52610.30
4194304             62144.97
8388608             66342.44
16777216            68707.32
33554432            69886.09
67108864            70540.23
  [run 5/6] recording — 01:18:26
  [run 5/6] done in 16s

# OSU MPI-ROCM Bandwidth Test v7.5
# Datatype: MPI_CHAR.
# Size      Bandwidth (MB/s)
1                       2.99
2                       6.02
4                      12.82
8                      26.11
16                     52.75
32                    103.22
64                    209.17
128                   389.14
256                   796.49
512                    42.84
1024                  113.09
2048                  225.60
4096                  445.11
8192                  877.69
16384                1720.88
32768                3139.13
65536                5952.34
131072              10842.31
262144              17804.79
524288              28772.27
1048576             39709.24
2097152             53021.29
4194304             62141.77
8388608             66343.88
16777216            68709.00
33554432            69864.32
67108864            70528.69
  [run 6/6] recording — 01:18:43
  [run 6/6] done in 17s

# OSU MPI-ROCM Bandwidth Test v7.5
# Datatype: MPI_CHAR.
# Size      Bandwidth (MB/s)
1                       3.03
2                       6.05
4                      12.85
8                      26.58
16                     53.15
32                    106.35
64                    210.17
128                   413.95
256                   749.74
512                    42.84
1024                  111.09
2048                  221.50
4096                  443.81
8192                  880.15
16384                1701.49
32768                3131.86
65536                5956.35
131072              10873.11
262144              17847.00
524288              28787.87
1048576             39766.14
2097152             52620.68
4194304             62071.63
8388608             66297.65
16777216            68688.02
33554432            69874.44
67108864            70532.66

################################################################
# [eessi sdma=0 rndv=1024] routed_03  GCD(0,3) tier=routed links=0
################################################################
  [run 1/6] warm-up — 01:18:59
  [run 1/6] warm-up done in 27s
  [run 2/6] recording — 01:19:26
  [run 2/6] done in 28s

# OSU MPI-ROCM Bandwidth Test v7.5
# Datatype: MPI_CHAR.
# Size      Bandwidth (MB/s)
1                       3.03
2                       6.08
4                      12.95
8                      26.72
16                     53.37
32                    106.80
64                    211.57
128                   416.09
256                   816.57
512                    42.88
1024                  113.16
2048                  221.48
4096                  448.45
8192                  886.57
16384                1709.30
32768                2996.67
65536                5518.69
131072               9515.43
262144              14500.88
524288              21135.29
1048576             26495.18
2097152             32522.64
4194304             34924.08
8388608             36200.33
16777216            36873.09
33554432            37209.84
67108864            37374.49
  [run 3/6] recording — 01:19:54
  [run 3/6] done in 27s

# OSU MPI-ROCM Bandwidth Test v7.5
# Datatype: MPI_CHAR.
# Size      Bandwidth (MB/s)
1                       2.94
2                       5.87
4                      12.52
8                      25.62
16                     51.39
32                    102.65
64                    204.61
128                   400.62
256                   791.35
512                    42.82
1024                  110.65
2048                  220.74
4096                  434.15
8192                  842.07
16384                1633.22
32768                2996.38
65536                5531.28
131072               9592.77
262144              14580.63
524288              21183.55
1048576             26463.98
2097152             32459.79
4194304             34902.29
8388608             36184.10
16777216            36864.30
33554432            37214.75
67108864            37379.29
  [run 4/6] recording — 01:20:21
  [run 4/6] done in 28s

# OSU MPI-ROCM Bandwidth Test v7.5
# Datatype: MPI_CHAR.
# Size      Bandwidth (MB/s)
1                       2.94
2                       5.90
4                      12.60
8                      25.88
16                     51.78
32                    103.79
64                    206.17
128                   406.87
256                   794.35
512                    42.76
1024                  113.33
2048                  226.61
4096                  445.12
8192                  864.46
16384                1647.53
32768                3033.12
65536                5533.30
131072               9537.44
262144              14506.49
524288              21165.52
1048576             26479.71
2097152             32501.81
4194304             34910.89
8388608             36191.27
16777216            36867.97
33554432            37210.87
67108864            37373.25
  [run 5/6] recording — 01:20:49
  [run 5/6] done in 27s

# OSU MPI-ROCM Bandwidth Test v7.5
# Datatype: MPI_CHAR.
# Size      Bandwidth (MB/s)
1                       2.92
2                       5.87
4                      12.47
8                      25.64
16                     51.30
32                    102.74
64                    186.23
128                   400.10
256                   785.37
512                    42.76
1024                  115.31
2048                  229.07
4096                  437.93
8192                  840.88
16384                1627.04
32768                2982.15
65536                5504.35
131072               9577.08
262144              14589.47
524288              21211.53
1048576             26518.49
2097152             32440.52
4194304             34889.27
8388608             36175.78
16777216            36860.22
33554432            37212.04
67108864            37378.74
  [run 6/6] recording — 01:21:16
  [run 6/6] done in 28s

# OSU MPI-ROCM Bandwidth Test v7.5
# Datatype: MPI_CHAR.
# Size      Bandwidth (MB/s)
1                       2.96
2                       5.94
4                      12.60
8                      25.92
16                     51.97
32                    103.93
64                    206.38
128                   403.29
256                   735.18
512                    42.70
1024                  113.92
2048                  224.43
4096                  436.15
8192                  849.34
16384                1630.67
32768                2995.08
65536                5532.71
131072               9561.83
262144              14561.11
524288              21149.94
1048576             26527.99
2097152             32443.85
4194304             34893.24
8388608             36183.72
16777216            36865.51
33554432            37208.73
67108864            37369.92

################################################################
# [eessi sdma=0 rndv=1024] routed_17  GCD(1,7) tier=routed links=0
################################################################
  [run 1/6] warm-up — 01:21:44
  [run 1/6] warm-up done in 16s
  [run 2/6] recording — 01:22:00
  [run 2/6] done in 16s

# OSU MPI-ROCM Bandwidth Test v7.5
# Datatype: MPI_CHAR.
# Size      Bandwidth (MB/s)
1                       2.99
2                       6.00
4                      12.76
8                      26.26
16                     52.66
32                    104.91
64                    208.53
128                   408.09
256                   800.62
512                    44.90
1024                  123.75
2048                  247.45
4096                  494.81
8192                  913.72
16384                1808.04
32768                3369.08
65536                6418.49
131072              11700.89
262144              19102.19
524288              30468.41
1048576             41277.44
2097152             53416.13
4194304             62602.09
8388608             66588.83
16777216            68791.98
33554432            69917.64
67108864            70492.75
  [run 3/6] recording — 01:22:16
  [run 3/6] done in 17s

# OSU MPI-ROCM Bandwidth Test v7.5
# Datatype: MPI_CHAR.
# Size      Bandwidth (MB/s)
1                       2.98
2                       5.99
4                      12.74
8                      26.21
16                     52.33
32                    104.75
64                    207.39
128                   409.12
256                   800.71
512                    45.07
1024                  124.59
2048                  248.09
4096                  492.35
8192                  915.23
16384                1809.60
32768                3386.23
65536                6430.36
131072              11685.00
262144              19110.15
524288              30406.18
1048576             41182.48
2097152             53709.63
4194304             62720.76
8388608             66669.96
16777216            68825.81
33554432            69957.75
67108864            70514.49
  [run 4/6] recording — 01:22:33
  [run 4/6] done in 16s

# OSU MPI-ROCM Bandwidth Test v7.5
# Datatype: MPI_CHAR.
# Size      Bandwidth (MB/s)
1                       3.08
2                       6.12
4                      13.08
8                      26.84
16                     54.00
32                    108.04
64                    213.64
128                   422.53
256                   826.94
512                    45.03
1024                  123.79
2048                  247.66
4096                  491.99
8192                  915.25
16384                1810.30
32768                3383.85
65536                6420.04
131072              11699.76
262144              19121.65
524288              30448.11
1048576             41322.45
2097152             53617.84
4194304             62624.79
8388608             66597.80
16777216            68794.62
33554432            69937.87
67108864            70502.12
  [run 5/6] recording — 01:22:49
  [run 5/6] done in 16s

# OSU MPI-ROCM Bandwidth Test v7.5
# Datatype: MPI_CHAR.
# Size      Bandwidth (MB/s)
1                       3.00
2                       6.04
4                      12.86
8                      26.43
16                     53.13
32                    106.21
64                    210.38
128                   418.28
256                   749.89
512                    45.22
1024                  124.67
2048                  247.85
4096                  492.89
8192                  914.65
16384                1809.45
32768                3385.17
65536                6421.80
131072              11682.70
262144              19143.74
524288              30472.00
1048576             41232.08
2097152             53827.09
4194304             62664.20
8388608             66625.13
16777216            68810.96
33554432            69943.02
67108864            70519.80
  [run 6/6] recording — 01:23:06
  [run 6/6] done in 17s

# OSU MPI-ROCM Bandwidth Test v7.5
# Datatype: MPI_CHAR.
# Size      Bandwidth (MB/s)
1                       2.93
2                       5.41
4                      12.45
8                      25.54
16                     51.08
32                    102.22
64                    204.32
128                   403.68
256                   728.15
512                    44.80
1024                  122.37
2048                  244.47
4096                  480.72
8192                  900.13
16384                1781.52
32768                3329.27
65536                6348.51
131072              11560.32
262144              18943.94
524288              30239.54
1048576             41113.67
2097152             53436.45
4194304             62542.70
8388608             66572.41
16777216            68788.84
33554432            69949.11
67108864            70512.53
================================================================
ALL BENCHMARKS COMPLETE
  CSV : results/osu_bw_fixed_rndv_eessi_18638825.csv
  Log : results/osu_bw_fixed_rndv_eessi_18638825.log  Meta: results/osu_bw_fixed_rndv_eessi_18638825.meta
================================================================
