################# EESSI STACK (HSA_ENABLE_SDMA=0) ##################
Found EESSI repo @ /cvmfs/software.eessi.io/versions/2025.06!
archdetect says x86_64/amd/zen3
archdetect could not detect any accelerators
Using x86_64/amd/zen3 as software subdirectory.
Found Lmod configuration file at /cvmfs/software.eessi.io/versions/2025.06/software/linux/x86_64/amd/zen3/.lmod/lmodrc.lua
Found Lmod SitePackage.lua file at /cvmfs/software.eessi.io/versions/2025.06/software/linux/x86_64/amd/zen3/.lmod/SitePackage.lua
Using /cvmfs/software.eessi.io/host_injections/2025.06/software/linux/x86_64/amd/zen3 as the site extension directory for installations.
Using  as the site extension directory for accelerated installations.
Using /cvmfs/software.eessi.io/versions/2025.06/software/linux/x86_64/amd/zen3/modules/all as the directory to be added to MODULEPATH.
Using /cvmfs/software.eessi.io/host_injections/2025.06/software/linux/x86_64/amd/zen3/modules/all as the site extension directory to be added to MODULEPATH.
Initializing Lmod...
Prepending /cvmfs/software.eessi.io/versions/2025.06/software/linux/x86_64/amd/zen3/modules/all to $MODULEPATH...
Prepending site path /cvmfs/software.eessi.io/host_injections/2025.06/software/linux/x86_64/amd/zen3/modules/all to $MODULEPATH...
Environment set up to use EESSI (2025.06), have fun!
-- Using /tmp/$USER as a temporary working directory for installations, you can
override this by setting the environment variable WORKING_DIR and reloading the
module (e.g., /dev/shm is a common option) 
Configuring for use of EESSI_USER_INSTALL under /users/joglekar/eessi
-- To create installations for EESSI, you _must_ have write permissions to
/users/joglekar/eessi/versions/2025.06/software/linux/x86_64/amd/zen3 
-- You may wish to configure a sources directory for EasyBuild (for example,
via setting the environment variable EASYBUILD_SOURCEPATH) to allow you to
reuse existing sources for packages. 
[setup_eessi] mpirun=/users/joglekar/eessi/versions/2025.06/software/linux/x86_64/amd/zen3/software/OpenMPI/5.0.7-rocm-compilers-19.0.0-ROCm-6.4.1/bin/mpirun  EBROOT=/users/joglekar/eessi/versions/2025.06/software/linux/x86_64/amd/zen3/software/OSU-Micro-Benchmarks/7.5-rompi-2025a

# [eessi sdma=0] osu_allreduce  N=2  devices=0,1
  [run 1/6] warm-up — 23:11:46
  [run 1/6] warm-up done in 14s
  [run 2/6] recording — 23:12:00
  [run 2/6] done in 3s
  [run 3/6] recording — 23:12:03
  [run 3/6] done in 4s
  [run 4/6] recording — 23:12:07
  [run 4/6] done in 3s
  [run 5/6] recording — 23:12:10
  [run 5/6] done in 4s
  [run 6/6] recording — 23:12:14
  [run 6/6] done in 3s

# [eessi sdma=0] osu_allreduce  N=4  devices=0,1,2,3
  [run 1/6] warm-up — 23:12:17
  [run 1/6] warm-up done in 4s
  [run 2/6] recording — 23:12:21
  [run 2/6] done in 3s
  [run 3/6] recording — 23:12:24
  [run 3/6] done in 4s
  [run 4/6] recording — 23:12:28
  [run 4/6] done in 4s
  [run 5/6] recording — 23:12:32
  [run 5/6] done in 3s
  [run 6/6] recording — 23:12:35
  [run 6/6] done in 4s

# [eessi sdma=0] osu_allreduce  N=8  devices=0,1,2,3,4,5,6,7
  [run 1/6] warm-up — 23:12:39
  [run 1/6] warm-up done in 4s
  [run 2/6] recording — 23:12:43
  [run 2/6] done in 5s
  [run 3/6] recording — 23:12:48
  [run 3/6] done in 4s
  [run 4/6] recording — 23:12:52
  [run 4/6] done in 4s
  [run 5/6] recording — 23:12:56
  [run 5/6] done in 5s
  [run 6/6] recording — 23:13:01
  [run 6/6] done in 4s

# [eessi sdma=0] osu_alltoall  N=2  devices=0,1
  [run 1/6] warm-up — 23:13:05
  [run 1/6] warm-up done in 3s
  [run 2/6] recording — 23:13:08
  [run 2/6] done in 3s
  [run 3/6] recording — 23:13:11
  [run 3/6] done in 4s
  [run 4/6] recording — 23:13:15
  [run 4/6] done in 3s
  [run 5/6] recording — 23:13:18
  [run 5/6] done in 3s
  [run 6/6] recording — 23:13:21
  [run 6/6] done in 3s

# [eessi sdma=0] osu_alltoall  N=4  devices=0,1,2,3
  [run 1/6] warm-up — 23:13:24
  [run 1/6] warm-up done in 4s
  [run 2/6] recording — 23:13:28
  [run 2/6] done in 3s
  [run 3/6] recording — 23:13:31
  [run 3/6] done in 4s
  [run 4/6] recording — 23:13:35
  [run 4/6] done in 3s
  [run 5/6] recording — 23:13:38
  [run 5/6] done in 4s
  [run 6/6] recording — 23:13:42
  [run 6/6] done in 3s

# [eessi sdma=0] osu_alltoall  N=8  devices=0,1,2,3,4,5,6,7
  [run 1/6] warm-up — 23:13:45
  [run 1/6] warm-up done in 5s
  [run 2/6] recording — 23:13:50
  [run 2/6] done in 5s
  [run 3/6] recording — 23:13:55
  [run 3/6] done in 4s
  [run 4/6] recording — 23:13:59
  [run 4/6] done in 5s
  [run 5/6] recording — 23:14:04
  [run 5/6] done in 4s
  [run 6/6] recording — 23:14:08
  [run 6/6] done in 5s

# [eessi sdma=0] osu_bcast  N=2  devices=0,1
  [run 1/6] warm-up — 23:14:13
  [run 1/6] warm-up done in 3s
  [run 2/6] recording — 23:14:16
  [run 2/6] done in 3s
  [run 3/6] recording — 23:14:19
  [run 3/6] done in 3s
  [run 4/6] recording — 23:14:22
  [run 4/6] done in 4s
  [run 5/6] recording — 23:14:26
  [run 5/6] done in 3s
  [run 6/6] recording — 23:14:29
  [run 6/6] done in 3s

# [eessi sdma=0] osu_bcast  N=4  devices=0,1,2,3
  [run 1/6] warm-up — 23:14:32
  [run 1/6] warm-up done in 3s
  [run 2/6] recording — 23:14:35
  [run 2/6] done in 3s
  [run 3/6] recording — 23:14:38
  [run 3/6] done in 4s
  [run 4/6] recording — 23:14:42
  [run 4/6] done in 3s
  [run 5/6] recording — 23:14:45
  [run 5/6] done in 3s
  [run 6/6] recording — 23:14:48
  [run 6/6] done in 4s

# [eessi sdma=0] osu_bcast  N=8  devices=0,1,2,3,4,5,6,7
  [run 1/6] warm-up — 23:14:52
  [run 1/6] warm-up done in 3s
  [run 2/6] recording — 23:14:55
  [run 2/6] done in 4s
  [run 3/6] recording — 23:14:59
  [run 3/6] done in 4s
  [run 4/6] recording — 23:15:03
  [run 4/6] done in 4s
  [run 5/6] recording — 23:15:07
  [run 5/6] done in 3s
  [run 6/6] recording — 23:15:10
  [run 6/6] done in 4s

# [eessi sdma=0] osu_allgather  N=2  devices=0,1
  [run 1/6] warm-up — 23:15:14
  [run 1/6] warm-up done in 4s
  [run 2/6] recording — 23:15:18
  [run 2/6] done in 3s
  [run 3/6] recording — 23:15:21
  [run 3/6] done in 4s
  [run 4/6] recording — 23:15:25
  [run 4/6] done in 3s
  [run 5/6] recording — 23:15:28
  [run 5/6] done in 3s
  [run 6/6] recording — 23:15:31
  [run 6/6] done in 4s

# [eessi sdma=0] osu_allgather  N=4  devices=0,1,2,3
  [run 1/6] warm-up — 23:15:35
  [run 1/6] warm-up done in 4s
  [run 2/6] recording — 23:15:39
  [run 2/6] done in 3s
  [run 3/6] recording — 23:15:42
  [run 3/6] done in 4s
  [run 4/6] recording — 23:15:46
  [run 4/6] done in 4s
  [run 5/6] recording — 23:15:50
  [run 5/6] done in 3s
  [run 6/6] recording — 23:15:53
  [run 6/6] done in 4s

# [eessi sdma=0] osu_allgather  N=8  devices=0,1,2,3,4,5,6,7
  [run 1/6] warm-up — 23:15:57
  [run 1/6] warm-up done in 5s
  [run 2/6] recording — 23:16:02
  [run 2/6] done in 4s
  [run 3/6] recording — 23:16:06
  [run 3/6] done in 4s
  [run 4/6] recording — 23:16:10
  [run 4/6] done in 5s
  [run 5/6] recording — 23:16:15
  [run 5/6] done in 4s
  [run 6/6] recording — 23:16:19
  [run 6/6] done in 4s

ALL BENCHMARKS COMPLETE  CSV=results/osu_collectives_eessi_18636936.csv
