################# EESSI STACK (HSA_ENABLE_SDMA=0) ##################

# [eessi sdma=0] intra_pkg_OAM0  GCD(0,1) tier=intra_pkg links=4
  [run 1/6] warm-up — 20:50:25
  [run 1/6] warm-up done in 19s
  [run 2/6] recording — 20:50:44
  [run 2/6] done in 11s

# OSU MPI-ROCM Bi-Directional Bandwidth Test v7.5
# Datatype: MPI_CHAR.
# Size      Bandwidth (MB/s)
1                       3.77
2                       7.53
4                      15.09
8                      30.27
16                     56.73
32                    120.98
64                    222.31
128                   463.63
256                    61.27
512                   123.98
1024                  249.39
2048                  497.73
4096                  972.69
8192                 1826.76
16384                3650.11
32768                6860.10
65536               13241.35
131072              24657.96
262144              41511.52
524288              73261.89
1048576            114477.87
2097152            160588.42
4194304            225196.17
8388608            249465.78
16777216           268441.59
33554432           277687.64
67108864           281971.70
  [run 3/6] recording — 20:50:55
  [run 3/6] done in 10s

# OSU MPI-ROCM Bi-Directional Bandwidth Test v7.5
# Datatype: MPI_CHAR.
# Size      Bandwidth (MB/s)
1                       3.63
2                       7.26
4                      14.44
8                      29.14
16                     58.61
32                    116.93
64                    228.20
128                   448.51
256                    62.48
512                   124.83
1024                  248.46
2048                  497.48
4096                  941.52
8192                 1764.99
16384                3513.38
32768                6539.58
65536               12683.08
131072              23967.27
262144              41247.07
524288              73191.54
1048576            114770.02
2097152            161877.85
4194304            225501.40
8388608            249084.27
16777216           267413.73
33554432           277516.30
67108864           281252.78
  [run 4/6] recording — 20:51:05
  [run 4/6] done in 10s

# OSU MPI-ROCM Bi-Directional Bandwidth Test v7.5
# Datatype: MPI_CHAR.
# Size      Bandwidth (MB/s)
1                       3.68
2                       7.39
4                      14.80
8                      29.69
16                     59.55
32                    118.77
64                    232.78
128                   455.13
256                    62.17
512                   124.41
1024                  247.40
2048                  496.34
4096                  950.96
8192                 1798.99
16384                3581.65
32768                6757.96
65536               13064.69
131072              24249.34
262144              41470.93
524288              73611.77
1048576            114757.11
2097152            161108.41
4194304            225694.89
8388608            249217.88
16777216           268578.30
33554432           277862.31
67108864           281625.74
  [run 5/6] recording — 20:51:15
  [run 5/6] done in 10s

# OSU MPI-ROCM Bi-Directional Bandwidth Test v7.5
# Datatype: MPI_CHAR.
# Size      Bandwidth (MB/s)
1                       3.70
2                       7.38
4                      14.77
8                      28.24
16                     59.30
32                    118.51
64                    233.01
128                   455.78
256                    62.01
512                   123.47
1024                  241.79
2048                  491.65
4096                  933.91
8192                 1769.96
16384                3518.47
32768                6660.03
65536               12991.40
131072              23989.41
262144              41469.71
524288              73319.46
1048576            114640.59
2097152            161050.24
4194304            225722.59
8388608            249442.44
16777216           268444.23
33554432           277377.09
67108864           281221.93
  [run 6/6] recording — 20:51:25
  [run 6/6] done in 11s

# OSU MPI-ROCM Bi-Directional Bandwidth Test v7.5
# Datatype: MPI_CHAR.
# Size      Bandwidth (MB/s)
1                       3.74
2                       7.49
4                      15.01
8                      30.08
16                     59.97
32                    119.50
64                    235.90
128                   433.74
256                    61.02
512                   123.01
1024                  245.61
2048                  490.48
4096                  946.04
8192                 1760.03
16384                3503.52
32768                6559.09
65536               12742.98
131072              23853.35
262144              41366.77
524288              73219.57
1048576            114370.26
2097152            161118.19
4194304            225356.75
8388608            250411.07
16777216           268764.01
33554432           277444.70
67108864           281506.48

# [eessi sdma=0] intra_pkg_OAM1  GCD(2,3) tier=intra_pkg links=4
  [run 1/6] warm-up — 20:51:36
  [run 1/6] warm-up done in 10s
  [run 2/6] recording — 20:51:46
  [run 2/6] done in 10s

# OSU MPI-ROCM Bi-Directional Bandwidth Test v7.5
# Datatype: MPI_CHAR.
# Size      Bandwidth (MB/s)
1                       3.69
2                       7.38
4                      14.77
8                      29.59
16                     58.86
32                    118.61
64                    232.88
128                   438.08
256                    67.48
512                   135.66
1024                  275.97
2048                  548.24
4096                 1083.38
8192                 1997.08
16384                3935.58
32768                7317.83
65536               14203.52
131072              27005.66
262144              43864.69
524288              77855.25
1048576            119590.72
2097152            167015.24
4194304            226972.21
8388608            252441.18
16777216           270121.31
33554432           279024.59
67108864           282118.49
  [run 3/6] recording — 20:51:56
  [run 3/6] done in 10s

# OSU MPI-ROCM Bi-Directional Bandwidth Test v7.5
# Datatype: MPI_CHAR.
# Size      Bandwidth (MB/s)
1                       3.68
2                       7.33
4                      14.68
8                      29.48
16                     59.01
32                    117.87
64                    232.10
128                   427.74
256                    66.92
512                   134.56
1024                  272.46
2048                  548.87
4096                 1080.32
8192                 1980.25
16384                3947.18
32768                7376.30
65536               14288.01
131072              26787.81
262144              43667.64
524288              77634.47
1048576            119150.18
2097152            166367.64
4194304            226925.63
8388608            251254.56
16777216           269232.00
33554432           279020.44
67108864           282500.18
  [run 4/6] recording — 20:52:06
  [run 4/6] done in 10s

# OSU MPI-ROCM Bi-Directional Bandwidth Test v7.5
# Datatype: MPI_CHAR.
# Size      Bandwidth (MB/s)
1                       3.71
2                       7.46
4                      14.95
8                      29.68
16                     60.08
32                    120.12
64                    235.63
128                   462.04
256                    69.22
512                   138.41
1024                  276.50
2048                  553.13
4096                 1090.12
8192                 1996.25
16384                3979.75
32768                7482.43
65536               14491.64
131072              26873.16
262144              43803.30
524288              77998.83
1048576            119990.95
2097152            167267.00
4194304            227608.95
8388608            251461.76
16777216           270061.21
33554432           278869.68
67108864           282201.05
  [run 5/6] recording — 20:52:16
  [run 5/6] done in 10s

# OSU MPI-ROCM Bi-Directional Bandwidth Test v7.5
# Datatype: MPI_CHAR.
# Size      Bandwidth (MB/s)
1                       3.74
2                       7.47
4                      14.96
8                      30.00
16                     60.05
32                    120.00
64                    234.85
128                   459.90
256                    69.08
512                   138.81
1024                  274.06
2048                  551.84
4096                 1092.28
8192                 1984.69
16384                3939.50
32768                7407.17
65536               14246.92
131072              26331.87
262144              43765.94
524288              78113.65
1048576            119601.89
2097152            166444.61
4194304            227206.38
8388608            252631.10
16777216           269790.84
33554432           278826.59
67108864           282050.15
  [run 6/6] recording — 20:52:26
  [run 6/6] done in 11s

# OSU MPI-ROCM Bi-Directional Bandwidth Test v7.5
# Datatype: MPI_CHAR.
# Size      Bandwidth (MB/s)
1                       3.69
2                       7.41
4                      13.95
8                      29.70
16                     59.46
32                    118.57
64                    231.58
128                   454.07
256                    68.87
512                   137.80
1024                  274.92
2048                  550.90
4096                 1057.80
8192                 1988.05
16384                3967.91
32768                7399.15
65536               14332.49
131072              26670.79
262144              43668.24
524288              77586.98
1048576            119611.99
2097152            166812.11
4194304            227725.84
8388608            251888.70
16777216           270288.62
33554432           279118.57
67108864           282018.00

# [eessi sdma=0] intra_pkg_OAM2  GCD(4,5) tier=intra_pkg links=4
  [run 1/6] warm-up — 20:52:37
  [run 1/6] warm-up done in 10s
  [run 2/6] recording — 20:52:47
  [run 2/6] done in 10s

# OSU MPI-ROCM Bi-Directional Bandwidth Test v7.5
# Datatype: MPI_CHAR.
# Size      Bandwidth (MB/s)
1                       3.69
2                       7.42
4                      14.89
8                      29.84
16                     59.68
32                    119.23
64                    235.09
128                   458.51
256                    71.91
512                   143.09
1024                  287.40
2048                  573.63
4096                 1136.33
8192                 2052.35
16384                4077.08
32768                7692.28
65536               14797.54
131072              28002.69
262144              45464.47
524288              79925.93
1048576            121596.46
2097152            167816.49
4194304            227155.22
8388608            251348.16
16777216           270185.94
33554432           278153.50
67108864           282361.15
  [run 3/6] recording — 20:52:57
  [run 3/6] done in 10s

# OSU MPI-ROCM Bi-Directional Bandwidth Test v7.5
# Datatype: MPI_CHAR.
# Size      Bandwidth (MB/s)
1                       3.70
2                       7.41
4                      14.85
8                      29.76
16                     59.65
32                    117.96
64                    233.49
128                   457.08
256                    71.93
512                   143.69
1024                  286.60
2048                  573.31
4096                 1127.54
8192                 2072.84
16384                4135.70
32768                7762.22
65536               15029.07
131072              28247.18
262144              45319.56
524288              80206.81
1048576            121587.75
2097152            168224.77
4194304            227392.58
8388608            251965.53
16777216           270163.01
33554432           279379.66
67108864           282610.17
  [run 4/6] recording — 20:53:07
  [run 4/6] done in 10s

# OSU MPI-ROCM Bi-Directional Bandwidth Test v7.5
# Datatype: MPI_CHAR.
# Size      Bandwidth (MB/s)
1                       3.58
2                       7.16
4                      14.33
8                      28.75
16                     57.35
32                    114.73
64                    225.60
128                   421.94
256                    70.99
512                   142.56
1024                  283.52
2048                  567.78
4096                 1117.74
8192                 2059.02
16384                4124.02
32768                7668.99
65536               14944.69
131072              28017.87
262144              44586.89
524288              78969.26
1048576            121454.45
2097152            168524.67
4194304            228022.75
8388608            252840.60
16777216           269647.63
33554432           278757.31
67108864           282167.07
  [run 5/6] recording — 20:53:17
  [run 5/6] done in 10s

# OSU MPI-ROCM Bi-Directional Bandwidth Test v7.5
# Datatype: MPI_CHAR.
# Size      Bandwidth (MB/s)
1                       3.36
2                       6.72
4                      13.48
8                      25.39
16                     53.96
32                    108.01
64                    208.20
128                   402.39
256                    70.86
512                   143.22
1024                  283.33
2048                  569.49
4096                 1129.89
8192                 2060.62
16384                4111.21
32768                7636.39
65536               14742.99
131072              27338.90
262144              44361.32
524288              79215.17
1048576            120870.24
2097152            167844.21
4194304            228016.26
8388608            252557.80
16777216           270022.11
33554432           279304.72
67108864           282375.56
  [run 6/6] recording — 20:53:27
  [run 6/6] done in 10s

# OSU MPI-ROCM Bi-Directional Bandwidth Test v7.5
# Datatype: MPI_CHAR.
# Size      Bandwidth (MB/s)
1                       3.68
2                       7.37
4                      14.77
8                      29.42
16                     59.40
32                    118.70
64                    233.10
128                   424.62
256                    71.56
512                   143.53
1024                  285.99
2048                  573.41
4096                 1120.27
8192                 2053.77
16384                4107.31
32768                7650.47
65536               14850.53
131072              27660.76
262144              44678.09
524288              79543.32
1048576            121559.62
2097152            168470.69
4194304            228911.51
8388608            253635.33
16777216           270926.46
33554432           279487.27
67108864           282315.02

# [eessi sdma=0] inter_pkg_2link_06  GCD(0,6) tier=inter_pkg_2link links=2
  [run 1/6] warm-up — 20:53:37
  [run 1/6] warm-up done in 16s
  [run 2/6] recording — 20:53:53
  [run 2/6] done in 16s

# OSU MPI-ROCM Bi-Directional Bandwidth Test v7.5
# Datatype: MPI_CHAR.
# Size      Bandwidth (MB/s)
1                       3.59
2                       7.18
4                      14.37
8                      28.83
16                     54.77
32                    110.16
64                    226.36
128                   443.13
256                    60.17
512                   118.38
1024                  227.70
2048                  454.84
4096                  898.60
8192                 1738.89
16384                3400.01
32768                6162.58
65536               11769.78
131072              21692.64
262144              36120.84
524288              60351.10
1048576             83483.81
2097152            112445.34
4194304            132716.59
8388608            140249.23
16777216           144002.09
33554432           144964.77
67108864           145068.44
  [run 3/6] recording — 20:54:09
  [run 3/6] done in 16s

# OSU MPI-ROCM Bi-Directional Bandwidth Test v7.5
# Datatype: MPI_CHAR.
# Size      Bandwidth (MB/s)
1                       3.62
2                       6.85
4                      14.51
8                      27.55
16                     58.10
32                    109.98
64                    227.82
128                   444.91
256                    57.13
512                   115.03
1024                  230.34
2048                  452.01
4096                  898.81
8192                 1758.07
16384                3453.04
32768                6405.99
65536               12100.07
131072              21652.27
262144              36107.24
524288              60463.38
1048576             83393.96
2097152            112036.74
4194304            132820.85
8388608            140244.28
16777216           144055.96
33554432           145083.24
67108864           145044.87
  [run 4/6] recording — 20:54:25
  [run 4/6] done in 16s

# OSU MPI-ROCM Bi-Directional Bandwidth Test v7.5
# Datatype: MPI_CHAR.
# Size      Bandwidth (MB/s)
1                       3.71
2                       7.40
4                      14.85
8                      29.70
16                     59.42
32                    118.66
64                    219.48
128                   455.93
256                    57.06
512                   114.71
1024                  228.20
2048                  455.21
4096                  930.38
8192                 1781.03
16384                3462.84
32768                6518.14
65536               11783.58
131072              21544.74
262144              35958.64
524288              60464.73
1048576             83612.45
2097152            112931.88
4194304            132871.54
8388608            140364.08
16777216           144106.73
33554432           145100.89
67108864           145158.07
  [run 5/6] recording — 20:54:42
  [run 5/6] done in 17s

# OSU MPI-ROCM Bi-Directional Bandwidth Test v7.5
# Datatype: MPI_CHAR.
# Size      Bandwidth (MB/s)
1                       3.75
2                       7.52
4                      15.09
8                      30.20
16                     60.59
32                    120.85
64                    237.62
128                   457.87
256                    57.54
512                   115.60
1024                  229.43
2048                  449.64
4096                  917.48
8192                 1751.17
16384                3415.13
32768                6212.00
65536               11841.11
131072              21774.29
262144              36319.36
524288              60494.16
1048576             83518.58
2097152            111301.56
4194304            132752.63
8388608            140271.85
16777216           144104.54
33554432           145066.54
67108864           144913.77
  [run 6/6] recording — 20:54:58
  [run 6/6] done in 16s

# OSU MPI-ROCM Bi-Directional Bandwidth Test v7.5
# Datatype: MPI_CHAR.
# Size      Bandwidth (MB/s)
1                       3.60
2                       7.20
4                      13.94
8                      28.08
16                     55.58
32                    107.87
64                    211.75
128                   417.30
256                    55.87
512                   110.31
1024                  219.26
2048                  437.50
4096                  866.85
8192                 1726.69
16384                3422.10
32768                6231.48
65536               11851.27
131072              21686.64
262144              35939.37
524288              60374.62
1048576             83329.37
2097152            112266.54
4194304            132597.12
8388608            140185.10
16777216           144030.16
33554432           145226.83
67108864           145236.12

# [eessi sdma=0] inter_pkg_2link_24  GCD(2,4) tier=inter_pkg_2link links=2
  [run 1/6] warm-up — 20:55:14
  [run 1/6] warm-up done in 16s
  [run 2/6] recording — 20:55:30
  [run 2/6] done in 15s

# OSU MPI-ROCM Bi-Directional Bandwidth Test v7.5
# Datatype: MPI_CHAR.
# Size      Bandwidth (MB/s)
1                       3.69
2                       7.37
4                      14.78
8                      29.52
16                     59.11
32                    109.94
64                    235.08
128                   457.27
256                    68.41
512                   134.99
1024                  273.69
2048                  545.82
4096                 1096.06
8192                 1985.76
16384                3922.60
32768                7291.80
65536               13729.90
131072              23691.38
262144              38297.03
524288              63264.44
1048576             86276.87
2097152            113846.07
4194304            133015.01
8388608            140672.72
16777216           144688.95
33554432           145588.86
67108864           145337.70
  [run 3/6] recording — 20:55:45
  [run 3/6] done in 16s

# OSU MPI-ROCM Bi-Directional Bandwidth Test v7.5
# Datatype: MPI_CHAR.
# Size      Bandwidth (MB/s)
1                       3.76
2                       7.53
4                      15.08
8                      30.22
16                     60.49
32                    119.37
64                    237.55
128                   463.15
256                    69.37
512                   137.76
1024                  273.39
2048                  549.49
4096                 1089.18
8192                 2006.36
16384                3967.34
32768                7270.08
65536               13580.47
131072              23585.77
262144              38694.74
524288              63404.48
1048576             86272.12
2097152            114551.25
4194304            133184.99
8388608            140829.77
16777216           144477.96
33554432           145304.04
67108864           145002.56
  [run 4/6] recording — 20:56:01
  [run 4/6] done in 16s

# OSU MPI-ROCM Bi-Directional Bandwidth Test v7.5
# Datatype: MPI_CHAR.
# Size      Bandwidth (MB/s)
1                       3.66
2                       7.36
4                      14.76
8                      29.54
16                     59.08
32                    118.05
64                    232.41
128                   453.20
256                    68.29
512                   136.87
1024                  273.69
2048                  546.46
4096                 1088.15
8192                 1992.62
16384                3944.24
32768                7281.62
65536               13589.05
131072              23490.63
262144              38225.20
524288              63188.74
1048576             86153.54
2097152            114011.42
4194304            133242.20
8388608            140922.97
16777216           144737.06
33554432           145614.71
67108864           145386.05
  [run 5/6] recording — 20:56:17
  [run 5/6] done in 16s

# OSU MPI-ROCM Bi-Directional Bandwidth Test v7.5
# Datatype: MPI_CHAR.
# Size      Bandwidth (MB/s)
1                       3.76
2                       7.53
4                      15.10
8                      30.25
16                     60.40
32                    120.66
64                    237.78
128                   466.04
256                    69.26
512                   137.94
1024                  274.70
2048                  549.17
4096                 1070.45
8192                 1973.41
16384                3880.49
32768                7149.51
65536               13388.23
131072              23371.10
262144              38463.03
524288              63269.87
1048576             86250.99
2097152            114225.52
4194304            133092.03
8388608            140782.91
16777216           144524.00
33554432           145369.87
67108864           145105.10
  [run 6/6] recording — 20:56:33
  [run 6/6] done in 16s

# OSU MPI-ROCM Bi-Directional Bandwidth Test v7.5
# Datatype: MPI_CHAR.
# Size      Bandwidth (MB/s)
1                       3.71
2                       7.44
4                      14.91
8                      29.91
16                     59.98
32                    111.84
64                    235.05
128                   460.14
256                    68.01
512                   136.29
1024                  273.56
2048                  545.84
4096                 1074.96
8192                 1991.70
16384                3903.86
32768                7225.21
65536               13564.11
131072              23343.00
262144              38334.82
524288              62973.38
1048576             85838.30
2097152            113621.54
4194304            133132.48
8388608            140671.59
16777216           144555.70
33554432           145519.90
67108864           145261.08

# [eessi sdma=0] inter_pkg_1link_02  GCD(0,2) tier=inter_pkg_1link links=1
  [run 1/6] warm-up — 20:56:49
  [run 1/6] warm-up done in 28s
  [run 2/6] recording — 20:57:17
  [run 2/6] done in 28s

# OSU MPI-ROCM Bi-Directional Bandwidth Test v7.5
# Datatype: MPI_CHAR.
# Size      Bandwidth (MB/s)
1                       3.71
2                       7.45
4                      14.93
8                      29.89
16                     60.09
32                    120.09
64                    235.48
128                   460.93
256                    59.82
512                   114.71
1024                  224.53
2048                  447.49
4096                  902.09
8192                 1730.57
16384                3263.72
32768                5928.76
65536               10896.38
131072              19011.96
262144              29331.00
524288              42907.06
1048576             54205.80
2097152             66464.36
4194304             70996.02
8388608             72782.80
16777216            73399.64
33554432            73367.82
67108864            73049.37
  [run 3/6] recording — 20:57:45
  [run 3/6] done in 28s

# OSU MPI-ROCM Bi-Directional Bandwidth Test v7.5
# Datatype: MPI_CHAR.
# Size      Bandwidth (MB/s)
1                       3.71
2                       7.43
4                      14.89
8                      29.53
16                     59.77
32                    119.21
64                    234.36
128                   457.47
256                    56.70
512                   112.26
1024                  225.31
2048                  448.83
4096                  879.84
8192                 1697.14
16384                3230.43
32768                5909.79
65536               10909.33
131072              19001.04
262144              29451.19
524288              43049.54
1048576             54255.33
2097152             66223.94
4194304             71052.20
8388608             72757.37
16777216            73268.13
33554432            73147.43
67108864            72914.00
  [run 4/6] recording — 20:58:13
  [run 4/6] done in 27s

# OSU MPI-ROCM Bi-Directional Bandwidth Test v7.5
# Datatype: MPI_CHAR.
# Size      Bandwidth (MB/s)
1                       3.73
2                       7.49
4                      15.01
8                      30.11
16                     60.27
32                    119.33
64                    236.39
128                   460.64
256                    57.24
512                   111.20
1024                  221.89
2048                  445.27
4096                  875.04
8192                 1702.79
16384                3237.51
32768                6042.30
65536               10955.52
131072              19100.76
262144              29570.28
524288              43182.17
1048576             54511.61
2097152             66435.80
4194304             71044.20
8388608             72792.38
16777216            73513.69
33554432            73624.80
67108864            73342.91
  [run 5/6] recording — 20:58:40
  [run 5/6] done in 28s

# OSU MPI-ROCM Bi-Directional Bandwidth Test v7.5
# Datatype: MPI_CHAR.
# Size      Bandwidth (MB/s)
1                       3.45
2                       6.87
4                      13.27
8                      26.59
16                     52.01
32                    109.95
64                    205.14
128                   424.37
256                    57.34
512                   111.61
1024                  224.13
2048                  445.58
4096                  893.20
8192                 1716.98
16384                3233.88
32768                5887.21
65536               10887.63
131072              18965.26
262144              29403.30
524288              43026.99
1048576             54255.43
2097152             66574.83
4194304             71086.06
8388608             72765.29
16777216            73361.49
33554432            73223.06
67108864            72956.19
  [run 6/6] recording — 20:59:08
  [run 6/6] done in 28s

# OSU MPI-ROCM Bi-Directional Bandwidth Test v7.5
# Datatype: MPI_CHAR.
# Size      Bandwidth (MB/s)
1                       3.68
2                       7.36
4                      14.72
8                      29.48
16                     59.10
32                    118.12
64                    231.94
128                   433.45
256                    58.34
512                   114.34
1024                  223.91
2048                  444.72
4096                  886.32
8192                 1688.01
16384                3247.61
32768                5905.96
65536               10939.92
131072              19045.26
262144              29548.38
524288              43111.38
1048576             54240.00
2097152             66340.95
4194304             70970.43
8388608             72760.97
16777216            73402.24
33554432            73356.57
67108864            73055.97

# [eessi sdma=0] inter_pkg_1link_15  GCD(1,5) tier=inter_pkg_1link links=1
  [run 1/6] warm-up — 20:59:36
  [run 1/6] warm-up done in 28s
  [run 2/6] recording — 21:00:04
  [run 2/6] done in 28s

# OSU MPI-ROCM Bi-Directional Bandwidth Test v7.5
# Datatype: MPI_CHAR.
# Size      Bandwidth (MB/s)
1                       3.71
2                       7.40
4                      14.85
8                      29.76
16                     59.60
32                    119.08
64                    233.98
128                   456.12
256                    60.92
512                   122.49
1024                  243.84
2048                  487.29
4096                  956.03
8192                 1782.24
16384                3488.12
32768                6418.19
65536               11808.89
131072              20420.69
262144              30947.31
524288              44729.45
1048576             55464.80
2097152             67313.62
4194304             71565.09
8388608             73143.17
16777216            73776.51
33554432            73647.09
67108864            73228.27
  [run 3/6] recording — 21:00:32
  [run 3/6] done in 27s

# OSU MPI-ROCM Bi-Directional Bandwidth Test v7.5
# Datatype: MPI_CHAR.
# Size      Bandwidth (MB/s)
1                       3.68
2                       7.42
4                      14.88
8                      29.67
16                     59.52
32                    119.00
64                    233.57
128                   456.31
256                    61.55
512                   124.60
1024                  249.20
2048                  493.81
4096                  981.82
8192                 1813.60
16384                3567.27
32768                6545.41
65536               11987.03
131072              20720.77
262144              31266.65
524288              44999.55
1048576             55898.52
2097152             67454.23
4194304             71589.03
8388608             73142.95
16777216            73644.02
33554432            73429.66
67108864            73099.66
  [run 4/6] recording — 21:00:59
  [run 4/6] done in 28s

# OSU MPI-ROCM Bi-Directional Bandwidth Test v7.5
# Datatype: MPI_CHAR.
# Size      Bandwidth (MB/s)
1                       3.76
2                       7.53
4                      15.09
8                      30.21
16                     60.41
32                    120.61
64                    237.18
128                   462.82
256                    61.15
512                   122.41
1024                  247.19
2048                  494.97
4096                  977.15
8192                 1809.07
16384                3534.03
32768                6505.29
65536               11957.30
131072              20560.38
262144              31203.47
524288              44857.33
1048576             55726.38
2097152             67313.38
4194304             71555.91
8388608             73088.08
16777216            73654.21
33554432            73485.74
67108864            73143.47
  [run 5/6] recording — 21:01:27
  [run 5/6] done in 28s

# OSU MPI-ROCM Bi-Directional Bandwidth Test v7.5
# Datatype: MPI_CHAR.
# Size      Bandwidth (MB/s)
1                       3.75
2                       7.52
4                      15.02
8                      30.01
16                     60.39
32                    119.63
64                    237.01
128                   461.84
256                    62.24
512                   124.47
1024                  248.88
2048                  493.69
4096                  968.38
8192                 1800.21
16384                3526.60
32768                6490.20
65536               11921.60
131072              20509.23
262144              31191.43
524288              44893.51
1048576             55835.72
2097152             67446.89
4194304             71606.70
8388608             73093.44
16777216            73577.09
33554432            73391.88
67108864            73073.09
  [run 6/6] recording — 21:01:55
  [run 6/6] done in 27s

# OSU MPI-ROCM Bi-Directional Bandwidth Test v7.5
# Datatype: MPI_CHAR.
# Size      Bandwidth (MB/s)
1                       3.73
2                       7.45
4                      14.96
8                      29.98
16                     60.24
32                    113.82
64                    236.62
128                   462.26
256                    61.32
512                   124.17
1024                  247.34
2048                  494.56
4096                  969.40
8192                 1797.18
16384                3521.49
32768                6477.24
65536               11873.21
131072              20415.08
262144              31142.08
524288              44819.12
1048576             55567.17
2097152             67240.57
4194304             71512.78
8388608             73079.91
16777216            73632.24
33554432            73459.12
67108864            73107.56

# [eessi sdma=0] inter_pkg_1link_37  GCD(3,7) tier=inter_pkg_1link links=1
  [run 1/6] warm-up — 21:02:22
  [run 1/6] warm-up done in 28s
  [run 2/6] recording — 21:02:50
  [run 2/6] done in 27s

# OSU MPI-ROCM Bi-Directional Bandwidth Test v7.5
# Datatype: MPI_CHAR.
# Size      Bandwidth (MB/s)
1                       3.66
2                       7.33
4                      14.67
8                      29.38
16                     58.96
32                    117.65
64                    231.18
128                   450.91
256                    64.75
512                   130.09
1024                  257.61
2048                  514.25
4096                 1016.24
8192                 1881.38
16384                3689.91
32768                6756.01
65536               12337.37
131072              21235.53
262144              32075.16
524288              45756.91
1048576             56364.45
2097152             67297.69
4194304             71481.70
8388608             73783.93
16777216            74620.03
33554432            74484.31
67108864            73916.06
  [run 3/6] recording — 21:03:17
  [run 3/6] done in 28s

# OSU MPI-ROCM Bi-Directional Bandwidth Test v7.5
# Datatype: MPI_CHAR.
# Size      Bandwidth (MB/s)
1                       3.67
2                       7.34
4                      14.71
8                      29.45
16                     58.92
32                    117.58
64                    231.56
128                   451.71
256                    64.66
512                   129.26
1024                  255.81
2048                  506.71
4096                 1013.31
8192                 1862.56
16384                3613.11
32768                6663.38
65536               12265.28
131072              21146.71
262144              31968.35
524288              45471.37
1048576             56210.70
2097152             67168.88
4194304             71460.85
8388608             73768.89
16777216            74463.05
33554432            74306.28
67108864            73840.75
  [run 4/6] recording — 21:03:45
  [run 4/6] done in 27s

# OSU MPI-ROCM Bi-Directional Bandwidth Test v7.5
# Datatype: MPI_CHAR.
# Size      Bandwidth (MB/s)
1                       3.74
2                       7.49
4                      14.98
8                      30.04
16                     60.06
32                    120.04
64                    235.61
128                   458.54
256                    64.65
512                   129.49
1024                  254.02
2048                  509.34
4096                 1019.40
8192                 1883.25
16384                3655.84
32768                6683.47
65536               12293.08
131072              21214.42
262144              32048.29
524288              45749.50
1048576             56525.44
2097152             67344.45
4194304             71513.30
8388608             73808.18
16777216            74644.27
33554432            74554.07
67108864            74062.58
  [run 5/6] recording — 21:04:12
  [run 5/6] done in 28s

# OSU MPI-ROCM Bi-Directional Bandwidth Test v7.5
# Datatype: MPI_CHAR.
# Size      Bandwidth (MB/s)
1                       3.68
2                       7.37
4                      14.79
8                      29.59
16                     59.30
32                    118.35
64                    232.26
128                   453.92
256                    64.59
512                   128.90
1024                  256.22
2048                  507.21
4096                 1002.33
8192                 1849.29
16384                3604.89
32768                6641.63
65536               12188.32
131072              20903.93
262144              31792.86
524288              45424.71
1048576             56283.04
2097152             67462.49
4194304             71607.04
8388608             73777.79
16777216            74439.52
33554432            74282.68
67108864            73810.51
  [run 6/6] recording — 21:04:40
  [run 6/6] done in 27s

# OSU MPI-ROCM Bi-Directional Bandwidth Test v7.5
# Datatype: MPI_CHAR.
# Size      Bandwidth (MB/s)
1                       3.48
2                       6.99
4                      13.97
8                      28.00
16                     56.16
32                    112.18
64                    220.72
128                   430.62
256                    64.65
512                   129.50
1024                  256.39
2048                  511.88
4096                 1008.50
8192                 1860.75
16384                3640.67
32768                6668.72
65536               12247.33
131072              20973.72
262144              31763.60
524288              45459.12
1048576             56179.02
2097152             67344.61
4194304             71526.80
8388608             73761.04
16777216            74577.98
33554432            74491.01
67108864            73929.06

# [eessi sdma=0] inter_pkg_1link_57  GCD(5,7) tier=inter_pkg_1link links=1
  [run 1/6] warm-up — 21:05:07
  [run 1/6] warm-up done in 28s
  [run 2/6] recording — 21:05:35
  [run 2/6] done in 27s

# OSU MPI-ROCM Bi-Directional Bandwidth Test v7.5
# Datatype: MPI_CHAR.
# Size      Bandwidth (MB/s)
1                       3.61
2                       7.23
4                      14.46
8                      29.03
16                     58.20
32                    116.33
64                    227.01
128                   444.21
256                    64.68
512                   129.08
1024                  256.35
2048                  512.37
4096                 1008.05
8192                 1863.02
16384                3644.58
32768                6692.95
65536               12274.98
131072              21147.66
262144              31962.08
524288              45661.16
1048576             56607.08
2097152             67605.96
4194304             71658.87
8388608             73696.90
16777216            74634.47
33554432            74448.65
67108864            73899.13
  [run 3/6] recording — 21:06:02
  [run 3/6] done in 27s

# OSU MPI-ROCM Bi-Directional Bandwidth Test v7.5
# Datatype: MPI_CHAR.
# Size      Bandwidth (MB/s)
1                       3.61
2                       7.25
4                      14.51
8                      29.04
16                     58.33
32                    116.58
64                    228.64
128                   445.82
256                    64.31
512                   129.23
1024                  257.40
2048                  511.62
4096                 1014.50
8192                 1865.02
16384                3633.91
32768                6700.54
65536               12319.06
131072              21156.43
262144              31902.62
524288              45642.66
1048576             56369.02
2097152             67560.68
4194304             71711.89
8388608             73721.49
16777216            74603.15
33554432            74454.07
67108864            73956.66
  [run 4/6] recording — 21:06:29
  [run 4/6] done in 28s

# OSU MPI-ROCM Bi-Directional Bandwidth Test v7.5
# Datatype: MPI_CHAR.
# Size      Bandwidth (MB/s)
1                       3.62
2                       7.27
4                      13.50
8                      29.17
16                     55.22
32                    116.62
64                    216.42
128                   446.40
256                    64.06
512                   128.44
1024                  255.96
2048                  511.52
4096                 1003.17
8192                 1867.38
16384                3650.52
32768                6713.23
65536               12310.53
131072              21075.87
262144              31874.11
524288              45472.42
1048576             56281.71
2097152             67454.58
4194304             71598.71
8388608             73702.54
16777216            74624.62
33554432            74464.41
67108864            73926.46
  [run 5/6] recording — 21:06:57
  [run 5/6] done in 27s

# OSU MPI-ROCM Bi-Directional Bandwidth Test v7.5
# Datatype: MPI_CHAR.
# Size      Bandwidth (MB/s)
1                       3.65
2                       7.33
4                      14.67
8                      29.35
16                     58.87
32                    117.49
64                    230.42
128                   449.49
256                    63.53
512                   128.55
1024                  257.89
2048                  511.80
4096                 1010.81
8192                 1862.06
16384                3643.54
32768                6709.32
65536               12266.57
131072              21081.85
262144              31853.59
524288              45399.04
1048576             56146.24
2097152             67442.29
4194304             71581.17
8388608             73749.56
16777216            74587.71
33554432            74436.79
67108864            73932.96
  [run 6/6] recording — 21:07:24
  [run 6/6] done in 28s

# OSU MPI-ROCM Bi-Directional Bandwidth Test v7.5
# Datatype: MPI_CHAR.
# Size      Bandwidth (MB/s)
1                       3.60
2                       7.22
4                      13.54
8                      28.97
16                     54.13
32                    115.92
64                    211.73
128                   445.62
256                    63.66
512                   127.65
1024                  255.12
2048                  510.51
4096                 1017.13
8192                 1883.34
16384                3664.37
32768                6756.78
65536               12417.70
131072              21279.42
262144              31940.53
524288              45769.69
1048576             56439.85
2097152             67588.33
4194304             71667.68
8388608             73709.30
16777216            74670.69
33554432            74509.31
67108864            73947.94

# [eessi sdma=0] routed_07  GCD(0,7) tier=routed links=0
  [run 1/6] warm-up — 21:07:52
  [run 1/6] warm-up done in 18s
  [run 2/6] recording — 21:08:10
  [run 2/6] done in 18s

# OSU MPI-ROCM Bi-Directional Bandwidth Test v7.5
# Datatype: MPI_CHAR.
# Size      Bandwidth (MB/s)
1                       3.62
2                       7.20
4                      14.48
8                      29.02
16                     58.09
32                    115.95
64                    227.73
128                   444.02
256                    54.72
512                   109.36
1024                  217.19
2048                  427.65
4096                  861.97
8192                 1707.69
16384                3333.84
32768                6120.86
65536               11573.16
131072              21172.98
262144              34694.68
524288              55923.92
1048576             75296.83
2097152             97189.52
4194304            106737.89
8388608            112235.68
16777216           117196.10
33554432           122096.12
67108864           123816.36
  [run 3/6] recording — 21:08:28
  [run 3/6] done in 19s

# OSU MPI-ROCM Bi-Directional Bandwidth Test v7.5
# Datatype: MPI_CHAR.
# Size      Bandwidth (MB/s)
1                       3.61
2                       7.18
4                      14.39
8                      28.88
16                     57.71
32                    115.44
64                    226.61
128                   444.28
256                    54.77
512                   108.05
1024                  214.94
2048                  426.79
4096                  840.97
8192                 1675.95
16384                3265.35
32768                6043.09
65536               11472.88
131072              21125.54
262144              34650.06
524288              55837.78
1048576             75150.74
2097152             97131.06
4194304            106879.95
8388608            112171.25
16777216           117182.58
33554432           122101.52
67108864           123961.46
  [run 4/6] recording — 21:08:47
  [run 4/6] done in 18s

# OSU MPI-ROCM Bi-Directional Bandwidth Test v7.5
# Datatype: MPI_CHAR.
# Size      Bandwidth (MB/s)
1                       3.47
2                       6.92
4                      13.86
8                      27.77
16                     55.53
32                    111.05
64                    218.30
128                   427.15
256                    54.17
512                   107.58
1024                  213.22
2048                  417.99
4096                  837.50
8192                 1674.14
16384                3242.09
32768                6092.50
65536               11498.23
131072              20986.05
262144              34364.46
524288              55803.55
1048576             75099.45
2097152             96999.23
4194304            106671.27
8388608            112247.79
16777216           117129.10
33554432           122118.29
67108864           123798.04
  [run 5/6] recording — 21:09:05
  [run 5/6] done in 19s

# OSU MPI-ROCM Bi-Directional Bandwidth Test v7.5
# Datatype: MPI_CHAR.
# Size      Bandwidth (MB/s)
1                       3.68
2                       6.87
4                      13.87
8                      29.55
16                     55.33
32                    118.31
64                    232.46
128                   452.96
256                    55.15
512                   108.35
1024                  215.49
2048                  428.94
4096                  856.44
8192                 1678.66
16384                3278.94
32768                6088.39
65536               11515.27
131072              21186.88
262144              34855.51
524288              55778.60
1048576             75234.49
2097152             97277.98
4194304            106807.74
8388608            112172.74
16777216           117180.41
33554432           122087.29
67108864           123963.79
  [run 6/6] recording — 21:09:24
  [run 6/6] done in 18s

# OSU MPI-ROCM Bi-Directional Bandwidth Test v7.5
# Datatype: MPI_CHAR.
# Size      Bandwidth (MB/s)
1                       3.69
2                       7.37
4                      14.76
8                      29.55
16                     59.26
32                    118.31
64                    231.81
128                   454.49
256                    54.45
512                   108.37
1024                  214.68
2048                  423.55
4096                  841.79
8192                 1685.57
16384                3254.88
32768                6071.11
65536               11551.63
131072              21063.26
262144              34564.18
524288              55846.50
1048576             75172.98
2097152             97092.76
4194304            106587.18
8388608            112185.87
16777216           117047.39
33554432           122027.24
67108864           123839.40

# [eessi sdma=0] routed_03  GCD(0,3) tier=routed links=0
  [run 1/6] warm-up — 21:09:42
  [run 1/6] warm-up done in 32s
  [run 2/6] recording — 21:10:14
  [run 2/6] done in 31s

# OSU MPI-ROCM Bi-Directional Bandwidth Test v7.5
# Datatype: MPI_CHAR.
# Size      Bandwidth (MB/s)
1                       3.66
2                       7.41
4                      14.86
8                      29.79
16                     59.74
32                    119.26
64                    233.92
128                   455.00
256                    54.39
512                   108.57
1024                  214.44
2048                  426.55
4096                  836.78
8192                 1625.68
16384                3165.82
32768                5822.51
65536               10686.83
131072              18382.12
262144              27894.19
524288              39314.14
1048576             48130.29
2097152             56684.93
4194304             59600.09
8388608             61628.71
16777216            63042.16
33554432            63763.65
67108864            64116.55
  [run 3/6] recording — 21:10:45
  [run 3/6] done in 32s

# OSU MPI-ROCM Bi-Directional Bandwidth Test v7.5
# Datatype: MPI_CHAR.
# Size      Bandwidth (MB/s)
1                       3.65
2                       7.34
4                      14.67
8                      29.47
16                     58.88
32                    117.58
64                    231.58
128                   452.26
256                    54.11
512                   108.02
1024                  212.24
2048                  423.06
4096                  834.02
8192                 1631.20
16384                3176.22
32768                5813.22
65536               10685.13
131072              18445.11
262144              27917.27
524288              39375.04
1048576             47943.92
2097152             56527.70
4194304             59575.66
8388608             61614.15
16777216            63042.07
33554432            63762.36
67108864            64126.94
  [run 4/6] recording — 21:11:17
  [run 4/6] done in 31s

# OSU MPI-ROCM Bi-Directional Bandwidth Test v7.5
# Datatype: MPI_CHAR.
# Size      Bandwidth (MB/s)
1                       3.59
2                       7.20
4                      14.41
8                      28.86
16                     57.88
32                    115.68
64                    227.94
128                   445.64
256                    53.69
512                   107.26
1024                  212.76
2048                  425.75
4096                  844.12
8192                 1648.85
16384                3203.22
32768                5888.07
65536               10694.41
131072              18294.28
262144              27703.86
524288              39249.69
1048576             47953.39
2097152             56477.45
4194304             59554.11
8388608             61606.53
16777216            63029.62
33554432            63757.33
67108864            64130.57
  [run 5/6] recording — 21:11:48
  [run 5/6] done in 32s

# OSU MPI-ROCM Bi-Directional Bandwidth Test v7.5
# Datatype: MPI_CHAR.
# Size      Bandwidth (MB/s)
1                       3.71
2                       7.40
4                      14.88
8                      29.54
16                     59.57
32                    119.11
64                    233.84
128                   454.95
256                    53.30
512                   106.36
1024                  208.81
2048                  417.51
4096                  832.82
8192                 1614.99
16384                3126.14
32768                5812.18
65536               10652.24
131072              18361.47
262144              27881.33
524288              39373.95
1048576             48002.90
2097152             56487.51
4194304             59561.26
8388608             61610.05
16777216            63039.43
33554432            63757.95
67108864            64128.31
  [run 6/6] recording — 21:12:20
  [run 6/6] done in 31s

# OSU MPI-ROCM Bi-Directional Bandwidth Test v7.5
# Datatype: MPI_CHAR.
# Size      Bandwidth (MB/s)
1                       3.71
2                       7.42
4                      14.86
8                      29.73
16                     59.64
32                    119.23
64                    233.53
128                   455.92
256                    53.95
512                   107.84
1024                  212.90
2048                  422.89
4096                  857.47
8192                 1662.56
16384                3203.14
32768                5862.73
65536               10728.82
131072              18369.58
262144              27859.15
524288              39358.43
1048576             48112.03
2097152             56472.30
4194304             59537.10
8388608             61602.87
16777216            63024.61
33554432            63753.74
67108864            64129.67

# [eessi sdma=0] routed_17  GCD(1,7) tier=routed links=0
  [run 1/6] warm-up — 21:12:51
  [run 1/6] warm-up done in 18s
  [run 2/6] recording — 21:13:09
  [run 2/6] done in 18s

# OSU MPI-ROCM Bi-Directional Bandwidth Test v7.5
# Datatype: MPI_CHAR.
# Size      Bandwidth (MB/s)
1                       3.64
2                       7.27
4                      14.59
8                      27.48
16                     58.60
32                    117.17
64                    230.41
128                   452.13
256                    59.10
512                   117.39
1024                  235.33
2048                  473.10
4096                  938.57
8192                 1739.10
16384                3446.72
32768                6465.58
65536               12246.30
131072              22404.94
262144              36722.68
524288              58404.26
1048576             77608.48
2097152             99564.38
4194304            113172.25
8388608            118817.81
16777216           121907.95
33554432           123557.99
67108864           124316.52
  [run 3/6] recording — 21:13:27
  [run 3/6] done in 18s

# OSU MPI-ROCM Bi-Directional Bandwidth Test v7.5
# Datatype: MPI_CHAR.
# Size      Bandwidth (MB/s)
1                       3.63
2                       7.25
4                      14.52
8                      29.11
16                     58.33
32                    116.42
64                    228.49
128                   447.50
256                    59.83
512                   120.06
1024                  239.18
2048                  477.64
4096                  941.31
8192                 1752.19
16384                3471.45
32768                6523.77
65536               12378.55
131072              22461.40
262144              36768.47
524288              59622.22
1048576             78758.89
2097152             99758.35
4194304            113320.50
8388608            118885.53
16777216           121948.78
33554432           123575.61
67108864           124332.78
  [run 4/6] recording — 21:13:45
  [run 4/6] done in 18s

# OSU MPI-ROCM Bi-Directional Bandwidth Test v7.5
# Datatype: MPI_CHAR.
# Size      Bandwidth (MB/s)
1                       3.69
2                       7.37
4                      14.75
8                      29.61
16                     59.14
32                    118.31
64                    232.46
128                   452.83
256                    59.30
512                   120.05
1024                  237.10
2048                  470.91
4096                  938.60
8192                 1746.32
16384                3490.12
32768                6527.83
65536               12411.62
131072              22582.41
262144              36933.45
524288              59402.45
1048576             78923.34
2097152             99210.54
4194304            113318.66
8388608            118935.76
16777216           121984.08
33554432           123565.47
67108864           124308.84
  [run 5/6] recording — 21:14:03
  [run 5/6] done in 19s

# OSU MPI-ROCM Bi-Directional Bandwidth Test v7.5
# Datatype: MPI_CHAR.
# Size      Bandwidth (MB/s)
1                       3.61
2                       7.22
4                      14.50
8                      29.02
16                     58.15
32                    116.14
64                    227.75
128                   442.10
256                    59.74
512                   120.06
1024                  239.09
2048                  478.06
4096                  953.86
8192                 1779.12
16384                3522.06
32768                6612.17
65536               12539.32
131072              22704.80
262144              37101.13
524288              59576.46
1048576             78720.95
2097152             99973.33
4194304            113215.75
8388608            118831.71
16777216           121924.61
33554432           123583.27
67108864           124329.59
  [run 6/6] recording — 21:14:22
  [run 6/6] done in 18s

# OSU MPI-ROCM Bi-Directional Bandwidth Test v7.5
# Datatype: MPI_CHAR.
# Size      Bandwidth (MB/s)
1                       3.62
2                       7.26
4                      14.56
8                      27.36
16                     58.31
32                    116.54
64                    229.22
128                   424.05
256                    59.16
512                   119.36
1024                  238.13
2048                  477.34
4096                  938.43
8192                 1750.84
16384                3464.73
32768                6492.37
65536               12371.35
131072              22441.54
262144              36732.98
524288              59156.41
1048576             78494.37
2097152             99528.97
4194304            113407.86
8388608            118975.80
16777216           121987.82
33554432           123593.46
67108864           124323.58
ALL BENCHMARKS COMPLETE  CSV=results/osu_bibw_eessi_18634053.csv
