
# [eessi sdma=0 UCX_RNDV_THRESH=DEFAULT] intra_pkg_OAM0  GCD(0,1)
  [run 1/4] warm-up — 01:08:59
  [run 1/4] warm-up done in 21s
  [run 2/4] recording — 01:09:20
  [run 2/4] done in 10s

# OSU MPI-ROCM Bandwidth Test v7.5
# Datatype: MPI_CHAR.
# Size      Bandwidth (MB/s)
1                       3.02
2                       6.06
4                      12.98
8                      24.36
16                     53.17
32                    106.68
64                    211.23
128                   418.69
256                    30.14
512                    59.88
1024                  119.78
2048                  240.80
4096                  483.61
8192                  923.73
16384                1821.09
32768                3456.63
65536                6643.66
131072              12339.06
262144              21184.43
524288              37770.67
1048576             57728.16
2097152             82672.18
4194304            116585.76
8388608            132002.63
16777216           141949.60
33554432           147601.28
67108864           150035.79
  [run 3/4] recording — 01:09:30
  [run 3/4] done in 10s

# OSU MPI-ROCM Bandwidth Test v7.5
# Datatype: MPI_CHAR.
# Size      Bandwidth (MB/s)
1                       3.01
2                       6.01
4                      12.83
8                      26.22
16                     52.73
32                    105.28
64                    208.69
128                   414.25
256                    30.36
512                    60.79
1024                  120.04
2048                  238.46
4096                  466.49
8192                  915.89
16384                1815.11
32768                3416.73
65536                6633.45
131072              12274.70
262144              21192.97
524288              37691.14
1048576             57714.61
2097152             82748.90
4194304            116735.56
8388608            131481.80
16777216           141826.70
33554432           147213.61
67108864           149669.37
  [run 4/4] recording — 01:09:40
  [run 4/4] done in 10s

# OSU MPI-ROCM Bandwidth Test v7.5
# Datatype: MPI_CHAR.
# Size      Bandwidth (MB/s)
1                       3.09
2                       5.60
4                      13.20
8                      27.19
16                     54.33
32                    108.92
64                    214.48
128                   425.94
256                    29.83
512                    59.65
1024                  119.19
2048                  238.53
4096                  475.76
8192                  916.14
16384                1806.43
32768                3386.23
65536                6694.09
131072              12297.20
262144              21166.20
524288              37926.00
1048576             57877.24
2097152             82549.75
4194304            116390.92
8388608            131504.98
16777216           141955.54
33554432           147497.27
67108864           149800.67

# [eessi sdma=0 UCX_RNDV_THRESH=1024] intra_pkg_OAM0  GCD(0,1)
  [run 1/4] warm-up — 01:09:50
  [run 1/4] warm-up done in 10s
  [run 2/4] recording — 01:10:00
  [run 2/4] done in 10s

# OSU MPI-ROCM Bandwidth Test v7.5
# Datatype: MPI_CHAR.
# Size      Bandwidth (MB/s)
1                       3.04
2                       6.09
4                      13.04
8                      24.06
16                     52.84
32                    107.19
64                    212.09
128                   419.36
256                   817.91
512                    42.80
1024                  118.87
2048                  236.63
4096                  457.83
8192                  904.44
16384                1799.16
32768                3467.86
65536                6567.17
131072              12215.65
262144              21021.59
524288              37723.19
1048576             57658.04
2097152             82510.50
4194304            116492.88
8388608            131567.80
16777216           141821.55
33554432           147348.93
67108864           149777.87
  [run 3/4] recording — 01:10:10
  [run 3/4] done in 10s

# OSU MPI-ROCM Bandwidth Test v7.5
# Datatype: MPI_CHAR.
# Size      Bandwidth (MB/s)
1                       3.04
2                       6.10
4                      13.08
8                      26.91
16                     53.73
32                    108.07
64                    213.67
128                   417.70
256                   822.00
512                    43.04
1024                  125.73
2048                  251.54
4096                  496.05
8192                  927.94
16384                1834.17
32768                3307.28
65536                6629.60
131072              12511.26
262144              21137.81
524288              37675.01
1048576             57814.90
2097152             82690.30
4194304            116725.36
8388608            131619.17
16777216           141704.22
33554432           147194.49
67108864           149543.57
  [run 4/4] recording — 01:10:20
  [run 4/4] done in 10s

# OSU MPI-ROCM Bandwidth Test v7.5
# Datatype: MPI_CHAR.
# Size      Bandwidth (MB/s)
1                       3.07
2                       6.13
4                      13.14
8                      27.00
16                     53.95
32                    107.88
64                    214.40
128                   425.37
256                   830.53
512                    43.06
1024                  124.30
2048                  248.27
4096                  479.61
8192                  905.95
16384                1792.09
32768                3439.01
65536                6607.21
131072              12232.07
262144              21115.09
524288              37826.08
1048576             57684.35
2097152             82429.98
4194304            116499.33
8388608            131589.49
16777216           141578.01
33554432           147252.12
67108864           149713.28

# [eessi sdma=0 UCX_RNDV_THRESH=2048] intra_pkg_OAM0  GCD(0,1)
  [run 1/4] warm-up — 01:10:30
  [run 1/4] warm-up done in 9s
  [run 2/4] recording — 01:10:39
  [run 2/4] done in 10s

# OSU MPI-ROCM Bandwidth Test v7.5
# Datatype: MPI_CHAR.
# Size      Bandwidth (MB/s)
1                       3.04
2                       6.16
4                      13.14
8                      26.94
16                     53.96
32                    108.26
64                    214.76
128                   425.97
256                   839.16
512                    42.88
1024                   85.79
2048                  249.16
4096                  481.23
8192                  914.01
16384                1806.98
32768                3386.42
65536                6655.82
131072              12081.59
262144              21140.84
524288              37744.14
1048576             57682.84
2097152             82488.16
4194304            116504.47
8388608            131663.65
16777216           141768.76
33554432           147363.57
67108864           149759.78
  [run 3/4] recording — 01:10:49
  [run 3/4] done in 10s

# OSU MPI-ROCM Bandwidth Test v7.5
# Datatype: MPI_CHAR.
# Size      Bandwidth (MB/s)
1                       3.06
2                       5.64
4                      13.12
8                      26.88
16                     53.74
32                    107.98
64                    213.89
128                   421.30
256                   824.88
512                    42.97
1024                   86.06
2048                  237.53
4096                  468.89
8192                  908.73
16384                1808.45
32768                3322.51
65536                6577.39
131072              12377.96
262144              21233.76
524288              37899.82
1048576             57969.23
2097152             82675.61
4194304            116645.94
8388608            131173.98
16777216           141621.65
33554432           146899.89
67108864           149427.33
  [run 4/4] recording — 01:10:59
  [run 4/4] done in 10s

# OSU MPI-ROCM Bandwidth Test v7.5
# Datatype: MPI_CHAR.
# Size      Bandwidth (MB/s)
1                       3.09
2                       6.21
4                      13.33
8                      27.19
16                     54.90
32                    109.48
64                    218.07
128                   427.02
256                   841.22
512                    43.02
1024                   86.16
2048                  238.32
4096                  483.08
8192                  913.85
16384                1809.44
32768                3442.59
65536                6693.87
131072              12242.84
262144              21138.62
524288              37976.52
1048576             57852.85
2097152             82507.88
4194304            116326.98
8388608            131557.43
16777216           141791.86
33554432           147284.03
67108864           149645.68

# [eessi sdma=0 UCX_RNDV_THRESH=4096] intra_pkg_OAM0  GCD(0,1)
  [run 1/4] warm-up — 01:11:09
  [run 1/4] warm-up done in 10s
  [run 2/4] recording — 01:11:19
  [run 2/4] done in 10s

# OSU MPI-ROCM Bandwidth Test v7.5
# Datatype: MPI_CHAR.
# Size      Bandwidth (MB/s)
1                       3.05
2                       6.16
4                      13.16
8                      27.00
16                     54.19
32                    108.29
64                    215.93
128                   423.40
256                   833.22
512                    42.96
1024                   86.12
2048                  172.40
4096                  485.71
8192                  913.43
16384                1798.30
32768                3369.00
65536                6506.11
131072              12098.08
262144              21194.28
524288              37901.40
1048576             57829.95
2097152             82655.62
4194304            116263.45
8388608            131486.73
16777216           141846.47
33554432           147465.22
67108864           149825.65
  [run 3/4] recording — 01:11:29
  [run 3/4] done in 10s

# OSU MPI-ROCM Bandwidth Test v7.5
# Datatype: MPI_CHAR.
# Size      Bandwidth (MB/s)
1                       3.06
2                       6.19
4                      13.19
8                      27.10
16                     54.18
32                    108.57
64                    215.11
128                   424.08
256                   832.41
512                    43.11
1024                   86.38
2048                  172.63
4096                  467.25
8192                  901.28
16384                1786.66
32768                3280.98
65536                6418.44
131072              12099.24
262144              21201.33
524288              37861.10
1048576             58046.32
2097152             82734.73
4194304            116688.87
8388608            131379.40
16777216           141827.61
33554432           147270.12
67108864           149733.46
  [run 4/4] recording — 01:11:39
  [run 4/4] done in 10s

# OSU MPI-ROCM Bandwidth Test v7.5
# Datatype: MPI_CHAR.
# Size      Bandwidth (MB/s)
1                       3.03
2                       6.05
4                      12.96
8                      26.59
16                     53.05
32                    106.66
64                    210.79
128                   413.71
256                   755.85
512                    42.96
1024                   85.92
2048                  172.05
4096                  481.76
8192                  922.41
16384                1820.74
32768                3488.62
65536                6710.68
131072              12272.86
262144              21064.00
524288              37695.40
1048576             57959.48
2097152             82793.78
4194304            116545.29
8388608            131789.81
16777216           141899.56
33554432           147260.08
67108864           149644.22

# [eessi sdma=0 UCX_RNDV_THRESH=8192] intra_pkg_OAM0  GCD(0,1)
  [run 1/4] warm-up — 01:11:49
  [run 1/4] warm-up done in 10s
  [run 2/4] recording — 01:11:59
  [run 2/4] done in 9s

# OSU MPI-ROCM Bandwidth Test v7.5
# Datatype: MPI_CHAR.
# Size      Bandwidth (MB/s)
1                       3.09
2                       6.14
4                      13.13
8                      27.00
16                     54.09
32                     98.29
64                    214.59
128                   424.25
256                   831.59
512                    42.88
1024                   86.01
2048                  172.23
4096                  344.85
8192                  927.64
16384                1847.67
32768                3433.91
65536                6625.08
131072              12070.76
262144              20999.68
524288              37696.23
1048576             57672.64
2097152             82416.89
4194304            116445.42
8388608            131723.59
16777216           141050.43
33554432           147030.03
67108864           149711.39
  [run 3/4] recording — 01:12:08
  [run 3/4] done in 10s

# OSU MPI-ROCM Bandwidth Test v7.5
# Datatype: MPI_CHAR.
# Size      Bandwidth (MB/s)
1                       2.94
2                       5.34
4                      12.50
8                      25.65
16                     51.65
32                    103.49
64                    205.29
128                   407.94
256                   798.13
512                    43.03
1024                   86.03
2048                  171.27
4096                  342.00
8192                  916.73
16384                1833.60
32768                3378.77
65536                6545.38
131072              12207.48
262144              21134.11
524288              37701.80
1048576             57735.84
2097152             82267.27
4194304            116609.26
8388608            131835.01
16777216           141719.21
33554432           147352.71
67108864           149895.70
  [run 4/4] recording — 01:12:18
  [run 4/4] done in 10s

# OSU MPI-ROCM Bandwidth Test v7.5
# Datatype: MPI_CHAR.
# Size      Bandwidth (MB/s)
1                       3.12
2                       6.25
4                      13.29
8                      27.38
16                     54.94
32                    110.20
64                    218.74
128                   432.59
256                   849.75
512                    43.00
1024                   86.15
2048                  172.20
4096                  343.84
8192                  925.32
16384                1841.41
32768                3403.95
65536                6640.42
131072              12325.14
262144              21229.63
524288              38119.41
1048576             58036.77
2097152             82676.32
4194304            116860.00
8388608            131810.08
16777216           141218.40
33554432           147025.33
67108864           149654.67

# [eessi sdma=0 UCX_RNDV_THRESH=16384] intra_pkg_OAM0  GCD(0,1)
  [run 1/4] warm-up — 01:12:28
  [run 1/4] warm-up done in 10s
  [run 2/4] recording — 01:12:38
  [run 2/4] done in 10s

# OSU MPI-ROCM Bandwidth Test v7.5
# Datatype: MPI_CHAR.
# Size      Bandwidth (MB/s)
1                       3.04
2                       6.08
4                      12.98
8                      26.68
16                     53.44
32                    107.15
64                    212.34
128                   419.30
256                   823.08
512                    43.03
1024                   86.09
2048                  171.88
4096                  340.24
8192                  650.59
16384                1826.84
32768                3400.39
65536                6671.91
131072              12236.36
262144              21105.91
524288              37659.10
1048576             57707.33
2097152             82523.20
4194304            116677.85
8388608            131654.35
16777216           141628.36
33554432           147361.73
67108864           149872.37
  [run 3/4] recording — 01:12:48
  [run 3/4] done in 10s

# OSU MPI-ROCM Bandwidth Test v7.5
# Datatype: MPI_CHAR.
# Size      Bandwidth (MB/s)
1                       3.07
2                       6.16
4                      13.16
8                      26.92
16                     54.09
32                    107.87
64                    215.04
128                   421.70
256                   832.89
512                    43.06
1024                   86.20
2048                  172.40
4096                  339.66
8192                  648.57
16384                1792.13
32768                3358.41
65536                6574.05
131072              12182.82
262144              21131.59
524288              37684.79
1048576             57938.67
2097152             82644.95
4194304            116756.62
8388608            131017.79
16777216           141709.59
33554432           147229.68
67108864           149771.19
  [run 4/4] recording — 01:12:58
  [run 4/4] done in 10s

# OSU MPI-ROCM Bandwidth Test v7.5
# Datatype: MPI_CHAR.
# Size      Bandwidth (MB/s)
1                       3.04
2                       6.11
4                      13.01
8                      26.69
16                     53.57
32                    107.25
64                    212.53
128                   416.63
256                   754.80
512                    42.86
1024                   85.79
2048                  171.96
4096                  339.64
8192                  650.44
16384                1828.19
32768                3398.19
65536                6451.90
131072              12195.62
262144              20988.40
524288              37625.05
1048576             57717.22
2097152             82813.48
4194304            116486.15
8388608            131564.36
16777216           141215.75
33554432           146936.83
67108864           149700.15
ALL BENCHMARKS COMPLETE  CSV=results/osu_protocol_eessi_18638878.csv
