################# NATIVE STACK (HSA_ENABLE_SDMA=0) #################

# [native sdma=0] osu_allreduce  N=2  devices=0,1
  [run 1/6] warm-up — 23:11:37
  [run 1/6] warm-up done in 3s
  [run 2/6] recording — 23:11:40
  [run 2/6] done in 1s

# OSU MPI-ROCM Allreduce Latency Test v7.5
# Datatype: MPI_INT.
# Size       Avg Latency(us)
4                       0.95
8                       0.95
16                      0.95
32                      0.95
64                      0.95
128                     0.95
256                     3.29
512                     3.51
1024                    4.14
2048                    4.01
4096                    6.34
8192                   42.85
16384                  44.53
32768                  50.58
65536                  61.07
131072                 86.46
262144                 89.84
524288                 93.83
1048576                99.21
  [run 3/6] recording — 23:11:41
  [run 3/6] done in 1s

# OSU MPI-ROCM Allreduce Latency Test v7.5
# Datatype: MPI_INT.
# Size       Avg Latency(us)
4                       0.94
8                       0.95
16                      0.94
32                      0.94
64                      0.96
128                     0.97
256                     3.32
512                     3.53
1024                    4.08
2048                    3.88
4096                    6.31
8192                   43.14
16384                  45.37
32768                  51.52
65536                  59.72
131072                 86.08
262144                 89.81
524288                 93.27
1048576                98.79
  [run 4/6] recording — 23:11:42
  [run 4/6] done in 1s

# OSU MPI-ROCM Allreduce Latency Test v7.5
# Datatype: MPI_INT.
# Size       Avg Latency(us)
4                       0.97
8                       0.97
16                      0.95
32                      0.97
64                      0.95
128                     0.99
256                     3.34
512                     3.52
1024                    4.09
2048                    3.94
4096                    6.39
8192                   42.77
16384                  44.61
32768                  50.75
65536                  60.21
131072                 86.23
262144                 89.50
524288                 93.66
1048576                99.51
  [run 5/6] recording — 23:11:43
  [run 5/6] done in 1s

# OSU MPI-ROCM Allreduce Latency Test v7.5
# Datatype: MPI_INT.
# Size       Avg Latency(us)
4                       0.94
8                       0.95
16                      0.96
32                      0.93
64                      0.93
128                     0.97
256                     3.29
512                     3.59
1024                    4.47
2048                    4.11
4096                    6.31
8192                   42.84
16384                  44.73
32768                  51.13
65536                  59.88
131072                 86.93
262144                 89.65
524288                 94.21
1048576                99.13
  [run 6/6] recording — 23:11:44
  [run 6/6] done in 1s

# OSU MPI-ROCM Allreduce Latency Test v7.5
# Datatype: MPI_INT.
# Size       Avg Latency(us)
4                       0.96
8                       0.97
16                      0.95
32                      0.95
64                      0.95
128                     0.98
256                     3.29
512                     3.50
1024                    4.06
2048                    3.88
4096                    6.08
8192                   42.91
16384                  44.27
32768                  50.82
65536                  60.28
131072                 86.16
262144                 90.36
524288                 93.62
1048576                99.14

# [native sdma=0] osu_allreduce  N=4  devices=0,1,2,3
  [run 1/6] warm-up — 23:11:45
  [run 1/6] warm-up done in 1s
  [run 2/6] recording — 23:11:46
  [run 2/6] done in 1s

# OSU MPI-ROCM Allreduce Latency Test v7.5
# Datatype: MPI_INT.
# Size       Avg Latency(us)
4                       1.57
8                       1.48
16                      1.47
32                      1.49
64                      1.56
128                     1.65
256                     5.41
512                     5.78
1024                    6.47
2048                    6.72
4096                   11.86
8192                   48.80
16384                  51.63
32768                  59.28
65536                  74.15
131072                145.58
262144                155.60
524288                174.81
1048576               217.56
  [run 3/6] recording — 23:11:47
  [run 3/6] done in 1s

# OSU MPI-ROCM Allreduce Latency Test v7.5
# Datatype: MPI_INT.
# Size       Avg Latency(us)
4                       1.58
8                       1.48
16                      1.47
32                      1.48
64                      1.50
128                     1.61
256                     5.72
512                     6.06
1024                    6.69
2048                    7.21
4096                   12.15
8192                   50.21
16384                  53.25
32768                  61.12
65536                  76.51
131072                145.85
262144                156.08
524288                175.80
1048576               219.33
  [run 4/6] recording — 23:11:48
  [run 4/6] done in 1s

# OSU MPI-ROCM Allreduce Latency Test v7.5
# Datatype: MPI_INT.
# Size       Avg Latency(us)
4                       1.54
8                       1.46
16                      1.47
32                      1.50
64                      1.47
128                     1.61
256                     5.47
512                     5.84
1024                    6.73
2048                    6.96
4096                   12.17
8192                   49.97
16384                  52.28
32768                  59.32
65536                  75.27
131072                146.44
262144                155.99
524288                176.07
1048576               217.58
  [run 5/6] recording — 23:11:49
  [run 5/6] done in 1s

# OSU MPI-ROCM Allreduce Latency Test v7.5
# Datatype: MPI_INT.
# Size       Avg Latency(us)
4                       1.55
8                       1.46
16                      1.45
32                      1.46
64                      1.48
128                     1.56
256                     5.60
512                     6.03
1024                    6.85
2048                    6.95
4096                   12.01
8192                   49.80
16384                  53.63
32768                  61.57
65536                  75.85
131072                144.93
262144                156.36
524288                175.76
1048576               217.25
  [run 6/6] recording — 23:11:50
  [run 6/6] done in 2s

# OSU MPI-ROCM Allreduce Latency Test v7.5
# Datatype: MPI_INT.
# Size       Avg Latency(us)
4                       1.56
8                       1.47
16                      1.46
32                      1.48
64                      1.48
128                     1.59
256                     5.78
512                     5.89
1024                    6.53
2048                    6.90
4096                   12.53
8192                   49.59
16384                  51.30
32768                  59.71
65536                  74.70
131072                146.09
262144                156.15
524288                175.47
1048576               218.29

# [native sdma=0] osu_allreduce  N=8  devices=0,1,2,3,4,5,6,7
  [run 1/6] warm-up — 23:11:52
  [run 1/6] warm-up done in 1s
  [run 2/6] recording — 23:11:53
  [run 2/6] done in 2s

# OSU MPI-ROCM Allreduce Latency Test v7.5
# Datatype: MPI_INT.
# Size       Avg Latency(us)
4                       2.74
8                       2.58
16                      2.47
32                      2.49
64                      2.55
128                     2.67
256                     8.25
512                     8.91
1024                    9.81
2048                   11.52
4096                   17.98
8192                   58.99
16384                  63.30
32768                  72.89
65536                  92.41
131072                213.79
262144                226.40
524288                253.60
1048576               324.49
  [run 3/6] recording — 23:11:55
  [run 3/6] done in 1s

# OSU MPI-ROCM Allreduce Latency Test v7.5
# Datatype: MPI_INT.
# Size       Avg Latency(us)
4                       2.73
8                       2.49
16                      2.47
32                      2.52
64                      2.59
128                     2.71
256                     8.26
512                     9.16
1024                   10.13
2048                   11.87
4096                   18.01
8192                   59.61
16384                  64.37
32768                  74.23
65536                  92.21
131072                214.48
262144                231.27
524288                258.81
1048576               325.42
  [run 4/6] recording — 23:11:56
  [run 4/6] done in 2s

# OSU MPI-ROCM Allreduce Latency Test v7.5
# Datatype: MPI_INT.
# Size       Avg Latency(us)
4                       2.72
8                       2.60
16                      2.50
32                      2.49
64                      2.58
128                     2.68
256                     8.29
512                     8.88
1024                   10.26
2048                   11.69
4096                   17.92
8192                   59.18
16384                  63.57
32768                  73.31
65536                  91.61
131072                214.04
262144                225.98
524288                253.05
1048576               324.47
  [run 5/6] recording — 23:11:58
  [run 5/6] done in 1s

# OSU MPI-ROCM Allreduce Latency Test v7.5
# Datatype: MPI_INT.
# Size       Avg Latency(us)
4                       2.75
8                       2.58
16                      2.51
32                      2.52
64                      2.52
128                     2.67
256                     8.46
512                     8.95
1024                    9.99
2048                   11.74
4096                   17.70
8192                   59.17
16384                  63.99
32768                  74.62
65536                  91.78
131072                215.14
262144                225.46
524288                252.36
1048576               326.04
  [run 6/6] recording — 23:11:59
  [run 6/6] done in 1s

# OSU MPI-ROCM Allreduce Latency Test v7.5
# Datatype: MPI_INT.
# Size       Avg Latency(us)
4                       2.77
8                       2.51
16                      2.52
32                      2.49
64                      2.55
128                     2.71
256                     8.43
512                     8.94
1024                   10.19
2048                   11.79
4096                   18.02
8192                   59.36
16384                  63.72
32768                  73.24
65536                  92.13
131072                214.15
262144                226.65
524288                253.29
1048576               326.36

# [native sdma=0] osu_alltoall  N=2  devices=0,1
  [run 1/6] warm-up — 23:12:00
  [run 1/6] warm-up done in 1s
  [run 2/6] recording — 23:12:01
  [run 2/6] done in 1s

# OSU MPI-ROCM All-to-All Personalized Exchange Latency Test v7.5
# Datatype: MPI_CHAR.
# Size       Avg Latency(us)
1                       0.71
2                       0.71
4                       0.72
8                       0.72
16                      0.71
32                      0.76
64                      0.80
128                     0.82
256                     1.79
512                     1.93
1024                    3.82
2048                    3.91
4096                    3.97
8192                   32.31
16384                  32.18
32768                  33.21
65536                  33.68
131072                 34.47
262144                 37.28
524288                 38.93
1048576                44.19
  [run 3/6] recording — 23:12:02
  [run 3/6] done in 2s

# OSU MPI-ROCM All-to-All Personalized Exchange Latency Test v7.5
# Datatype: MPI_CHAR.
# Size       Avg Latency(us)
1                       0.71
2                       0.73
4                       0.71
8                       0.71
16                      0.73
32                      0.75
64                      0.78
128                     0.81
256                     1.81
512                     1.92
1024                    4.09
2048                    3.96
4096                    4.03
8192                   32.57
16384                  33.18
32768                  33.23
65536                  33.74
131072                 34.74
262144                 37.43
524288                 39.12
1048576                44.86
  [run 4/6] recording — 23:12:04
  [run 4/6] done in 1s

# OSU MPI-ROCM All-to-All Personalized Exchange Latency Test v7.5
# Datatype: MPI_CHAR.
# Size       Avg Latency(us)
1                       0.73
2                       0.73
4                       0.73
8                       0.81
16                      0.74
32                      0.77
64                      0.84
128                     0.86
256                     1.77
512                     2.00
1024                    3.82
2048                    3.90
4096                    3.98
8192                   32.50
16384                  32.43
32768                  33.44
65536                  33.80
131072                 34.57
262144                 37.63
524288                 39.18
1048576                44.13
  [run 5/6] recording — 23:12:05
  [run 5/6] done in 0s

# OSU MPI-ROCM All-to-All Personalized Exchange Latency Test v7.5
# Datatype: MPI_CHAR.
# Size       Avg Latency(us)
1                       0.72
2                       0.74
4                       0.72
8                       0.73
16                      0.72
32                      0.75
64                      0.76
128                     0.79
256                     1.78
512                     1.89
1024                    3.84
2048                    3.91
4096                    4.00
8192                   32.28
16384                  32.27
32768                  33.23
65536                  33.63
131072                 34.48
262144                 37.23
524288                 38.95
1048576                44.03
  [run 6/6] recording — 23:12:05
  [run 6/6] done in 1s

# OSU MPI-ROCM All-to-All Personalized Exchange Latency Test v7.5
# Datatype: MPI_CHAR.
# Size       Avg Latency(us)
1                       0.72
2                       0.72
4                       0.72
8                       0.73
16                      0.71
32                      0.76
64                      0.78
128                     0.82
256                     1.80
512                     1.91
1024                    3.79
2048                    3.87
4096                    3.99
8192                   32.34
16384                  32.27
32768                  33.65
65536                  33.81
131072                 34.52
262144                 37.41
524288                 39.01
1048576                44.01

# [native sdma=0] osu_alltoall  N=4  devices=0,1,2,3
  [run 1/6] warm-up — 23:12:06
  [run 1/6] warm-up done in 2s
  [run 2/6] recording — 23:12:08
  [run 2/6] done in 1s

# OSU MPI-ROCM All-to-All Personalized Exchange Latency Test v7.5
# Datatype: MPI_CHAR.
# Size       Avg Latency(us)
1                       3.17
2                       3.20
4                       3.22
8                       3.20
16                      3.19
32                      3.33
64                      3.48
128                     3.57
256                     8.61
512                     8.88
1024                   13.49
2048                   13.71
4096                   13.98
8192                   85.43
16384                  85.30
32768                  89.10
65536                  91.76
131072                 96.90
262144                112.55
524288                126.62
1048576               160.51
  [run 3/6] recording — 23:12:09
  [run 3/6] done in 1s

# OSU MPI-ROCM All-to-All Personalized Exchange Latency Test v7.5
# Datatype: MPI_CHAR.
# Size       Avg Latency(us)
1                       3.22
2                       3.27
4                       3.21
8                       3.22
16                      3.23
32                      3.35
64                      3.63
128                     3.57
256                     8.52
512                     8.87
1024                   13.54
2048                   13.51
4096                   13.98
8192                   81.53
16384                  82.73
32768                  84.63
65536                  87.22
131072                 92.40
262144                104.92
524288                120.26
1048576               160.92
  [run 4/6] recording — 23:12:10
  [run 4/6] done in 2s

# OSU MPI-ROCM All-to-All Personalized Exchange Latency Test v7.5
# Datatype: MPI_CHAR.
# Size       Avg Latency(us)
1                       3.22
2                       3.23
4                       3.23
8                       3.23
16                      3.23
32                      3.46
64                      3.60
128                     3.70
256                     8.63
512                     8.90
1024                   13.52
2048                   13.73
4096                   13.96
8192                   80.68
16384                  81.48
32768                  83.55
65536                  86.44
131072                 90.77
262144                102.50
524288                118.32
1048576               157.20
  [run 5/6] recording — 23:12:12
  [run 5/6] done in 1s

# OSU MPI-ROCM All-to-All Personalized Exchange Latency Test v7.5
# Datatype: MPI_CHAR.
# Size       Avg Latency(us)
1                       3.31
2                       3.36
4                       3.21
8                       3.34
16                      3.30
32                      3.33
64                      3.60
128                     3.56
256                     8.39
512                     8.66
1024                   13.71
2048                   13.61
4096                   13.97
8192                   81.05
16384                  82.47
32768                  83.77
65536                  86.96
131072                 91.34
262144                102.71
524288                118.76
1048576               158.40
  [run 6/6] recording — 23:12:13
  [run 6/6] done in 1s

# OSU MPI-ROCM All-to-All Personalized Exchange Latency Test v7.5
# Datatype: MPI_CHAR.
# Size       Avg Latency(us)
1                       3.20
2                       3.21
4                       3.21
8                       3.22
16                      3.22
32                      3.33
64                      3.47
128                     3.56
256                     8.54
512                     8.84
1024                   13.67
2048                   13.60
4096                   13.95
8192                   80.83
16384                  81.81
32768                  84.12
65536                  87.06
131072                 91.10
262144                103.24
524288                118.56
1048576               157.78

# [native sdma=0] osu_alltoall  N=8  devices=0,1,2,3,4,5,6,7
  [run 1/6] warm-up — 23:12:14
  [run 1/6] warm-up done in 3s
  [run 2/6] recording — 23:12:17
  [run 2/6] done in 1s

# OSU MPI-ROCM All-to-All Personalized Exchange Latency Test v7.5
# Datatype: MPI_CHAR.
# Size       Avg Latency(us)
1                       5.94
2                       5.98
4                       5.96
8                       6.05
16                      6.39
32                      6.35
64                      7.01
128                     7.85
256                    11.45
512                    12.26
1024                   41.55
2048                   41.29
4096                   43.95
8192                  179.22
16384                 180.34
32768                 185.91
65536                 199.55
131072                204.06
262144                236.66
524288                290.90
1048576               428.18
  [run 3/6] recording — 23:12:18
  [run 3/6] done in 3s

# OSU MPI-ROCM All-to-All Personalized Exchange Latency Test v7.5
# Datatype: MPI_CHAR.
# Size       Avg Latency(us)
1                       5.95
2                       5.96
4                       6.02
8                       6.17
16                      6.25
32                      6.40
64                      7.13
128                     7.78
256                    11.11
512                    12.24
1024                   40.13
2048                   41.69
4096                   47.24
8192                  179.02
16384                 179.02
32768                 184.36
65536                 199.24
131072                203.19
262144                235.29
524288                289.80
1048576               426.62
  [run 4/6] recording — 23:12:21
  [run 4/6] done in 2s

# OSU MPI-ROCM All-to-All Personalized Exchange Latency Test v7.5
# Datatype: MPI_CHAR.
# Size       Avg Latency(us)
1                       5.94
2                       5.94
4                       5.94
8                       6.09
16                      6.23
32                      6.43
64                      7.08
128                     7.86
256                    11.51
512                    12.23
1024                   42.02
2048                   42.94
4096                   44.82
8192                  179.44
16384                 180.04
32768                 186.67
65536                 200.24
131072                203.77
262144                235.96
524288                290.31
1048576               432.13
  [run 5/6] recording — 23:12:23
  [run 5/6] done in 2s

# OSU MPI-ROCM All-to-All Personalized Exchange Latency Test v7.5
# Datatype: MPI_CHAR.
# Size       Avg Latency(us)
1                       5.98
2                       5.87
4                       5.92
8                       6.10
16                      6.16
32                      6.27
64                      7.08
128                     7.73
256                    11.00
512                    12.07
1024                   41.20
2048                   42.01
4096                   44.45
8192                  180.79
16384                 182.28
32768                 188.15
65536                 201.93
131072                207.60
262144                239.55
524288                291.69
1048576               428.91
  [run 6/6] recording — 23:12:25
  [run 6/6] done in 2s

# OSU MPI-ROCM All-to-All Personalized Exchange Latency Test v7.5
# Datatype: MPI_CHAR.
# Size       Avg Latency(us)
1                       5.85
2                       5.84
4                       5.88
8                       6.08
16                      6.10
32                      6.18
64                      7.08
128                     7.54
256                    11.02
512                    12.08
1024                   41.10
2048                   41.20
4096                   43.43
8192                  186.56
16384                 187.75
32768                 193.36
65536                 206.56
131072                211.81
262144                242.58
524288                296.13
1048576               429.77

# [native sdma=0] osu_bcast  N=2  devices=0,1
  [run 1/6] warm-up — 23:12:27
  [run 1/6] warm-up done in 1s
  [run 2/6] recording — 23:12:28
  [run 2/6] done in 1s

# OSU MPI-ROCM Broadcast Latency Test v7.5
# Datatype: MPI_CHAR.
# Size       Avg Latency(us)
1                       0.25
2                       0.25
4                       0.25
8                       0.25
16                      0.25
32                      0.25
64                      0.25
128                     0.26
256                     0.31
512                     0.84
1024                    2.48
2048                    2.50
4096                    2.54
8192                   14.43
16384                  14.48
32768                  14.92
65536                  15.04
131072                 15.66
262144                 17.28
524288                 18.82
1048576                23.09
  [run 3/6] recording — 23:12:29
  [run 3/6] done in 0s

# OSU MPI-ROCM Broadcast Latency Test v7.5
# Datatype: MPI_CHAR.
# Size       Avg Latency(us)
1                       0.25
2                       0.25
4                       0.25
8                       0.25
16                      0.25
32                      0.25
64                      0.25
128                     0.25
256                     0.30
512                     0.80
1024                    2.52
2048                    2.52
4096                    2.56
8192                   14.55
16384                  14.42
32768                  14.94
65536                  15.10
131072                 16.04
262144                 17.59
524288                 18.66
1048576                23.02
  [run 4/6] recording — 23:12:29
  [run 4/6] done in 1s

# OSU MPI-ROCM Broadcast Latency Test v7.5
# Datatype: MPI_CHAR.
# Size       Avg Latency(us)
1                       0.25
2                       0.25
4                       0.25
8                       0.25
16                      0.25
32                      0.25
64                      0.25
128                     0.25
256                     0.31
512                     0.80
1024                    2.52
2048                    2.53
4096                    2.57
8192                   14.46
16384                  14.48
32768                  14.96
65536                  15.17
131072                 15.74
262144                 17.32
524288                 18.83
1048576                23.13
  [run 5/6] recording — 23:12:30
  [run 5/6] done in 2s

# OSU MPI-ROCM Broadcast Latency Test v7.5
# Datatype: MPI_CHAR.
# Size       Avg Latency(us)
1                       0.25
2                       0.25
4                       0.25
8                       0.25
16                      0.25
32                      0.25
64                      0.25
128                     0.25
256                     0.31
512                     0.81
1024                    2.51
2048                    2.53
4096                    2.57
8192                   14.45
16384                  14.50
32768                  14.95
65536                  15.24
131072                 15.71
262144                 17.29
524288                 18.87
1048576                23.13
  [run 6/6] recording — 23:12:32
  [run 6/6] done in 1s

# OSU MPI-ROCM Broadcast Latency Test v7.5
# Datatype: MPI_CHAR.
# Size       Avg Latency(us)
1                       0.25
2                       0.25
4                       0.25
8                       0.25
16                      0.25
32                      0.25
64                      0.25
128                     0.25
256                     0.31
512                     0.83
1024                    2.54
2048                    2.55
4096                    2.55
8192                   14.38
16384                  14.40
32768                  14.90
65536                  15.08
131072                 15.49
262144                 17.28
524288                 18.75
1048576                23.00

# [native sdma=0] osu_bcast  N=4  devices=0,1,2,3
  [run 1/6] warm-up — 23:12:33
  [run 1/6] warm-up done in 0s
  [run 2/6] recording — 23:12:33
  [run 2/6] done in 1s

# OSU MPI-ROCM Broadcast Latency Test v7.5
# Datatype: MPI_CHAR.
# Size       Avg Latency(us)
1                       0.35
2                       0.34
4                       0.34
8                       0.34
16                      0.35
32                      0.36
64                      0.34
128                     0.35
256                     0.41
512                     1.67
1024                    5.02
2048                    5.23
4096                    5.75
8192                   24.14
16384                  24.40
32768                  25.62
65536                  26.95
131072                 29.35
262144                 35.50
524288                 46.43
1048576                70.86
  [run 3/6] recording — 23:12:34
  [run 3/6] done in 2s

# OSU MPI-ROCM Broadcast Latency Test v7.5
# Datatype: MPI_CHAR.
# Size       Avg Latency(us)
1                       0.39
2                       0.35
4                       0.34
8                       0.34
16                      0.35
32                      0.35
64                      0.35
128                     0.35
256                     0.39
512                     1.70
1024                    5.07
2048                    5.33
4096                    5.97
8192                   24.64
16384                  24.55
32768                  26.07
65536                  27.52
131072                 29.46
262144                 36.12
524288                 47.42
1048576                70.40
  [run 4/6] recording — 23:12:36
  [run 4/6] done in 1s

# OSU MPI-ROCM Broadcast Latency Test v7.5
# Datatype: MPI_CHAR.
# Size       Avg Latency(us)
1                       0.34
2                       0.34
4                       0.36
8                       0.34
16                      0.34
32                      0.34
64                      0.34
128                     0.36
256                     0.40
512                     1.57
1024                    4.97
2048                    5.18
4096                    5.95
8192                   24.27
16384                  24.61
32768                  25.47
65536                  27.02
131072                 29.81
262144                 36.69
524288                 47.71
1048576                70.66
  [run 5/6] recording — 23:12:37
  [run 5/6] done in 1s

# OSU MPI-ROCM Broadcast Latency Test v7.5
# Datatype: MPI_CHAR.
# Size       Avg Latency(us)
1                       0.34
2                       0.34
4                       0.35
8                       0.35
16                      0.35
32                      0.34
64                      0.34
128                     0.35
256                     0.39
512                     1.58
1024                    4.93
2048                    5.20
4096                    5.71
8192                   24.29
16384                  24.63
32768                  25.65
65536                  26.93
131072                 29.44
262144                 35.61
524288                 47.13
1048576                70.35
  [run 6/6] recording — 23:12:38
  [run 6/6] done in 1s

# OSU MPI-ROCM Broadcast Latency Test v7.5
# Datatype: MPI_CHAR.
# Size       Avg Latency(us)
1                       0.35
2                       0.35
4                       0.35
8                       0.35
16                      0.34
32                      0.35
64                      0.35
128                     0.35
256                     0.39
512                     1.67
1024                    4.99
2048                    5.22
4096                    5.74
8192                   24.85
16384                  25.22
32768                  26.99
65536                  27.23
131072                 29.93
262144                 35.96
524288                 47.14
1048576                71.75

# [native sdma=0] osu_bcast  N=8  devices=0,1,2,3,4,5,6,7
  [run 1/6] warm-up — 23:12:39
  [run 1/6] warm-up done in 1s
  [run 2/6] recording — 23:12:40
  [run 2/6] done in 2s

# OSU MPI-ROCM Broadcast Latency Test v7.5
# Datatype: MPI_CHAR.
# Size       Avg Latency(us)
1                       0.47
2                       0.46
4                       0.50
8                       0.48
16                      0.48
32                      0.45
64                      0.46
128                     0.47
256                     0.54
512                     2.55
1024                    8.35
2048                    9.01
4096                    9.86
8192                   50.80
16384                  51.08
32768                  51.59
65536                  52.91
131072                 57.73
262144                 74.50
524288                 94.40
1048576               137.20
  [run 3/6] recording — 23:12:42
  [run 3/6] done in 1s

# OSU MPI-ROCM Broadcast Latency Test v7.5
# Datatype: MPI_CHAR.
# Size       Avg Latency(us)
1                       0.47
2                       0.47
4                       0.48
8                       0.48
16                      0.48
32                      0.49
64                      0.47
128                     0.47
256                     0.56
512                     2.53
1024                    8.19
2048                    8.77
4096                    9.89
8192                   50.45
16384                  51.05
32768                  50.79
65536                  51.35
131072                 55.98
262144                 71.68
524288                 95.32
1048576               139.94
  [run 4/6] recording — 23:12:43
  [run 4/6] done in 1s

# OSU MPI-ROCM Broadcast Latency Test v7.5
# Datatype: MPI_CHAR.
# Size       Avg Latency(us)
1                       0.46
2                       0.47
4                       0.48
8                       0.48
16                      0.48
32                      0.48
64                      0.47
128                     0.49
256                     0.60
512                     2.42
1024                    7.95
2048                    8.77
4096                    9.60
8192                   49.73
16384                  50.80
32768                  50.62
65536                  51.97
131072                 56.76
262144                 71.82
524288                 96.69
1048576               143.42
  [run 5/6] recording — 23:12:44
  [run 5/6] done in 2s

# OSU MPI-ROCM Broadcast Latency Test v7.5
# Datatype: MPI_CHAR.
# Size       Avg Latency(us)
1                       0.47
2                       0.48
4                       0.49
8                       0.48
16                      0.47
32                      0.47
64                      0.47
128                     0.49
256                     0.57
512                     2.63
1024                    8.35
2048                    9.00
4096                    9.82
8192                   49.79
16384                  50.74
32768                  51.77
65536                  51.96
131072                 56.27
262144                 67.99
524288                 93.53
1048576               134.59
  [run 6/6] recording — 23:12:46
  [run 6/6] done in 1s

# OSU MPI-ROCM Broadcast Latency Test v7.5
# Datatype: MPI_CHAR.
# Size       Avg Latency(us)
1                       0.45
2                       0.48
4                       0.47
8                       0.49
16                      0.49
32                      0.47
64                      0.47
128                     0.49
256                     0.57
512                     2.55
1024                    8.15
2048                    8.82
4096                    9.75
8192                   47.51
16384                  48.71
32768                  50.92
65536                  52.72
131072                 57.18
262144                 71.75
524288                 96.06
1048576               138.69

# [native sdma=0] osu_allgather  N=2  devices=0,1
  [run 1/6] warm-up — 23:12:47
  [run 1/6] warm-up done in 1s
  [run 2/6] recording — 23:12:48
  [run 2/6] done in 1s

# OSU MPI-ROCM Allgather Latency Test v7.5
# Datatype: MPI_CHAR.
# Size       Avg Latency(us)
1                       0.73
2                       0.73
4                       0.73
8                       0.74
16                      0.73
32                      0.81
64                      0.86
128                     0.90
256                     2.14
512                     2.23
1024                    5.08
2048                    6.02
4096                    7.12
8192                   32.31
16384                  31.99
32768                  33.09
65536                  33.68
131072                 34.21
262144                 37.13
524288                 38.95
1048576                44.02
  [run 3/6] recording — 23:12:49
  [run 3/6] done in 1s

# OSU MPI-ROCM Allgather Latency Test v7.5
# Datatype: MPI_CHAR.
# Size       Avg Latency(us)
1                       0.71
2                       0.73
4                       0.72
8                       0.73
16                      0.72
32                      0.80
64                      0.86
128                     0.88
256                     2.13
512                     2.23
1024                    5.12
2048                    5.97
4096                    7.14
8192                   32.33
16384                  32.38
32768                  33.08
65536                  33.56
131072                 34.13
262144                 37.63
524288                 38.67
1048576                43.82
  [run 4/6] recording — 23:12:50
  [run 4/6] done in 0s

# OSU MPI-ROCM Allgather Latency Test v7.5
# Datatype: MPI_CHAR.
# Size       Avg Latency(us)
1                       0.72
2                       0.74
4                       0.73
8                       0.74
16                      0.73
32                      0.81
64                      0.86
128                     0.90
256                     2.22
512                     2.20
1024                    4.98
2048                    6.01
4096                    7.13
8192                   32.22
16384                  32.05
32768                  33.16
65536                  33.48
131072                 34.13
262144                 37.00
524288                 38.72
1048576                43.93
  [run 5/6] recording — 23:12:50
  [run 5/6] done in 2s

# OSU MPI-ROCM Allgather Latency Test v7.5
# Datatype: MPI_CHAR.
# Size       Avg Latency(us)
1                       0.72
2                       0.73
4                       0.73
8                       0.82
16                      0.73
32                      0.82
64                      0.84
128                     0.89
256                     2.15
512                     2.22
1024                    5.17
2048                    6.05
4096                    7.17
8192                   32.43
16384                  32.28
32768                  33.27
65536                  33.69
131072                 34.36
262144                 37.24
524288                 38.93
1048576                43.76
  [run 6/6] recording — 23:12:52
  [run 6/6] done in 1s

# OSU MPI-ROCM Allgather Latency Test v7.5
# Datatype: MPI_CHAR.
# Size       Avg Latency(us)
1                       0.73
2                       0.73
4                       0.72
8                       0.73
16                      0.72
32                      0.81
64                      0.86
128                     0.88
256                     2.16
512                     2.23
1024                    5.08
2048                    5.93
4096                    7.10
8192                   32.24
16384                  32.16
32768                  33.20
65536                  33.63
131072                 34.34
262144                 37.29
524288                 38.80
1048576                43.98

# [native sdma=0] osu_allgather  N=4  devices=0,1,2,3
  [run 1/6] warm-up — 23:12:53
  [run 1/6] warm-up done in 1s
  [run 2/6] recording — 23:12:54
  [run 2/6] done in 1s

# OSU MPI-ROCM Allgather Latency Test v7.5
# Datatype: MPI_CHAR.
# Size       Avg Latency(us)
1                       2.10
2                       2.07
4                       2.16
8                       2.06
16                      2.07
32                      2.17
64                      2.35
128                     3.71
256                     5.45
512                     8.45
1024                   11.43
2048                   12.77
4096                   27.15
8192                   51.73
16384                  52.55
32768                  54.27
65536                  56.01
131072                 98.90
262144                110.33
524288                128.50
1048576               175.91
  [run 3/6] recording — 23:12:55
  [run 3/6] done in 1s

# OSU MPI-ROCM Allgather Latency Test v7.5
# Datatype: MPI_CHAR.
# Size       Avg Latency(us)
1                       2.16
2                       2.05
4                       2.05
8                       2.04
16                      2.15
32                      2.16
64                      2.36
128                     3.70
256                     5.69
512                     8.61
1024                   11.32
2048                   12.72
4096                   26.88
8192                   51.44
16384                  52.21
32768                  54.38
65536                  56.37
131072                 98.77
262144                110.79
524288                128.51
1048576               175.99
  [run 4/6] recording — 23:12:56
  [run 4/6] done in 1s

# OSU MPI-ROCM Allgather Latency Test v7.5
# Datatype: MPI_CHAR.
# Size       Avg Latency(us)
1                       2.11
2                       2.08
4                       2.08
8                       2.19
16                      2.09
32                      2.19
64                      2.30
128                     3.67
256                     5.53
512                     8.38
1024                   11.19
2048                   13.07
4096                   27.19
8192                   50.71
16384                  51.69
32768                  54.14
65536                  55.32
131072                 98.68
262144                111.17
524288                128.07
1048576               175.13
  [run 5/6] recording — 23:12:57
  [run 5/6] done in 1s

# OSU MPI-ROCM Allgather Latency Test v7.5
# Datatype: MPI_CHAR.
# Size       Avg Latency(us)
1                       2.12
2                       2.08
4                       2.10
8                       2.17
16                      2.10
32                      2.22
64                      2.34
128                     3.76
256                     5.50
512                     8.33
1024                   11.42
2048                   12.83
4096                   27.13
8192                   51.01
16384                  51.33
32768                  53.49
65536                  56.60
131072                 98.39
262144                110.94
524288                127.59
1048576               174.65
  [run 6/6] recording — 23:12:58
  [run 6/6] done in 2s

# OSU MPI-ROCM Allgather Latency Test v7.5
# Datatype: MPI_CHAR.
# Size       Avg Latency(us)
1                       2.09
2                       2.06
4                       2.04
8                       2.06
16                      2.06
32                      2.13
64                      2.22
128                     3.69
256                     5.44
512                     8.25
1024                   11.28
2048                   12.70
4096                   26.97
8192                   51.45
16384                  52.89
32768                  54.10
65536                  56.88
131072                 98.06
262144                111.30
524288                127.95
1048576               174.96

# [native sdma=0] osu_allgather  N=8  devices=0,1,2,3,4,5,6,7
  [run 1/6] warm-up — 23:13:00
  [run 1/6] warm-up done in 2s
  [run 2/6] recording — 23:13:02
  [run 2/6] done in 1s

# OSU MPI-ROCM Allgather Latency Test v7.5
# Datatype: MPI_CHAR.
# Size       Avg Latency(us)
1                       3.76
2                       3.52
4                       3.55
8                       3.56
16                      3.61
32                      3.93
64                      6.08
128                     8.66
256                    14.33
512                    17.71
1024                   21.34
2048                   36.72
4096                   50.67
8192                   87.46
16384                  89.04
32768                  92.67
65536                 183.85
131072                186.99
262144                211.11
524288                257.24
1048576               369.58
  [run 3/6] recording — 23:13:03
  [run 3/6] done in 2s

# OSU MPI-ROCM Allgather Latency Test v7.5
# Datatype: MPI_CHAR.
# Size       Avg Latency(us)
1                       4.01
2                       3.67
4                       3.56
8                       3.74
16                      3.70
32                      4.01
64                      6.29
128                     8.74
256                    14.58
512                    17.61
1024                   21.23
2048                   36.33
4096                   50.61
8192                   87.21
16384                  88.65
32768                  92.36
65536                 183.18
131072                186.25
262144                209.29
524288                257.05
1048576               369.54
  [run 4/6] recording — 23:13:05
  [run 4/6] done in 1s

# OSU MPI-ROCM Allgather Latency Test v7.5
# Datatype: MPI_CHAR.
# Size       Avg Latency(us)
1                       3.94
2                       3.57
4                       3.57
8                       3.54
16                      3.69
32                      3.97
64                      6.22
128                     8.61
256                    14.74
512                    17.84
1024                   21.78
2048                   36.70
4096                   51.20
8192                   87.57
16384                  89.16
32768                  92.96
65536                 183.95
131072                186.67
262144                210.38
524288                258.09
1048576               370.82
  [run 5/6] recording — 23:13:07
  [run 5/6] done in 3s

# OSU MPI-ROCM Allgather Latency Test v7.5
# Datatype: MPI_CHAR.
# Size       Avg Latency(us)
1                       4.01
2                       3.69
4                       3.65
8                       3.63
16                      3.79
32                      3.93
64                      6.21
128                     8.67
256                    14.60
512                    17.64
1024                   21.14
2048                   36.59
4096                   50.66
8192                   87.16
16384                  88.51
32768                  92.40
65536                 182.74
131072                186.22
262144                209.23
524288                257.19
1048576               369.45
  [run 6/6] recording — 23:13:09
  [run 6/6] done in 2s

# OSU MPI-ROCM Allgather Latency Test v7.5
# Datatype: MPI_CHAR.
# Size       Avg Latency(us)
1                       4.09
2                       3.64
4                       3.60
8                       3.70
16                      3.78
32                      4.00
64                      6.25
128                     8.69
256                    14.53
512                    17.36
1024                   21.24
2048                   36.61
4096                   50.98
8192                   87.07
16384                  88.50
32768                  92.31
65536                 182.19
131072                186.29
262144                210.71
524288                257.46
1048576               370.74
ALL BENCHMARKS COMPLETE  CSV=results/osu_collectives_native_18636935.csv
