################# EESSI STACK (HSA_ENABLE_SDMA=0) ##################

# [eessi sdma=0] osu_allreduce  N=2  devices=0,1
  [run 1/6] warm-up — 23:11:46
  [run 1/6] warm-up done in 14s
  [run 2/6] recording — 23:12:00
  [run 2/6] done in 3s

# OSU MPI-ROCM Allreduce Latency Test v7.5
# Datatype: MPI_INT.
# Size       Avg Latency(us)
4                       1.44
8                       1.36
16                      1.27
32                      1.28
64                      1.38
128                     1.40
256                     1.33
512                    35.63
1024                   31.31
2048                   31.68
4096                   48.21
8192                   47.02
16384                  46.85
32768                  46.88
65536                  47.31
131072                 47.71
262144                 49.31
524288                 52.85
1048576                56.37
  [run 3/6] recording — 23:12:03
  [run 3/6] done in 4s

# OSU MPI-ROCM Allreduce Latency Test v7.5
# Datatype: MPI_INT.
# Size       Avg Latency(us)
4                       1.30
8                       1.36
16                      1.32
32                      1.28
64                      1.37
128                     1.28
256                     1.28
512                    35.56
1024                   31.40
2048                   31.62
4096                   47.79
8192                   46.66
16384                  46.28
32768                  46.36
65536                  47.06
131072                 47.32
262144                 48.88
524288                 52.26
1048576                56.09
  [run 4/6] recording — 23:12:07
  [run 4/6] done in 3s

# OSU MPI-ROCM Allreduce Latency Test v7.5
# Datatype: MPI_INT.
# Size       Avg Latency(us)
4                       1.32
8                       1.31
16                      1.27
32                      1.27
64                      1.27
128                     1.29
256                     1.30
512                    35.69
1024                   31.41
2048                   31.57
4096                   48.32
8192                   47.04
16384                  46.72
32768                  46.86
65536                  47.29
131072                 47.59
262144                 48.95
524288                 52.40
1048576                55.96
  [run 5/6] recording — 23:12:10
  [run 5/6] done in 4s

# OSU MPI-ROCM Allreduce Latency Test v7.5
# Datatype: MPI_INT.
# Size       Avg Latency(us)
4                       1.32
8                       1.35
16                      1.29
32                      1.31
64                      1.32
128                     1.29
256                     1.32
512                    35.85
1024                   31.73
2048                   31.94
4096                   47.76
8192                   47.26
16384                  47.10
32768                  47.18
65536                  48.21
131072                 48.06
262144                 49.50
524288                 53.13
1048576                56.81
  [run 6/6] recording — 23:12:14
  [run 6/6] done in 3s

# OSU MPI-ROCM Allreduce Latency Test v7.5
# Datatype: MPI_INT.
# Size       Avg Latency(us)
4                       1.33
8                       1.35
16                      1.27
32                      1.29
64                      1.27
128                     1.29
256                     1.30
512                    35.73
1024                   31.42
2048                   31.62
4096                   47.93
8192                   46.83
16384                  46.67
32768                  47.13
65536                  47.15
131072                 47.45
262144                 49.06
524288                 52.48
1048576                55.99

# [eessi sdma=0] osu_allreduce  N=4  devices=0,1,2,3
  [run 1/6] warm-up — 23:12:17
  [run 1/6] warm-up done in 4s
  [run 2/6] recording — 23:12:21
  [run 2/6] done in 3s

# OSU MPI-ROCM Allreduce Latency Test v7.5
# Datatype: MPI_INT.
# Size       Avg Latency(us)
4                       2.74
8                       2.65
16                      2.67
32                      2.74
64                      2.61
128                     2.82
256                     2.83
512                    44.30
1024                   44.69
2048                   45.42
4096                  102.09
8192                  100.39
16384                 100.83
32768                 107.42
65536                 101.72
131072                103.56
262144                106.47
524288                113.84
1048576               126.12
  [run 3/6] recording — 23:12:24
  [run 3/6] done in 4s

# OSU MPI-ROCM Allreduce Latency Test v7.5
# Datatype: MPI_INT.
# Size       Avg Latency(us)
4                       2.75
8                       2.66
16                      2.74
32                      2.63
64                      2.64
128                     2.66
256                     2.73
512                    44.68
1024                   44.69
2048                   45.75
4096                  105.02
8192                  102.61
16384                 103.06
32768                 109.79
65536                 104.03
131072                105.72
262144                109.06
524288                116.30
1048576               128.72
  [run 4/6] recording — 23:12:28
  [run 4/6] done in 4s

# OSU MPI-ROCM Allreduce Latency Test v7.5
# Datatype: MPI_INT.
# Size       Avg Latency(us)
4                       2.77
8                       2.72
16                      2.68
32                      2.67
64                      2.85
128                     2.71
256                     2.71
512                    44.80
1024                   44.73
2048                   45.73
4096                  106.41
8192                  103.83
16384                 104.13
32768                 109.53
65536                 105.28
131072                107.25
262144                111.18
524288                117.92
1048576               129.83
  [run 5/6] recording — 23:12:32
  [run 5/6] done in 3s

# OSU MPI-ROCM Allreduce Latency Test v7.5
# Datatype: MPI_INT.
# Size       Avg Latency(us)
4                       2.76
8                       2.67
16                      2.62
32                      2.82
64                      2.65
128                     2.66
256                     2.66
512                    46.01
1024                   45.87
2048                   47.00
4096                  103.61
8192                  102.19
16384                 102.19
32768                 109.24
65536                 103.13
131072                104.53
262144                108.10
524288                115.14
1048576               127.55
  [run 6/6] recording — 23:12:35
  [run 6/6] done in 4s

# OSU MPI-ROCM Allreduce Latency Test v7.5
# Datatype: MPI_INT.
# Size       Avg Latency(us)
4                       2.76
8                       2.70
16                      2.66
32                      2.61
64                      2.63
128                     2.65
256                     2.67
512                    44.81
1024                   45.15
2048                   46.26
4096                  105.94
8192                  104.72
16384                 104.17
32768                 111.98
65536                 105.66
131072                107.75
262144                110.11
524288                117.36
1048576               129.61

# [eessi sdma=0] osu_allreduce  N=8  devices=0,1,2,3,4,5,6,7
  [run 1/6] warm-up — 23:12:39
  [run 1/6] warm-up done in 4s
  [run 2/6] recording — 23:12:43
  [run 2/6] done in 5s

# OSU MPI-ROCM Allreduce Latency Test v7.5
# Datatype: MPI_INT.
# Size       Avg Latency(us)
4                       4.73
8                       4.57
16                      4.53
32                      4.50
64                      4.60
128                     4.70
256                    47.23
512                    84.29
1024                   86.45
2048                   86.23
4096                  164.22
8192                  166.03
16384                 163.14
32768                 162.94
65536                 163.79
131072                166.37
262144                170.89
524288                180.91
1048576               197.13
  [run 3/6] recording — 23:12:48
  [run 3/6] done in 4s

# OSU MPI-ROCM Allreduce Latency Test v7.5
# Datatype: MPI_INT.
# Size       Avg Latency(us)
4                       4.88
8                       4.67
16                      4.66
32                      4.69
64                      4.60
128                     4.70
256                    47.77
512                    85.22
1024                   87.10
2048                   86.93
4096                  166.95
8192                  167.47
16384                 164.04
32768                 164.03
65536                 164.39
131072                166.79
262144                171.35
524288                181.61
1048576               197.58
  [run 4/6] recording — 23:12:52
  [run 4/6] done in 4s

# OSU MPI-ROCM Allreduce Latency Test v7.5
# Datatype: MPI_INT.
# Size       Avg Latency(us)
4                       4.77
8                       4.70
16                      4.63
32                      4.63
64                      4.66
128                     4.94
256                    47.45
512                    84.74
1024                   87.19
2048                   86.55
4096                  164.62
8192                  167.10
16384                 163.36
32768                 163.58
65536                 164.04
131072                166.52
262144                170.88
524288                180.93
1048576               197.48
  [run 5/6] recording — 23:12:56
  [run 5/6] done in 5s

# OSU MPI-ROCM Allreduce Latency Test v7.5
# Datatype: MPI_INT.
# Size       Avg Latency(us)
4                       4.81
8                       4.73
16                      4.70
32                      4.61
64                      4.70
128                     4.67
256                    47.63
512                    85.00
1024                   87.82
2048                   86.94
4096                  165.79
8192                  167.59
16384                 164.35
32768                 164.14
65536                 165.18
131072                167.46
262144                171.80
524288                182.28
1048576               198.27
  [run 6/6] recording — 23:13:01
  [run 6/6] done in 4s

# OSU MPI-ROCM Allreduce Latency Test v7.5
# Datatype: MPI_INT.
# Size       Avg Latency(us)
4                       4.73
8                       4.60
16                      4.54
32                      4.55
64                      4.56
128                     4.65
256                    47.22
512                    85.16
1024                   87.45
2048                   87.31
4096                  166.25
8192                  167.42
16384                 164.19
32768                 163.95
65536                 164.80
131072                167.37
262144                171.55
524288                181.61
1048576               198.18

# [eessi sdma=0] osu_alltoall  N=2  devices=0,1
  [run 1/6] warm-up — 23:13:05
  [run 1/6] warm-up done in 3s
  [run 2/6] recording — 23:13:08
  [run 2/6] done in 3s

# OSU MPI-ROCM All-to-All Personalized Exchange Latency Test v7.5
# Datatype: MPI_CHAR.
# Size       Avg Latency(us)
1                       1.68
2                       1.59
4                       1.53
8                       1.54
16                      1.54
32                      1.54
64                      1.54
128                     1.60
256                     1.60
512                    24.85
1024                   28.90
2048                   28.67
4096                   13.87
8192                   14.60
16384                  14.89
32768                  15.66
65536                  16.98
131072                 20.31
262144                 37.36
524288                 61.93
1048576                42.80
  [run 3/6] recording — 23:13:11
  [run 3/6] done in 4s

# OSU MPI-ROCM All-to-All Personalized Exchange Latency Test v7.5
# Datatype: MPI_CHAR.
# Size       Avg Latency(us)
1                       1.61
2                       1.61
4                       1.53
8                       1.53
16                      1.54
32                      1.53
64                      1.57
128                     1.56
256                     1.57
512                    24.77
1024                   28.53
2048                   28.16
4096                   13.90
8192                   14.76
16384                  14.93
32768                  15.76
65536                  17.15
131072                 20.17
262144                 37.31
524288                 61.63
1048576                42.95
  [run 4/6] recording — 23:13:15
  [run 4/6] done in 3s

# OSU MPI-ROCM All-to-All Personalized Exchange Latency Test v7.5
# Datatype: MPI_CHAR.
# Size       Avg Latency(us)
1                       1.66
2                       1.58
4                       1.52
8                       1.52
16                      1.52
32                      1.52
64                      1.52
128                     1.54
256                     1.56
512                    24.88
1024                   28.34
2048                   28.69
4096                   14.25
8192                   14.88
16384                  14.78
32768                  15.59
65536                  16.38
131072                 21.55
262144                 38.14
524288                 62.12
1048576                42.29
  [run 5/6] recording — 23:13:18
  [run 5/6] done in 3s

# OSU MPI-ROCM All-to-All Personalized Exchange Latency Test v7.5
# Datatype: MPI_CHAR.
# Size       Avg Latency(us)
1                       1.68
2                       1.59
4                       1.54
8                       1.54
16                      1.54
32                      1.54
64                      1.55
128                     1.56
256                     1.58
512                    24.80
1024                   28.45
2048                   27.96
4096                   13.80
8192                   14.83
16384                  14.77
32768                  16.26
65536                  16.58
131072                 20.21
262144                 36.33
524288                 61.10
1048576                42.36
  [run 6/6] recording — 23:13:21
  [run 6/6] done in 3s

# OSU MPI-ROCM All-to-All Personalized Exchange Latency Test v7.5
# Datatype: MPI_CHAR.
# Size       Avg Latency(us)
1                       1.66
2                       1.59
4                       1.54
8                       1.54
16                      1.54
32                      1.54
64                      1.55
128                     1.57
256                     1.56
512                    24.85
1024                   28.32
2048                   28.02
4096                   13.95
8192                   15.02
16384                  15.32
32768                  15.99
65536                  17.48
131072                 20.19
262144                 36.28
524288                 61.24
1048576                43.06

# [eessi sdma=0] osu_alltoall  N=4  devices=0,1,2,3
  [run 1/6] warm-up — 23:13:24
  [run 1/6] warm-up done in 4s
  [run 2/6] recording — 23:13:28
  [run 2/6] done in 3s

# OSU MPI-ROCM All-to-All Personalized Exchange Latency Test v7.5
# Datatype: MPI_CHAR.
# Size       Avg Latency(us)
1                       3.77
2                       3.30
4                       3.28
8                       3.22
16                      3.17
32                      3.13
64                      3.12
128                     3.14
256                     3.15
512                    73.75
1024                   73.07
2048                   47.80
4096                   47.96
8192                   50.11
16384                  50.79
32768                  54.03
65536                  56.90
131072                 63.80
262144                108.23
524288                173.98
1048576               158.98
  [run 3/6] recording — 23:13:31
  [run 3/6] done in 4s

# OSU MPI-ROCM All-to-All Personalized Exchange Latency Test v7.5
# Datatype: MPI_CHAR.
# Size       Avg Latency(us)
1                       3.87
2                       3.24
4                       3.14
8                       3.09
16                      3.05
32                      3.14
64                      3.05
128                     3.21
256                     3.09
512                    73.92
1024                   73.99
2048                   47.48
4096                   48.01
8192                   49.89
16384                  50.59
32768                  53.35
65536                  56.67
131072                 63.61
262144                108.06
524288                174.99
1048576               159.17
  [run 4/6] recording — 23:13:35
  [run 4/6] done in 3s

# OSU MPI-ROCM All-to-All Personalized Exchange Latency Test v7.5
# Datatype: MPI_CHAR.
# Size       Avg Latency(us)
1                       4.01
2                       3.34
4                       3.17
8                       3.14
16                      3.23
32                      3.19
64                      3.26
128                     3.22
256                     3.32
512                    73.48
1024                   73.51
2048                   47.74
4096                   48.57
8192                   49.85
16384                  50.37
32768                  53.33
65536                  56.51
131072                 64.12
262144                109.95
524288                175.37
1048576               158.91
  [run 5/6] recording — 23:13:38
  [run 5/6] done in 4s

# OSU MPI-ROCM All-to-All Personalized Exchange Latency Test v7.5
# Datatype: MPI_CHAR.
# Size       Avg Latency(us)
1                       3.69
2                       3.24
4                       3.08
8                       3.10
16                      3.23
32                      3.06
64                      3.10
128                     3.16
256                     3.26
512                    73.83
1024                   73.92
2048                   47.81
4096                   47.92
8192                   49.41
16384                  50.53
32768                  53.29
65536                  56.10
131072                 63.24
262144                106.83
524288                167.72
1048576               158.93
  [run 6/6] recording — 23:13:42
  [run 6/6] done in 3s

# OSU MPI-ROCM All-to-All Personalized Exchange Latency Test v7.5
# Datatype: MPI_CHAR.
# Size       Avg Latency(us)
1                       3.81
2                       3.33
4                       3.04
8                       3.18
16                      3.00
32                      2.99
64                      3.03
128                     3.23
256                     3.10
512                    73.44
1024                   73.39
2048                   47.18
4096                   47.40
8192                   48.83
16384                  50.49
32768                  52.95
65536                  56.92
131072                 63.90
262144                108.20
524288                168.74
1048576               158.62

# [eessi sdma=0] osu_alltoall  N=8  devices=0,1,2,3,4,5,6,7
  [run 1/6] warm-up — 23:13:45
  [run 1/6] warm-up done in 5s
  [run 2/6] recording — 23:13:50
  [run 2/6] done in 5s

# OSU MPI-ROCM All-to-All Personalized Exchange Latency Test v7.5
# Datatype: MPI_CHAR.
# Size       Avg Latency(us)
1                       9.18
2                       6.94
4                       6.90
8                       6.92
16                      6.96
32                      6.98
64                      7.15
128                     7.22
256                   135.81
512                   135.96
1024                  113.20
2048                  113.08
4096                  113.38
8192                  116.39
16384                 118.06
32768                 123.42
65536                 130.34
131072                148.76
262144                247.02
524288                360.42
1048576               356.28
  [run 3/6] recording — 23:13:55
  [run 3/6] done in 4s

# OSU MPI-ROCM All-to-All Personalized Exchange Latency Test v7.5
# Datatype: MPI_CHAR.
# Size       Avg Latency(us)
1                       9.12
2                       6.96
4                       6.95
8                       6.94
16                      6.98
32                      7.01
64                      7.15
128                     7.21
256                   136.42
512                   136.50
1024                  114.13
2048                  113.86
4096                  114.21
8192                  116.99
16384                 118.17
32768                 123.48
65536                 130.36
131072                148.66
262144                247.20
524288                363.73
1048576               356.63
  [run 4/6] recording — 23:13:59
  [run 4/6] done in 5s

# OSU MPI-ROCM All-to-All Personalized Exchange Latency Test v7.5
# Datatype: MPI_CHAR.
# Size       Avg Latency(us)
1                       9.17
2                       6.85
4                       6.92
8                       6.94
16                      6.90
32                      6.85
64                      6.96
128                     7.08
256                   135.67
512                   136.00
1024                  113.07
2048                  112.95
4096                  113.13
8192                  116.03
16384                 117.34
32768                 123.07
65536                 129.88
131072                148.35
262144                245.98
524288                362.78
1048576               355.74
  [run 5/6] recording — 23:14:04
  [run 5/6] done in 4s

# OSU MPI-ROCM All-to-All Personalized Exchange Latency Test v7.5
# Datatype: MPI_CHAR.
# Size       Avg Latency(us)
1                       9.28
2                       7.15
4                       7.10
8                       7.01
16                      6.95
32                      6.93
64                      7.11
128                     7.17
256                   135.64
512                   135.84
1024                  113.34
2048                  113.24
4096                  113.24
8192                  116.09
16384                 117.49
32768                 123.19
65536                 130.02
131072                148.30
262144                246.64
524288                364.13
1048576               356.35
  [run 6/6] recording — 23:14:08
  [run 6/6] done in 5s

# OSU MPI-ROCM All-to-All Personalized Exchange Latency Test v7.5
# Datatype: MPI_CHAR.
# Size       Avg Latency(us)
1                       9.19
2                       6.91
4                       6.94
8                       6.92
16                      7.16
32                      6.93
64                      7.06
128                     7.23
256                   135.41
512                   135.60
1024                  112.99
2048                  112.82
4096                  113.28
8192                  116.15
16384                 117.57
32768                 123.15
65536                 129.90
131072                148.46
262144                246.37
524288                363.40
1048576               356.39

# [eessi sdma=0] osu_bcast  N=2  devices=0,1
  [run 1/6] warm-up — 23:14:13
  [run 1/6] warm-up done in 3s
  [run 2/6] recording — 23:14:16
  [run 2/6] done in 3s

# OSU MPI-ROCM Broadcast Latency Test v7.5
# Datatype: MPI_CHAR.
# Size       Avg Latency(us)
1                       0.79
2                       0.78
4                       0.73
8                       0.73
16                      0.73
32                      0.73
64                      0.74
128                     0.74
256                     0.85
512                    12.23
1024                   12.31
2048                   12.43
4096                   12.52
8192                   13.05
16384                  13.42
32768                  13.63
65536                  13.81
131072                 14.42
262144                 15.65
524288                 17.61
1048576                21.60
  [run 3/6] recording — 23:14:19
  [run 3/6] done in 3s

# OSU MPI-ROCM Broadcast Latency Test v7.5
# Datatype: MPI_CHAR.
# Size       Avg Latency(us)
1                       0.78
2                       0.80
4                       0.73
8                       0.72
16                      0.73
32                      0.72
64                      0.75
128                     0.73
256                     0.78
512                    12.18
1024                   12.22
2048                   12.37
4096                   12.33
8192                   13.08
16384                  12.94
32768                  13.89
65536                  13.59
131072                 14.42
262144                 15.94
524288                 17.37
1048576                21.80
  [run 4/6] recording — 23:14:22
  [run 4/6] done in 4s

# OSU MPI-ROCM Broadcast Latency Test v7.5
# Datatype: MPI_CHAR.
# Size       Avg Latency(us)
1                       0.79
2                       0.78
4                       0.73
8                       0.73
16                      0.73
32                      0.73
64                      0.74
128                     0.74
256                     0.75
512                    12.15
1024                   12.33
2048                   12.26
4096                   12.33
8192                   12.95
16384                  13.02
32768                  13.88
65536                  13.71
131072                 14.20
262144                 15.68
524288                 17.25
1048576                21.72
  [run 5/6] recording — 23:14:26
  [run 5/6] done in 3s

# OSU MPI-ROCM Broadcast Latency Test v7.5
# Datatype: MPI_CHAR.
# Size       Avg Latency(us)
1                       0.79
2                       0.81
4                       0.73
8                       0.74
16                      0.73
32                      0.73
64                      0.74
128                     0.74
256                     0.75
512                    12.12
1024                   12.22
2048                   12.20
4096                   12.19
8192                   12.98
16384                  12.94
32768                  13.66
65536                  13.75
131072                 14.16
262144                 15.71
524288                 17.21
1048576                21.67
  [run 6/6] recording — 23:14:29
  [run 6/6] done in 3s

# OSU MPI-ROCM Broadcast Latency Test v7.5
# Datatype: MPI_CHAR.
# Size       Avg Latency(us)
1                       0.79
2                       0.78
4                       0.73
8                       0.73
16                      0.73
32                      0.72
64                      0.74
128                     0.73
256                     0.75
512                    12.17
1024                   12.20
2048                   12.41
4096                   12.37
8192                   12.92
16384                  13.27
32768                  13.35
65536                  13.99
131072                 14.29
262144                 15.87
524288                 17.40
1048576                21.58

# [eessi sdma=0] osu_bcast  N=4  devices=0,1,2,3
  [run 1/6] warm-up — 23:14:32
  [run 1/6] warm-up done in 3s
  [run 2/6] recording — 23:14:35
  [run 2/6] done in 3s

# OSU MPI-ROCM Broadcast Latency Test v7.5
# Datatype: MPI_CHAR.
# Size       Avg Latency(us)
1                       1.23
2                       1.31
4                       1.24
8                       1.22
16                      1.29
32                      1.17
64                      1.25
128                     1.30
256                     1.25
512                    19.69
1024                   19.55
2048                   19.51
4096                   19.19
8192                   19.84
16384                  20.88
32768                  59.21
65536                  59.94
131072                 60.68
262144                 62.62
524288                 68.42
1048576                78.62
  [run 3/6] recording — 23:14:38
  [run 3/6] done in 4s

# OSU MPI-ROCM Broadcast Latency Test v7.5
# Datatype: MPI_CHAR.
# Size       Avg Latency(us)
1                       1.32
2                       1.27
4                       1.25
8                       1.28
16                      1.28
32                      1.21
64                      1.23
128                     1.35
256                     1.26
512                    19.59
1024                   19.59
2048                   19.92
4096                   19.32
8192                   19.86
16384                  21.66
32768                  59.32
65536                  60.01
131072                 61.01
262144                 62.48
524288                 68.48
1048576                78.07
  [run 4/6] recording — 23:14:42
  [run 4/6] done in 3s

# OSU MPI-ROCM Broadcast Latency Test v7.5
# Datatype: MPI_CHAR.
# Size       Avg Latency(us)
1                       1.24
2                       1.32
4                       1.34
8                       1.23
16                      1.27
32                      1.23
64                      1.32
128                     1.26
256                     1.23
512                    19.70
1024                   19.53
2048                   19.60
4096                   19.15
8192                   19.71
16384                  21.24
32768                  59.40
65536                  59.87
131072                 60.06
262144                 62.50
524288                 68.42
1048576                78.52
  [run 5/6] recording — 23:14:45
  [run 5/6] done in 3s

# OSU MPI-ROCM Broadcast Latency Test v7.5
# Datatype: MPI_CHAR.
# Size       Avg Latency(us)
1                       1.35
2                       1.24
4                       1.24
8                       1.35
16                      1.24
32                      1.22
64                      1.32
128                     1.35
256                     1.25
512                    20.17
1024                   20.15
2048                   20.06
4096                   19.89
8192                   20.61
16384                  21.33
32768                  59.37
65536                  60.49
131072                 61.01
262144                 62.91
524288                 68.59
1048576                78.65
  [run 6/6] recording — 23:14:48
  [run 6/6] done in 4s

# OSU MPI-ROCM Broadcast Latency Test v7.5
# Datatype: MPI_CHAR.
# Size       Avg Latency(us)
1                       1.22
2                       1.23
4                       1.24
8                       1.29
16                      1.23
32                      1.20
64                      1.31
128                     1.25
256                     1.27
512                    20.48
1024                   20.17
2048                   20.21
4096                   19.94
8192                   20.85
16384                  22.35
32768                  59.47
65536                  60.36
131072                 60.77
262144                 62.66
524288                 68.25
1048576                78.62

# [eessi sdma=0] osu_bcast  N=8  devices=0,1,2,3,4,5,6,7
  [run 1/6] warm-up — 23:14:52
  [run 1/6] warm-up done in 3s
  [run 2/6] recording — 23:14:55
  [run 2/6] done in 4s

# OSU MPI-ROCM Broadcast Latency Test v7.5
# Datatype: MPI_CHAR.
# Size       Avg Latency(us)
1                       2.76
2                       1.97
4                       1.97
8                       2.00
16                      1.98
32                      2.01
64                      2.05
128                     2.06
256                    37.54
512                    37.58
1024                   37.71
2048                   37.68
4096                   37.87
8192                   38.28
16384                  38.92
32768                  94.59
65536                  92.43
131072                 94.80
262144                 99.45
524288                106.78
1048576               121.00
  [run 3/6] recording — 23:14:59
  [run 3/6] done in 4s

# OSU MPI-ROCM Broadcast Latency Test v7.5
# Datatype: MPI_CHAR.
# Size       Avg Latency(us)
1                       2.88
2                       1.98
4                       1.93
8                       1.93
16                      1.94
32                      2.00
64                      2.01
128                     1.97
256                    39.10
512                    39.20
1024                   39.31
2048                   39.37
4096                   39.55
8192                   39.85
16384                  40.35
32768                  94.35
65536                  92.43
131072                 94.82
262144                 99.32
524288                106.96
1048576               121.52
  [run 4/6] recording — 23:15:03
  [run 4/6] done in 4s

# OSU MPI-ROCM Broadcast Latency Test v7.5
# Datatype: MPI_CHAR.
# Size       Avg Latency(us)
1                       2.80
2                       2.02
4                       2.04
8                       2.01
16                      2.06
32                      2.02
64                      2.04
128                     2.05
256                    37.87
512                    37.98
1024                   38.11
2048                   38.20
4096                   38.49
8192                   39.10
16384                  39.49
32768                  94.31
65536                  93.32
131072                 95.15
262144                 99.30
524288                106.93
1048576               121.17
  [run 5/6] recording — 23:15:07
  [run 5/6] done in 3s

# OSU MPI-ROCM Broadcast Latency Test v7.5
# Datatype: MPI_CHAR.
# Size       Avg Latency(us)
1                       2.77
2                       1.92
4                       1.93
8                       1.94
16                      1.95
32                      1.99
64                      2.02
128                     2.00
256                    39.88
512                    40.06
1024                   40.10
2048                   40.09
4096                   40.22
8192                   40.59
16384                  41.21
32768                  94.56
65536                  92.72
131072                 95.03
262144                 99.26
524288                106.94
1048576               121.16
  [run 6/6] recording — 23:15:10
  [run 6/6] done in 4s

# OSU MPI-ROCM Broadcast Latency Test v7.5
# Datatype: MPI_CHAR.
# Size       Avg Latency(us)
1                       2.87
2                       2.07
4                       2.04
8                       2.07
16                      2.06
32                      2.06
64                      2.12
128                     2.11
256                    37.75
512                    37.84
1024                   37.87
2048                   37.87
4096                   37.97
8192                   38.43
16384                  38.98
32768                  94.53
65536                  92.34
131072                 94.54
262144                 98.93
524288                106.62
1048576               121.12

# [eessi sdma=0] osu_allgather  N=2  devices=0,1
  [run 1/6] warm-up — 23:15:14
  [run 1/6] warm-up done in 4s
  [run 2/6] recording — 23:15:18
  [run 2/6] done in 3s

# OSU MPI-ROCM Allgather Latency Test v7.5
# Datatype: MPI_CHAR.
# Size       Avg Latency(us)
1                      13.48
2                      13.69
4                      13.95
8                      14.93
16                     13.26
32                     13.27
64                     13.29
128                    13.66
256                    13.30
512                    36.75
1024                   31.71
2048                   30.00
4096                   30.49
8192                   29.54
16384                  29.69
32768                  30.40
65536                  30.62
131072                 30.35
262144                 32.89
524288                 33.55
1048576                42.02
  [run 3/6] recording — 23:15:21
  [run 3/6] done in 4s

# OSU MPI-ROCM Allgather Latency Test v7.5
# Datatype: MPI_CHAR.
# Size       Avg Latency(us)
1                      13.33
2                      13.47
4                      13.78
8                      14.88
16                     13.15
32                     13.13
64                     13.15
128                    13.65
256                    13.29
512                    36.29
1024                   31.37
2048                   29.45
4096                   30.92
8192                   29.21
16384                  28.90
32768                  28.84
65536                  30.02
131072                 30.50
262144                 32.66
524288                 34.17
1048576                41.25
  [run 4/6] recording — 23:15:25
  [run 4/6] done in 3s

# OSU MPI-ROCM Allgather Latency Test v7.5
# Datatype: MPI_CHAR.
# Size       Avg Latency(us)
1                      13.33
2                      13.44
4                      13.75
8                      15.12
16                     13.07
32                     13.20
64                     13.26
128                    13.65
256                    13.17
512                    36.15
1024                   31.19
2048                   29.97
4096                   31.35
8192                   30.38
16384                  30.36
32768                  30.12
65536                  31.25
131072                 30.86
262144                 33.44
524288                 34.32
1048576                42.31
  [run 5/6] recording — 23:15:28
  [run 5/6] done in 3s

# OSU MPI-ROCM Allgather Latency Test v7.5
# Datatype: MPI_CHAR.
# Size       Avg Latency(us)
1                      13.68
2                      13.80
4                      14.12
8                      15.11
16                     13.44
32                     13.40
64                     13.36
128                    13.93
256                    13.43
512                    36.46
1024                   31.47
2048                   29.70
4096                   31.04
8192                   30.09
16384                  29.70
32768                  29.98
65536                  30.29
131072                 30.81
262144                 33.48
524288                 34.51
1048576                42.25
  [run 6/6] recording — 23:15:31
  [run 6/6] done in 4s

# OSU MPI-ROCM Allgather Latency Test v7.5
# Datatype: MPI_CHAR.
# Size       Avg Latency(us)
1                      13.71
2                      13.90
4                      14.23
8                      15.51
16                     13.51
32                     13.51
64                     13.53
128                    14.13
256                    13.56
512                    36.83
1024                   31.50
2048                   29.80
4096                   29.58
8192                   29.15
16384                  28.95
32768                  29.11
65536                  29.68
131072                 30.38
262144                 31.56
524288                 33.37
1048576                40.82

# [eessi sdma=0] osu_allgather  N=4  devices=0,1,2,3
  [run 1/6] warm-up — 23:15:35
  [run 1/6] warm-up done in 4s
  [run 2/6] recording — 23:15:39
  [run 2/6] done in 3s

# OSU MPI-ROCM Allgather Latency Test v7.5
# Datatype: MPI_CHAR.
# Size       Avg Latency(us)
1                      15.59
2                      14.97
4                      15.11
8                      16.57
16                     14.64
32                     14.70
64                     14.75
128                    15.41
256                    14.78
512                    44.28
1024                   55.63
2048                   55.70
4096                   55.50
8192                   56.57
16384                  56.96
32768                  58.86
65536                  61.25
131072                 66.58
262144                 77.05
524288                 95.90
1048576               133.19
  [run 3/6] recording — 23:15:42
  [run 3/6] done in 4s

# OSU MPI-ROCM Allgather Latency Test v7.5
# Datatype: MPI_CHAR.
# Size       Avg Latency(us)
1                      15.36
2                      14.83
4                      14.99
8                      16.32
16                     14.56
32                     14.49
64                     14.47
128                    15.13
256                    14.62
512                    43.96
1024                   55.68
2048                   55.96
4096                   55.62
8192                   56.31
16384                  56.99
32768                  58.60
65536                  61.15
131072                 66.99
262144                 77.01
524288                 96.17
1048576               133.07
  [run 4/6] recording — 23:15:46
  [run 4/6] done in 4s

# OSU MPI-ROCM Allgather Latency Test v7.5
# Datatype: MPI_CHAR.
# Size       Avg Latency(us)
1                      15.46
2                      14.77
4                      14.84
8                      16.32
16                     14.38
32                     14.35
64                     14.43
128                    15.10
256                    14.68
512                    43.91
1024                   54.24
2048                   54.23
4096                   53.89
8192                   53.86
16384                  54.44
32768                  56.02
65536                  58.02
131072                 62.97
262144                 73.60
524288                 92.63
1048576               128.68
  [run 5/6] recording — 23:15:50
  [run 5/6] done in 3s

# OSU MPI-ROCM Allgather Latency Test v7.5
# Datatype: MPI_CHAR.
# Size       Avg Latency(us)
1                      15.67
2                      14.92
4                      14.99
8                      16.50
16                     14.65
32                     14.64
64                     14.67
128                    15.16
256                    14.79
512                    44.05
1024                   54.33
2048                   54.83
4096                   54.45
8192                   55.58
16384                  56.55
32768                  58.41
65536                  60.36
131072                 65.48
262144                 75.66
524288                 94.94
1048576               131.39
  [run 6/6] recording — 23:15:53
  [run 6/6] done in 4s

# OSU MPI-ROCM Allgather Latency Test v7.5
# Datatype: MPI_CHAR.
# Size       Avg Latency(us)
1                      15.67
2                      15.03
4                      15.01
8                      16.60
16                     14.63
32                     14.72
64                     14.75
128                    15.32
256                    14.83
512                    43.41
1024                   56.09
2048                   55.87
4096                   56.41
8192                   57.27
16384                  58.46
32768                  59.71
65536                  63.01
131072                 67.58
262144                 78.32
524288                 97.57
1048576               134.36

# [eessi sdma=0] osu_allgather  N=8  devices=0,1,2,3,4,5,6,7
  [run 1/6] warm-up — 23:15:57
  [run 1/6] warm-up done in 5s
  [run 2/6] recording — 23:16:02
  [run 2/6] done in 4s

# OSU MPI-ROCM Allgather Latency Test v7.5
# Datatype: MPI_CHAR.
# Size       Avg Latency(us)
1                      16.89
2                      16.68
4                      16.40
8                      19.23
16                     16.03
32                     16.11
64                     34.57
128                    35.12
256                    58.19
512                    89.37
1024                   88.88
2048                   89.18
4096                   89.48
8192                   89.77
16384                  91.67
32768                  93.91
65536                  99.07
131072                114.76
262144                141.24
524288                197.20
1048576               304.81
  [run 3/6] recording — 23:16:06
  [run 3/6] done in 4s

# OSU MPI-ROCM Allgather Latency Test v7.5
# Datatype: MPI_CHAR.
# Size       Avg Latency(us)
1                      16.73
2                      16.60
4                      16.47
8                      18.97
16                     16.07
32                     16.12
64                     34.62
128                    35.02
256                    57.96
512                    87.12
1024                   87.72
2048                   87.67
4096                   89.10
8192                   89.56
16384                  91.37
32768                  93.55
65536                  98.64
131072                113.99
262144                140.76
524288                198.47
1048576               305.41
  [run 4/6] recording — 23:16:10
  [run 4/6] done in 5s

# OSU MPI-ROCM Allgather Latency Test v7.5
# Datatype: MPI_CHAR.
# Size       Avg Latency(us)
1                      16.81
2                      16.64
4                      16.38
8                      18.76
16                     15.96
32                     15.97
64                     34.50
128                    35.08
256                    57.91
512                    90.08
1024                   90.05
2048                   89.87
4096                   90.49
8192                   90.66
16384                  92.47
32768                  94.75
65536                 100.43
131072                116.67
262144                145.10
524288                202.99
1048576               309.55
  [run 5/6] recording — 23:16:15
  [run 5/6] done in 4s

# OSU MPI-ROCM Allgather Latency Test v7.5
# Datatype: MPI_CHAR.
# Size       Avg Latency(us)
1                      16.94
2                      16.69
4                      16.55
8                      19.61
16                     16.27
32                     16.22
64                     34.85
128                    35.13
256                    58.44
512                    88.26
1024                   88.47
2048                   88.40
4096                   88.67
8192                   89.21
16384                  91.45
32768                  93.64
65536                  99.27
131072                111.54
262144                136.96
524288                196.27
1048576               305.26
  [run 6/6] recording — 23:16:19
  [run 6/6] done in 4s

# OSU MPI-ROCM Allgather Latency Test v7.5
# Datatype: MPI_CHAR.
# Size       Avg Latency(us)
1                      16.67
2                      16.60
4                      16.50
8                      19.70
16                     16.15
32                     16.24
64                     34.62
128                    34.87
256                    57.98
512                    88.37
1024                   88.31
2048                   88.53
4096                   88.96
8192                   89.33
16384                  91.27
32768                  93.69
65536                  99.54
131072                114.14
262144                140.22
524288                195.75
1048576               303.49
ALL BENCHMARKS COMPLETE  CSV=results/osu_collectives_eessi_18636936.csv
