Found EESSI repo @ /cvmfs/software.eessi.io/versions/2025.06!
archdetect says x86_64/amd/zen3
archdetect could not detect any accelerators
Using x86_64/amd/zen3 as software subdirectory.
Found Lmod configuration file at /cvmfs/software.eessi.io/versions/2025.06/software/linux/x86_64/amd/zen3/.lmod/lmodrc.lua
Found Lmod SitePackage.lua file at /cvmfs/software.eessi.io/versions/2025.06/software/linux/x86_64/amd/zen3/.lmod/SitePackage.lua
Using /cvmfs/software.eessi.io/host_injections/2025.06/software/linux/x86_64/amd/zen3 as the site extension directory for installations.
Using  as the site extension directory for accelerated installations.
Using /cvmfs/software.eessi.io/versions/2025.06/software/linux/x86_64/amd/zen3/modules/all as the directory to be added to MODULEPATH.
Using /cvmfs/software.eessi.io/host_injections/2025.06/software/linux/x86_64/amd/zen3/modules/all as the site extension directory to be added to MODULEPATH.
Initializing Lmod...
Prepending /cvmfs/software.eessi.io/versions/2025.06/software/linux/x86_64/amd/zen3/modules/all to $MODULEPATH...
Prepending site path /cvmfs/software.eessi.io/host_injections/2025.06/software/linux/x86_64/amd/zen3/modules/all to $MODULEPATH...
Environment set up to use EESSI (2025.06), have fun!
-- Using /tmp/$USER as a temporary working directory for installations, you can
override this by setting the environment variable WORKING_DIR and reloading the
module (e.g., /dev/shm is a common option) 
Configuring for use of EESSI_USER_INSTALL under /users/joglekar/eessi
-- To create installations for EESSI, you _must_ have write permissions to
/users/joglekar/eessi/versions/2025.06/software/linux/x86_64/amd/zen3 
-- You may wish to configure a sources directory for EasyBuild (for example,
via setting the environment variable EASYBUILD_SOURCEPATH) to allow you to
reuse existing sources for packages. 

The following have been reloaded with a version change:
  1) libfabric/1.22.0 => libfabric/2.0.0-GCCcore-14.2.0
  2) xpmem/2.11.5-1.3_g73ade43320bc => xpmem/2.7.4-GCCcore-14.2.0

================================================================
Loaded environment:
  ucx_info:    /users/joglekar/eessi/versions/2025.06/software/linux/x86_64/amd/zen3/software/UCX-ROCm/1.18.0-rocm-compilers-19.0.0-ROCm-6.4.1/bin/ucx_info
  mpirun:      /users/joglekar/eessi/versions/2025.06/software/linux/x86_64/amd/zen3/software/OpenMPI/5.0.7-rocm-compilers-19.0.0-ROCm-6.4.1/bin/mpirun
  OSU prefix:  /users/joglekar/eessi/versions/2025.06/software/linux/x86_64/amd/zen3/software/OSU-Micro-Benchmarks/7.5-rompi-2025a
  Hostname:    nid007956
  Date:        Tue May 12 23:04:01 EEST 2026
================================================================
OK: ucx_info reports ROCm support compiled in


================================================================
osu_mbw_mr aggregate (8 ranks, 4 pairs, 3 configs)
================================================================

################################################################
# [osu_mbw_mr] cfg_routed_split
# Pairing: (0,4)(1,5)(2,6)(3,7) all_routed
# ROCR order: 0,1,2,3,4,5,6,7   (rank i ↔ rank i+4)
################################################################
  [run 1/6] warm-up starting
  [run 2/6] recording
  [run 3/6] recording
  [run 4/6] recording
  [run 5/6] recording
  [run 6/6] recording

################################################################
# [osu_mbw_mr] cfg_intra_pkg
# Pairing: (0,1)(2,3)(4,5)(6,7) all_intra_pkg_4link
# ROCR order: 0,2,4,6,1,3,5,7   (rank i ↔ rank i+4)
################################################################
  [run 1/6] warm-up starting
  [run 2/6] recording
  [run 3/6] recording
  [run 4/6] recording
  [run 5/6] recording
  [run 6/6] recording

################################################################
# [osu_mbw_mr] cfg_mixed_1link
# Pairing: (0,2)(1,3)(4,6)(5,7) all_inter_pkg_1link
# ROCR order: 0,1,4,5,2,3,6,7   (rank i ↔ rank i+4)
################################################################
  [run 1/6] warm-up starting
  [run 2/6] recording
  [run 3/6] recording
  [run 4/6] recording
  [run 5/6] recording
  [run 6/6] recording

================================================================
ALL BENCHMARKS COMPLETE
  osu_bw CSV  : 
  osu_mbw CSV : results/osu_mbw_mr_18596238.csv
  Log         : results/osu_mbw_mr_18596238.log
================================================================
