
################################################################
# CONFIG: A_baseline_default_alg  devices=0,1,2,3,4,5  extra: 
################################################################

# OSU MPI-ROCM Allreduce Latency Test v7.5
# Datatype: MPI_INT.
# Size       Avg Latency(us)
524288                123.76
1048576               625.11

# OSU MPI-ROCM Allreduce Latency Test v7.5
# Datatype: MPI_INT.
# Size       Avg Latency(us)
524288                130.09
1048576               635.09

################################################################
# CONFIG: B_force_knomial  devices=0,1,2,3,4,5  extra: UCC_TL_UCP_TUNE=allreduce:0-inf:@knomial
################################################################

# OSU MPI-ROCM Allreduce Latency Test v7.5
# Datatype: MPI_INT.
# Size       Avg Latency(us)
524288                170.89
1048576               401.13

# OSU MPI-ROCM Allreduce Latency Test v7.5
# Datatype: MPI_INT.
# Size       Avg Latency(us)
524288                152.34
1048576               353.68

################################################################
# CONFIG: C_force_ring  devices=0,1,2,3,4,5  extra: UCC_TL_UCP_TUNE=allreduce:0-inf:@ring
################################################################
[1778772975.615799] [nid007955:66695:0]  ucc_coll_score.c:738  UCC  ERROR incorrect algorithm id provided: ring, allreduce:0-inf:@ring, component TL_UCP
[1778772975.615814] [nid007955:66695:0]  ucc_coll_score.c:808  UCC  ERROR failed to parse UCC_*_TUNE parameter: allreduce:0-inf:@ring
[1778772975.615843] [nid007955:66694:0]  ucc_coll_score.c:738  UCC  ERROR incorrect algorithm id provided: ring, allreduce:0-inf:@ring, component TL_UCP
[1778772975.615856] [nid007955:66694:0]  ucc_coll_score.c:808  UCC  ERROR failed to parse UCC_*_TUNE parameter: allreduce:0-inf:@ring
[1778772975.615842] [nid007955:66692:0]  ucc_coll_score.c:738  UCC  ERROR incorrect algorithm id provided: ring, allreduce:0-inf:@ring, component TL_UCP
[1778772975.615859] [nid007955:66692:0]  ucc_coll_score.c:808  UCC  ERROR failed to parse UCC_*_TUNE parameter: allreduce:0-inf:@ring
[1778772975.615854] [nid007955:66690:0]  ucc_coll_score.c:738  UCC  ERROR incorrect algorithm id provided: ring, allreduce:0-inf:@ring, component TL_UCP
[1778772975.615867] [nid007955:66690:0]  ucc_coll_score.c:808  UCC  ERROR failed to parse UCC_*_TUNE parameter: allreduce:0-inf:@ring
[1778772975.615836] [nid007955:66691:0]  ucc_coll_score.c:738  UCC  ERROR incorrect algorithm id provided: ring, allreduce:0-inf:@ring, component TL_UCP
[1778772975.615850] [nid007955:66691:0]  ucc_coll_score.c:808  UCC  ERROR failed to parse UCC_*_TUNE parameter: allreduce:0-inf:@ring
[1778772975.615855] [nid007955:66693:0]  ucc_coll_score.c:738  UCC  ERROR incorrect algorithm id provided: ring, allreduce:0-inf:@ring, component TL_UCP
[1778772975.615868] [nid007955:66693:0]  ucc_coll_score.c:808  UCC  ERROR failed to parse UCC_*_TUNE parameter: allreduce:0-inf:@ring

# OSU MPI-ROCM Allreduce Latency Test v7.5
# Datatype: MPI_INT.
# Size       Avg Latency(us)
524288                130.22
1048576               638.84
[1778772979.335500] [nid007955:66811:0]  ucc_coll_score.c:738  UCC  ERROR incorrect algorithm id provided: ring, allreduce:0-inf:@ring, component TL_UCP
[1778772979.335513] [nid007955:66811:0]  ucc_coll_score.c:808  UCC  ERROR failed to parse UCC_*_TUNE parameter: allreduce:0-inf:@ring
[1778772979.335501] [nid007955:66810:0]  ucc_coll_score.c:738  UCC  ERROR incorrect algorithm id provided: ring, allreduce:0-inf:@ring, component TL_UCP
[1778772979.335515] [nid007955:66810:0]  ucc_coll_score.c:808  UCC  ERROR failed to parse UCC_*_TUNE parameter: allreduce:0-inf:@ring
[1778772979.335534] [nid007955:66815:0]  ucc_coll_score.c:738  UCC  ERROR incorrect algorithm id provided: ring, allreduce:0-inf:@ring, component TL_UCP
[1778772979.335549] [nid007955:66815:0]  ucc_coll_score.c:808  UCC  ERROR failed to parse UCC_*_TUNE parameter: allreduce:0-inf:@ring
[1778772979.335541] [nid007955:66812:0]  ucc_coll_score.c:738  UCC  ERROR incorrect algorithm id provided: ring, allreduce:0-inf:@ring, component TL_UCP
[1778772979.335558] [nid007955:66812:0]  ucc_coll_score.c:808  UCC  ERROR failed to parse UCC_*_TUNE parameter: allreduce:0-inf:@ring
[1778772979.335558] [nid007955:66813:0]  ucc_coll_score.c:738  UCC  ERROR incorrect algorithm id provided: ring, allreduce:0-inf:@ring, component TL_UCP
[1778772979.335572] [nid007955:66813:0]  ucc_coll_score.c:808  UCC  ERROR failed to parse UCC_*_TUNE parameter: allreduce:0-inf:@ring
[1778772979.335542] [nid007955:66814:0]  ucc_coll_score.c:738  UCC  ERROR incorrect algorithm id provided: ring, allreduce:0-inf:@ring, component TL_UCP
[1778772979.335558] [nid007955:66814:0]  ucc_coll_score.c:808  UCC  ERROR failed to parse UCC_*_TUNE parameter: allreduce:0-inf:@ring

# OSU MPI-ROCM Allreduce Latency Test v7.5
# Datatype: MPI_INT.
# Size       Avg Latency(us)
524288                135.40
1048576               625.30

################################################################
# CONFIG: D_force_sra_knomial  devices=0,1,2,3,4,5  extra: UCC_TL_UCP_TUNE=allreduce:0-inf:@sra_knomial
################################################################

# OSU MPI-ROCM Allreduce Latency Test v7.5
# Datatype: MPI_INT.
# Size       Avg Latency(us)
524288                124.50
1048576               624.49

# OSU MPI-ROCM Allreduce Latency Test v7.5
# Datatype: MPI_INT.
# Size       Avg Latency(us)
524288                105.88
1048576               613.31

################################################################
# CONFIG: E_alt_gcds  devices=0,1,4,5,6,7  cpu_mask=49,57,1,9,33,41
################################################################

# OSU MPI-ROCM Allreduce Latency Test v7.5
# Datatype: MPI_INT.
# Size       Avg Latency(us)
524288                124.20
1048576               622.53

# OSU MPI-ROCM Allreduce Latency Test v7.5
# Datatype: MPI_INT.
# Size       Avg Latency(us)
524288                119.46
1048576               634.20
