
################################################################
# intra_pkg_OAM0   GCD(0,1)   tier=intra_pkg   num_links=4
# Hypothesis: intra-package, 4 links, ~100 GB/s uni
################################################################
  [run 1] warm-up — output discarded
  [run 2] recording

# OSU MPI-ROCM Bandwidth Test v7.5
# Datatype: MPI_CHAR.
# Size      Bandwidth (MB/s)
1                       3.10
2                       5.67
4                      13.18
8                      27.04
16                     49.35
32                    102.07
64                    214.27
128                   424.18
256                    47.92
512                    94.15
1024                  187.46
2048                  363.69
4096                  375.63
8192                  742.47
16384                1482.43
32768                2920.41
65536                5704.81
131072              11021.70
262144              20643.65
524288              36445.91
1048576             58479.26
2097152             83032.33
4194304            105276.62
  [run 3] recording

# OSU MPI-ROCM Bandwidth Test v7.5
# Datatype: MPI_CHAR.
# Size      Bandwidth (MB/s)
1                       2.98
2                       5.98
4                      12.71
8                      26.05
16                     52.35
32                    104.14
64                    207.80
128                   408.38
256                    48.02
512                    94.37
1024                  188.26
2048                  365.28
4096                  374.69
8192                  741.20
16384                1483.63
32768                2938.52
65536                5729.96
131072              10978.52
262144              20576.09
524288              36239.60
1048576             58450.19
2097152             83021.84
4194304            105445.76
  [run 4] recording

# OSU MPI-ROCM Bandwidth Test v7.5
# Datatype: MPI_CHAR.
# Size      Bandwidth (MB/s)
1                       2.97
2                       6.01
4                      12.70
8                      26.05
16                     52.51
32                    104.49
64                    205.15
128                   408.13
256                    48.06
512                    94.66
1024                  188.38
2048                  371.74
4096                  375.11
8192                  741.31
16384                1480.09
32768                2925.26
65536                5715.86
131072              10975.74
262144              20597.56
524288              36224.29
1048576             58381.97
2097152             82921.08
4194304            105188.87
  [run 5] recording

# OSU MPI-ROCM Bandwidth Test v7.5
# Datatype: MPI_CHAR.
# Size      Bandwidth (MB/s)
1                       2.97
2                       5.94
4                      12.68
8                      25.90
16                     52.18
32                    103.76
64                    206.45
128                   403.82
256                    48.12
512                    94.41
1024                  188.06
2048                  372.50
4096                  376.03
8192                  741.40
16384                1482.08
32768                2934.97
65536                5718.68
131072              10989.34
262144              20609.26
524288              36306.03
1048576             58457.26
2097152             82816.57
4194304            105311.32
  [run 6] recording

# OSU MPI-ROCM Bandwidth Test v7.5
# Datatype: MPI_CHAR.
# Size      Bandwidth (MB/s)
1                       3.02
2                       6.10
4                      12.96
8                      26.64
16                     53.27
32                    106.23
64                    210.54
128                   414.88
256                    48.01
512                    94.39
1024                  188.14
2048                  367.63
4096                  376.19
8192                  742.14
16384                1485.38
32768                2933.26
65536                5725.68
131072              10971.52
262144              20575.18
524288              36304.60
1048576             58396.81
2097152             82911.25
4194304            105278.81

################################################################
# intra_pkg_OAM1   GCD(2,3)   tier=intra_pkg   num_links=4
# Hypothesis: intra-package, 4 links, ~100 GB/s uni
################################################################
  [run 1] warm-up — output discarded
  [run 2] recording

# OSU MPI-ROCM Bandwidth Test v7.5
# Datatype: MPI_CHAR.
# Size      Bandwidth (MB/s)
1                       2.91
2                       5.69
4                      12.10
8                      25.21
16                     48.01
32                     96.28
64                    196.82
128                   399.28
256                    47.47
512                    94.90
1024                  187.92
2048                  369.58
4096                  374.39
8192                  738.00
16384                1477.68
32768                2900.65
65536                5636.68
131072              10967.65
262144              20535.47
524288              36205.86
1048576             58327.93
2097152             82765.31
4194304            105213.65
  [run 3] recording

# OSU MPI-ROCM Bandwidth Test v7.5
# Datatype: MPI_CHAR.
# Size      Bandwidth (MB/s)
1                       3.00
2                       5.85
4                      12.81
8                      26.32
16                     52.62
32                    105.76
64                    209.60
128                   415.30
256                    47.53
512                    94.62
1024                  187.68
2048                  367.58
4096                  373.36
8192                  739.49
16384                1476.46
32768                2923.32
65536                5692.89
131072              10965.06
262144              20503.72
524288              36197.94
1048576             58245.98
2097152             82712.61
4194304            105238.33
  [run 4] recording

# OSU MPI-ROCM Bandwidth Test v7.5
# Datatype: MPI_CHAR.
# Size      Bandwidth (MB/s)
1                       3.00
2                       5.52
4                      12.02
8                      25.38
16                     52.25
32                    100.95
64                    207.29
128                   413.06
256                    47.62
512                    94.64
1024                  187.54
2048                  366.81
4096                  373.92
8192                  738.28
16384                1476.20
32768                2896.85
65536                5638.14
131072              10968.68
262144              20530.54
524288              36262.78
1048576             58283.29
2097152             82752.79
4194304            105061.39
  [run 5] recording

# OSU MPI-ROCM Bandwidth Test v7.5
# Datatype: MPI_CHAR.
# Size      Bandwidth (MB/s)
1                       3.05
2                       6.15
4                      13.12
8                      26.91
16                     53.94
32                    108.10
64                    213.70
128                   420.56
256                    47.28
512                    94.46
1024                  187.56
2048                  363.09
4096                  373.21
8192                  737.88
16384                1469.44
32768                2906.29
65536                5687.96
131072              10942.60
262144              20496.78
524288              36160.84
1048576             58265.77
2097152             82818.17
4194304            105151.32
  [run 6] recording

# OSU MPI-ROCM Bandwidth Test v7.5
# Datatype: MPI_CHAR.
# Size      Bandwidth (MB/s)
1                       3.07
2                       6.18
4                      12.92
8                      26.88
16                     54.06
32                    108.37
64                    214.32
128                   417.04
256                    47.51
512                    94.73
1024                  187.60
2048                  367.59
4096                  373.47
8192                  738.52
16384                1476.60
32768                2919.28
65536                5691.91
131072              10963.63
262144              20541.56
524288              36209.97
1048576             58264.18
2097152             82853.70
4194304            105232.32

################################################################
# intra_pkg_OAM2   GCD(4,5)   tier=intra_pkg   num_links=4
# Hypothesis: intra-package, 4 links, ~100 GB/s uni
################################################################
  [run 1] warm-up — output discarded
  [run 2] recording

# OSU MPI-ROCM Bandwidth Test v7.5
# Datatype: MPI_CHAR.
# Size      Bandwidth (MB/s)
1                       3.00
2                       5.87
4                      12.64
8                      26.26
16                     52.76
32                    102.49
64                    206.51
128                   403.54
256                    49.70
512                    97.16
1024                  192.36
2048                  377.81
4096                  388.42
8192                  772.15
16384                1538.55
32768                3037.38
65536                5927.33
131072              11418.47
262144              21279.57
524288              37486.12
1048576             59930.38
2097152             84979.41
4194304            106735.66
  [run 3] recording

# OSU MPI-ROCM Bandwidth Test v7.5
# Datatype: MPI_CHAR.
# Size      Bandwidth (MB/s)
1                       2.92
2                       5.74
4                      12.50
8                      24.44
16                     49.57
32                    100.84
64                    200.25
128                   396.97
256                    49.74
512                    97.77
1024                  193.01
2048                  378.95
4096                  390.21
8192                  771.06
16384                1543.73
32768                3051.99
65536                5937.47
131072              11386.98
262144              21191.28
524288              37363.27
1048576             59812.34
2097152             84554.29
4194304            106472.43
  [run 4] recording

# OSU MPI-ROCM Bandwidth Test v7.5
# Datatype: MPI_CHAR.
# Size      Bandwidth (MB/s)
1                       3.01
2                       6.01
4                      12.80
8                      25.86
16                     51.59
32                    105.25
64                    208.75
128                   412.20
256                    49.76
512                    98.09
1024                  192.33
2048                  380.39
4096                  390.66
8192                  770.33
16384                1542.49
32768                3047.75
65536                5923.41
131072              11410.21
262144              21244.16
524288              37475.42
1048576             59683.39
2097152             84548.29
4194304            106336.20
  [run 5] recording

# OSU MPI-ROCM Bandwidth Test v7.5
# Datatype: MPI_CHAR.
# Size      Bandwidth (MB/s)
1                       3.02
2                       6.09
4                      12.98
8                      26.70
16                     53.27
32                    105.06
64                    191.95
128                   418.32
256                    49.72
512                    96.39
1024                  191.90
2048                  378.01
4096                  389.39
8192                  769.20
16384                1533.19
32768                3039.68
65536                5924.36
131072              11400.27
262144              21156.54
524288              37344.94
1048576             59807.38
2097152             84550.42
4194304            106304.64
  [run 6] recording

# OSU MPI-ROCM Bandwidth Test v7.5
# Datatype: MPI_CHAR.
# Size      Bandwidth (MB/s)
1                       2.99
2                       5.97
4                      12.74
8                      26.10
16                     52.28
32                    104.67
64                    203.65
128                   410.28
256                    49.72
512                    96.58
1024                  192.36
2048                  377.75
4096                  387.98
8192                  769.88
16384                1534.80
32768                3040.92
65536                5927.34
131072              11396.48
262144              21222.62
524288              37316.08
1048576             59619.40
2097152             84549.14
4194304            106314.29

################################################################
# intra_pkg_OAM3   GCD(6,7)   tier=intra_pkg   num_links=4
# Hypothesis: intra-package, 4 links, ~100 GB/s uni
################################################################
  [run 1] warm-up — output discarded
  [run 2] recording

# OSU MPI-ROCM Bandwidth Test v7.5
# Datatype: MPI_CHAR.
# Size      Bandwidth (MB/s)
1                       2.94
2                       5.93
4                      12.62
8                      25.49
16                     50.07
32                    103.46
64                    201.60
128                   404.06
256                    48.34
512                    95.70
1024                  189.53
2048                  369.61
4096                  376.02
8192                  746.38
16384                1495.74
32768                2946.07
65536                5752.56
131072              11048.06
262144              20670.84
524288              36475.99
1048576             58600.96
2097152             83107.32
4194304            105320.22
  [run 3] recording

# OSU MPI-ROCM Bandwidth Test v7.5
# Datatype: MPI_CHAR.
# Size      Bandwidth (MB/s)
1                       3.02
2                       6.03
4                      12.60
8                      26.07
16                     51.69
32                    102.31
64                    180.37
128                   377.87
256                    48.30
512                    94.92
1024                  188.69
2048                  370.55
4096                  378.92
8192                  747.47
16384                1487.84
32768                2949.17
65536                5746.22
131072              11074.04
262144              20687.96
524288              36596.67
1048576             58729.52
2097152             83379.10
4194304            105522.61
  [run 4] recording

# OSU MPI-ROCM Bandwidth Test v7.5
# Datatype: MPI_CHAR.
# Size      Bandwidth (MB/s)
1                       2.93
2                       5.89
4                      12.55
8                      25.80
16                     51.59
32                    101.77
64                    204.96
128                   405.52
256                    48.30
512                    94.79
1024                  188.97
2048                  368.12
4096                  377.44
8192                  746.03
16384                1494.57
32768                2945.73
65536                5740.96
131072              11038.25
262144              20651.17
524288              36492.82
1048576             58576.18
2097152             83157.67
4194304            105326.48
  [run 5] recording

# OSU MPI-ROCM Bandwidth Test v7.5
# Datatype: MPI_CHAR.
# Size      Bandwidth (MB/s)
1                       2.98
2                       5.84
4                      12.72
8                      26.05
16                     52.19
32                    104.37
64                    205.37
128                   408.36
256                    48.28
512                    94.76
1024                  188.98
2048                  375.03
4096                  378.78
8192                  746.86
16384                1496.32
32768                2952.42
65536                5739.17
131072              11051.13
262144              20669.74
524288              36429.66
1048576             58549.40
2097152             83222.77
4194304            105400.31
  [run 6] recording

# OSU MPI-ROCM Bandwidth Test v7.5
# Datatype: MPI_CHAR.
# Size      Bandwidth (MB/s)
1                       2.94
2                       5.90
4                      12.60
8                      23.58
16                     51.31
32                    101.61
64                    205.20
128                   404.56
256                    48.20
512                    94.94
1024                  188.98
2048                  373.70
4096                  377.53
8192                  742.50
16384                1488.04
32768                2986.07
65536                5944.05
131072              11434.23
262144              21288.23
524288              37501.03
1048576             59919.60
2097152             84737.65
4194304            106454.15

################################################################
# inter_pkg_2link_06   GCD(0,6)   tier=inter_pkg_2link   num_links=2
# Hypothesis: inter-package, 2 links, ~70 GB/s uni
################################################################
  [run 1] warm-up — output discarded
  [run 2] recording

# OSU MPI-ROCM Bandwidth Test v7.5
# Datatype: MPI_CHAR.
# Size      Bandwidth (MB/s)
1                       2.88
2                       5.61
4                      12.23
8                      24.68
16                     49.87
32                     98.82
64                    192.79
128                   386.08
256                    48.24
512                    94.24
1024                  188.09
2048                  370.08
4096                  501.90
8192                  978.12
16384                1947.92
32768                3798.43
65536                7299.90
131072              13706.23
262144              22869.25
524288              36045.46
1048576             47238.27
2097152             55031.63
4194304             60322.42
  [run 3] recording

# OSU MPI-ROCM Bandwidth Test v7.5
# Datatype: MPI_CHAR.
# Size      Bandwidth (MB/s)
1                       2.99
2                       5.92
4                      12.34
8                      25.71
16                     51.71
32                    103.16
64                    199.70
128                   403.54
256                    48.24
512                    95.20
1024                  188.52
2048                  369.68
4096                  500.76
8192                  977.92
16384                1951.51
32768                3796.53
65536                7304.35
131072              13703.21
262144              22892.84
524288              36034.21
1048576             47236.21
2097152             55122.63
4194304             60349.13
  [run 4] recording

# OSU MPI-ROCM Bandwidth Test v7.5
# Datatype: MPI_CHAR.
# Size      Bandwidth (MB/s)
1                       2.94
2                       5.85
4                      11.45
8                      24.91
16                     49.99
32                    103.21
64                    203.94
128                   396.20
256                    48.97
512                    94.79
1024                  188.99
2048                  370.00
4096                  503.05
8192                  992.24
16384                1963.07
32768                3826.49
65536                7338.50
131072              13729.78
262144              22911.43
524288              36104.31
1048576             47261.56
2097152             55134.97
4194304             60370.98
  [run 5] recording

# OSU MPI-ROCM Bandwidth Test v7.5
# Datatype: MPI_CHAR.
# Size      Bandwidth (MB/s)
1                       3.04
2                       5.97
4                      12.79
8                      26.03
16                     51.40
32                    102.87
64                    204.49
128                   405.74
256                    48.98
512                    95.83
1024                  194.18
2048                  388.58
4096                  507.64
8192                 1008.79
16384                2034.85
32768                3959.54
65536                7590.85
131072              14123.84
262144              23475.14
524288              36844.18
1048576             47802.64
2097152             55528.13
4194304             60535.14
  [run 6] recording

# OSU MPI-ROCM Bandwidth Test v7.5
# Datatype: MPI_CHAR.
# Size      Bandwidth (MB/s)
1                       2.97
2                       5.45
4                      12.53
8                      24.95
16                     50.28
32                    100.48
64                    203.10
128                   404.89
256                    49.18
512                    95.99
1024                  188.20
2048                  369.42
4096                  502.47
8192                  991.51
16384                1959.96
32768                3813.43
65536                7320.26
131072              13692.14
262144              22888.07
524288              36066.84
1048576             47314.52
2097152             55072.00
4194304             60348.93

################################################################
# inter_pkg_2link_24   GCD(2,4)   tier=inter_pkg_2link   num_links=2
# Hypothesis: inter-package, 2 links, ~70 GB/s uni
################################################################
  [run 1] warm-up — output discarded
  [run 2] recording

# OSU MPI-ROCM Bandwidth Test v7.5
# Datatype: MPI_CHAR.
# Size      Bandwidth (MB/s)
1                       3.05
2                       6.16
4                      13.08
8                      26.87
16                     53.77
32                    107.71
64                    213.54
128                   420.24
256                    48.88
512                    95.24
1024                  187.85
2048                  369.49
4096                  501.64
8192                  974.27
16384                1956.55
32768                3815.07
65536                7314.54
131072              13659.53
262144              23450.31
524288              37407.68
1048576             51513.72
2097152             62172.91
4194304             68206.02
  [run 3] recording

# OSU MPI-ROCM Bandwidth Test v7.5
# Datatype: MPI_CHAR.
# Size      Bandwidth (MB/s)
1                       2.98
2                       5.97
4                      12.78
8                      26.15
16                     52.45
32                    104.42
64                    204.47
128                   409.69
256                    48.92
512                    94.83
1024                  188.95
2048                  372.24
4096                  503.17
8192                  979.95
16384                1951.62
32768                3798.70
65536                7304.46
131072              13705.32
262144              23474.87
524288              37406.63
1048576             51536.40
2097152             62323.98
4194304             68218.71
  [run 4] recording

# OSU MPI-ROCM Bandwidth Test v7.5
# Datatype: MPI_CHAR.
# Size      Bandwidth (MB/s)
1                       3.01
2                       6.03
4                      12.91
8                      25.60
16                     52.82
32                    101.99
64                    210.17
128                   416.95
256                    48.88
512                    94.75
1024                  188.20
2048                  383.75
4096                  506.10
8192                 1004.11
16384                2020.93
32768                3936.02
65536                7539.79
131072              14033.85
262144              24137.88
524288              38171.12
1048576             52087.75
2097152             62773.90
4194304             68561.06
  [run 5] recording

# OSU MPI-ROCM Bandwidth Test v7.5
# Datatype: MPI_CHAR.
# Size      Bandwidth (MB/s)
1                       3.00
2                       5.53
4                      12.80
8                      26.32
16                     49.52
32                    100.15
64                    208.21
128                   411.73
256                    48.60
512                    94.74
1024                  188.52
2048                  371.80
4096                  501.37
8192                  977.34
16384                1943.68
32768                3780.67
65536                7267.77
131072              13647.96
262144              23405.24
524288              37349.45
1048576             51414.62
2097152             62129.10
4194304             68317.93
  [run 6] recording

# OSU MPI-ROCM Bandwidth Test v7.5
# Datatype: MPI_CHAR.
# Size      Bandwidth (MB/s)
1                       3.00
2                       6.01
4                      12.45
8                      26.29
16                     51.01
32                    105.39
64                    210.23
128                   412.28
256                    49.12
512                    94.95
1024                  188.95
2048                  368.92
4096                  502.76
8192                  979.03
16384                1948.50
32768                3799.33
65536                7310.46
131072              13677.55
262144              23478.84
524288              37421.92
1048576             51566.18
2097152             62290.43
4194304             68289.90

################################################################
# inter_pkg_1link_02   GCD(0,2)   tier=inter_pkg_1link   num_links=1
# Hypothesis: inter-package, 1 link, ~35 GB/s uni
################################################################
  [run 1] warm-up — output discarded
  [run 2] recording

# OSU MPI-ROCM Bandwidth Test v7.5
# Datatype: MPI_CHAR.
# Size      Bandwidth (MB/s)
1                       2.95
2                       5.91
4                      12.61
8                      25.75
16                     50.89
32                    103.25
64                    203.60
128                   397.14
256                    49.06
512                    95.64
1024                  187.74
2048                  372.73
4096                  721.58
8192                 1403.19
16384                2686.85
32768                4999.53
65536                8982.68
131072              14635.64
262144              20930.83
524288              27078.03
1048576             31643.64
2097152             34325.09
4194304             35416.77
  [run 3] recording

# OSU MPI-ROCM Bandwidth Test v7.5
# Datatype: MPI_CHAR.
# Size      Bandwidth (MB/s)
1                       3.05
2                       6.11
4                      12.62
8                      26.73
16                     53.64
32                    106.72
64                    212.81
128                   415.40
256                    48.95
512                    95.74
1024                  188.72
2048                  374.08
4096                  721.14
8192                 1403.51
16384                2693.12
32768                5110.58
65536                9135.99
131072              14811.31
262144              20906.46
524288              26870.05
1048576             31532.66
2097152             34221.41
4194304             35367.07
  [run 4] recording

# OSU MPI-ROCM Bandwidth Test v7.5
# Datatype: MPI_CHAR.
# Size      Bandwidth (MB/s)
1                       3.05
2                       6.13
4                      12.64
8                      26.81
16                     53.98
32                    107.41
64                    213.88
128                   418.05
256                    49.23
512                    94.51
1024                  188.45
2048                  369.07
4096                  726.37
8192                 1406.68
16384                2695.15
32768                5043.66
65536                9021.98
131072              14656.89
262144              21041.55
524288              27103.81
1048576             31658.93
2097152             34337.83
4194304             35473.98
  [run 5] recording

# OSU MPI-ROCM Bandwidth Test v7.5
# Datatype: MPI_CHAR.
# Size      Bandwidth (MB/s)
1                       3.06
2                       6.02
4                      13.04
8                      26.86
16                     53.67
32                    107.81
64                    212.94
128                   420.07
256                    49.19
512                    94.57
1024                  188.47
2048                  369.82
4096                  718.38
8192                 1403.75
16384                2694.10
32768                5032.34
65536                9016.73
131072              14660.01
262144              21020.69
524288              27115.74
1048576             31663.97
2097152             34322.71
4194304             35385.62
  [run 6] recording

# OSU MPI-ROCM Bandwidth Test v7.5
# Datatype: MPI_CHAR.
# Size      Bandwidth (MB/s)
1                       3.05
2                       6.07
4                      12.97
8                      24.47
16                     53.51
32                    107.26
64                    203.78
128                   396.01
256                    49.30
512                    96.06
1024                  188.34
2048                  369.95
4096                  720.57
8192                 1406.35
16384                2692.39
32768                5052.78
65536                9063.74
131072              14659.16
262144              21004.36
524288              27118.18
1048576             31680.94
2097152             34324.69
4194304             35391.58

################################################################
# inter_pkg_1link_13   GCD(1,3)   tier=inter_pkg_1link   num_links=1
# Hypothesis: inter-package, 1 link, ~35 GB/s uni
################################################################
  [run 1] warm-up — output discarded
  [run 2] recording

# OSU MPI-ROCM Bandwidth Test v7.5
# Datatype: MPI_CHAR.
# Size      Bandwidth (MB/s)
1                       2.90
2                       5.89
4                      12.55
8                      25.63
16                     50.62
32                    102.57
64                    200.54
128                   399.96
256                    48.67
512                    95.38
1024                  189.70
2048                  375.28
4096                  730.74
8192                 1412.57
16384                2712.01
32768                5069.38
65536                9067.52
131072              14683.80
262144              21084.98
524288              27167.50
1048576             31683.90
2097152             34419.46
4194304             35491.04
  [run 3] recording

# OSU MPI-ROCM Bandwidth Test v7.5
# Datatype: MPI_CHAR.
# Size      Bandwidth (MB/s)
1                       3.02
2                       6.06
4                      12.96
8                      26.49
16                     53.39
32                    106.70
64                    210.97
128                   416.50
256                    48.56
512                    96.40
1024                  190.21
2048                  374.89
4096                  731.88
8192                 1420.02
16384                2717.62
32768                5064.87
65536                9071.10
131072              14717.26
262144              21058.34
524288              27170.73
1048576             31682.49
2097152             34343.29
4194304             35403.97
  [run 4] recording

# OSU MPI-ROCM Bandwidth Test v7.5
# Datatype: MPI_CHAR.
# Size      Bandwidth (MB/s)
1                       3.00
2                       6.07
4                      12.91
8                      26.48
16                     53.07
32                    106.16
64                    207.16
128                   410.61
256                    47.59
512                    95.03
1024                  189.55
2048                  376.09
4096                  731.29
8192                 1415.22
16384                2723.38
32768                5070.11
65536                9089.10
131072              14713.07
262144              21045.59
524288              27164.56
1048576             31686.51
2097152             34358.74
4194304             35394.49
  [run 5] recording

# OSU MPI-ROCM Bandwidth Test v7.5
# Datatype: MPI_CHAR.
# Size      Bandwidth (MB/s)
1                       3.05
2                       5.93
4                      13.01
8                      26.77
16                     53.17
32                    107.21
64                    211.88
128                   418.81
256                    49.17
512                    96.25
1024                  189.00
2048                  372.86
4096                  724.10
8192                 1408.85
16384                2711.37
32768                5068.70
65536                9072.48
131072              14695.56
262144              21085.13
524288              27166.79
1048576             31682.21
2097152             34357.59
4194304             35400.12
  [run 6] recording

# OSU MPI-ROCM Bandwidth Test v7.5
# Datatype: MPI_CHAR.
# Size      Bandwidth (MB/s)
1                       2.99
2                       5.96
4                      12.74
8                      26.17
16                     52.28
32                    101.27
64                    208.29
128                   413.77
256                    49.07
512                    96.65
1024                  192.64
2048                  395.37
4096                  754.94
8192                 1474.44
16384                2810.90
32768                5235.63
65536                9410.72
131072              15112.68
262144              21527.06
524288              27584.62
1048576             31954.29
2097152             34497.42
4194304             35502.94

################################################################
# inter_pkg_1link_15   GCD(1,5)   tier=inter_pkg_1link   num_links=1
# Hypothesis: inter-package, 1 link, ~35 GB/s uni
################################################################
  [run 1] warm-up — output discarded
  [run 2] recording

# OSU MPI-ROCM Bandwidth Test v7.5
# Datatype: MPI_CHAR.
# Size      Bandwidth (MB/s)
1                       2.95
2                       5.93
4                      12.19
8                      25.83
16                     50.73
32                     97.64
64                    189.22
128                   371.30
256                    48.45
512                    95.96
1024                  189.20
2048                  369.91
4096                  719.90
8192                 1409.32
16384                2693.98
32768                5048.07
65536                9071.36
131072              14687.13
262144              21035.80
524288              27125.65
1048576             31680.94
2097152             34321.56
4194304             35384.05
  [run 3] recording

# OSU MPI-ROCM Bandwidth Test v7.5
# Datatype: MPI_CHAR.
# Size      Bandwidth (MB/s)
1                       3.01
2                       6.03
4                      12.56
8                      26.14
16                     50.94
32                    105.12
64                    205.78
128                   412.81
256                    48.46
512                    96.03
1024                  189.05
2048                  369.84
4096                  719.90
8192                 1406.16
16384                2701.54
32768                5056.45
65536                9024.76
131072              14670.14
262144              21037.05
524288              27131.47
1048576             31657.81
2097152             34336.78
4194304             35394.22
  [run 4] recording

# OSU MPI-ROCM Bandwidth Test v7.5
# Datatype: MPI_CHAR.
# Size      Bandwidth (MB/s)
1                       3.06
2                       6.11
4                      13.05
8                      26.73
16                     53.63
32                    106.89
64                    213.15
128                   419.39
256                    48.42
512                    96.50
1024                  189.33
2048                  374.21
4096                  731.89
8192                 1412.64
16384                2709.36
32768                5035.40
65536                9036.60
131072              14683.88
262144              21029.76
524288              27141.05
1048576             31751.48
2097152             34340.24
4194304             35435.79
  [run 5] recording

# OSU MPI-ROCM Bandwidth Test v7.5
# Datatype: MPI_CHAR.
# Size      Bandwidth (MB/s)
1                       3.05
2                       6.06
4                      13.00
8                      26.57
16                     53.40
32                    106.37
64                    212.43
128                   378.62
256                    48.54
512                    94.83
1024                  189.34
2048                  374.80
4096                  727.95
8192                 1411.40
16384                2704.61
32768                5039.26
65536                9043.67
131072              14676.63
262144              21040.89
524288              27141.33
1048576             31752.65
2097152             34348.53
4194304             35392.56
  [run 6] recording

# OSU MPI-ROCM Bandwidth Test v7.5
# Datatype: MPI_CHAR.
# Size      Bandwidth (MB/s)
1                       3.02
2                       6.05
4                      11.65
8                      26.03
16                     52.34
32                    104.11
64                    192.71
128                   406.29
256                    49.56
512                    95.01
1024                  189.50
2048                  375.95
4096                  726.60
8192                 1409.14
16384                2703.50
32768                5040.72
65536                9027.10
131072              14702.87
262144              21050.88
524288              27156.06
1048576             31693.36
2097152             34335.08
4194304             35402.44

################################################################
# inter_pkg_1link_37   GCD(3,7)   tier=inter_pkg_1link   num_links=1
# Hypothesis: inter-package, 1 link, ~35 GB/s uni
################################################################
  [run 1] warm-up — output discarded
  [run 2] recording

# OSU MPI-ROCM Bandwidth Test v7.5
# Datatype: MPI_CHAR.
# Size      Bandwidth (MB/s)
1                       3.03
2                       6.14
4                      13.03
8                      26.41
16                     48.82
32                    107.01
64                    212.29
128                   393.39
256                    50.05
512                    98.38
1024                  194.78
2048                  382.86
4096                  749.75
8192                 1454.29
16384                2781.89
32768                5186.20
65536                9361.14
131072              14912.28
262144              21340.39
524288              27390.09
1048576             31836.06
2097152             34434.46
4194304             35447.42
  [run 3] recording

# OSU MPI-ROCM Bandwidth Test v7.5
# Datatype: MPI_CHAR.
# Size      Bandwidth (MB/s)
1                       3.00
2                       6.02
4                      12.76
8                      26.26
16                     52.51
32                    105.22
64                    208.56
128                   411.00
256                    50.39
512                    99.17
1024                  193.80
2048                  383.09
4096                  750.29
8192                 1450.07
16384                2786.26
32768                5159.94
65536                9352.98
131072              14940.89
262144              21354.98
524288              27399.20
1048576             31846.53
2097152             34432.60
4194304             35443.58
  [run 4] recording

# OSU MPI-ROCM Bandwidth Test v7.5
# Datatype: MPI_CHAR.
# Size      Bandwidth (MB/s)
1                       3.03
2                       5.93
4                      12.91
8                      25.93
16                     53.09
32                    105.59
64                    210.06
128                   400.52
256                    49.95
512                    99.21
1024                  195.46
2048                  381.09
4096                  747.23
8192                 1442.63
16384                2774.77
32768                5175.57
65536                9366.95
131072              14998.80
262144              21367.87
524288              27359.49
1048576             31921.73
2097152             34470.42
4194304             35467.15
  [run 5] recording

# OSU MPI-ROCM Bandwidth Test v7.5
# Datatype: MPI_CHAR.
# Size      Bandwidth (MB/s)
1                       3.01
2                       5.89
4                      12.94
8                      26.57
16                     53.26
32                    106.64
64                    211.49
128                   417.98
256                    50.34
512                    98.57
1024                  194.39
2048                  381.76
4096                  749.56
8192                 1446.78
16384                2774.44
32768                5170.93
65536                9335.15
131072              14936.48
262144              21346.12
524288              27385.58
1048576             31824.82
2097152             34429.85
4194304             35452.66
  [run 6] recording

# OSU MPI-ROCM Bandwidth Test v7.5
# Datatype: MPI_CHAR.
# Size      Bandwidth (MB/s)
1                       2.96
2                       5.85
4                      12.63
8                      25.89
16                     51.96
32                     99.69
64                    199.40
128                   406.42
256                    50.18
512                    99.61
1024                  194.40
2048                  381.17
4096                  749.95
8192                 1449.32
16384                2780.95
32768                5184.32
65536                9356.35
131072              14917.53
262144              21352.42
524288              27394.57
1048576             31843.01
2097152             34427.35
4194304             35459.53

################################################################
# inter_pkg_1link_46   GCD(4,6)   tier=inter_pkg_1link   num_links=1
# Hypothesis: inter-package, 1 link, ~35 GB/s uni
################################################################
  [run 1] warm-up — output discarded
  [run 2] recording

# OSU MPI-ROCM Bandwidth Test v7.5
# Datatype: MPI_CHAR.
# Size      Bandwidth (MB/s)
1                       2.93
2                       5.87
4                      12.44
8                      25.60
16                     51.18
32                    102.55
64                    185.10
128                   390.42
256                    50.52
512                    99.32
1024                  195.58
2048                  381.80
4096                  747.20
8192                 1448.17
16384                2770.53
32768                5225.34
65536                9369.05
131072              15085.10
262144              21351.86
524288              27485.80
1048576             31896.05
2097152             34264.96
4194304             35444.27
  [run 3] recording

# OSU MPI-ROCM Bandwidth Test v7.5
# Datatype: MPI_CHAR.
# Size      Bandwidth (MB/s)
1                       2.93
2                       5.87
4                      12.64
8                      25.13
16                     52.12
32                    104.47
64                    206.42
128                   410.55
256                    50.22
512                    98.65
1024                  195.37
2048                  381.11
4096                  749.07
8192                 1450.38
16384                2771.11
32768                5206.91
65536                9350.15
131072              15042.19
262144              21273.71
524288              27455.22
1048576             31869.84
2097152             34433.09
4194304             35462.72
  [run 4] recording

# OSU MPI-ROCM Bandwidth Test v7.5
# Datatype: MPI_CHAR.
# Size      Bandwidth (MB/s)
1                       2.95
2                       5.88
4                      12.52
8                      25.61
16                     51.10
32                    100.08
64                    201.49
128                   388.57
256                    50.49
512                    99.14
1024                  194.22
2048                  381.44
4096                  746.04
8192                 1447.05
16384                2771.70
32768                5208.96
65536                9349.58
131072              15037.76
262144              21318.36
524288              27467.34
1048576             31864.15
2097152             34441.40
4194304             35445.41
  [run 5] recording

# OSU MPI-ROCM Bandwidth Test v7.5
# Datatype: MPI_CHAR.
# Size      Bandwidth (MB/s)
1                       2.92
2                       5.86
4                      11.99
8                      25.45
16                     51.23
32                    101.88
64                    203.55
128                   398.12
256                    50.48
512                    99.14
1024                  195.03
2048                  381.38
4096                  748.57
8192                 1449.42
16384                2774.58
32768                5155.04
65536                9330.80
131072              15008.02
262144              21384.67
524288              27392.24
1048576             31884.83
2097152             34459.95
4194304             35450.14
  [run 6] recording

# OSU MPI-ROCM Bandwidth Test v7.5
# Datatype: MPI_CHAR.
# Size      Bandwidth (MB/s)
1                       2.98
2                       5.76
4                      12.67
8                      26.08
16                     52.02
32                    104.31
64                    207.10
128                   407.13
256                    50.54
512                    99.12
1024                  195.77
2048                  381.37
4096                  747.43
8192                 1448.21
16384                2778.30
32768                5220.77
65536                9361.72
131072              15060.23
262144              21350.04
524288              27487.53
1048576             31882.91
2097152             34420.51
4194304             35449.11

################################################################
# inter_pkg_1link_57   GCD(5,7)   tier=inter_pkg_1link   num_links=1
# Hypothesis: inter-package, 1 link, ~35 GB/s uni
################################################################
  [run 1] warm-up — output discarded
  [run 2] recording

# OSU MPI-ROCM Bandwidth Test v7.5
# Datatype: MPI_CHAR.
# Size      Bandwidth (MB/s)
1                       2.94
2                       5.80
4                      12.58
8                      25.07
16                     50.83
32                    101.23
64                    200.52
128                   397.21
256                    51.01
512                    99.90
1024                  198.43
2048                  384.59
4096                  752.64
8192                 1460.05
16384                2798.88
32768                5219.85
65536                9388.83
131072              14954.76
262144              21392.07
524288              27423.21
1048576             31867.47
2097152             34439.75
4194304             35454.49
  [run 3] recording

# OSU MPI-ROCM Bandwidth Test v7.5
# Datatype: MPI_CHAR.
# Size      Bandwidth (MB/s)
1                       2.90
2                       5.62
4                      12.06
8                      25.34
16                     49.72
32                     99.94
64                    184.66
128                   389.39
256                    50.92
512                   101.12
1024                  199.61
2048                  388.84
4096                  755.96
8192                 1467.65
16384                2795.41
32768                5214.36
65536                9407.86
131072              14998.84
262144              21417.16
524288              27440.44
1048576             31870.82
2097152             34456.41
4194304             35461.60
  [run 4] recording

# OSU MPI-ROCM Bandwidth Test v7.5
# Datatype: MPI_CHAR.
# Size      Bandwidth (MB/s)
1                       3.02
2                       5.92
4                      12.77
8                      25.25
16                     50.41
32                    100.89
64                    201.18
128                   410.27
256                    50.84
512                   100.82
1024                  198.35
2048                  384.95
4096                  753.18
8192                 1461.87
16384                2801.01
32768                5187.66
65536                9374.90
131072              14961.65
262144              21410.14
524288              27441.77
1048576             31865.51
2097152             34454.73
4194304             35463.45
  [run 5] recording

# OSU MPI-ROCM Bandwidth Test v7.5
# Datatype: MPI_CHAR.
# Size      Bandwidth (MB/s)
1                       2.92
2                       5.81
4                      12.19
8                      25.14
16                     51.18
32                     97.84
64                    193.91
128                   379.89
256                    51.14
512                   100.35
1024                  196.71
2048                  384.69
4096                  753.31
8192                 1459.83
16384                2785.11
32768                5211.45
65536                9356.82
131072              14972.36
262144              21420.25
524288              27443.13
1048576             31879.78
2097152             34457.49
4194304             35460.93
  [run 6] recording

# OSU MPI-ROCM Bandwidth Test v7.5
# Datatype: MPI_CHAR.
# Size      Bandwidth (MB/s)
1                       2.84
2                       5.54
4                      11.77
8                      24.47
16                     49.12
32                     97.58
64                    197.79
128                   379.58
256                    50.24
512                   100.18
1024                  195.27
2048                  384.85
4096                  753.27
8192                 1463.91
16384                2796.79
32768                5211.25
65536                9388.65
131072              14974.75
262144              21401.50
524288              27435.75
1048576             31870.31
2097152             34441.20
4194304             35459.33

################################################################
# routed_07   GCD(0,7)   tier=routed   num_links=0
# Hypothesis: no direct link, routed via 2-link path
################################################################
  [run 1] warm-up — output discarded
  [run 2] recording

# OSU MPI-ROCM Bandwidth Test v7.5
# Datatype: MPI_CHAR.
# Size      Bandwidth (MB/s)
1                       2.84
2                       5.66
4                      12.06
8                      24.69
16                     49.07
32                     94.33
64                    195.92
128                   387.72
256                    47.19
512                    94.35
1024                  183.12
2048                  359.75
4096                  704.81
8192                 1375.66
16384                2674.08
32768                5065.70
65536                9402.98
131072              15939.89
262144              23837.87
524288              33023.23
1048576             39921.48
2097152             44899.33
4194304             47703.34
  [run 3] recording

# OSU MPI-ROCM Bandwidth Test v7.5
# Datatype: MPI_CHAR.
# Size      Bandwidth (MB/s)
1                       3.03
2                       5.99
4                      11.69
8                      25.15
16                     53.06
32                    105.41
64                    205.52
128                   416.38
256                    47.27
512                    92.92
1024                  183.27
2048                  360.37
4096                  706.99
8192                 1382.45
16384                2683.66
32768                5101.47
65536                9421.48
131072              15947.83
262144              23834.76
524288              33004.32
1048576             39932.28
2097152             44911.80
4194304             47714.67
  [run 4] recording

# OSU MPI-ROCM Bandwidth Test v7.5
# Datatype: MPI_CHAR.
# Size      Bandwidth (MB/s)
1                       3.05
2                       6.03
4                      12.74
8                      26.22
16                     52.44
32                    102.63
64                    203.59
128                   402.14
256                    47.31
512                    92.98
1024                  183.30
2048                  358.41
4096                  707.09
8192                 1379.83
16384                2674.10
32768                5059.87
65536                9409.77
131072              15945.50
262144              23842.37
524288              33036.35
1048576             39942.87
2097152             44913.73
4194304             47707.29
  [run 5] recording

# OSU MPI-ROCM Bandwidth Test v7.5
# Datatype: MPI_CHAR.
# Size      Bandwidth (MB/s)
1                       3.04
2                       5.87
4                      12.42
8                      26.02
16                     52.10
32                    106.29
64                    206.31
128                   407.48
256                    46.57
512                    92.94
1024                  182.92
2048                  359.44
4096                  706.05
8192                 1373.87
16384                2676.92
32768                5078.59
65536                9369.54
131072              15923.56
262144              23802.99
524288              33005.21
1048576             39907.12
2097152             44893.31
4194304             47704.37
  [run 6] recording

# OSU MPI-ROCM Bandwidth Test v7.5
# Datatype: MPI_CHAR.
# Size      Bandwidth (MB/s)
1                       3.07
2                       5.96
4                      13.10
8                      26.94
16                     53.97
32                    108.00
64                    214.17
128                   420.51
256                    47.01
512                    94.03
1024                  182.04
2048                  357.82
4096                  703.59
8192                 1370.71
16384                2666.02
32768                5045.29
65536                9377.74
131072              15897.32
262144              23778.39
524288              32989.49
1048576             39911.57
2097152             44884.36
4194304             47696.23

################################################################
# routed_16   GCD(1,6)   tier=routed   num_links=0
# Hypothesis: no direct link, routed via 2-link path
################################################################
  [run 1] warm-up — output discarded
  [run 2] recording

# OSU MPI-ROCM Bandwidth Test v7.5
# Datatype: MPI_CHAR.
# Size      Bandwidth (MB/s)
1                       3.01
2                       6.05
4                      12.86
8                      26.38
16                     51.96
32                    104.92
64                    210.40
128                   412.54
256                    46.89
512                    93.00
1024                  180.97
2048                  358.50
4096                  702.10
8192                 1369.33
16384                2661.58
32768                5072.74
65536                9336.72
131072              15858.91
262144              23765.85
524288              33026.61
1048576             39866.43
2097152             44890.04
4194304             47702.92
  [run 3] recording

# OSU MPI-ROCM Bandwidth Test v7.5
# Datatype: MPI_CHAR.
# Size      Bandwidth (MB/s)
1                       3.00
2                       6.01
4                      12.88
8                      26.33
16                     53.03
32                    105.38
64                    209.75
128                   410.98
256                    46.66
512                    91.50
1024                  181.90
2048                  355.56
4096                  701.16
8192                 1415.85
16384                2753.57
32768                5229.70
65536                9722.83
131072              16244.70
262144              24407.94
524288              33546.08
1048576             40266.54
2097152             45121.56
4194304             47750.30
  [run 4] recording

# OSU MPI-ROCM Bandwidth Test v7.5
# Datatype: MPI_CHAR.
# Size      Bandwidth (MB/s)
1                       2.98
2                       5.92
4                      12.69
8                      25.87
16                     52.05
32                     93.96
64                    206.16
128                   406.43
256                    46.74
512                    91.78
1024                  180.78
2048                  356.35
4096                  701.64
8192                 1365.36
16384                2656.73
32768                5065.45
65536                9312.17
131072              15848.08
262144              23746.39
524288              32960.16
1048576             39863.27
2097152             44969.74
4194304             47750.47
  [run 5] recording

# OSU MPI-ROCM Bandwidth Test v7.5
# Datatype: MPI_CHAR.
# Size      Bandwidth (MB/s)
1                       2.97
2                       5.96
4                      12.70
8                      26.09
16                     52.26
32                    102.82
64                    207.40
128                   409.36
256                    47.83
512                    97.18
1024                  190.36
2048                  373.09
4096                  731.21
8192                 1420.06
16384                2760.47
32768                5220.42
65536                9637.84
131072              16262.35
262144              24422.91
524288              33567.39
1048576             40263.41
2097152             45164.36
4194304             47753.46
  [run 6] recording

# OSU MPI-ROCM Bandwidth Test v7.5
# Datatype: MPI_CHAR.
# Size      Bandwidth (MB/s)
1                       3.10
2                       6.15
4                      13.19
8                      27.00
16                     54.33
32                    108.33
64                    215.62
128                   423.04
256                    46.73
512                    90.44
1024                  180.72
2048                  359.86
4096                  700.99
8192                 1367.63
16384                2659.39
32768                5050.06
65536                9306.84
131072              15840.73
262144              23733.94
524288              32878.43
1048576             39872.95
2097152             44906.96
4194304             47695.45

################################################################
# routed_03   GCD(0,3)   tier=routed   num_links=0
# Hypothesis: no direct link, routed via 1-link path
################################################################
  [run 1] warm-up — output discarded
  [run 2] recording

# OSU MPI-ROCM Bandwidth Test v7.5
# Datatype: MPI_CHAR.
# Size      Bandwidth (MB/s)
1                       3.00
2                       5.93
4                      12.55
8                      26.34
16                     52.66
32                    105.30
64                    203.10
128                   413.72
256                    47.19
512                    92.83
1024                  183.44
2048                  360.42
4096                  704.21
8192                 1366.88
16384                2621.09
32768                4879.60
65536                8835.73
131072              14462.51
262144              20906.93
524288              27186.07
1048576             31944.24
2097152             34775.78
4194304             35906.57
  [run 3] recording

# OSU MPI-ROCM Bandwidth Test v7.5
# Datatype: MPI_CHAR.
# Size      Bandwidth (MB/s)
1                       2.84
2                       5.95
4                      12.64
8                      26.00
16                     52.24
32                    104.67
64                    211.77
128                   417.56
256                    47.16
512                    92.81
1024                  182.78
2048                  359.09
4096                  702.60
8192                 1361.53
16384                2624.73
32768                4897.66
65536                8839.06
131072              14483.93
262144              20915.37
524288              27186.68
1048576             31984.91
2097152             34786.68
4194304             35902.50
  [run 4] recording

# OSU MPI-ROCM Bandwidth Test v7.5
# Datatype: MPI_CHAR.
# Size      Bandwidth (MB/s)
1                       3.06
2                       6.12
4                      12.95
8                      26.49
16                     53.39
32                    106.00
64                    211.22
128                   376.12
256                    47.22
512                    94.21
1024                  182.76
2048                  356.65
4096                  702.70
8192                 1365.46
16384                2621.52
32768                4936.16
65536                8903.36
131072              14531.48
262144              20915.37
524288              27272.95
1048576             31995.25
2097152             34773.33
4194304             35886.27
  [run 5] recording

# OSU MPI-ROCM Bandwidth Test v7.5
# Datatype: MPI_CHAR.
# Size      Bandwidth (MB/s)
1                       3.01
2                       6.01
4                      12.73
8                      26.04
16                     52.26
32                    104.64
64                    206.41
128                   404.86
256                    47.05
512                    92.67
1024                  182.02
2048                  355.60
4096                  701.21
8192                 1359.25
16384                2612.60
32768                4870.10
65536                8808.55
131072              14421.94
262144              20851.47
524288              27133.60
1048576             31931.49
2097152             34771.75
4194304             35896.74
  [run 6] recording

# OSU MPI-ROCM Bandwidth Test v7.5
# Datatype: MPI_CHAR.
# Size      Bandwidth (MB/s)
1                       3.08
2                       6.14
4                      12.95
8                      26.99
16                     53.85
32                    107.32
64                    215.39
128                   421.51
256                    47.12
512                    93.89
1024                  182.83
2048                  358.80
4096                  701.57
8192                 1359.99
16384                2620.80
32768                4882.00
65536                8832.27
131072              14470.08
262144              20870.95
524288              27171.87
1048576             31971.28
2097152             34783.71
4194304             35899.74

################################################################
# routed_14   GCD(1,4)   tier=routed   num_links=0
# Hypothesis: no direct link, routed via 1-link path
################################################################
  [run 1] warm-up — output discarded
  [run 2] recording

# OSU MPI-ROCM Bandwidth Test v7.5
# Datatype: MPI_CHAR.
# Size      Bandwidth (MB/s)
1                       3.03
2                       6.10
4                      12.97
8                      26.74
16                     53.44
32                    106.97
64                    211.52
128                   410.66
256                    47.46
512                    94.87
1024                  183.68
2048                  362.19
4096                  707.72
8192                 1377.15
16384                2650.00
32768                4913.60
65536                8877.62
131072              14399.03
262144              20797.95
524288              26928.94
1048576             31508.33
2097152             34254.61
4194304             35345.61
  [run 3] recording

# OSU MPI-ROCM Bandwidth Test v7.5
# Datatype: MPI_CHAR.
# Size      Bandwidth (MB/s)
1                       2.99
2                       5.96
4                      12.75
8                      25.95
16                     52.28
32                    102.08
64                    206.86
128                   410.49
256                    47.42
512                    92.90
1024                  183.33
2048                  360.50
4096                  710.94
8192                 1373.99
16384                2642.79
32768                4911.50
65536                8874.50
131072              14403.44
262144              20786.87
524288              26908.69
1048576             31505.51
2097152             34250.19
4194304             35343.70
  [run 4] recording

# OSU MPI-ROCM Bandwidth Test v7.5
# Datatype: MPI_CHAR.
# Size      Bandwidth (MB/s)
1                       3.04
2                       6.10
4                      12.93
8                      26.61
16                     53.34
32                    106.76
64                    211.01
128                   417.41
256                    47.48
512                    93.66
1024                  185.15
2048                  362.40
4096                  707.56
8192                 1375.62
16384                2644.87
32768                4923.46
65536                8879.98
131072              14410.42
262144              20777.37
524288              26919.04
1048576             31517.98
2097152             34254.95
4194304             35346.85
  [run 5] recording

# OSU MPI-ROCM Bandwidth Test v7.5
# Datatype: MPI_CHAR.
# Size      Bandwidth (MB/s)
1                       3.02
2                       5.82
4                      12.38
8                      25.84
16                     52.95
32                    104.53
64                    205.95
128                   407.19
256                    47.39
512                    93.05
1024                  183.33
2048                  361.38
4096                  711.43
8192                 1377.47
16384                2650.38
32768                4918.74
65536                8892.40
131072              14418.07
262144              20792.32
524288              26912.02
1048576             31527.28
2097152             34266.49
4194304             35364.95
  [run 6] recording

# OSU MPI-ROCM Bandwidth Test v7.5
# Datatype: MPI_CHAR.
# Size      Bandwidth (MB/s)
1                       3.02
2                       6.11
4                      12.80
8                      26.60
16                     52.72
32                    106.50
64                    211.90
128                   414.83
256                    47.49
512                    94.75
1024                  184.77
2048                  360.26
4096                  708.22
8192                 1371.70
16384                2636.13
32768                4899.90
65536                8878.34
131072              14449.10
262144              20810.70
524288              26934.90
1048576             31547.74
2097152             34239.35
4194304             35342.59

################################################################
# routed_17   GCD(1,7)   tier=routed   num_links=0
# Hypothesis: no direct link, routed (anomaly pair)
################################################################
  [run 1] warm-up — output discarded
  [run 2] recording

# OSU MPI-ROCM Bandwidth Test v7.5
# Datatype: MPI_CHAR.
# Size      Bandwidth (MB/s)
1                       2.88
2                       5.77
4                      12.29
8                      25.12
16                     50.34
32                     99.38
64                    201.74
128                   399.77
256                    45.62
512                    90.25
1024                  179.17
2048                  352.14
4096                  684.16
8192                 1337.82
16384                2595.54
32768                4920.86
65536                9089.02
131072              15593.56
262144              23473.33
524288              32614.35
1048576             39677.22
2097152             44796.19
4194304             47683.67
  [run 3] recording

# OSU MPI-ROCM Bandwidth Test v7.5
# Datatype: MPI_CHAR.
# Size      Bandwidth (MB/s)
1                       3.04
2                       6.09
4                      12.56
8                      26.69
16                     52.96
32                    105.46
64                    212.67
128                   417.66
256                    45.75
512                    90.27
1024                  175.45
2048                  341.04
4096                  679.18
8192                 1340.21
16384                2603.81
32768                4913.13
65536                9122.61
131072              15594.51
262144              23508.27
524288              32629.79
1048576             39665.19
2097152             44800.02
4194304             47682.90
  [run 4] recording

# OSU MPI-ROCM Bandwidth Test v7.5
# Datatype: MPI_CHAR.
# Size      Bandwidth (MB/s)
1                       3.02
2                       5.85
4                      12.61
8                      26.42
16                     51.60
32                    104.39
64                    205.77
128                   413.60
256                    45.77
512                    88.27
1024                  173.61
2048                  341.96
4096                  678.78
8192                 1339.35
16384                2598.70
32768                4932.00
65536                9125.63
131072              15631.65
262144              23502.81
524288              32752.51
1048576             39661.71
2097152             44797.24
4194304             47683.21
  [run 5] recording

# OSU MPI-ROCM Bandwidth Test v7.5
# Datatype: MPI_CHAR.
# Size      Bandwidth (MB/s)
1                       3.00
2                       6.01
4                      12.84
8                      26.23
16                     52.89
32                    105.45
64                    209.06
128                   412.86
256                    45.63
512                    89.72
1024                  178.97
2048                  349.94
4096                  677.65
8192                 1331.91
16384                2598.76
32768                4949.11
65536                9068.06
131072              15558.62
262144              23437.52
524288              32575.65
1048576             39648.62
2097152             44794.52
4194304             47677.80
  [run 6] recording

# OSU MPI-ROCM Bandwidth Test v7.5
# Datatype: MPI_CHAR.
# Size      Bandwidth (MB/s)
1                       3.02
2                       6.02
4                      12.90
8                      25.78
16                     51.19
32                    102.35
64                    205.89
128                   413.44
256                    45.78
512                    90.22
1024                  177.20
2048                  350.13
4096                  682.50
8192                 1335.87
16384                2600.31
32768                4918.90
65536                9105.80
131072              15594.26
262144              23546.72
524288              33292.72
1048576             40070.40
2097152             45059.43
4194304             47726.23

################################################################
# routed_35   GCD(3,5)   tier=routed   num_links=0
# Hypothesis: no direct link, routed (anomaly pair)
################################################################
  [run 1] warm-up — output discarded
  [run 2] recording

# OSU MPI-ROCM Bandwidth Test v7.5
# Datatype: MPI_CHAR.
# Size      Bandwidth (MB/s)
1                       3.02
2                       5.95
4                      12.73
8                      26.44
16                     51.09
32                    102.02
64                    202.49
128                   406.49
256                    46.97
512                    93.54
1024                  181.83
2048                  358.40
4096                  703.02
8192                 1370.71
16384                2658.93
32768                5038.47
65536                9322.81
131072              15840.66
262144              23726.62
524288              32928.09
1048576             39881.36
2097152             44903.70
4194304             47701.53
  [run 3] recording

# OSU MPI-ROCM Bandwidth Test v7.5
# Datatype: MPI_CHAR.
# Size      Bandwidth (MB/s)
1                       3.01
2                       6.02
4                      12.81
8                      26.39
16                     52.72
32                    105.63
64                    208.60
128                   412.37
256                    46.89
512                    91.35
1024                  181.60
2048                  356.70
4096                  700.13
8192                 1367.28
16384                2659.88
32768                5035.98
65536                9330.06
131072              15808.64
262144              23736.05
524288              32919.39
1048576             39864.10
2097152             44882.01
4194304             47695.56
  [run 4] recording

# OSU MPI-ROCM Bandwidth Test v7.5
# Datatype: MPI_CHAR.
# Size      Bandwidth (MB/s)
1                       3.03
2                       6.04
4                      12.90
8                      26.52
16                     53.11
32                    106.63
64                    211.12
128                   416.42
256                    47.03
512                    92.29
1024                  182.43
2048                  359.44
4096                  703.87
8192                 1372.35
16384                2668.79
32768                5047.84
65536                9347.46
131072              15852.72
262144              23750.31
524288              32956.54
1048576             39878.59
2097152             44922.31
4194304             47710.14
  [run 5] recording

# OSU MPI-ROCM Bandwidth Test v7.5
# Datatype: MPI_CHAR.
# Size      Bandwidth (MB/s)
1                       3.04
2                       5.87
4                      12.66
8                      24.32
16                     52.11
32                    106.39
64                    210.11
128                   415.20
256                    46.91
512                    91.24
1024                  180.39
2048                  356.71
4096                  700.74
8192                 1368.23
16384                2659.77
32768                5064.28
65536                9338.39
131072              15831.24
262144              23758.41
524288              32918.65
1048576             39967.56
2097152             44969.58
4194304             47721.03
  [run 6] recording

# OSU MPI-ROCM Bandwidth Test v7.5
# Datatype: MPI_CHAR.
# Size      Bandwidth (MB/s)
1                       3.04
2                       6.06
4                      12.96
8                      26.49
16                     53.30
32                    105.99
64                    211.51
128                   414.83
256                    47.03
512                    93.98
1024                  182.76
2048                  357.57
4096                  703.75
8192                 1372.19
16384                2655.83
32768                5024.10
65536                9331.35
131072              15838.88
262144              23758.49
524288              32931.29
1048576             39885.91
2097152             44979.18
4194304             47708.98

################################################################
# self_GCD0   GCD(0,0)   tier=self   num_links=NA
# Hypothesis: same GCD, intra-process HBM, ~250 GB/s
################################################################
  [run 1] warm-up — output discarded
  [run 2] recording

# OSU MPI-ROCM Bandwidth Test v7.5
# Datatype: MPI_CHAR.
# Size      Bandwidth (MB/s)
1                       2.97
2                       5.99
4                      12.32
8                      26.08
16                     51.71
32                    104.91
64                    208.28
128                    24.54
256                    48.80
512                    96.78
1024                  189.34
2048                  375.54
4096                  733.85
8192                 1476.82
16384                2895.03
32768                5499.89
65536                9663.53
131072              16318.41
262144              24526.24
524288              33404.01
1048576             88039.24
2097152            147017.19
4194304            238082.91
  [run 3] recording

# OSU MPI-ROCM Bandwidth Test v7.5
# Datatype: MPI_CHAR.
# Size      Bandwidth (MB/s)
1                       3.03
2                       6.09
4                      12.99
8                      24.06
16                     53.26
32                    102.99
64                    211.31
128                    24.55
256                    49.03
512                    94.85
1024                  189.51
2048                  379.56
4096                  755.31
8192                 1483.62
16384                2890.12
32768                5506.46
65536                9668.72
131072              16292.98
262144              24541.09
524288              33380.10
1048576             88536.28
2097152            146619.25
4194304            239518.90
  [run 4] recording

# OSU MPI-ROCM Bandwidth Test v7.5
# Datatype: MPI_CHAR.
# Size      Bandwidth (MB/s)
1                       3.04
2                       6.05
4                      12.94
8                      26.41
16                     53.25
32                    103.92
64                    209.60
128                    24.53
256                    49.02
512                    95.03
1024                  188.96
2048                  375.57
4096                  731.69
8192                 1482.73
16384                2898.80
32768                5513.40
65536                9720.89
131072              16285.63
262144              24485.19
524288              33455.27
1048576             88313.02
2097152            148166.62
4194304            239298.31
  [run 5] recording

# OSU MPI-ROCM Bandwidth Test v7.5
# Datatype: MPI_CHAR.
# Size      Bandwidth (MB/s)
1                       3.03
2                       6.12
4                      13.03
8                      26.81
16                     53.74
32                    106.80
64                    212.25
128                    24.55
256                    48.98
512                    94.93
1024                  197.84
2048                  395.15
4096                  786.34
8192                 1545.24
16384                2997.25
32768                5600.30
65536               10008.82
131072              16511.65
262144              25012.42
524288              33794.70
1048576             88522.07
2097152            148897.03
4194304            240177.70
  [run 6] recording

# OSU MPI-ROCM Bandwidth Test v7.5
# Datatype: MPI_CHAR.
# Size      Bandwidth (MB/s)
1                       3.06
2                       6.11
4                      13.06
8                      26.75
16                     53.80
32                    106.93
64                    213.05
128                    24.52
256                    48.76
512                    96.39
1024                  191.04
2048                  377.60
4096                  755.15
8192                 1483.12
16384                2881.49
32768                5484.20
65536                9666.52
131072              16283.09
262144              24510.91
524288              33372.73
1048576             88094.06
2097152            147313.38
4194304            237804.68
