Using OSU collective binaries from: /users/joglekar/eessi/versions/2025.06/software/linux/x86_64/amd/zen3/software/OSU-Micro-Benchmarks/7.5-rompi-2025a/libexec/osu-micro-benchmarks/mpi/collective

################################################################
# osu_allreduce  N=2 GCDs   devices=0,1   cpu_mask=49,57
################################################################
  [run 1/6] warm-up starting
  [run 2/6] recording

# OSU MPI-ROCM Allreduce Latency Test v7.5
# Datatype: MPI_INT.
# Size       Avg Latency(us)
4                      26.04
8                      27.29
16                     25.06
32                     25.08
64                     25.26
128                    25.39
256                    25.42
512                    25.70
1024                   26.09
2048                   26.59
4096                   31.30
8192                   32.04
16384                  45.11
32768                  48.75
65536                  56.65
131072                 75.87
262144                110.04
524288                177.03
1048576               307.07
  [run 3/6] recording

# OSU MPI-ROCM Allreduce Latency Test v7.5
# Datatype: MPI_INT.
# Size       Avg Latency(us)
4                      26.25
8                      27.38
16                     25.43
32                     25.40
64                     25.44
128                    25.40
256                    25.45
512                    26.02
1024                   26.14
2048                   26.84
4096                   32.44
8192                   32.61
16384                  47.06
32768                  50.75
65536                  59.54
131072                 77.81
262144                112.74
524288                178.36
1048576               312.39
  [run 4/6] recording

# OSU MPI-ROCM Allreduce Latency Test v7.5
# Datatype: MPI_INT.
# Size       Avg Latency(us)
4                      26.10
8                      27.38
16                     25.33
32                     25.43
64                     25.43
128                    25.58
256                    25.51
512                    25.79
1024                   26.38
2048                   27.04
4096                   32.12
8192                   32.74
16384                  46.60
32768                  49.71
65536                  58.75
131072                 77.06
262144                111.78
524288                180.33
1048576               313.86
  [run 5/6] recording

# OSU MPI-ROCM Allreduce Latency Test v7.5
# Datatype: MPI_INT.
# Size       Avg Latency(us)
4                      26.47
8                      27.57
16                     25.36
32                     25.42
64                     25.42
128                    25.68
256                    25.72
512                    25.92
1024                   26.25
2048                   27.08
4096                   32.43
8192                   32.69
16384                  46.79
32768                  49.91
65536                  59.01
131072                 76.23
262144                112.01
524288                180.33
1048576               313.78
  [run 6/6] recording

# OSU MPI-ROCM Allreduce Latency Test v7.5
# Datatype: MPI_INT.
# Size       Avg Latency(us)
4                      26.05
8                      27.40
16                     28.02
32                     27.20
64                     27.22
128                    27.66
256                    27.58
512                    28.06
1024                   28.29
2048                   29.54
4096                   31.82
8192                   35.67
16384                  46.86
32768                  49.94
65536                  59.05
131072                 76.17
262144                112.04
524288                178.99
1048576               313.48

################################################################
# osu_allreduce  N=4 GCDs   devices=0,1,2,3   cpu_mask=49,57,17,25
################################################################
  [run 1/6] warm-up starting
  [run 2/6] recording

# OSU MPI-ROCM Allreduce Latency Test v7.5
# Datatype: MPI_INT.
# Size       Avg Latency(us)
4                      28.70
8                      29.42
16                     27.11
32                     27.06
64                     27.37
128                    28.27
256                    27.31
512                    34.39
1024                   34.78
2048                   36.13
4096                   38.49
8192                   74.70
16384                  81.27
32768                  87.71
65536                 101.08
131072                153.99
262144                203.15
524288                318.82
1048576               539.67
  [run 3/6] recording

# OSU MPI-ROCM Allreduce Latency Test v7.5
# Datatype: MPI_INT.
# Size       Avg Latency(us)
4                      28.69
8                      29.32
16                     27.25
32                     27.24
64                     27.13
128                    27.91
256                    27.39
512                    34.50
1024                   34.86
2048                   35.87
4096                   38.29
8192                   79.60
16384                  82.85
32768                  91.60
65536                 106.61
131072                137.04
262144                200.17
524288                316.85
1048576               546.42
  [run 4/6] recording

# OSU MPI-ROCM Allreduce Latency Test v7.5
# Datatype: MPI_INT.
# Size       Avg Latency(us)
4                      28.98
8                      29.34
16                     27.35
32                     27.33
64                     27.10
128                    27.87
256                    27.59
512                    34.37
1024                   34.49
2048                   35.85
4096                   38.27
8192                   75.44
16384                  78.19
32768                  86.91
65536                 104.79
131072                137.98
262144                199.66
524288                320.14
1048576               548.51
  [run 5/6] recording

# OSU MPI-ROCM Allreduce Latency Test v7.5
# Datatype: MPI_INT.
# Size       Avg Latency(us)
4                      28.49
8                      29.30
16                     27.16
32                     27.36
64                     26.92
128                    27.91
256                    27.34
512                    34.75
1024                   35.16
2048                   36.17
4096                   38.57
8192                   81.25
16384                  83.06
32768                  94.87
65536                 103.07
131072                138.67
262144                195.96
524288                312.90
1048576               546.60
  [run 6/6] recording

# OSU MPI-ROCM Allreduce Latency Test v7.5
# Datatype: MPI_INT.
# Size       Avg Latency(us)
4                      28.98
8                      29.47
16                     27.29
32                     27.09
64                     26.82
128                    27.60
256                    27.28
512                    34.59
1024                   35.24
2048                   36.24
4096                   38.31
8192                   77.02
16384                  79.54
32768                  85.33
65536                 101.54
131072                137.94
262144                199.26
524288                313.57
1048576               538.69

################################################################
# osu_allreduce  N=6 GCDs   devices=0,1,2,3,4,5   cpu_mask=49,57,17,25,1,9
################################################################
  [run 1/6] warm-up starting
  [run 2/6] recording

# OSU MPI-ROCM Allreduce Latency Test v7.5
# Datatype: MPI_INT.
# Size       Avg Latency(us)
4                      27.56
8                      28.98
16                     27.03
32                     27.04
64                     27.05
128                    28.04
256                    27.85
512                    36.18
1024                   36.54
2048                   38.41
4096                   44.41
8192                  127.59
16384                 133.12
32768                 141.94
65536                 167.27
131072                222.32
262144                387.42
524288                543.12
1048576               959.50
  [run 3/6] recording

# OSU MPI-ROCM Allreduce Latency Test v7.5
# Datatype: MPI_INT.
# Size       Avg Latency(us)
4                      27.87
8                      28.62
16                     26.98
32                     26.99
64                     26.75
128                    27.78
256                    27.68
512                    36.13
1024                   36.35
2048                   37.85
4096                   43.46
8192                  126.66
16384                 131.66
32768                 141.99
65536                 170.33
131072                232.37
262144                334.92
524288                543.11
1048576               960.70
  [run 4/6] recording

# OSU MPI-ROCM Allreduce Latency Test v7.5
# Datatype: MPI_INT.
# Size       Avg Latency(us)
4                      28.43
8                      29.00
16                     27.31
32                     27.30
64                     27.34
128                    28.17
256                    27.94
512                    36.28
1024                   36.52
2048                   38.09
4096                   44.02
8192                  125.27
16384                 128.55
32768                 139.50
65536                 163.08
131072                216.27
262144                322.07
524288                539.30
1048576               957.87
  [run 5/6] recording

# OSU MPI-ROCM Allreduce Latency Test v7.5
# Datatype: MPI_INT.
# Size       Avg Latency(us)
4                      28.15
8                      29.07
16                     27.05
32                     27.23
64                     27.26
128                    28.08
256                    28.01
512                    35.86
1024                   36.43
2048                   37.69
4096                   43.26
8192                  125.26
16384                 129.71
32768                 139.72
65536                 167.41
131072                223.46
262144                331.91
524288                547.35
1048576               968.37
  [run 6/6] recording

# OSU MPI-ROCM Allreduce Latency Test v7.5
# Datatype: MPI_INT.
# Size       Avg Latency(us)
4                      27.66
8                      28.62
16                     26.80
32                     27.18
64                     27.30
128                    27.57
256                    27.32
512                    35.71
1024                   36.35
2048                   37.41
4096                   43.07
8192                  125.62
16384                 129.90
32768                 140.13
65536                 166.32
131072                224.11
262144                330.32
524288                540.77
1048576               969.65

################################################################
# osu_allreduce  N=8 GCDs   devices=0,1,2,3,4,5,6,7   cpu_mask=49,57,17,25,1,9,33,41
################################################################
  [run 1/6] warm-up starting
  [run 2/6] recording

# OSU MPI-ROCM Allreduce Latency Test v7.5
# Datatype: MPI_INT.
# Size       Avg Latency(us)
4                      30.89
8                      31.95
16                     29.64
32                     29.72
64                     29.77
128                    31.17
256                    42.99
512                    43.63
1024                   44.49
2048                   46.78
4096                   50.28
8192                  125.22
16384                 125.61
32768                 134.78
65536                 157.14
131072                208.64
262144                310.41
524288                524.64
1048576               949.75
  [run 3/6] recording

# OSU MPI-ROCM Allreduce Latency Test v7.5
# Datatype: MPI_INT.
# Size       Avg Latency(us)
4                      31.41
8                      32.14
16                     29.72
32                     29.81
64                     29.77
128                    31.29
256                    43.19
512                    43.62
1024                   44.51
2048                   47.27
4096                   50.55
8192                  123.02
16384                 124.03
32768                 133.19
65536                 158.84
131072                207.44
262144                315.28
524288                523.65
1048576               944.28
  [run 4/6] recording

# OSU MPI-ROCM Allreduce Latency Test v7.5
# Datatype: MPI_INT.
# Size       Avg Latency(us)
4                      31.64
8                      32.44
16                     29.86
32                     29.87
64                     29.89
128                    31.28
256                    44.16
512                    44.32
1024                   45.02
2048                   47.49
4096                   51.14
8192                  124.88
16384                 127.24
32768                 134.27
65536                 159.84
131072                214.80
262144                309.40
524288                517.55
1048576               941.16
  [run 5/6] recording

# OSU MPI-ROCM Allreduce Latency Test v7.5
# Datatype: MPI_INT.
# Size       Avg Latency(us)
4                      31.41
8                      32.29
16                     30.00
32                     30.02
64                     30.05
128                    31.23
256                    43.50
512                    43.74
1024                   44.78
2048                   46.50
4096                   49.87
8192                  122.55
16384                 124.67
32768                 136.62
65536                 159.20
131072                207.75
262144                313.83
524288                529.13
1048576               930.36
  [run 6/6] recording

# OSU MPI-ROCM Allreduce Latency Test v7.5
# Datatype: MPI_INT.
# Size       Avg Latency(us)
4                      31.22
8                      32.15
16                     29.67
32                     29.77
64                     29.77
128                    31.37
256                    42.98
512                    43.14
1024                   44.17
2048                   46.33
4096                   50.65
8192                  123.63
16384                 125.48
32768                 134.54
65536                 157.97
131072                210.29
262144                323.30
524288                527.76
1048576               949.05
