Found EESSI repo @ /cvmfs/software.eessi.io/versions/2025.06!
archdetect says x86_64/amd/zen3
archdetect could not detect any accelerators
Using x86_64/amd/zen3 as software subdirectory.
Found Lmod configuration file at /cvmfs/software.eessi.io/versions/2025.06/software/linux/x86_64/amd/zen3/.lmod/lmodrc.lua
Found Lmod SitePackage.lua file at /cvmfs/software.eessi.io/versions/2025.06/software/linux/x86_64/amd/zen3/.lmod/SitePackage.lua
Using /cvmfs/software.eessi.io/host_injections/2025.06/software/linux/x86_64/amd/zen3 as the site extension directory for installations.
Using  as the site extension directory for accelerated installations.
Using /cvmfs/software.eessi.io/versions/2025.06/software/linux/x86_64/amd/zen3/modules/all as the directory to be added to MODULEPATH.
Using /cvmfs/software.eessi.io/host_injections/2025.06/software/linux/x86_64/amd/zen3/modules/all as the site extension directory to be added to MODULEPATH.
Initializing Lmod...
Prepending /cvmfs/software.eessi.io/versions/2025.06/software/linux/x86_64/amd/zen3/modules/all to $MODULEPATH...
Prepending site path /cvmfs/software.eessi.io/host_injections/2025.06/software/linux/x86_64/amd/zen3/modules/all to $MODULEPATH...
Environment set up to use EESSI (2025.06), have fun!
-- Using /tmp/$USER as a temporary working directory for installations, you can
override this by setting the environment variable WORKING_DIR and reloading the
module (e.g., /dev/shm is a common option) 
Configuring for use of EESSI_USER_INSTALL under /users/joglekar/eessi
-- To create installations for EESSI, you _must_ have write permissions to
/users/joglekar/eessi/versions/2025.06/software/linux/x86_64/amd/zen3 
-- You may wish to configure a sources directory for EasyBuild (for example,
via setting the environment variable EASYBUILD_SOURCEPATH) to allow you to
reuse existing sources for packages. 

The following have been reloaded with a version change:
  1) libfabric/1.22.0 => libfabric/2.0.0-GCCcore-14.2.0
  2) xpmem/2.11.5-1.3_g73ade43320bc => xpmem/2.7.4-GCCcore-14.2.0

================================================================
Loaded environment:
  ucx_info:    /users/joglekar/eessi/versions/2025.06/software/linux/x86_64/amd/zen3/software/UCX-ROCm/1.18.0-rocm-compilers-19.0.0-ROCm-6.4.1/bin/ucx_info
  mpirun:      /users/joglekar/eessi/versions/2025.06/software/linux/x86_64/amd/zen3/software/OpenMPI/5.0.7-rocm-compilers-19.0.0-ROCm-6.4.1/bin/mpirun
  OSU prefix:  /users/joglekar/eessi/versions/2025.06/software/linux/x86_64/amd/zen3/software/OSU-Micro-Benchmarks/7.5-rompi-2025a
  Hostname:    nid007956
  Date:        Thu May 14 18:05:22 EEST 2026
================================================================
OK: ucx_info reports ROCm support compiled in

================================================================
Diagnostic run: Thu May 14 18:05:22 EEST 2026
Hostname:        nid007956
ROCR_VISIBLE_DEVICES: 0,1
OSU MPI binary:  /users/joglekar/eessi/versions/2025.06/software/linux/x86_64/amd/zen3/software/OSU-Micro-Benchmarks/7.5-rompi-2025a/libexec/osu-micro-benchmarks/mpi/collective/osu_allreduce
OSU XCCL binary: /users/joglekar/eessi/versions/2025.06/software/linux/x86_64/amd/zen3/software/OSU-Micro-Benchmarks/7.5-rompi-2025a/libexec/osu-micro-benchmarks/xccl/collective/osu_xccl_allreduce

--- UCX transports advertised on this node ---

--- UCC components/TLs/CLs built ---
UCC_CLS=basic
UCC_CL_BASIC_TLS=all
UCC_CL_HIER_TLS=all
UCC_CL_HIER_NODE_SBGP_TLS=ucp
UCC_CL_HIER_NODE_LEADERS_SBGP_TLS=ucp
UCC_CL_HIER_NET_SBGP_TLS=ucp
UCC_CL_HIER_FULL_SBGP_TLS=ucp
UCC_TL_RCCL_LOG_LEVEL=WARN
UCC_TL_RCCL_USE_TUNING=y
UCC_TL_RCCL_MIN_TEAM_SIZE=auto
UCC_TL_RCCL_TUNE=
UCC_TL_RCCL_SYNC=auto
UCC_TL_UCP_LOG_LEVEL=WARN
UCC_TL_UCP_USE_TUNING=y
UCC_TL_UCP_MIN_TEAM_SIZE=auto
UCC_TL_UCP_ALLTOALL_PAIRWISE_NUM_POSTS=1
UCC_TL_UCP_ALLTOALLV_PAIRWISE_NUM_POSTS=1
UCC_TL_UCP_ALLTOALLV_HYBRID_NUM_SCRATCH_SENDS=1
UCC_TL_UCP_ALLTOALLV_HYBRID_NUM_SCRATCH_RECVS=3
UCC_TL_UCP_ALLTOALLV_HYBRID_PAIRWISE_NUM_POSTS=3
UCC_TL_UCP_ALLTOALLV_HYBRID_BUFF_SIZE=256K
UCC_TL_UCP_ALLTOALLV_HYBRID_CHUNK_BYTE_LIMIT=12K
UCC_TL_UCP_KN_RADIX=0
UCC_TL_UCP_BARRIER_KN_RADIX=4
UCC_TL_UCP_FANIN_KN_RADIX=4
UCC_TL_UCP_FANOUT_KN_RADIX=4
UCC_TL_UCP_ALLREDUCE_KN_RADIX=auto
UCC_TL_UCP_ALLREDUCE_SRA_KN_RADIX=auto
UCC_TL_UCP_ALLREDUCE_SRA_KN_PIPELINE=auto
UCC_TL_UCP_REDUCE_SCATTER_KN_RADIX=4
UCC_TL_UCP_ALLGATHER_KN_RADIX=4
UCC_TL_UCP_BCAST_KN_RADIX=4
UCC_TL_UCP_BCAST_SAG_KN_RADIX=auto
UCC_TL_UCP_REDUCE_KN_RADIX=4
UCC_TL_UCP_GATHER_KN_RADIX=4
UCC_TL_UCP_GATHERV_LINEAR_NUM_POSTS=0
UCC_TL_UCP_SCATTER_KN_RADIX=4
UCC_TL_UCP_SCATTER_KN_ENABLE_RECV_ZCOPY=auto
UCC_TL_UCP_SCATTERV_LINEAR_NUM_POSTS=16
UCC_TL_UCP_REDUCE_AVG_PRE_OP=y

--- coll/ucc MCA parameters seen by ompi_info ---
                MCA coll: ucc (MCA v2.1.0, API v2.4.0, Component v5.0.7)
            MCA coll ucc: ---------------------------------------------------
            MCA coll ucc: parameter "coll_ucc_priority" (current value: "10", data source: default, level: 9 dev/all, type: int)
                          Priority of the UCC coll component
            MCA coll ucc: parameter "coll_ucc_verbose" (current value: "0", data source: default, level: 9 dev/all, type: int)
                          Verbose level of the UCC coll component
            MCA coll ucc: parameter "coll_ucc_enable" (current value: "0", data source: default, level: 9 dev/all, type: int)
                          [0|1] Enable/Disable the UCC coll component
            MCA coll ucc: parameter "coll_ucc_np" (current value: "2", data source: default, level: 9 dev/all, type: int)
                          Minimal communicator size for the UCC coll component
            MCA coll ucc: parameter "coll_ucc_print_compiletime_version" (current value: "1.3.0", data source: default, level: 3 user/all, type: version_string)
                          Version of the libucc library with which Open MPI was compiled
            MCA coll ucc: parameter "coll_ucc_print_runtime_version" (current value: "", data source: default, level: 3 user/all, type: version_string)
                          Version of the libucc library with which Open MPI is running
            MCA coll ucc: parameter "coll_ucc_cls" (current value: "", data source: default, level: 6 tuner/all, type: string)
                          Comma separated list of UCC CLS to be used for team creation
            MCA coll ucc: parameter "coll_ucc_cts" (current value: "barrier,bcast,allreduce,alltoall,alltoallv,allgather,allgatherv,reduce,gather,gatherv,reduce_scatter_block,reduce_scatter,scatterv,scatter,ibarrier,ibcast,iallreduce,ialltoall,ialltoallv,iallgather,iallgatherv,ireduce,igather,igatherv,ireduce_scatter_block,ireduce_scatter,iscatterv,iscatter", data source: default, level: 6 tuner/all, type: string)
                          Comma separated list of UCC coll types to be enabled
================================================================


################################################################
# CONFIG: A_ucc_default_verbose
#   env: OMPI_MCA_coll_ucc_enable=1 OMPI_MCA_coll_ucc_priority=100 OMPI_MCA_accelerator=rocm OMPI_MCA_coll_base_verbose=10 OMPI_MCA_pml_base_verbose=10 UCC_LOG_LEVEL=info UCX_LOG_LEVEL=info
################################################################

################################################################
# CONFIG: B_ucc_no_rccl
#   env: OMPI_MCA_coll_ucc_enable=1 OMPI_MCA_coll_ucc_priority=100 OMPI_MCA_accelerator=rocm UCC_TLS=ucp,self UCC_CL_BASIC_TLS=ucp,self
################################################################

################################################################
# CONFIG: C_ucc_rccl_only
#   env: OMPI_MCA_coll_ucc_enable=1 OMPI_MCA_coll_ucc_priority=100 OMPI_MCA_accelerator=rocm UCC_TLS=rccl,self UCC_CL_BASIC_TLS=rccl,self
################################################################
  WARN: warm-up exited non-zero
  ERROR: mpirun exit=139 — see results/osu_allreduce_diag_18631216.log

################################################################
# CONFIG: D_ucc_no_rccl_ucx_rocm_ipc
#   env: OMPI_MCA_coll_ucc_enable=1 OMPI_MCA_coll_ucc_priority=100 OMPI_MCA_accelerator=rocm UCC_TLS=ucp,self UCC_CL_BASIC_TLS=ucp,self UCX_TLS=self,sm,rocm_copy,rocm_ipc,cma UCX_MEMTYPE_CACHE=n
################################################################

################################################################
# CONFIG: E_no_ucc_baseline
#   env: OMPI_MCA_coll_ucc_enable=0 OMPI_MCA_accelerator=rocm
################################################################

################################################################
# CONFIG: xccl_rccl_direct  (osu_xccl_allreduce — RCCL direct, no MPI coll)
################################################################

================================================================
SUMMARY
================================================================
# Summary of 4-byte allreduce latency by config
# Generated Thu May 14 18:05:29 EEST 2026 on nid007956

A_ucc_default_verbose                     4B_lat_us=31.55
B_ucc_no_rccl                             4B_lat_us=2.41
C_ucc_rccl_only                           ERROR (rc=139)
D_ucc_no_rccl_ucx_rocm_ipc                4B_lat_us=3.10
E_no_ucc_baseline                         4B_lat_us=31.57
xccl_rccl_direct                          4B_lat_us=25.78

Full log:     results/osu_allreduce_diag_18631216.log
Summary file: results/osu_allreduce_diag_18631216.summary
================================================================
