================================================================
osu_mbw_mr aggregate (8 ranks, 4 pairs, 3 configs)
================================================================

################################################################
# [osu_mbw_mr] cfg_routed_split
# Pairing: (0,4)(1,5)(2,6)(3,7) all_routed
# ROCR order: 0,1,2,3,4,5,6,7   (rank i ↔ rank i+4)
################################################################
  [run 1/6] warm-up starting
  [run 2/6] recording
# OSU MPI Multiple Bandwidth / Message Rate Test v7.5
# [ pairs: 4 ] [ window size: 64 ]
# Datatype: MPI_CHAR.
# Size                  MB/s        Messages/s
1                      10.06       10062865.39
2                      20.37       10183038.12
4                      41.49       10373680.43
8                      83.97       10495814.49
16                    167.71       10481973.21
32                    335.11       10472181.89
64                    664.21       10378263.38
128                    95.55         746455.30
256                   190.56         744372.91
512                   376.26         734880.71
1024                  742.17         724773.78
2048                 1459.17         712484.23
4096                 2855.18         697064.84
8192                 5541.60         676464.31
16384               10630.43         648830.24
32768               19873.95         606504.72
65536               35762.74         545696.05
131072              58109.74         443342.09
262144              83045.29         316792.62
524288             106544.62         203217.74
1048576            123961.33         118218.74
2097152            133939.03          63867.11
4194304            138161.38          32940.24
  [run 3/6] recording
# OSU MPI Multiple Bandwidth / Message Rate Test v7.5
# [ pairs: 4 ] [ window size: 64 ]
# Datatype: MPI_CHAR.
# Size                  MB/s        Messages/s
1                      10.10       10104696.10
2                      20.95       10477296.09
4                      42.73       10682170.28
8                      86.05       10756131.91
16                    175.42       10963848.64
32                    352.03       11000918.10
64                    694.81       10856425.68
128                    95.34         744843.06
256                   190.40         743758.32
512                   377.07         736462.23
1024                  744.73         727275.32
2048                 1455.00         710451.08
4096                 2850.75         695984.18
8192                 5533.72         675502.44
16384               10625.17         648508.97
32768               19916.55         607804.96
65536               35765.28         545734.94
131072              58185.20         443917.82
262144              82531.70         314833.45
524288             105940.39         202065.26
1048576            123646.19         117918.19
2097152            134083.67          63936.08
4194304            138256.97          32963.03
  [run 4/6] recording
# OSU MPI Multiple Bandwidth / Message Rate Test v7.5
# [ pairs: 4 ] [ window size: 64 ]
# Datatype: MPI_CHAR.
# Size                  MB/s        Messages/s
1                       9.97        9967763.44
2                      20.29       10144129.86
4                      41.38       10345937.22
8                      83.61       10451469.81
16                    165.71       10356815.56
32                    334.26       10445665.76
64                    662.57       10352697.39
128                    95.80         748465.89
256                   189.43         739975.85
512                   378.42         739093.59
1024                  742.16         724763.59
2048                 1463.25         714478.00
4096                 2856.39         697361.92
8192                 5539.07         676155.85
16384               10639.76         649399.49
32768               19920.04         607911.45
65536               35776.51         545906.18
131072              58096.23         443239.07
262144              82752.46         315675.59
524288             106363.00         202871.33
1048576            123851.80         118114.28
2097152            134241.30          64011.24
4194304            138228.41          32956.22
  [run 5/6] recording
# OSU MPI Multiple Bandwidth / Message Rate Test v7.5
# [ pairs: 4 ] [ window size: 64 ]
# Datatype: MPI_CHAR.
# Size                  MB/s        Messages/s
1                      10.11       10113212.68
2                      21.05       10525060.75
4                      42.69       10672819.10
8                      85.54       10692311.51
16                    170.65       10665526.79
32                    340.23       10632163.08
64                    674.79       10543595.45
128                    95.89         749108.80
256                   191.02         746187.40
512                   378.97         740176.36
1024                  752.09         734466.22
2048                 1476.17         720786.99
4096                 2885.21         704396.47
8192                 5599.28         683505.89
16384               10737.20         655346.39
32768               20181.25         615882.90
65536               36457.79         556301.80
131072              59003.39         450160.12
262144              83979.46         320356.20
524288             107613.43         205256.33
1048576            124315.57         118556.56
2097152            134222.80          64002.42
4194304            138253.20          32962.13
  [run 6/6] recording
# OSU MPI Multiple Bandwidth / Message Rate Test v7.5
# [ pairs: 4 ] [ window size: 64 ]
# Datatype: MPI_CHAR.
# Size                  MB/s        Messages/s
1                      10.12       10115703.30
2                      19.99        9992842.04
4                      41.09       10271413.06
8                      83.74       10467349.79
16                    167.79       10487138.87
32                    335.13       10472901.62
64                    671.33       10489514.07
128                    96.00         749990.87
256                   190.04         742341.79
512                   375.96         734306.59
1024                  742.19         724798.73
2048                 1463.43         714566.66
4096                 2882.16         703651.22
8192                 5583.29         681554.17
16384               10726.84         654714.38
32768               20085.97         612975.17
65536               36115.17         551073.73
131072              58642.08         447403.59
262144              83515.90         318587.89
524288             107127.17         204328.87
1048576            124481.13         118714.46
2097152            134433.91          64103.08
4194304            138348.14          32984.77

################################################################
# [osu_mbw_mr] cfg_intra_pkg
# Pairing: (0,1)(2,3)(4,5)(6,7) all_intra_pkg_4link
# ROCR order: 0,2,4,6,1,3,5,7   (rank i ↔ rank i+4)
################################################################
  [run 1/6] warm-up starting
  [run 2/6] recording
# OSU MPI Multiple Bandwidth / Message Rate Test v7.5
# [ pairs: 4 ] [ window size: 64 ]
# Datatype: MPI_CHAR.
# Size                  MB/s        Messages/s
1                      10.18       10183123.18
2                      21.41       10703143.20
4                      43.61       10902360.95
8                      88.09       11010888.84
16                    173.76       10860194.20
32                    351.50       10984439.64
64                    695.30       10864096.73
128                    95.94         749546.32
256                   190.57         744403.39
512                   378.73         739709.55
1024                  747.78         730254.77
2048                 1466.23         715931.46
4096                 1503.16         366983.17
8192                 2971.43         362723.88
16384                5910.48         360746.94
32768               11754.70         358724.97
65536               22880.84         349133.94
131072              44138.15         336747.33
262144              82554.28         314919.60
524288             145621.46         277750.90
1048576            234234.39         223383.32
2097152            332849.41         158714.96
4194304            422699.52         100779.42
  [run 3/6] recording
# OSU MPI Multiple Bandwidth / Message Rate Test v7.5
# [ pairs: 4 ] [ window size: 64 ]
# Datatype: MPI_CHAR.
# Size                  MB/s        Messages/s
1                       9.91        9911752.49
2                      20.43       10212836.92
4                      41.73       10431630.09
8                      84.80       10599728.28
16                    170.70       10668843.78
32                    353.50       11047016.60
64                    702.68       10979390.59
128                    95.16         743462.12
256                   190.05         742382.66
512                   377.38         737070.73
1024                  745.06         727596.07
2048                 1457.30         711573.77
4096                 1514.98         369867.91
8192                 2997.90         365954.94
16384                5951.93         363276.75
32768               11866.19         362127.52
65536               23095.39         352407.69
131072              44545.88         339858.08
262144              83273.50         317663.19
524288             146515.89         279456.89
1048576            235545.11         224633.32
2097152            334109.72         159315.93
4194304            422821.80         100808.57
  [run 4/6] recording
# OSU MPI Multiple Bandwidth / Message Rate Test v7.5
# [ pairs: 4 ] [ window size: 64 ]
# Datatype: MPI_CHAR.
# Size                  MB/s        Messages/s
1                      10.63       10632563.83
2                      20.82       10411191.22
4                      42.37       10593577.60
8                      85.73       10715703.29
16                    171.62       10726077.97
32                    348.77       10898976.07
64                    695.22       10862770.22
128                    95.30         744562.99
256                   189.77         741293.16
512                   377.96         738211.87
1024                  749.73         732161.00
2048                 1483.57         724397.85
4096                 1516.42         370219.53
8192                 3001.05         366338.52
16384                5967.19         364208.43
32768               11851.34         361674.15
65536               23089.92         352324.29
131072              44486.36         339404.00
262144              83091.98         316970.73
524288             146467.78         279365.13
1048576            235406.28         224500.92
2097152            334597.73         159548.63
4194304            423051.87         100863.42
  [run 5/6] recording
# OSU MPI Multiple Bandwidth / Message Rate Test v7.5
# [ pairs: 4 ] [ window size: 64 ]
# Datatype: MPI_CHAR.
# Size                  MB/s        Messages/s
1                      10.03       10032156.79
2                      20.48       10239686.67
4                      42.40       10600693.91
8                      85.90       10737328.35
16                    172.55       10784499.68
32                    344.16       10754933.30
64                    665.46       10397828.64
128                    95.54         746374.28
256                   190.65         744725.78
512                   376.79         735915.99
1024                  746.61         729112.15
2048                 1467.93         716764.29
4096                 1502.87         366911.37
8192                 2972.50         362853.69
16384                5916.50         361114.79
32768               11858.36         361888.50
65536               23105.70         352565.00
131072              44499.53         339504.51
262144              83142.10         317161.92
524288             146663.52         279738.46
1048576            235478.14         224569.46
2097152            334524.08         159513.51
4194304            423342.83         100932.80
  [run 6/6] recording
# OSU MPI Multiple Bandwidth / Message Rate Test v7.5
# [ pairs: 4 ] [ window size: 64 ]
# Datatype: MPI_CHAR.
# Size                  MB/s        Messages/s
1                      10.26       10257122.21
2                      20.63       10316777.46
4                      42.33       10582663.47
8                      85.91       10739204.40
16                    172.61       10788425.28
32                    346.15       10817162.70
64                    685.02       10703484.42
128                    95.98         749841.25
256                   191.13         746611.29
512                   378.05         738378.37
1024                  749.49         731923.39
2048                 1463.71         714703.35
4096                 1502.18         366742.62
8192                 2970.09         362560.17
16384                5966.23         364150.07
32768               11851.31         361673.43
65536               23111.84         352658.74
131072              44480.89         339362.30
262144              83063.45         316861.91
524288             146566.80         279553.98
1048576            235322.24         224420.77
2097152            334137.11         159328.99
4194304            422642.52         100765.83

################################################################
# [osu_mbw_mr] cfg_mixed_1link
# Pairing: (0,2)(1,3)(4,6)(5,7) all_inter_pkg_1link
# ROCR order: 0,1,4,5,2,3,6,7   (rank i ↔ rank i+4)
################################################################
  [run 1/6] warm-up starting
  [run 2/6] recording
# OSU MPI Multiple Bandwidth / Message Rate Test v7.5
# [ pairs: 4 ] [ window size: 64 ]
# Datatype: MPI_CHAR.
# Size                  MB/s        Messages/s
1                      10.17       10166422.55
2                      20.42       10208414.15
4                      41.73       10432502.62
8                      84.82       10602436.88
16                    170.47       10654089.29
32                    353.61       11050255.57
64                    708.39       11068592.63
128                    98.68         770969.01
256                   195.41         763324.45
512                   387.41         756654.72
1024                  769.09         751067.89
2048                 1515.66         740069.80
4096                 2950.71         720388.38
8192                 5719.86         698225.12
16384               10945.96         668088.29
32768               20502.90         625698.91
65536               36876.59         562692.11
131072              59629.44         454936.56
262144              85131.48         324750.82
524288             109332.03         208534.30
1048576            127182.02         121290.22
2097152            137444.39          65538.59
4194304            141762.45          33798.80
  [run 3/6] recording
# OSU MPI Multiple Bandwidth / Message Rate Test v7.5
# [ pairs: 4 ] [ window size: 64 ]
# Datatype: MPI_CHAR.
# Size                  MB/s        Messages/s
1                      10.22       10215718.26
2                      20.15       10077044.12
4                      41.19       10297586.16
8                      81.95       10243248.13
16                    167.32       10457698.97
32                    336.33       10510236.04
64                    661.16       10330628.54
128                    97.65         762868.54
256                   193.96         757653.60
512                   383.47         748971.32
1024                  758.90         741118.13
2048                 1489.58         727331.91
4096                 2911.00         710692.56
8192                 5651.83         689921.22
16384               10838.58         661534.50
32768               20346.78         620934.46
65536               36542.23         557590.21
131072              59311.54         452511.11
262144              84648.14         322907.03
524288             109250.61         208379.00
1048576            127218.90         121325.40
2097152            137724.30          65672.06
4194304            141802.38          33808.32
  [run 4/6] recording
# OSU MPI Multiple Bandwidth / Message Rate Test v7.5
# [ pairs: 4 ] [ window size: 64 ]
# Datatype: MPI_CHAR.
# Size                  MB/s        Messages/s
1                      10.11       10109678.16
2                      20.49       10245265.04
4                      41.32       10329928.22
8                      83.74       10467905.14
16                    170.45       10653302.32
32                    339.81       10618908.13
64                    673.97       10530710.80
128                    98.47         769324.63
256                   194.92         761424.63
512                   383.82         749638.69
1024                  760.63         742802.39
2048                 1486.77         725962.80
4096                 2907.62         709867.28
8192                 5639.71         688441.72
16384               10854.17         662486.04
32768               20438.50         623733.57
65536               36695.29         559925.76
131072              59509.27         454019.70
262144              84969.53         324133.03
524288             109304.74         208482.25
1048576            127176.03         121284.51
2097152            137638.88          65631.33
4194304            141902.41          33832.17
  [run 5/6] recording
# OSU MPI Multiple Bandwidth / Message Rate Test v7.5
# [ pairs: 4 ] [ window size: 64 ]
# Datatype: MPI_CHAR.
# Size                  MB/s        Messages/s
1                      10.19       10187316.29
2                      20.46       10231533.41
4                      41.39       10346282.18
8                      84.06       10507308.02
16                    170.52       10657584.41
32                    341.15       10661061.84
64                    675.84       10559935.42
128                    97.73         763492.04
256                   193.28         755004.30
512                   383.25         748544.59
1024                  759.33         741529.09
2048                 1498.37         731626.88
4096                 2946.14         719273.38
8192                 5721.65         698443.21
16384               10942.87         667899.58
32768               20403.54         622666.74
65536               36801.56         561547.19
131072              59602.10         454727.97
262144              85167.18         324887.02
524288             109103.57         208098.55
1048576            127014.90         121130.85
2097152            137692.36          65656.83
4194304            141745.78          33794.83
  [run 6/6] recording
# OSU MPI Multiple Bandwidth / Message Rate Test v7.5
# [ pairs: 4 ] [ window size: 64 ]
# Datatype: MPI_CHAR.
# Size                  MB/s        Messages/s
1                      10.72       10721607.09
2                      20.82       10412476.42
4                      42.28       10569096.29
8                      85.78       10722416.53
16                    179.99       11249429.29
32                    334.13       10441452.16
64                    708.60       11071870.60
128                    98.01         765693.88
256                   192.98         753823.02
512                   382.90         747850.98
1024                  756.69         738954.97
2048                 1487.41         726275.31
4096                 2901.16         708290.61
8192                 5644.35         689008.10
16384               10820.51         660431.56
32768               20231.87         617427.67
65536               36336.94         554457.63
131072              59001.38         450144.83
262144              84405.28         321980.59
524288             108870.39         207653.79
1048576            126866.28         120989.12
2097152            137486.80          65558.81
4194304            141752.17          33796.35
