Found EESSI repo @ /cvmfs/software.eessi.io/versions/2025.06!
archdetect says x86_64/amd/zen3
archdetect could not detect any accelerators
Using x86_64/amd/zen3 as software subdirectory.
Found Lmod configuration file at /cvmfs/software.eessi.io/versions/2025.06/software/linux/x86_64/amd/zen3/.lmod/lmodrc.lua
Found Lmod SitePackage.lua file at /cvmfs/software.eessi.io/versions/2025.06/software/linux/x86_64/amd/zen3/.lmod/SitePackage.lua
Using /cvmfs/software.eessi.io/host_injections/2025.06/software/linux/x86_64/amd/zen3 as the site extension directory for installations.
Using  as the site extension directory for accelerated installations.
Using /cvmfs/software.eessi.io/versions/2025.06/software/linux/x86_64/amd/zen3/modules/all as the directory to be added to MODULEPATH.
Using /cvmfs/software.eessi.io/host_injections/2025.06/software/linux/x86_64/amd/zen3/modules/all as the site extension directory to be added to MODULEPATH.
Initializing Lmod...
Prepending /cvmfs/software.eessi.io/versions/2025.06/software/linux/x86_64/amd/zen3/modules/all to $MODULEPATH...
Prepending site path /cvmfs/software.eessi.io/host_injections/2025.06/software/linux/x86_64/amd/zen3/modules/all to $MODULEPATH...
Environment set up to use EESSI (2025.06), have fun!
-- Using /tmp/$USER as a temporary working directory for installations, you can
override this by setting the environment variable WORKING_DIR and reloading the
module (e.g., /dev/shm is a common option) 
Configuring for use of EESSI_USER_INSTALL under /users/joglekar/eessi
-- To create installations for EESSI, you _must_ have write permissions to
/users/joglekar/eessi/versions/2025.06/software/linux/x86_64/amd/zen3 
-- You may wish to configure a sources directory for EasyBuild (for example,
via setting the environment variable EASYBUILD_SOURCEPATH) to allow you to
reuse existing sources for packages. 

The following have been reloaded with a version change:
  1) libfabric/1.22.0 => libfabric/2.0.0-GCCcore-14.2.0
  2) xpmem/2.11.5-1.3_g73ade43320bc => xpmem/2.7.4-GCCcore-14.2.0

================================================================
Loaded environment:
  ucx_info:    /users/joglekar/eessi/versions/2025.06/software/linux/x86_64/amd/zen3/software/UCX-ROCm/1.18.0-rocm-compilers-19.0.0-ROCm-6.4.1/bin/ucx_info
  mpirun:      /users/joglekar/eessi/versions/2025.06/software/linux/x86_64/amd/zen3/software/OpenMPI/5.0.7-rocm-compilers-19.0.0-ROCm-6.4.1/bin/mpirun
  OSU prefix:  /users/joglekar/eessi/versions/2025.06/software/linux/x86_64/amd/zen3/software/OSU-Micro-Benchmarks/7.5-rompi-2025a
  Hostname:    nid005022
  Date:        Wed May 13 11:42:42 EEST 2026
================================================================
OK: ucx_info reports ROCm support compiled in


################################################################
# intra_pkg_OAM0   GCD(0,1)   tier=intra_pkg   num_links=4
# Hypothesis: intra-package, 4 links, ~100 GB/s uni
################################################################
  [run 1] warm-up — output discarded
  [run 2] recording
  [run 3] recording
  [run 4] recording
  [run 5] recording
  [run 6] recording

################################################################
# intra_pkg_OAM1   GCD(2,3)   tier=intra_pkg   num_links=4
# Hypothesis: intra-package, 4 links, ~100 GB/s uni
################################################################
  [run 1] warm-up — output discarded
  [run 2] recording
  [run 3] recording
  [run 4] recording
  [run 5] recording
  [run 6] recording

################################################################
# intra_pkg_OAM2   GCD(4,5)   tier=intra_pkg   num_links=4
# Hypothesis: intra-package, 4 links, ~100 GB/s uni
################################################################
  [run 1] warm-up — output discarded
  [run 2] recording
  [run 3] recording
  [run 4] recording
  [run 5] recording
  [run 6] recording
slurmstepd: error: *** JOB 18603279 ON nid005022 CANCELLED AT 2026-05-13T12:12:57 DUE TO TIME LIMIT ***
