
################################################################
# intra_pkg_OAM0   GCD(0,1)   tier=intra_pkg   num_links=4
# Hypothesis: intra-package, 4 links, ~100 GB/s uni
################################################################
  [run 1] warm-up — output discarded
  [run 2] recording

# OSU MPI-ROCM Bi-Directional Bandwidth Test v7.5
# Datatype: MPI_CHAR.
# Size      Bandwidth (MB/s)
1                       3.72
2                       7.47
4                      14.94
8                      29.94
16                     59.97
32                    119.73
64                    235.39
128                   459.02
256                    91.83
512                   181.06
1024                  364.36
2048                  725.31
4096                  741.89
8192                 1474.70
16384                2925.92
32768                5803.12
65536               11374.73
131072              21800.46
262144              40752.49
524288              71679.59
1048576            114798.30
2097152            161719.16
4194304            201504.54
  [run 3] recording

# OSU MPI-ROCM Bi-Directional Bandwidth Test v7.5
# Datatype: MPI_CHAR.
# Size      Bandwidth (MB/s)
1                       3.64
2                       7.28
4                      14.57
8                      29.18
16                     58.59
32                    116.81
64                    229.10
128                   447.14
256                    91.60
512                   180.61
1024                  359.86
2048                  708.92
4096                  739.51
8192                 1458.10
16384                2908.37
32768                5759.71
65536               11227.28
131072              21642.28
262144              40439.49
524288              71168.55
1048576            113705.01
2097152            161885.05
4194304            201608.62
  [run 4] recording

# OSU MPI-ROCM Bi-Directional Bandwidth Test v7.5
# Datatype: MPI_CHAR.
# Size      Bandwidth (MB/s)
1                       3.65
2                       7.29
4                      14.56
8                      28.97
16                     58.45
32                    116.49
64                    228.87
128                   444.65
256                    91.63
512                   180.21
1024                  361.98
2048                  723.67
4096                  738.09
8192                 1456.99
16384                2907.69
32768                5755.26
65536               11242.82
131072              21704.81
262144              40451.61
524288              71257.99
1048576            113806.98
2097152            162045.67
4194304            201514.96
  [run 5] recording

# OSU MPI-ROCM Bi-Directional Bandwidth Test v7.5
# Datatype: MPI_CHAR.
# Size      Bandwidth (MB/s)
1                       3.65
2                       7.30
4                      14.64
8                      29.41
16                     58.91
32                    112.09
64                    227.36
128                   449.12
256                    91.07
512                   179.81
1024                  358.32
2048                  696.90
4096                  739.64
8192                 1456.07
16384                2906.84
32768                5738.78
65536               11217.54
131072              21581.69
262144              40292.51
524288              71154.55
1048576            113610.62
2097152            161600.27
4194304            201588.79
  [run 6] recording

# OSU MPI-ROCM Bi-Directional Bandwidth Test v7.5
# Datatype: MPI_CHAR.
# Size      Bandwidth (MB/s)
1                       3.71
2                       7.43
4                      14.88
8                      29.80
16                     59.65
32                    119.05
64                    234.62
128                   459.17
256                    91.71
512                   181.98
1024                  363.14
2048                  717.43
4096                  737.86
8192                 1457.47
16384                2916.92
32768                5757.25
65536               11279.38
131072              21453.12
262144              40481.29
524288              71406.74
1048576            113905.82
2097152            161977.24
4194304            201736.29

################################################################
# intra_pkg_OAM1   GCD(2,3)   tier=intra_pkg   num_links=4
# Hypothesis: intra-package, 4 links, ~100 GB/s uni
################################################################
  [run 1] warm-up — output discarded
  [run 2] recording

# OSU MPI-ROCM Bi-Directional Bandwidth Test v7.5
# Datatype: MPI_CHAR.
# Size      Bandwidth (MB/s)
1                       3.69
2                       7.34
4                      14.73
8                      29.54
16                     59.20
32                    110.84
64                    232.07
128                   454.63
256                    90.33
512                   180.15
1024                  355.21
2048                  697.92
4096                  733.76
8192                 1459.64
16384                2899.22
32768                5762.56
65536               11261.57
131072              21672.33
262144              40344.52
524288              71184.61
1048576            114115.81
2097152            162042.02
4194304            201256.28
  [run 3] recording

# OSU MPI-ROCM Bi-Directional Bandwidth Test v7.5
# Datatype: MPI_CHAR.
# Size      Bandwidth (MB/s)
1                       3.70
2                       7.38
4                      14.78
8                      28.11
16                     59.26
32                    118.53
64                    233.49
128                   436.86
256                    90.89
512                   180.85
1024                  373.18
2048                  744.25
4096                  760.51
8192                 1461.71
16384                2906.65
32768                5762.57
65536               11294.86
131072              21656.54
262144              40452.65
524288              71265.76
1048576            114354.44
2097152            162122.11
4194304            201529.77
  [run 4] recording

# OSU MPI-ROCM Bi-Directional Bandwidth Test v7.5
# Datatype: MPI_CHAR.
# Size      Bandwidth (MB/s)
1                       3.75
2                       7.49
4                      15.00
8                      29.99
16                     60.00
32                    120.05
64                    236.54
128                   461.91
256                    90.87
512                   181.34
1024                  358.66
2048                  724.33
4096                  735.06
8192                 1451.70
16384                2912.17
32768                5764.93
65536               11290.35
131072              21605.42
262144              40538.11
524288              71236.31
1048576            114395.88
2097152            161836.19
4194304            201567.44
  [run 5] recording

# OSU MPI-ROCM Bi-Directional Bandwidth Test v7.5
# Datatype: MPI_CHAR.
# Size      Bandwidth (MB/s)
1                       3.73
2                       7.47
4                      14.92
8                      29.92
16                     59.90
32                    119.45
64                    216.09
128                   451.17
256                    90.66
512                   180.85
1024                  361.21
2048                  721.65
4096                  738.20
8192                 1467.58
16384                2916.95
32768                5777.72
65536               11307.23
131072              21599.70
262144              40370.05
524288              71256.21
1048576            114436.59
2097152            161949.47
4194304            201376.12
  [run 6] recording

# OSU MPI-ROCM Bi-Directional Bandwidth Test v7.5
# Datatype: MPI_CHAR.
# Size      Bandwidth (MB/s)
1                       3.68
2                       7.35
4                      14.71
8                      29.52
16                     59.08
32                    117.94
64                    231.82
128                   456.24
256                    90.91
512                   180.96
1024                  358.51
2048                  697.73
4096                  736.70
8192                 1465.20
16384                2919.03
32768                5770.83
65536               11291.69
131072              21432.52
262144              40447.77
524288              71238.97
1048576            114284.57
2097152            162296.43
4194304            201861.59

################################################################
# intra_pkg_OAM2   GCD(4,5)   tier=intra_pkg   num_links=4
# Hypothesis: intra-package, 4 links, ~100 GB/s uni
################################################################
  [run 1] warm-up — output discarded
  [run 2] recording

# OSU MPI-ROCM Bi-Directional Bandwidth Test v7.5
# Datatype: MPI_CHAR.
# Size      Bandwidth (MB/s)
1                       3.67
2                       7.37
4                      14.76
8                      29.55
16                     59.20
32                    117.97
64                    231.95
128                   453.69
256                    94.61
512                   186.72
1024                  365.97
2048                  744.72
4096                  768.00
8192                 1514.95
16384                3020.04
32768                5958.04
65536               11646.44
131072              22433.53
262144              41808.80
524288              73271.79
1048576            116539.82
2097152            164474.00
4194304            203493.43
  [run 3] recording

# OSU MPI-ROCM Bi-Directional Bandwidth Test v7.5
# Datatype: MPI_CHAR.
# Size      Bandwidth (MB/s)
1                       3.67
2                       7.32
4                      14.60
8                      28.41
16                     56.84
32                    116.62
64                    229.88
128                   449.14
256                    94.55
512                   185.52
1024                  365.41
2048                  745.30
4096                  765.74
8192                 1515.12
16384                3032.37
32768                5881.63
65536               11575.76
131072              22471.48
262144              41780.62
524288              73562.26
1048576            116700.78
2097152            163947.56
4194304            203766.49
  [run 4] recording

# OSU MPI-ROCM Bi-Directional Bandwidth Test v7.5
# Datatype: MPI_CHAR.
# Size      Bandwidth (MB/s)
1                       3.69
2                       7.35
4                      14.74
8                      29.42
16                     59.04
32                    117.89
64                    231.33
128                   450.60
256                    94.72
512                   188.67
1024                  375.54
2048                  746.09
4096                  765.85
8192                 1519.49
16384                3018.18
32768                5963.72
65536               11597.88
131072              22433.45
262144              41527.05
524288              73413.70
1048576            116639.89
2097152            164541.32
4194304            203277.71
  [run 5] recording

# OSU MPI-ROCM Bi-Directional Bandwidth Test v7.5
# Datatype: MPI_CHAR.
# Size      Bandwidth (MB/s)
1                       3.45
2                       7.19
4                      14.40
8                      28.88
16                     54.91
32                    115.66
64                    231.54
128                   447.08
256                    94.21
512                   187.80
1024                  365.57
2048                  721.20
4096                  764.49
8192                 1515.76
16384                3010.33
32768                5919.91
65536               11568.01
131072              22488.92
262144              41845.27
524288              73481.48
1048576            116443.58
2097152            163282.14
4194304            202529.92
  [run 6] recording

# OSU MPI-ROCM Bi-Directional Bandwidth Test v7.5
# Datatype: MPI_CHAR.
# Size      Bandwidth (MB/s)
1                       3.48
2                       6.91
4                      13.86
8                      27.74
16                     55.83
32                    111.41
64                    219.07
128                   420.49
256                    94.61
512                   187.71
1024                  367.42
2048                  744.42
4096                  765.77
8192                 1516.09
16384                3016.69
32768                5901.56
65536               11541.09
131072              22393.05
262144              41694.20
524288              72777.97
1048576            116709.54
2097152            164528.14
4194304            203260.58

################################################################
# intra_pkg_OAM3   GCD(6,7)   tier=intra_pkg   num_links=4
# Hypothesis: intra-package, 4 links, ~100 GB/s uni
################################################################
  [run 1] warm-up — output discarded
  [run 2] recording

# OSU MPI-ROCM Bi-Directional Bandwidth Test v7.5
# Datatype: MPI_CHAR.
# Size      Bandwidth (MB/s)
  [run 3] recording

# OSU MPI-ROCM Bi-Directional Bandwidth Test v7.5
# Datatype: MPI_CHAR.
# Size      Bandwidth (MB/s)
  [run 4] recording

# OSU MPI-ROCM Bi-Directional Bandwidth Test v7.5
# Datatype: MPI_CHAR.
# Size      Bandwidth (MB/s)
  [run 5] recording

# OSU MPI-ROCM Bi-Directional Bandwidth Test v7.5
# Datatype: MPI_CHAR.
# Size      Bandwidth (MB/s)
  [run 6] recording

# OSU MPI-ROCM Bi-Directional Bandwidth Test v7.5
# Datatype: MPI_CHAR.
# Size      Bandwidth (MB/s)

################################################################
# inter_pkg_2link_06   GCD(0,6)   tier=inter_pkg_2link   num_links=2
# Hypothesis: inter-package, 2 links, ~70 GB/s uni
################################################################
  [run 1] warm-up — output discarded
  [run 2] recording

# OSU MPI-ROCM Bi-Directional Bandwidth Test v7.5
# Datatype: MPI_CHAR.
# Size      Bandwidth (MB/s)
1                       3.70
2                       7.43
4                      13.81
8                      27.83
16                     59.66
32                    112.96
64                    233.75
128                   457.07
256                    92.71
512                   181.00
1024                  360.24
2048                  726.98
4096                  983.59
8192                 1957.67
16384                3870.68
32768                7530.34
65536               14425.04
131072              26638.89
262144              45173.27
524288              69830.73
1048576             90220.02
2097152            105214.59
4194304            114529.46
  [run 3] recording

# OSU MPI-ROCM Bi-Directional Bandwidth Test v7.5
# Datatype: MPI_CHAR.
# Size      Bandwidth (MB/s)
1                       3.66
2                       7.30
4                      14.65
8                      29.34
16                     58.70
32                    117.19
64                    230.43
128                   451.96
256                    93.16
512                   180.57
1024                  368.38
2048                  723.41
4096                  982.07
8192                 1938.86
16384                3855.11
32768                7473.73
65536               14066.38
131072              26544.38
262144              45050.36
524288              69712.16
1048576             90272.19
2097152            105124.66
4194304            114538.63
  [run 4] recording

# OSU MPI-ROCM Bi-Directional Bandwidth Test v7.5
# Datatype: MPI_CHAR.
# Size      Bandwidth (MB/s)
1                       3.65
2                       7.29
4                      14.61
8                      29.30
16                     58.73
32                    117.21
64                    230.02
128                   451.01
256                    93.26
512                   181.18
1024                  359.77
2048                  705.28
4096                  979.90
8192                 1931.99
16384                3855.61
32768                7551.01
65536               14497.23
131072              26550.34
262144              45020.77
524288              69692.75
1048576             90425.72
2097152            104879.78
4194304            114435.00
  [run 5] recording

# OSU MPI-ROCM Bi-Directional Bandwidth Test v7.5
# Datatype: MPI_CHAR.
# Size      Bandwidth (MB/s)
1                       3.69
2                       7.40
4                      14.81
8                      29.63
16                     58.90
32                    118.24
64                    233.33
128                   456.16
256                    93.27
512                   180.31
1024                  361.49
2048                  719.26
4096                  976.72
8192                 1941.15
16384                3860.22
32768                7548.56
65536               14525.34
131072              26577.77
262144              45107.55
524288              69877.98
1048576             90442.72
2097152            104866.22
4194304            114382.65
  [run 6] recording

# OSU MPI-ROCM Bi-Directional Bandwidth Test v7.5
# Datatype: MPI_CHAR.
# Size      Bandwidth (MB/s)
1                       3.72
2                       7.43
4                      14.73
8                      29.78
16                     59.70
32                    119.24
64                    233.38
128                   456.30
256                    93.05
512                   180.67
1024                  363.86
2048                  725.96
4096                  981.69
8192                 1938.98
16384                3855.31
32768                7480.91
65536               14373.29
131072              26539.84
262144              44973.68
524288              69630.99
1048576             90260.12
2097152            104722.46
4194304            114458.79

################################################################
# inter_pkg_2link_24   GCD(2,4)   tier=inter_pkg_2link   num_links=2
# Hypothesis: inter-package, 2 links, ~70 GB/s uni
################################################################
  [run 1] warm-up — output discarded
  [run 2] recording

# OSU MPI-ROCM Bi-Directional Bandwidth Test v7.5
# Datatype: MPI_CHAR.
# Size      Bandwidth (MB/s)
1                       3.71
2                       7.44
4                      14.90
8                      29.84
16                     59.80
32                    119.21
64                    232.31
128                   458.86
256                    93.20
512                   181.05
1024                  359.21
2048                  713.01
4096                  973.23
8192                 1936.22
16384                3878.28
32768                7525.86
65536               14433.60
131072              26596.79
262144              46063.39
524288              71371.78
1048576             91511.29
2097152            105654.97
4194304            114826.29
  [run 3] recording

# OSU MPI-ROCM Bi-Directional Bandwidth Test v7.5
# Datatype: MPI_CHAR.
# Size      Bandwidth (MB/s)
1                       3.70
2                       7.41
4                      14.83
8                      29.68
16                     59.46
32                    118.74
64                    232.48
128                   455.00
256                    93.40
512                   180.96
1024                  358.33
2048                  723.94
4096                  979.78
8192                 1946.62
16384                3882.89
32768                7456.87
65536               14410.26
131072              26597.80
262144              46139.65
524288              71293.27
1048576             90802.96
2097152            105917.66
4194304            114843.27
  [run 4] recording

# OSU MPI-ROCM Bi-Directional Bandwidth Test v7.5
# Datatype: MPI_CHAR.
# Size      Bandwidth (MB/s)
1                       3.68
2                       7.21
4                      14.79
8                      28.00
16                     56.23
32                    112.15
64                    227.97
128                   446.36
256                    93.25
512                   181.97
1024                  366.77
2048                  724.48
4096                  979.60
8192                 1951.70
16384                3833.17
32768                7471.50
65536               14411.01
131072              26600.97
262144              46034.04
524288              71195.82
1048576             91431.03
2097152            105395.74
4194304            114846.71
  [run 5] recording

# OSU MPI-ROCM Bi-Directional Bandwidth Test v7.5
# Datatype: MPI_CHAR.
# Size      Bandwidth (MB/s)
1                       3.67
2                       7.37
4                      14.76
8                      29.51
16                     59.07
32                    117.71
64                    232.11
128                   453.17
256                    92.67
512                   180.43
1024                  359.33
2048                  705.00
4096                  977.81
8192                 1942.50
16384                3835.40
32768                7498.97
65536               14402.21
131072              26498.91
262144              45972.18
524288              71288.79
1048576             91252.89
2097152            105750.87
4194304            114963.53
  [run 6] recording

# OSU MPI-ROCM Bi-Directional Bandwidth Test v7.5
# Datatype: MPI_CHAR.
# Size      Bandwidth (MB/s)
1                       3.61
2                       7.21
4                      14.43
8                      28.90
16                     58.14
32                    115.10
64                    227.60
128                   423.53
256                    92.97
512                   181.63
1024                  368.79
2048                  723.71
4096                  979.55
8192                 1935.03
16384                3837.25
32768                7518.95
65536               14459.19
131072              26614.77
262144              46021.68
524288              71005.80
1048576             91374.84
2097152            105693.49
4194304            114803.95

################################################################
# inter_pkg_1link_02   GCD(0,2)   tier=inter_pkg_1link   num_links=1
# Hypothesis: inter-package, 1 link, ~35 GB/s uni
################################################################
  [run 1] warm-up — output discarded
  [run 2] recording

# OSU MPI-ROCM Bi-Directional Bandwidth Test v7.5
# Datatype: MPI_CHAR.
# Size      Bandwidth (MB/s)
1                       3.70
2                       7.41
4                      14.85
8                      29.71
16                     59.59
32                    118.97
64                    231.72
128                   456.95
256                    91.35
512                   181.23
1024                  366.15
2048                  724.15
4096                 1447.85
8192                 2808.18
16384                5338.16
32768                9967.66
65536               17369.74
131072              28113.55
262144              40390.14
524288              51278.84
1048576             59009.55
2097152             63432.42
4194304             65215.17
  [run 3] recording

# OSU MPI-ROCM Bi-Directional Bandwidth Test v7.5
# Datatype: MPI_CHAR.
# Size      Bandwidth (MB/s)
1                       3.71
2                       7.41
4                      14.86
8                      29.73
16                     59.48
32                    118.91
64                    233.76
128                   456.05
256                    91.14
512                   180.67
1024                  359.48
2048                  707.49
4096                 1377.94
8192                 2796.18
16384                5333.40
32768                9923.78
65536               17335.79
131072              27845.04
262144              39829.32
524288              50360.83
1048576             58402.22
2097152             63134.14
4194304             65116.95
  [run 4] recording

# OSU MPI-ROCM Bi-Directional Bandwidth Test v7.5
# Datatype: MPI_CHAR.
# Size      Bandwidth (MB/s)
1                       3.62
2                       7.23
4                      14.52
8                      28.99
16                     58.01
32                    115.74
64                    228.05
128                   446.69
256                    90.87
512                   180.52
1024                  358.72
2048                  704.45
4096                 1371.21
8192                 2784.16
16384                5327.51
32768                9925.05
65536               17260.04
131072              27835.30
262144              39728.53
524288              50342.22
1048576             58438.49
2097152             63166.06
4194304             65128.84
  [run 5] recording

# OSU MPI-ROCM Bi-Directional Bandwidth Test v7.5
# Datatype: MPI_CHAR.
# Size      Bandwidth (MB/s)
1                       3.72
2                       7.42
4                      14.86
8                      29.71
16                     59.67
32                    118.96
64                    236.03
128                   451.39
256                    90.69
512                   180.88
1024                  359.09
2048                  713.61
4096                 1380.88
8192                 2784.76
16384                5321.66
32768                9906.35
65536               17291.34
131072              27764.50
262144              40122.54
524288              50412.62
1048576             58968.66
2097152             63423.84
4194304             65201.44
  [run 6] recording

# OSU MPI-ROCM Bi-Directional Bandwidth Test v7.5
# Datatype: MPI_CHAR.
# Size      Bandwidth (MB/s)
1                       3.71
2                       7.44
4                      14.90
8                      29.81
16                     59.66
32                    119.34
64                    234.03
128                   457.76
256                    91.65
512                   180.59
1024                  364.10
2048                  724.50
4096                 1442.69
8192                 2794.10
16384                5357.79
32768                9947.67
65536               17413.40
131072              27757.00
262144              39994.66
524288              50453.30
1048576             58443.38
2097152             63210.22
4194304             65128.63

################################################################
# inter_pkg_1link_13   GCD(1,3)   tier=inter_pkg_1link   num_links=1
# Hypothesis: inter-package, 1 link, ~35 GB/s uni
################################################################
  [run 1] warm-up — output discarded
  [run 2] recording

# OSU MPI-ROCM Bi-Directional Bandwidth Test v7.5
# Datatype: MPI_CHAR.
# Size      Bandwidth (MB/s)
1                       3.73
2                       7.34
4                      14.76
8                      29.96
16                     59.72
32                    119.28
64                    232.42
128                   453.42
256                    93.15
512                   186.37
1024                  364.86
2048                  726.36
4096                 1444.13
8192                 2812.61
16384                5365.96
32768                9972.04
65536               17357.10
131072              28028.37
262144              40227.27
524288              51044.83
1048576             58811.33
2097152             63315.97
4194304             65190.19
  [run 3] recording

# OSU MPI-ROCM Bi-Directional Bandwidth Test v7.5
# Datatype: MPI_CHAR.
# Size      Bandwidth (MB/s)
1                       3.73
2                       7.46
4                      14.93
8                      29.93
16                     60.11
32                    119.76
64                    235.42
128                   458.10
256                    92.99
512                   184.57
1024                  365.73
2048                  732.00
4096                 1437.11
8192                 2815.90
16384                5424.91
32768               10077.16
65536               17538.78
131072              28144.76
262144              40110.14
524288              50972.34
1048576             58574.85
2097152             63230.09
4194304             65161.01
  [run 4] recording

# OSU MPI-ROCM Bi-Directional Bandwidth Test v7.5
# Datatype: MPI_CHAR.
# Size      Bandwidth (MB/s)
1                       3.74
2                       7.41
4                      14.43
8                      28.87
16                     59.41
32                    118.89
64                    228.83
128                   448.63
256                    92.58
512                   181.72
1024                  361.71
2048                  716.18
4096                 1452.55
8192                 2817.19
16384                5320.10
32768                9991.26
65536               17449.23
131072              28139.61
262144              40167.78
524288              51319.26
1048576             58982.45
2097152             63424.67
4194304             65218.90
  [run 5] recording

# OSU MPI-ROCM Bi-Directional Bandwidth Test v7.5
# Datatype: MPI_CHAR.
# Size      Bandwidth (MB/s)
1                       3.70
2                       6.98
4                      14.90
8                      29.84
16                     59.79
32                    118.04
64                    233.84
128                   457.51
256                    92.63
512                   181.67
1024                  366.40
2048                  731.35
4096                 1449.07
8192                 2816.34
16384                5424.47
32768               10099.31
65536               17579.90
131072              28137.69
262144              40211.52
524288              50925.40
1048576             58672.52
2097152             63210.20
4194304             65282.46
  [run 6] recording

# OSU MPI-ROCM Bi-Directional Bandwidth Test v7.5
# Datatype: MPI_CHAR.
# Size      Bandwidth (MB/s)
1                       3.60
2                       7.20
4                      14.46
8                      28.99
16                     58.25
32                    116.29
64                    228.08
128                   445.40
256                    92.62
512                   184.49
1024                  361.90
2048                  725.83
4096                 1437.69
8192                 2819.59
16384                5424.59
32768               10059.94
65536               17557.98
131072              28102.27
262144              40146.01
524288              50870.94
1048576             58712.06
2097152             63268.36
4194304             65160.04

################################################################
# inter_pkg_1link_15   GCD(1,5)   tier=inter_pkg_1link   num_links=1
# Hypothesis: inter-package, 1 link, ~35 GB/s uni
################################################################
  [run 1] warm-up — output discarded
  [run 2] recording

# OSU MPI-ROCM Bi-Directional Bandwidth Test v7.5
# Datatype: MPI_CHAR.
# Size      Bandwidth (MB/s)
1                       3.74
2                       7.44
4                      14.89
8                      29.83
16                     59.74
32                    119.13
64                    231.81
128                   456.87
256                    93.04
512                   181.02
1024                  361.54
2048                  711.01
4096                 1393.43
8192                 2808.12
16384                5344.37
32768                9989.65
65536               17415.47
131072              28123.94
262144              40351.47
524288              51300.57
1048576             58885.53
2097152             63346.13
4194304             65178.55
  [run 3] recording

# OSU MPI-ROCM Bi-Directional Bandwidth Test v7.5
# Datatype: MPI_CHAR.
# Size      Bandwidth (MB/s)
1                       3.67
2                       7.33
4                      14.68
8                      29.44
16                     58.82
32                    117.28
64                    229.83
128                   449.28
256                    73.67
512                   147.30
1024                  293.86
2048                  586.01
4096                 1154.86
8192                 2274.27
16384                4350.31
32768                8219.18
65536               14753.80
131072              24481.49
262144              36609.61
524288              48149.80
1048576             56998.43
2097152             62307.72
4194304             64632.92
  [run 4] recording

# OSU MPI-ROCM Bi-Directional Bandwidth Test v7.5
# Datatype: MPI_CHAR.
# Size      Bandwidth (MB/s)
1                       3.68
2                       7.36
4                      14.76
8                      29.49
16                     59.14
32                    118.17
64                    220.80
128                   451.90
256                    93.05
512                   184.24
1024                  361.64
2048                  715.05
4096                 1392.53
8192                 2853.23
16384                5448.36
32768               10029.92
65536               17487.19
131072              28136.23
262144              40346.47
524288              51121.15
1048576             58833.77
2097152             63492.02
4194304             65258.59
  [run 5] recording

# OSU MPI-ROCM Bi-Directional Bandwidth Test v7.5
# Datatype: MPI_CHAR.
# Size      Bandwidth (MB/s)
1                       3.61
2                       7.09
4                      14.21
8                      28.42
16                     56.61
32                    113.60
64                    225.49
128                   436.83
256                    92.59
512                   183.86
1024                  360.51
2048                  729.63
4096                 1432.31
8192                 2808.20
16384                5395.22
32768               10009.80
65536               17466.35
131072              28155.67
262144              40272.86
524288              51224.02
1048576             58919.33
2097152             63442.27
4194304             65201.50
  [run 6] recording

# OSU MPI-ROCM Bi-Directional Bandwidth Test v7.5
# Datatype: MPI_CHAR.
# Size      Bandwidth (MB/s)
1                       3.64
2                       7.23
4                      14.54
8                      29.10
16                     58.29
32                    116.55
64                    228.50
128                   448.10
256                    93.70
512                   181.23
1024                  366.67
2048                  732.54
4096                 1436.41
8192                 2822.89
16384                5420.01
32768               10063.83
65536               17531.80
131072              28172.63
262144              40369.13
524288              51198.64
1048576             58922.18
2097152             63353.57
4194304             65163.55

################################################################
# inter_pkg_1link_37   GCD(3,7)   tier=inter_pkg_1link   num_links=1
# Hypothesis: inter-package, 1 link, ~35 GB/s uni
################################################################
  [run 1] warm-up — output discarded
  [run 2] recording

# OSU MPI-ROCM Bi-Directional Bandwidth Test v7.5
# Datatype: MPI_CHAR.
# Size      Bandwidth (MB/s)
  [run 3] recording

# OSU MPI-ROCM Bi-Directional Bandwidth Test v7.5
# Datatype: MPI_CHAR.
# Size      Bandwidth (MB/s)
  [run 4] recording

# OSU MPI-ROCM Bi-Directional Bandwidth Test v7.5
# Datatype: MPI_CHAR.
# Size      Bandwidth (MB/s)
  [run 5] recording

# OSU MPI-ROCM Bi-Directional Bandwidth Test v7.5
# Datatype: MPI_CHAR.
# Size      Bandwidth (MB/s)
  [run 6] recording

# OSU MPI-ROCM Bi-Directional Bandwidth Test v7.5
# Datatype: MPI_CHAR.
# Size      Bandwidth (MB/s)

################################################################
# inter_pkg_1link_46   GCD(4,6)   tier=inter_pkg_1link   num_links=1
# Hypothesis: inter-package, 1 link, ~35 GB/s uni
################################################################
  [run 1] warm-up — output discarded
  [run 2] recording

# OSU MPI-ROCM Bi-Directional Bandwidth Test v7.5
# Datatype: MPI_CHAR.
# Size      Bandwidth (MB/s)
1                       3.63
2                       7.29
4                      14.58
8                      29.17
16                     58.42
32                    116.90
64                    229.63
128                   449.63
256                    93.21
512                   182.90
1024                  368.58
2048                  729.54
4096                 1485.85
8192                 2913.97
16384                5511.10
32768               10213.08
65536               17778.12
131072              28361.71
262144              40399.47
524288              50970.53
1048576             58777.18
2097152             63348.93
4194304             65225.07
  [run 3] recording

# OSU MPI-ROCM Bi-Directional Bandwidth Test v7.5
# Datatype: MPI_CHAR.
# Size      Bandwidth (MB/s)
1                       3.63
2                       7.27
4                      14.57
8                      29.11
16                     58.47
32                    116.71
64                    229.32
128                   446.37
256                    94.77
512                   187.28
1024                  374.78
2048                  739.21
4096                 1431.38
8192                 2910.69
16384                5458.83
32768               10151.78
65536               17689.51
131072              28422.56
262144              40488.43
524288              51108.37
1048576             58809.57
2097152             63367.49
4194304             65253.98
  [run 4] recording

# OSU MPI-ROCM Bi-Directional Bandwidth Test v7.5
# Datatype: MPI_CHAR.
# Size      Bandwidth (MB/s)
1                       3.64
2                       7.16
4                      14.34
8                      28.68
16                     57.57
32                    115.96
64                    229.09
128                   421.61
256                    93.18
512                   183.19
1024                  366.71
2048                  725.66
4096                 1448.49
8192                 2808.72
16384                5351.19
32768                9965.90
65536               17363.69
131072              28157.00
262144              40385.88
524288              51308.14
1048576             58950.47
2097152             63423.16
4194304             65205.01
  [run 5] recording

# OSU MPI-ROCM Bi-Directional Bandwidth Test v7.5
# Datatype: MPI_CHAR.
# Size      Bandwidth (MB/s)
1                       3.61
2                       7.19
4                      14.41
8                      28.97
16                     54.88
32                    116.13
64                    227.65
128                   438.87
256                    93.00
512                   179.62
1024                  359.81
2048                  726.52
4096                 1441.85
8192                 2802.45
16384                5350.53
32768                9949.63
65536               17377.89
131072              28086.11
262144              40417.07
524288              51262.06
1048576             58949.59
2097152             63513.65
4194304             65254.94
  [run 6] recording

# OSU MPI-ROCM Bi-Directional Bandwidth Test v7.5
# Datatype: MPI_CHAR.
# Size      Bandwidth (MB/s)
1                       3.62
2                       7.19
4                      14.37
8                      28.76
16                     57.71
32                    115.06
64                    226.33
128                   443.26
256                    93.65
512                   183.56
1024                  361.76
2048                  710.09
4096                 1385.37
8192                 2822.33
16384                5333.15
32768                9975.87
65536               17414.71
131072              28135.42
262144              40145.36
524288              51307.45
1048576             59010.38
2097152             63416.79
4194304             65221.95

################################################################
# inter_pkg_1link_57   GCD(5,7)   tier=inter_pkg_1link   num_links=1
# Hypothesis: inter-package, 1 link, ~35 GB/s uni
################################################################
  [run 1] warm-up — output discarded
  [run 2] recording

# OSU MPI-ROCM Bi-Directional Bandwidth Test v7.5
# Datatype: MPI_CHAR.
# Size      Bandwidth (MB/s)
  [run 3] recording

# OSU MPI-ROCM Bi-Directional Bandwidth Test v7.5
# Datatype: MPI_CHAR.
# Size      Bandwidth (MB/s)
  [run 4] recording

# OSU MPI-ROCM Bi-Directional Bandwidth Test v7.5
# Datatype: MPI_CHAR.
# Size      Bandwidth (MB/s)
  [run 5] recording

# OSU MPI-ROCM Bi-Directional Bandwidth Test v7.5
# Datatype: MPI_CHAR.
# Size      Bandwidth (MB/s)
  [run 6] recording

# OSU MPI-ROCM Bi-Directional Bandwidth Test v7.5
# Datatype: MPI_CHAR.
# Size      Bandwidth (MB/s)

################################################################
# routed_07   GCD(0,7)   tier=routed   num_links=0
# Hypothesis: no direct link, routed via 2-link path
################################################################
  [run 1] warm-up — output discarded
  [run 2] recording

# OSU MPI-ROCM Bi-Directional Bandwidth Test v7.5
# Datatype: MPI_CHAR.
# Size      Bandwidth (MB/s)
  [run 3] recording

# OSU MPI-ROCM Bi-Directional Bandwidth Test v7.5
# Datatype: MPI_CHAR.
# Size      Bandwidth (MB/s)
  [run 4] recording

# OSU MPI-ROCM Bi-Directional Bandwidth Test v7.5
# Datatype: MPI_CHAR.
# Size      Bandwidth (MB/s)
  [run 5] recording

# OSU MPI-ROCM Bi-Directional Bandwidth Test v7.5
# Datatype: MPI_CHAR.
# Size      Bandwidth (MB/s)
  [run 6] recording

# OSU MPI-ROCM Bi-Directional Bandwidth Test v7.5
# Datatype: MPI_CHAR.
# Size      Bandwidth (MB/s)

################################################################
# routed_16   GCD(1,6)   tier=routed   num_links=0
# Hypothesis: no direct link, routed via 2-link path
################################################################
  [run 1] warm-up — output discarded
  [run 2] recording

# OSU MPI-ROCM Bi-Directional Bandwidth Test v7.5
# Datatype: MPI_CHAR.
# Size      Bandwidth (MB/s)
1                       3.68
2                       7.33
4                      14.67
8                      29.37
16                     58.73
32                    117.53
64                    228.89
128                   451.74
256                    89.24
512                   175.08
1024                  351.84
2048                  691.67
4096                 1382.45
8192                 2719.38
16384                5269.99
32768               10153.81
65536               18011.40
131072              30602.67
262144              47348.63
524288              64723.15
1048576             79111.58
2097152             89039.11
4194304             95167.31
  [run 3] recording

# OSU MPI-ROCM Bi-Directional Bandwidth Test v7.5
# Datatype: MPI_CHAR.
# Size      Bandwidth (MB/s)
1                       3.71
2                       7.45
4                      14.91
8                      29.88
16                     59.84
32                    119.58
64                    234.66
128                   459.53
256                    89.56
512                   174.15
1024                  346.79
2048                  704.52
4096                 1386.83
8192                 2720.53
16384                5273.15
32768               10148.03
65536               18013.39
131072              30564.99
262144              46812.20
524288              64685.80
1048576             79010.07
2097152             89027.23
4194304             95134.95
  [run 4] recording

# OSU MPI-ROCM Bi-Directional Bandwidth Test v7.5
# Datatype: MPI_CHAR.
# Size      Bandwidth (MB/s)
1                       3.68
2                       7.12
4                      14.36
8                      28.68
16                     57.22
32                    115.19
64                    224.85
128                   441.15
256                    88.67
512                   175.48
1024                  349.16
2048                  698.40
4096                 1373.39
8192                 2740.99
16384                5224.57
32768               10063.23
65536               17846.27
131072              30422.55
262144              46750.35
524288              64510.04
1048576             79112.89
2097152             89143.78
4194304             95233.31
  [run 5] recording

# OSU MPI-ROCM Bi-Directional Bandwidth Test v7.5
# Datatype: MPI_CHAR.
# Size      Bandwidth (MB/s)
1                       3.75
2                       7.18
4                      14.32
8                      28.67
16                     60.12
32                    120.03
64                    235.58
128                   460.61
256                    89.07
512                   173.27
1024                  345.14
2048                  679.02
4096                 1379.28
8192                 2757.69
16384                5327.70
32768               10128.44
65536               17979.04
131072              30644.34
262144              46785.48
524288              64639.54
1048576             78852.96
2097152             88831.11
4194304             94947.39
  [run 6] recording

# OSU MPI-ROCM Bi-Directional Bandwidth Test v7.5
# Datatype: MPI_CHAR.
# Size      Bandwidth (MB/s)
1                       3.51
2                       7.02
4                      13.30
8                      28.19
16                     53.45
32                    108.06
64                    212.20
128                   417.76
256                    88.99
512                   176.08
1024                  355.55
2048                  701.52
4096                 1390.36
8192                 2736.20
16384                5309.15
32768               10176.97
65536               17932.10
131072              30628.01
262144              47175.90
524288              64703.29
1048576             79077.81
2097152             88870.04
4194304             95020.22

################################################################
# routed_03   GCD(0,3)   tier=routed   num_links=0
# Hypothesis: no direct link, routed via 1-link path
################################################################
  [run 1] warm-up — output discarded
  [run 2] recording

# OSU MPI-ROCM Bi-Directional Bandwidth Test v7.5
# Datatype: MPI_CHAR.
# Size      Bandwidth (MB/s)
1                       3.74
2                       7.20
4                      14.44
8                      29.04
16                     58.63
32                    117.17
64                    229.43
128                   447.54
256                    89.78
512                   178.63
1024                  354.33
2048                  698.55
4096                 1398.61
8192                 2739.39
16384                5237.63
32768                9781.34
65536               17177.28
131072              27853.13
262144              40499.36
524288              51961.32
1048576             60177.09
2097152             64999.36
4194304             66982.43
  [run 3] recording

# OSU MPI-ROCM Bi-Directional Bandwidth Test v7.5
# Datatype: MPI_CHAR.
# Size      Bandwidth (MB/s)
1                       3.67
2                       7.33
4                      14.48
8                      28.12
16                     58.80
32                    116.32
64                    230.72
128                   448.09
256                    90.67
512                   179.10
1024                  348.60
2048                  685.22
4096                 1343.11
8192                 2743.50
16384                5219.54
32768                9757.71
65536               17223.58
131072              27774.03
262144              40056.20
524288              51689.35
1048576             60107.41
2097152             64967.30
4194304             66901.97
  [run 4] recording

# OSU MPI-ROCM Bi-Directional Bandwidth Test v7.5
# Datatype: MPI_CHAR.
# Size      Bandwidth (MB/s)
1                       3.69
2                       7.39
4                      13.97
8                      29.66
16                     55.88
32                    118.52
64                    218.36
128                   453.00
256                    90.04
512                   177.52
1024                  348.28
2048                  684.52
4096                 1340.76
8192                 2710.22
16384                5223.36
32768                9724.81
65536               17095.58
131072              27735.43
262144              40215.04
524288              51946.21
1048576             60185.12
2097152             65018.03
4194304             66972.93
  [run 5] recording

# OSU MPI-ROCM Bi-Directional Bandwidth Test v7.5
# Datatype: MPI_CHAR.
# Size      Bandwidth (MB/s)
1                       3.72
2                       7.36
4                      14.60
8                      29.14
16                     59.06
32                    117.20
64                    230.04
128                   449.18
256                    90.10
512                   179.98
1024                  356.61
2048                  702.22
4096                 1389.79
8192                 2750.00
16384                5240.41
32768                9795.06
65536               17137.66
131072              27917.77
262144              40330.44
524288              52010.61
1048576             60234.35
2097152             65104.85
4194304             67004.62
  [run 6] recording

# OSU MPI-ROCM Bi-Directional Bandwidth Test v7.5
# Datatype: MPI_CHAR.
# Size      Bandwidth (MB/s)
1                       3.68
2                       7.39
4                      14.76
8                      29.63
16                     59.19
32                    118.05
64                    231.77
128                   449.09
256                    89.94
512                   176.31
1024                  349.07
2048                  699.30
4096                 1397.55
8192                 2735.46
16384                5223.74
32768                9742.16
65536               17075.69
131072              27534.51
262144              40042.16
524288              51634.52
1048576             60039.55
2097152             64952.40
4194304             66919.29

################################################################
# routed_14   GCD(1,4)   tier=routed   num_links=0
# Hypothesis: no direct link, routed via 1-link path
################################################################
  [run 1] warm-up — output discarded
  [run 2] recording

# OSU MPI-ROCM Bi-Directional Bandwidth Test v7.5
# Datatype: MPI_CHAR.
# Size      Bandwidth (MB/s)
1                       3.66
2                       7.33
4                      14.76
8                      29.51
16                     59.05
32                    118.25
64                    232.51
128                   453.84
256                    90.47
512                   180.53
1024                  357.97
2048                  699.11
4096                 1378.76
8192                 2755.77
16384                5156.35
32768                9689.90
65536               17019.67
131072              27611.54
262144              39705.92
524288              50493.35
1048576             58293.75
2097152             62995.03
4194304             65017.54
  [run 3] recording

# OSU MPI-ROCM Bi-Directional Bandwidth Test v7.5
# Datatype: MPI_CHAR.
# Size      Bandwidth (MB/s)
1                       3.65
2                       7.33
4                      14.54
8                      29.38
16                     58.91
32                    117.78
64                    231.47
128                   451.63
256                    90.20
512                   180.20
1024                  352.74
2048                  690.01
4096                 1355.74
8192                 2759.70
16384                5212.74
32768                9677.11
65536               17014.80
131072              27519.67
262144              39716.04
524288              50697.77
1048576             58420.05
2097152             63035.35
4194304             65134.49
  [run 4] recording

# OSU MPI-ROCM Bi-Directional Bandwidth Test v7.5
# Datatype: MPI_CHAR.
# Size      Bandwidth (MB/s)
1                       3.73
2                       7.46
4                      14.97
8                      29.89
16                     60.01
32                    119.73
64                    234.85
128                   457.47
256                    90.58
512                   178.38
1024                  358.25
2048                  698.19
4096                 1371.17
8192                 2764.90
16384                5233.49
32768                9698.95
65536               17114.14
131072              27643.47
262144              39861.48
524288              50721.90
1048576             58429.48
2097152             63045.57
4194304             65069.32
  [run 5] recording

# OSU MPI-ROCM Bi-Directional Bandwidth Test v7.5
# Datatype: MPI_CHAR.
# Size      Bandwidth (MB/s)
1                       3.66
2                       7.34
4                      14.75
8                      29.51
16                     59.14
32                    118.56
64                    232.48
128                   454.24
256                    90.49
512                   178.50
1024                  358.82
2048                  705.90
4096                 1407.36
8192                 2759.77
16384                5208.28
32768                9697.20
65536               17074.02
131072              27485.81
262144              39701.52
524288              50570.72
1048576             58358.98
2097152             62965.13
4194304             64999.70
  [run 6] recording

# OSU MPI-ROCM Bi-Directional Bandwidth Test v7.5
# Datatype: MPI_CHAR.
# Size      Bandwidth (MB/s)
1                       3.66
2                       7.32
4                      14.46
8                      27.96
16                     58.93
32                    117.74
64                    231.70
128                   447.85
256                    90.50
512                   180.74
1024                  352.81
2048                  691.05
4096                 1370.87
8192                 2760.12
16384                5228.15
32768                9726.68
65536               17028.18
131072              27458.63
262144              39675.82
524288              50653.26
1048576             58375.45
2097152             63035.37
4194304             65036.68

################################################################
# routed_17   GCD(1,7)   tier=routed   num_links=0
# Hypothesis: no direct link, routed (anomaly pair)
################################################################
  [run 1] warm-up — output discarded
  [run 2] recording

# OSU MPI-ROCM Bi-Directional Bandwidth Test v7.5
# Datatype: MPI_CHAR.
# Size      Bandwidth (MB/s)
  [run 3] recording

# OSU MPI-ROCM Bi-Directional Bandwidth Test v7.5
# Datatype: MPI_CHAR.
# Size      Bandwidth (MB/s)
  [run 4] recording

# OSU MPI-ROCM Bi-Directional Bandwidth Test v7.5
# Datatype: MPI_CHAR.
# Size      Bandwidth (MB/s)
  [run 5] recording

# OSU MPI-ROCM Bi-Directional Bandwidth Test v7.5
# Datatype: MPI_CHAR.
# Size      Bandwidth (MB/s)
  [run 6] recording

# OSU MPI-ROCM Bi-Directional Bandwidth Test v7.5
# Datatype: MPI_CHAR.
# Size      Bandwidth (MB/s)

################################################################
# routed_35   GCD(3,5)   tier=routed   num_links=0
# Hypothesis: no direct link, routed (anomaly pair)
################################################################
  [run 1] warm-up — output discarded
  [run 2] recording

# OSU MPI-ROCM Bi-Directional Bandwidth Test v7.5
# Datatype: MPI_CHAR.
# Size      Bandwidth (MB/s)
1                       3.72
2                       7.42
4                      14.87
8                      29.71
16                     59.53
32                    118.90
64                    233.51
128                   455.56
256                    89.74
512                   175.85
1024                  350.46
2048                  690.13
4096                 1391.71
8192                 2764.57
16384                5300.03
32768               10156.47
65536               18048.79
131072              30667.67
262144              47082.23
524288              64705.86
1048576             79155.26
2097152             89089.31
4194304             95199.18
  [run 3] recording

# OSU MPI-ROCM Bi-Directional Bandwidth Test v7.5
# Datatype: MPI_CHAR.
# Size      Bandwidth (MB/s)
1                       3.70
2                       7.43
4                      14.87
8                      29.79
16                     59.97
32                    119.62
64                    234.16
128                   453.57
256                    89.55
512                   178.93
1024                  349.19
2048                  689.52
4096                 1396.93
8192                 2767.95
16384                5316.08
32768               10199.83
65536               18075.80
131072              30623.16
262144              47117.96
524288              64712.67
1048576             78935.11
2097152             88929.70
4194304             95116.38
  [run 4] recording

# OSU MPI-ROCM Bi-Directional Bandwidth Test v7.5
# Datatype: MPI_CHAR.
# Size      Bandwidth (MB/s)
1                       3.77
2                       7.52
4                      14.91
8                      30.18
16                     59.97
32                    120.77
64                    236.82
128                   463.35
256                    89.66
512                   176.03
1024                  353.75
2048                  704.76
4096                 1388.13
8192                 2760.63
16384                5291.36
32768               10143.26
65536               17996.78
131072              30564.03
262144              47296.10
524288              64867.20
1048576             79164.78
2097152             89032.63
4194304             95194.18
  [run 5] recording

# OSU MPI-ROCM Bi-Directional Bandwidth Test v7.5
# Datatype: MPI_CHAR.
# Size      Bandwidth (MB/s)
1                       3.65
2                       7.32
4                      14.64
8                      29.33
16                     58.72
32                    117.19
64                    229.82
128                   450.43
256                    89.66
512                   175.93
1024                  347.48
2048                  689.00
4096                 1354.34
8192                 2769.53
16384                5308.80
32768               10166.59
65536               18027.61
131072              30608.23
262144              47243.53
524288              64682.47
1048576             78880.51
2097152             88935.03
4194304             95116.39
  [run 6] recording

# OSU MPI-ROCM Bi-Directional Bandwidth Test v7.5
# Datatype: MPI_CHAR.
# Size      Bandwidth (MB/s)
1                       3.55
2                       7.51
4                      14.99
8                      29.85
16                     60.33
32                    120.50
64                    234.37
128                   458.38
256                    89.74
512                   178.44
1024                  353.03
2048                  684.57
4096                 1395.32
8192                 2770.73
16384                5274.75
32768               10133.23
65536               18003.03
131072              30479.76
262144              46860.60
524288              64504.11
1048576             78917.14
2097152             88913.02
4194304             95167.51

################################################################
# self_GCD0   GCD(0,0)   tier=self   num_links=NA
# Hypothesis: same GCD, intra-process HBM, ~250 GB/s
################################################################
  [run 1] warm-up — output discarded
  [run 2] recording

# OSU MPI-ROCM Bi-Directional Bandwidth Test v7.5
# Datatype: MPI_CHAR.
# Size      Bandwidth (MB/s)
1                       3.71
2                       7.43
4                      14.88
8                      29.78
16                     58.61
32                    119.46
64                    234.26
128                    23.65
256                    46.45
512                    92.53
1024                  182.15
2048                  363.45
4096                  715.30
8192                 1453.09
16384                2759.12
32768                5223.70
65536                9287.99
131072              15564.94
262144              23444.65
524288              32015.62
1048576            139615.40
2097152            240088.10
4194304            349975.12
  [run 3] recording

# OSU MPI-ROCM Bi-Directional Bandwidth Test v7.5
# Datatype: MPI_CHAR.
# Size      Bandwidth (MB/s)
1                       3.65
2                       7.28
4                      14.61
8                      29.22
16                     58.57
32                    116.91
64                    228.81
128                    23.40
256                    47.59
512                    96.24
1024                  191.44
2048                  375.83
4096                  745.92
8192                 1487.26
16384                2850.61
32768                5396.87
65536                9585.07
131072              15924.59
262144              23838.46
524288              32366.52
1048576            131438.74
2097152            240083.67
4194304            351251.59
  [run 4] recording

# OSU MPI-ROCM Bi-Directional Bandwidth Test v7.5
# Datatype: MPI_CHAR.
# Size      Bandwidth (MB/s)
1                       3.76
2                       7.57
4                      15.16
8                      30.36
16                     60.79
32                    112.99
64                    237.88
128                    23.50
256                    47.48
512                    94.23
1024                  186.27
2048                  370.13
4096                  737.75
8192                 1463.75
16384                2813.46
32768                5306.56
65536                9349.18
131072              15653.83
262144              23507.03
524288              31850.70
1048576            138577.59
2097152            237544.37
4194304            347088.00
  [run 5] recording

# OSU MPI-ROCM Bi-Directional Bandwidth Test v7.5
# Datatype: MPI_CHAR.
# Size      Bandwidth (MB/s)
1                       3.73
2                       7.29
4                      14.20
8                      29.73
16                     56.50
32                    119.35
64                    219.97
128                    23.40
256                    46.43
512                    90.48
1024                  180.09
2048                  358.52
4096                  708.85
8192                 1421.51
16384                2729.23
32768                5126.99
65536                9142.08
131072              15288.71
262144              23072.20
524288              31497.08
1048576            139298.60
2097152            239732.54
4194304            348619.52
  [run 6] recording

# OSU MPI-ROCM Bi-Directional Bandwidth Test v7.5
# Datatype: MPI_CHAR.
# Size      Bandwidth (MB/s)
1                       3.61
2                       6.98
4                      14.40
8                      28.01
16                     56.16
32                    112.08
64                    225.11
128                    23.64
256                    47.30
512                    92.44
1024                  182.23
2048                  362.44
4096                  723.01
8192                 1452.02
16384                2782.17
32768                5258.39
65536                9279.56
131072              15592.54
262144              23502.57
524288              32026.59
1048576            135560.04
2097152            240974.00
4194304            356609.19
