Found EESSI repo @ /cvmfs/software.eessi.io/versions/2025.06!
archdetect says x86_64/amd/zen3
archdetect could not detect any accelerators
Using x86_64/amd/zen3 as software subdirectory.
Found Lmod configuration file at /cvmfs/software.eessi.io/versions/2025.06/software/linux/x86_64/amd/zen3/.lmod/lmodrc.lua
Found Lmod SitePackage.lua file at /cvmfs/software.eessi.io/versions/2025.06/software/linux/x86_64/amd/zen3/.lmod/SitePackage.lua
Using /cvmfs/software.eessi.io/host_injections/2025.06/software/linux/x86_64/amd/zen3 as the site extension directory for installations.
Using  as the site extension directory for accelerated installations.
Using /cvmfs/software.eessi.io/versions/2025.06/software/linux/x86_64/amd/zen3/modules/all as the directory to be added to MODULEPATH.
Using /cvmfs/software.eessi.io/host_injections/2025.06/software/linux/x86_64/amd/zen3/modules/all as the site extension directory to be added to MODULEPATH.
Initializing Lmod...
Prepending /cvmfs/software.eessi.io/versions/2025.06/software/linux/x86_64/amd/zen3/modules/all to $MODULEPATH...
Prepending site path /cvmfs/software.eessi.io/host_injections/2025.06/software/linux/x86_64/amd/zen3/modules/all to $MODULEPATH...
Environment set up to use EESSI (2025.06), have fun!
-- Using /tmp/$USER as a temporary working directory for installations, you can
override this by setting the environment variable WORKING_DIR and reloading the
module (e.g., /dev/shm is a common option) 
Configuring for use of EESSI_USER_INSTALL under /users/joglekar/eessi
-- To create installations for EESSI, you _must_ have write permissions to
/users/joglekar/eessi/versions/2025.06/software/linux/x86_64/amd/zen3 
-- You may wish to configure a sources directory for EasyBuild (for example,
via setting the environment variable EASYBUILD_SOURCEPATH) to allow you to
reuse existing sources for packages. 

The following have been reloaded with a version change:
  1) libfabric/1.22.0 => libfabric/2.0.0-GCCcore-14.2.0
  2) xpmem/2.11.5-1.3_g73ade43320bc => xpmem/2.7.4-GCCcore-14.2.0

================================================================
Loaded environment:
  ucx_info:    /users/joglekar/eessi/versions/2025.06/software/linux/x86_64/amd/zen3/software/UCX-ROCm/1.18.0-rocm-compilers-19.0.0-ROCm-6.4.1/bin/ucx_info
  mpirun:      /users/joglekar/eessi/versions/2025.06/software/linux/x86_64/amd/zen3/software/OpenMPI/5.0.7-rocm-compilers-19.0.0-ROCm-6.4.1/bin/mpirun
  OSU prefix:  /users/joglekar/eessi/versions/2025.06/software/linux/x86_64/amd/zen3/software/OSU-Micro-Benchmarks/7.5-rompi-2025a
  Hostname:    nid007955
  Date:        Thu May 14 18:35:47 EEST 2026
================================================================
OK: ucx_info reports ROCm support compiled in


################################################################
# CONFIG: A_baseline_default_alg  devices=0,1,2,3,4,5  extra: 
################################################################

################################################################
# CONFIG: B_force_knomial  devices=0,1,2,3,4,5  extra: UCC_TL_UCP_TUNE=allreduce:0-inf:@knomial
################################################################

################################################################
# CONFIG: C_force_ring  devices=0,1,2,3,4,5  extra: UCC_TL_UCP_TUNE=allreduce:0-inf:@ring
################################################################

################################################################
# CONFIG: D_force_sra_knomial  devices=0,1,2,3,4,5  extra: UCC_TL_UCP_TUNE=allreduce:0-inf:@sra_knomial
################################################################

################################################################
# CONFIG: E_alt_gcds  devices=0,1,4,5,6,7  cpu_mask=49,57,1,9,33,41
################################################################

================================================================
SUMMARY
================================================================
# allreduce N=6 1MiB cliff diagnostic — Thu May 14 18:35:48 EEST 2026

A_baseline_default_alg                        512KiB=  130.09 us   1MiB=  635.09 us
B_force_knomial                               512KiB=  152.34 us   1MiB=  353.68 us
C_force_ring                                  512KiB=  135.40 us   1MiB=  625.30 us
D_force_sra_knomial                           512KiB=  105.88 us   1MiB=  613.31 us
E_alt_gcds_0,1,4,5,6,7                        512KiB=  119.46 us   1MiB=  634.20 us

Full log: results/osu_allreduce_n6_cliff_18631605.log
================================================================
