Using OSU collective binaries from: /users/joglekar/eessi/versions/2025.06/software/linux/x86_64/amd/zen3/software/OSU-Micro-Benchmarks/7.5-rompi-2025a/libexec/osu-micro-benchmarks/mpi/collective

################################################################
# osu_alltoall  N=2 GCDs   devices=0,1   cpu_mask=49,57
################################################################
  [run 1/6] warm-up starting
  [run 2/6] recording

# OSU MPI-ROCM All-to-All Personalized Exchange Latency Test v7.5
# Datatype: MPI_CHAR.
# Size       Avg Latency(us)
1                      11.63
2                      11.96
4                      12.28
8                      12.59
16                     11.45
32                     11.34
64                     11.16
128                    11.14
256                    11.22
512                    16.19
1024                   17.18
2048                   17.18
4096                   30.64
8192                   32.35
16384                  32.23
32768                  33.37
65536                  33.61
131072                 33.95
262144                 34.12
524288                 36.98
1048576                43.40
  [run 3/6] recording

# OSU MPI-ROCM All-to-All Personalized Exchange Latency Test v7.5
# Datatype: MPI_CHAR.
# Size       Avg Latency(us)
1                      11.85
2                      12.10
4                      12.42
8                      12.71
16                     11.63
32                     11.54
64                     11.29
128                    11.21
256                    11.36
512                    16.28
1024                   17.17
2048                   17.31
4096                   30.50
8192                   32.26
16384                  32.13
32768                  33.90
65536                  34.19
131072                 34.51
262144                 33.67
524288                 36.66
1048576                41.79
  [run 4/6] recording

# OSU MPI-ROCM All-to-All Personalized Exchange Latency Test v7.5
# Datatype: MPI_CHAR.
# Size       Avg Latency(us)
1                      12.05
2                      12.05
4                      12.43
8                      12.68
16                     11.53
32                     11.52
64                     11.24
128                    11.40
256                    11.40
512                    16.41
1024                   17.28
2048                   17.37
4096                   30.54
8192                   32.25
16384                  32.37
32768                  33.29
65536                  33.59
131072                 33.90
262144                 34.11
524288                 37.00
1048576                42.18
  [run 5/6] recording

# OSU MPI-ROCM All-to-All Personalized Exchange Latency Test v7.5
# Datatype: MPI_CHAR.
# Size       Avg Latency(us)
1                      12.06
2                      12.01
4                      12.18
8                      12.72
16                     11.55
32                     11.60
64                     11.52
128                    11.58
256                    11.55
512                    16.40
1024                   16.72
2048                   17.22
4096                   30.73
8192                   31.96
16384                  31.91
32768                  33.07
65536                  33.51
131072                 33.89
262144                 33.83
524288                 36.01
1048576                41.86
  [run 6/6] recording

# OSU MPI-ROCM All-to-All Personalized Exchange Latency Test v7.5
# Datatype: MPI_CHAR.
# Size       Avg Latency(us)
1                      11.65
2                      12.01
4                      12.27
8                      12.37
16                     11.54
32                     11.38
64                     11.14
128                    11.15
256                    11.18
512                    16.27
1024                   17.12
2048                   17.10
4096                   30.38
8192                   32.08
16384                  32.54
32768                  33.03
65536                  33.30
131072                 33.69
262144                 33.78
524288                 36.73
1048576                42.02

################################################################
# osu_alltoall  N=4 GCDs   devices=0,1,2,3   cpu_mask=49,57,17,25
################################################################
  [run 1/6] warm-up starting
  [run 2/6] recording

# OSU MPI-ROCM All-to-All Personalized Exchange Latency Test v7.5
# Datatype: MPI_CHAR.
# Size       Avg Latency(us)
1                      16.32
2                      16.51
4                      16.07
8                      17.48
16                     15.05
32                     15.02
64                     14.91
128                    26.41
256                    26.27
512                    26.01
1024                   26.03
2048                   26.54
4096                   41.80
8192                   42.18
16384                  41.81
32768                  42.20
65536                  43.43
131072                 45.21
262144                 51.48
524288                 99.03
1048576               103.01
  [run 3/6] recording

# OSU MPI-ROCM All-to-All Personalized Exchange Latency Test v7.5
# Datatype: MPI_CHAR.
# Size       Avg Latency(us)
1                      16.05
2                      16.10
4                      15.99
8                      17.35
16                     14.88
32                     14.88
64                     14.60
128                    25.51
256                    25.85
512                    25.94
1024                   26.16
2048                   26.35
4096                   41.13
8192                   41.46
16384                  42.79
32768                  46.42
65536                  43.08
131072                 44.02
262144                 50.45
524288                 95.25
1048576               101.48
  [run 4/6] recording

# OSU MPI-ROCM All-to-All Personalized Exchange Latency Test v7.5
# Datatype: MPI_CHAR.
# Size       Avg Latency(us)
1                      16.39
2                      16.28
4                      15.78
8                      17.14
16                     14.65
32                     14.72
64                     14.64
128                    26.01
256                    26.03
512                    25.81
1024                   26.05
2048                   26.48
4096                   41.65
8192                   42.70
16384                  42.05
32768                  43.31
65536                  43.88
131072                 44.43
262144                 52.13
524288                 93.37
1048576               101.61
  [run 5/6] recording

# OSU MPI-ROCM All-to-All Personalized Exchange Latency Test v7.5
# Datatype: MPI_CHAR.
# Size       Avg Latency(us)
1                      16.26
2                      16.28
4                      15.74
8                      17.26
16                     14.68
32                     14.78
64                     14.56
128                    25.77
256                    25.67
512                    25.53
1024                   25.54
2048                   25.91
4096                   38.72
8192                   42.14
16384                  41.62
32768                  42.21
65536                  44.13
131072                 45.17
262144                 50.66
524288                 86.88
1048576               100.83
  [run 6/6] recording

# OSU MPI-ROCM All-to-All Personalized Exchange Latency Test v7.5
# Datatype: MPI_CHAR.
# Size       Avg Latency(us)
1                      16.20
2                      16.31
4                      15.92
8                      17.31
16                     14.95
32                     14.89
64                     14.72
128                    26.04
256                    25.91
512                    25.65
1024                   25.95
2048                   26.26
4096                   40.08
8192                   41.07
16384                  40.17
32768                  41.41
65536                  42.53
131072                 46.31
262144                 54.21
524288                 86.81
1048576               104.45

################################################################
# osu_alltoall  N=6 GCDs   devices=0,1,2,3,4,5   cpu_mask=49,57,17,25,1,9
################################################################
  [run 1/6] warm-up starting
  [run 2/6] recording

# OSU MPI-ROCM All-to-All Personalized Exchange Latency Test v7.5
# Datatype: MPI_CHAR.
# Size       Avg Latency(us)
1                      21.11
2                      19.32
4                      19.49
8                      20.35
16                     18.92
32                     18.97
64                     18.78
128                    35.54
256                    35.44
512                    35.63
1024                   35.77
2048                   36.38
4096                   62.71
8192                   64.82
16384                  64.23
32768                  64.60
65536                  64.92
131072                 67.03
262144                 69.42
524288                180.80
1048576               179.49
  [run 3/6] recording

# OSU MPI-ROCM All-to-All Personalized Exchange Latency Test v7.5
# Datatype: MPI_CHAR.
# Size       Avg Latency(us)
1                      20.90
2                      19.23
4                      19.29
8                      19.67
16                     18.86
32                     18.82
64                     18.60
128                    37.03
256                    36.97
512                    37.13
1024                   37.00
2048                   37.65
4096                   70.64
8192                   74.93
16384                  74.03
32768                  74.11
65536                  77.05
131072                 75.52
262144                 79.85
524288                177.83
1048576               160.03
  [run 4/6] recording

# OSU MPI-ROCM All-to-All Personalized Exchange Latency Test v7.5
# Datatype: MPI_CHAR.
# Size       Avg Latency(us)
1                      20.00
2                      18.27
4                      18.73
8                      19.46
16                     17.98
32                     17.72
64                     17.37
128                    37.02
256                    37.21
512                    37.34
1024                   37.59
2048                   37.84
4096                   68.43
8192                   72.98
16384                  72.53
32768                  71.97
65536                  75.23
131072                 74.95
262144                 81.44
524288                195.47
1048576               156.95
  [run 5/6] recording

# OSU MPI-ROCM All-to-All Personalized Exchange Latency Test v7.5
# Datatype: MPI_CHAR.
# Size       Avg Latency(us)
1                      19.73
2                      18.29
4                      18.65
8                      19.36
16                     17.42
32                     17.47
64                     17.68
128                    37.39
256                    37.32
512                    37.47
1024                   37.83
2048                   38.01
4096                   58.21
8192                   63.13
16384                  65.03
32768                  65.12
65536                  65.81
131072                 69.47
262144                 76.96
524288                195.96
1048576               163.89
  [run 6/6] recording

# OSU MPI-ROCM All-to-All Personalized Exchange Latency Test v7.5
# Datatype: MPI_CHAR.
# Size       Avg Latency(us)
1                      20.34
2                      18.46
4                      18.60
8                      19.66
16                     18.16
32                     18.14
64                     17.86
128                    37.13
256                    37.07
512                    37.16
1024                   37.40
2048                   37.72
4096                   70.46
8192                   73.90
16384                  72.39
32768                  73.86
65536                  73.68
131072                 69.95
262144                 71.68
524288                221.93
1048576               166.23

################################################################
# osu_alltoall  N=8 GCDs   devices=0,1,2,3,4,5,6,7   cpu_mask=49,57,17,25,1,9,33,41
################################################################
  [run 1/6] warm-up starting
  [run 2/6] recording

# OSU MPI-ROCM All-to-All Personalized Exchange Latency Test v7.5
# Datatype: MPI_CHAR.
# Size       Avg Latency(us)
1                      24.10
2                      22.36
4                      22.41
8                      23.22
16                     22.32
32                     22.05
64                     22.06
128                    46.76
256                    46.33
512                    46.52
1024                   47.09
2048                   47.35
4096                   87.30
8192                   86.49
16384                  87.33
32768                  86.45
65536                  83.35
131072                 82.86
262144                 98.83
524288                126.95
1048576               203.99
  [run 3/6] recording

# OSU MPI-ROCM All-to-All Personalized Exchange Latency Test v7.5
# Datatype: MPI_CHAR.
# Size       Avg Latency(us)
1                      24.43
2                      22.45
4                      22.57
8                      23.52
16                     22.20
32                     22.18
64                     22.23
128                    47.25
256                    46.72
512                    47.19
1024                   47.02
2048                   47.45
4096                   79.95
8192                   82.94
16384                  82.83
32768                  84.43
65536                  86.00
131072                 88.88
262144                 99.20
524288                134.94
1048576               226.12
  [run 4/6] recording

# OSU MPI-ROCM All-to-All Personalized Exchange Latency Test v7.5
# Datatype: MPI_CHAR.
# Size       Avg Latency(us)
1                      23.98
2                      22.27
4                      22.33
8                      23.24
16                     22.02
32                     22.00
64                     22.01
128                    47.25
256                    46.51
512                    46.94
1024                   47.68
2048                   47.13
4096                   81.30
8192                   83.58
16384                  83.74
32768                  84.03
65536                  83.89
131072                 85.01
262144                 92.64
524288                131.46
1048576               245.49
  [run 5/6] recording

# OSU MPI-ROCM All-to-All Personalized Exchange Latency Test v7.5
# Datatype: MPI_CHAR.
# Size       Avg Latency(us)
1                      24.21
2                      22.41
4                      22.50
8                      23.46
16                     22.11
32                     22.07
64                     22.17
128                    46.85
256                    47.28
512                    48.31
1024                   48.06
2048                   48.46
4096                   77.91
8192                   79.20
16384                  78.08
32768                  78.51
65536                  79.92
131072                 82.67
262144                 98.10
524288                136.92
1048576               259.02
  [run 6/6] recording

# OSU MPI-ROCM All-to-All Personalized Exchange Latency Test v7.5
# Datatype: MPI_CHAR.
# Size       Avg Latency(us)
1                      24.17
2                      22.47
4                      22.53
8                      23.37
16                     22.07
32                     22.03
64                     22.06
128                    44.74
256                    44.11
512                    44.39
1024                   44.56
2048                   45.07
4096                   76.04
8192                   77.71
16384                  78.41
32768                  79.02
65536                  81.10
131072                 85.27
262144                 98.80
524288                136.56
1048576               213.50
