################# NATIVE STACK #################

Lmod is automatically replacing "craype-x86-rome" with "craype-x86-trento".


Lmod is automatically replacing "cce/19.0.0" with "amd/6.3.4".


Lmod is automatically replacing "PrgEnv-cray/8.6.0" with "PrgEnv-amd/8.6.0".


Due to MODULEPATH changes, the following have been reloaded:
  1) cray-libsci/25.03.0     2) cray-mpich/8.1.32

[setup_native] srun=/usr/bin/srun  gmx_mpi=/users/joglekar/EasyBuild/SW/LUMI-25.03/G/GROMACS/2025.1-cpeAMD-25.03-VkFFT-rocm/bin/gmx_mpi

################################################################
# [native] crambin  run 1/7  WARM-UP (discarded)  @ 2026-05-15T23:29:28+03:00
################################################################
                      :-) GROMACS - gmx mdrun, 2025.1 (-:

Executable:   /users/joglekar/EasyBuild/SW/LUMI-25.03/G/GROMACS/2025.1-cpeAMD-25.03-VkFFT-rocm/bin/gmx_mpi
Data prefix:  /users/joglekar/EasyBuild/SW/LUMI-25.03/G/GROMACS/2025.1-cpeAMD-25.03-VkFFT-rocm
Working dir:  /pfs/lustrep2/users/joglekar/code/thesis-benchmarks/6_gromacs
Command line:
  gmx_mpi mdrun -s /users/joglekar/code/thesis-benchmarks/6_gromacs/GROMACS_Benchmark_Suite/HECBioSim/Crambin/benchmark.tpr -deffnm /users/joglekar/code/thesis-benchmarks/6_gromacs/results/gromacs_crambin_native_18658570_work/run1 -nb gpu -pme gpu -update gpu -bonded gpu -nsteps 100000 -resethway -noconfout -npme 1

Reading file /users/joglekar/code/thesis-benchmarks/6_gromacs/GROMACS_Benchmark_Suite/HECBioSim/Crambin/benchmark.tpr, VERSION 5.1.4 (single precision)
Note: file tpx version 103, software tpx version 137
Overriding nsteps with value passed on the command line: 100000 steps, 200 ps
Changing nstlist from 10 to 100, rlist from 1.2 to 1.347


This run has forced use of 'GPU-aware MPI'. However, GROMACS cannot determine if underlying MPI is GPU-aware. Check the GROMACS install guide for recommendations for GPU-aware support. If you observe failures at runtime, try unsetting the GMX_FORCE_GPU_AWARE_MPI environment variable.

On host nid007956 1 GPU selected for this run.
Mapping of GPU IDs to the 8 GPU tasks in the 8 ranks on this node:
  PP:0,PP:0,PP:0,PP:0,PP:0,PP:0,PP:0,PME:0
PP tasks will do (non-perturbed) short-ranged and most bonded interactions on the GPU
PP task will update and constrain coordinates on the GPU
PME tasks will do all aspects on the GPU
GPU direct communication will be used between MPI ranks.
Using 8 MPI processes

Non-default thread affinity set, disabling internal thread affinity

Using 7 OpenMP threads per MPI process

starting mdrun 'Great Red Owns Many ACres of Sand'
100000 steps,    200.0 ps.

step 50000: resetting all time and cycle counters


Dynamic load balancing report:
 DLB got disabled because it was unsuitable to use.
 Average load imbalance: 9.4%.
 The balanceable part of the MD step is 75%, load imbalance is computed from this.
 Part of the total run time spent waiting due to load imbalance: 7.0%.
 Average PME mesh/force load: 0.520
 Part of the total run time spent waiting due to PP/PME imbalance: 2.2 %

NOTE: 7.0 % of the available CPU time was lost due to load imbalance
      in the domain decomposition.
      You can consider manually changing the decomposition (option -dd);
      e.g. by using fewer domains along the box dimension in which there is
      considerable inhomogeneity in the simulated system.

               Core t (s)   Wall t (s)        (%)
       Time:     1170.451       21.034     5564.6
                 (ns/day)    (hour/ns)
Performance:      410.773        0.058

GROMACS reminds you: "Though the path of the comet is sure, it's constitution is not" (Peter Hammill)

  [run 1] elapsed 98s

################################################################
# [native] crambin  run 2/7  recorded 1/6  @ 2026-05-15T23:31:06+03:00
################################################################
                      :-) GROMACS - gmx mdrun, 2025.1 (-:

Executable:   /users/joglekar/EasyBuild/SW/LUMI-25.03/G/GROMACS/2025.1-cpeAMD-25.03-VkFFT-rocm/bin/gmx_mpi
Data prefix:  /users/joglekar/EasyBuild/SW/LUMI-25.03/G/GROMACS/2025.1-cpeAMD-25.03-VkFFT-rocm
Working dir:  /pfs/lustrep2/users/joglekar/code/thesis-benchmarks/6_gromacs
Command line:
  gmx_mpi mdrun -s /users/joglekar/code/thesis-benchmarks/6_gromacs/GROMACS_Benchmark_Suite/HECBioSim/Crambin/benchmark.tpr -deffnm /users/joglekar/code/thesis-benchmarks/6_gromacs/results/gromacs_crambin_native_18658570_work/run2 -nb gpu -pme gpu -update gpu -bonded gpu -nsteps 100000 -resethway -noconfout -npme 1

Reading file /users/joglekar/code/thesis-benchmarks/6_gromacs/GROMACS_Benchmark_Suite/HECBioSim/Crambin/benchmark.tpr, VERSION 5.1.4 (single precision)
Note: file tpx version 103, software tpx version 137
Overriding nsteps with value passed on the command line: 100000 steps, 200 ps
Changing nstlist from 10 to 100, rlist from 1.2 to 1.347


This run has forced use of 'GPU-aware MPI'. However, GROMACS cannot determine if underlying MPI is GPU-aware. Check the GROMACS install guide for recommendations for GPU-aware support. If you observe failures at runtime, try unsetting the GMX_FORCE_GPU_AWARE_MPI environment variable.

On host nid007956 1 GPU selected for this run.
Mapping of GPU IDs to the 8 GPU tasks in the 8 ranks on this node:
  PP:0,PP:0,PP:0,PP:0,PP:0,PP:0,PP:0,PME:0
PP tasks will do (non-perturbed) short-ranged and most bonded interactions on the GPU
PP task will update and constrain coordinates on the GPU
PME tasks will do all aspects on the GPU
GPU direct communication will be used between MPI ranks.
Using 8 MPI processes

Non-default thread affinity set, disabling internal thread affinity

Using 7 OpenMP threads per MPI process

starting mdrun 'Great Red Owns Many ACres of Sand'
100000 steps,    200.0 ps.

step 50000: resetting all time and cycle counters


Dynamic load balancing report:
 DLB got disabled because it was unsuitable to use.
 Average load imbalance: 9.6%.
 The balanceable part of the MD step is 75%, load imbalance is computed from this.
 Part of the total run time spent waiting due to load imbalance: 7.2%.
 Average PME mesh/force load: 0.509
 Part of the total run time spent waiting due to PP/PME imbalance: 2.3 %

NOTE: 7.2 % of the available CPU time was lost due to load imbalance
      in the domain decomposition.
      You can consider manually changing the decomposition (option -dd);
      e.g. by using fewer domains along the box dimension in which there is
      considerable inhomogeneity in the simulated system.

               Core t (s)   Wall t (s)        (%)
       Time:     1163.792       20.918     5563.7
                 (ns/day)    (hour/ns)
Performance:      413.057        0.058

GROMACS reminds you: "Academe, n.: An ancient school where morality and philosophy were taught. Academy, n.: A modern school where football is taught." (Ambrose Bierce)

  [run 2] elapsed 96s

################################################################
# [native] crambin  run 3/7  recorded 2/6  @ 2026-05-15T23:32:42+03:00
################################################################
                      :-) GROMACS - gmx mdrun, 2025.1 (-:

Executable:   /users/joglekar/EasyBuild/SW/LUMI-25.03/G/GROMACS/2025.1-cpeAMD-25.03-VkFFT-rocm/bin/gmx_mpi
Data prefix:  /users/joglekar/EasyBuild/SW/LUMI-25.03/G/GROMACS/2025.1-cpeAMD-25.03-VkFFT-rocm
Working dir:  /pfs/lustrep2/users/joglekar/code/thesis-benchmarks/6_gromacs
Command line:
  gmx_mpi mdrun -s /users/joglekar/code/thesis-benchmarks/6_gromacs/GROMACS_Benchmark_Suite/HECBioSim/Crambin/benchmark.tpr -deffnm /users/joglekar/code/thesis-benchmarks/6_gromacs/results/gromacs_crambin_native_18658570_work/run3 -nb gpu -pme gpu -update gpu -bonded gpu -nsteps 100000 -resethway -noconfout -npme 1

Reading file /users/joglekar/code/thesis-benchmarks/6_gromacs/GROMACS_Benchmark_Suite/HECBioSim/Crambin/benchmark.tpr, VERSION 5.1.4 (single precision)
Note: file tpx version 103, software tpx version 137
Overriding nsteps with value passed on the command line: 100000 steps, 200 ps
Changing nstlist from 10 to 100, rlist from 1.2 to 1.347


This run has forced use of 'GPU-aware MPI'. However, GROMACS cannot determine if underlying MPI is GPU-aware. Check the GROMACS install guide for recommendations for GPU-aware support. If you observe failures at runtime, try unsetting the GMX_FORCE_GPU_AWARE_MPI environment variable.

On host nid007956 1 GPU selected for this run.
Mapping of GPU IDs to the 8 GPU tasks in the 8 ranks on this node:
  PP:0,PP:0,PP:0,PP:0,PP:0,PP:0,PP:0,PME:0
PP tasks will do (non-perturbed) short-ranged and most bonded interactions on the GPU
PP task will update and constrain coordinates on the GPU
PME tasks will do all aspects on the GPU
GPU direct communication will be used between MPI ranks.
Using 8 MPI processes

Non-default thread affinity set, disabling internal thread affinity

Using 7 OpenMP threads per MPI process

starting mdrun 'Great Red Owns Many ACres of Sand'
100000 steps,    200.0 ps.

step 50000: resetting all time and cycle counters


Dynamic load balancing report:
 DLB got disabled because it was unsuitable to use.
 Average load imbalance: 7.5%.
 The balanceable part of the MD step is 75%, load imbalance is computed from this.
 Part of the total run time spent waiting due to load imbalance: 5.7%.
 Average PME mesh/force load: 0.537
 Part of the total run time spent waiting due to PP/PME imbalance: 2.0 %

NOTE: 5.7 % of the available CPU time was lost due to load imbalance
      in the domain decomposition.
      You can consider manually changing the decomposition (option -dd);
      e.g. by using fewer domains along the box dimension in which there is
      considerable inhomogeneity in the simulated system.

               Core t (s)   Wall t (s)        (%)
       Time:     1161.024       20.870     5563.2
                 (ns/day)    (hour/ns)
Performance:      414.003        0.058

GROMACS reminds you: "Lets get back to beer" (Yuxuan Zhuang, in a discussion about science communication)

  [run 3] elapsed 97s

################################################################
# [native] crambin  run 4/7  recorded 3/6  @ 2026-05-15T23:34:19+03:00
################################################################
                      :-) GROMACS - gmx mdrun, 2025.1 (-:

Executable:   /users/joglekar/EasyBuild/SW/LUMI-25.03/G/GROMACS/2025.1-cpeAMD-25.03-VkFFT-rocm/bin/gmx_mpi
Data prefix:  /users/joglekar/EasyBuild/SW/LUMI-25.03/G/GROMACS/2025.1-cpeAMD-25.03-VkFFT-rocm
Working dir:  /pfs/lustrep2/users/joglekar/code/thesis-benchmarks/6_gromacs
Command line:
  gmx_mpi mdrun -s /users/joglekar/code/thesis-benchmarks/6_gromacs/GROMACS_Benchmark_Suite/HECBioSim/Crambin/benchmark.tpr -deffnm /users/joglekar/code/thesis-benchmarks/6_gromacs/results/gromacs_crambin_native_18658570_work/run4 -nb gpu -pme gpu -update gpu -bonded gpu -nsteps 100000 -resethway -noconfout -npme 1

Reading file /users/joglekar/code/thesis-benchmarks/6_gromacs/GROMACS_Benchmark_Suite/HECBioSim/Crambin/benchmark.tpr, VERSION 5.1.4 (single precision)
Note: file tpx version 103, software tpx version 137
Overriding nsteps with value passed on the command line: 100000 steps, 200 ps
Changing nstlist from 10 to 100, rlist from 1.2 to 1.347


This run has forced use of 'GPU-aware MPI'. However, GROMACS cannot determine if underlying MPI is GPU-aware. Check the GROMACS install guide for recommendations for GPU-aware support. If you observe failures at runtime, try unsetting the GMX_FORCE_GPU_AWARE_MPI environment variable.

On host nid007956 1 GPU selected for this run.
Mapping of GPU IDs to the 8 GPU tasks in the 8 ranks on this node:
  PP:0,PP:0,PP:0,PP:0,PP:0,PP:0,PP:0,PME:0
PP tasks will do (non-perturbed) short-ranged and most bonded interactions on the GPU
PP task will update and constrain coordinates on the GPU
PME tasks will do all aspects on the GPU
GPU direct communication will be used between MPI ranks.
Using 8 MPI processes

Non-default thread affinity set, disabling internal thread affinity

Using 7 OpenMP threads per MPI process

starting mdrun 'Great Red Owns Many ACres of Sand'
100000 steps,    200.0 ps.

step 50000: resetting all time and cycle counters


Dynamic load balancing report:
 DLB got disabled because it was unsuitable to use.
 Average load imbalance: 11.8%.
 The balanceable part of the MD step is 74%, load imbalance is computed from this.
 Part of the total run time spent waiting due to load imbalance: 8.8%.
 Average PME mesh/force load: 0.469
 Part of the total run time spent waiting due to PP/PME imbalance: 2.6 %

NOTE: 8.8 % of the available CPU time was lost due to load imbalance
      in the domain decomposition.
      You can consider manually changing the decomposition (option -dd);
      e.g. by using fewer domains along the box dimension in which there is
      considerable inhomogeneity in the simulated system.

               Core t (s)   Wall t (s)        (%)
       Time:     1257.167       22.586     5566.1
                 (ns/day)    (hour/ns)
Performance:      382.546        0.063

GROMACS reminds you: "Ich war schwanger, mir gings zum kotzen" (Nina Hagen)

  [run 4] elapsed 99s

################################################################
# [native] crambin  run 5/7  recorded 4/6  @ 2026-05-15T23:35:58+03:00
################################################################
srun: Step created for StepId=18658570.4
                      :-) GROMACS - gmx mdrun, 2025.1 (-:

Executable:   /users/joglekar/EasyBuild/SW/LUMI-25.03/G/GROMACS/2025.1-cpeAMD-25.03-VkFFT-rocm/bin/gmx_mpi
Data prefix:  /users/joglekar/EasyBuild/SW/LUMI-25.03/G/GROMACS/2025.1-cpeAMD-25.03-VkFFT-rocm
Working dir:  /pfs/lustrep2/users/joglekar/code/thesis-benchmarks/6_gromacs
Command line:
  gmx_mpi mdrun -s /users/joglekar/code/thesis-benchmarks/6_gromacs/GROMACS_Benchmark_Suite/HECBioSim/Crambin/benchmark.tpr -deffnm /users/joglekar/code/thesis-benchmarks/6_gromacs/results/gromacs_crambin_native_18658570_work/run5 -nb gpu -pme gpu -update gpu -bonded gpu -nsteps 100000 -resethway -noconfout -npme 1

Reading file /users/joglekar/code/thesis-benchmarks/6_gromacs/GROMACS_Benchmark_Suite/HECBioSim/Crambin/benchmark.tpr, VERSION 5.1.4 (single precision)
Note: file tpx version 103, software tpx version 137
Overriding nsteps with value passed on the command line: 100000 steps, 200 ps
Changing nstlist from 10 to 100, rlist from 1.2 to 1.347


This run has forced use of 'GPU-aware MPI'. However, GROMACS cannot determine if underlying MPI is GPU-aware. Check the GROMACS install guide for recommendations for GPU-aware support. If you observe failures at runtime, try unsetting the GMX_FORCE_GPU_AWARE_MPI environment variable.

On host nid007956 1 GPU selected for this run.
Mapping of GPU IDs to the 8 GPU tasks in the 8 ranks on this node:
  PP:0,PP:0,PP:0,PP:0,PP:0,PP:0,PP:0,PME:0
PP tasks will do (non-perturbed) short-ranged and most bonded interactions on the GPU
PP task will update and constrain coordinates on the GPU
PME tasks will do all aspects on the GPU
GPU direct communication will be used between MPI ranks.
Using 8 MPI processes

Non-default thread affinity set, disabling internal thread affinity

Using 7 OpenMP threads per MPI process

starting mdrun 'Great Red Owns Many ACres of Sand'
100000 steps,    200.0 ps.

step 50000: resetting all time and cycle counters


Dynamic load balancing report:
 DLB got disabled because it was unsuitable to use.
 Average load imbalance: 6.9%.
 The balanceable part of the MD step is 75%, load imbalance is computed from this.
 Part of the total run time spent waiting due to load imbalance: 5.2%.
 Average PME mesh/force load: 0.531
 Part of the total run time spent waiting due to PP/PME imbalance: 2.0 %

NOTE: 5.2 % of the available CPU time was lost due to load imbalance
      in the domain decomposition.
      You can consider manually changing the decomposition (option -dd);
      e.g. by using fewer domains along the box dimension in which there is
      considerable inhomogeneity in the simulated system.

               Core t (s)   Wall t (s)        (%)
       Time:     1175.513       21.128     5563.9
                 (ns/day)    (hour/ns)
Performance:      408.951        0.059

GROMACS reminds you: "Never, I said never, compare with experiment" (Magnus Bergh)

  [run 5] elapsed 97s

################################################################
# [native] crambin  run 6/7  recorded 5/6  @ 2026-05-15T23:37:35+03:00
################################################################
                      :-) GROMACS - gmx mdrun, 2025.1 (-:

Executable:   /users/joglekar/EasyBuild/SW/LUMI-25.03/G/GROMACS/2025.1-cpeAMD-25.03-VkFFT-rocm/bin/gmx_mpi
Data prefix:  /users/joglekar/EasyBuild/SW/LUMI-25.03/G/GROMACS/2025.1-cpeAMD-25.03-VkFFT-rocm
Working dir:  /pfs/lustrep2/users/joglekar/code/thesis-benchmarks/6_gromacs
Command line:
  gmx_mpi mdrun -s /users/joglekar/code/thesis-benchmarks/6_gromacs/GROMACS_Benchmark_Suite/HECBioSim/Crambin/benchmark.tpr -deffnm /users/joglekar/code/thesis-benchmarks/6_gromacs/results/gromacs_crambin_native_18658570_work/run6 -nb gpu -pme gpu -update gpu -bonded gpu -nsteps 100000 -resethway -noconfout -npme 1

Reading file /users/joglekar/code/thesis-benchmarks/6_gromacs/GROMACS_Benchmark_Suite/HECBioSim/Crambin/benchmark.tpr, VERSION 5.1.4 (single precision)
Note: file tpx version 103, software tpx version 137
Overriding nsteps with value passed on the command line: 100000 steps, 200 ps
Changing nstlist from 10 to 100, rlist from 1.2 to 1.347


This run has forced use of 'GPU-aware MPI'. However, GROMACS cannot determine if underlying MPI is GPU-aware. Check the GROMACS install guide for recommendations for GPU-aware support. If you observe failures at runtime, try unsetting the GMX_FORCE_GPU_AWARE_MPI environment variable.

On host nid007956 1 GPU selected for this run.
Mapping of GPU IDs to the 8 GPU tasks in the 8 ranks on this node:
  PP:0,PP:0,PP:0,PP:0,PP:0,PP:0,PP:0,PME:0
PP tasks will do (non-perturbed) short-ranged and most bonded interactions on the GPU
PP task will update and constrain coordinates on the GPU
PME tasks will do all aspects on the GPU
GPU direct communication will be used between MPI ranks.
Using 8 MPI processes

Non-default thread affinity set, disabling internal thread affinity

Using 7 OpenMP threads per MPI process

starting mdrun 'Great Red Owns Many ACres of Sand'
100000 steps,    200.0 ps.

step 50000: resetting all time and cycle counters


Dynamic load balancing report:
 DLB got disabled because it was unsuitable to use.
 Average load imbalance: 9.4%.
 The balanceable part of the MD step is 75%, load imbalance is computed from this.
 Part of the total run time spent waiting due to load imbalance: 7.0%.
 Average PME mesh/force load: 0.501
 Part of the total run time spent waiting due to PP/PME imbalance: 2.3 %

NOTE: 7.0 % of the available CPU time was lost due to load imbalance
      in the domain decomposition.
      You can consider manually changing the decomposition (option -dd);
      e.g. by using fewer domains along the box dimension in which there is
      considerable inhomogeneity in the simulated system.

               Core t (s)   Wall t (s)        (%)
       Time:     1206.017       21.672     5564.9
                 (ns/day)    (hour/ns)
Performance:      398.681        0.060

GROMACS reminds you: "I Calculate My Birthright" (P.J. Harvey)

  [run 6] elapsed 98s

################################################################
# [native] crambin  run 7/7  recorded 6/6  @ 2026-05-15T23:39:13+03:00
################################################################
                      :-) GROMACS - gmx mdrun, 2025.1 (-:

Executable:   /users/joglekar/EasyBuild/SW/LUMI-25.03/G/GROMACS/2025.1-cpeAMD-25.03-VkFFT-rocm/bin/gmx_mpi
Data prefix:  /users/joglekar/EasyBuild/SW/LUMI-25.03/G/GROMACS/2025.1-cpeAMD-25.03-VkFFT-rocm
Working dir:  /pfs/lustrep2/users/joglekar/code/thesis-benchmarks/6_gromacs
Command line:
  gmx_mpi mdrun -s /users/joglekar/code/thesis-benchmarks/6_gromacs/GROMACS_Benchmark_Suite/HECBioSim/Crambin/benchmark.tpr -deffnm /users/joglekar/code/thesis-benchmarks/6_gromacs/results/gromacs_crambin_native_18658570_work/run7 -nb gpu -pme gpu -update gpu -bonded gpu -nsteps 100000 -resethway -noconfout -npme 1

Reading file /users/joglekar/code/thesis-benchmarks/6_gromacs/GROMACS_Benchmark_Suite/HECBioSim/Crambin/benchmark.tpr, VERSION 5.1.4 (single precision)
Note: file tpx version 103, software tpx version 137
Overriding nsteps with value passed on the command line: 100000 steps, 200 ps
Changing nstlist from 10 to 100, rlist from 1.2 to 1.347


This run has forced use of 'GPU-aware MPI'. However, GROMACS cannot determine if underlying MPI is GPU-aware. Check the GROMACS install guide for recommendations for GPU-aware support. If you observe failures at runtime, try unsetting the GMX_FORCE_GPU_AWARE_MPI environment variable.

On host nid007956 1 GPU selected for this run.
Mapping of GPU IDs to the 8 GPU tasks in the 8 ranks on this node:
  PP:0,PP:0,PP:0,PP:0,PP:0,PP:0,PP:0,PME:0
PP tasks will do (non-perturbed) short-ranged and most bonded interactions on the GPU
PP task will update and constrain coordinates on the GPU
PME tasks will do all aspects on the GPU
GPU direct communication will be used between MPI ranks.
Using 8 MPI processes

Non-default thread affinity set, disabling internal thread affinity

Using 7 OpenMP threads per MPI process

starting mdrun 'Great Red Owns Many ACres of Sand'
100000 steps,    200.0 ps.

step 50000: resetting all time and cycle counters


Dynamic load balancing report:
 DLB got disabled because it was unsuitable to use.
 Average load imbalance: 8.9%.
 The balanceable part of the MD step is 75%, load imbalance is computed from this.
 Part of the total run time spent waiting due to load imbalance: 6.7%.
 Average PME mesh/force load: 0.555
 Part of the total run time spent waiting due to PP/PME imbalance: 1.9 %

NOTE: 6.7 % of the available CPU time was lost due to load imbalance
      in the domain decomposition.
      You can consider manually changing the decomposition (option -dd);
      e.g. by using fewer domains along the box dimension in which there is
      considerable inhomogeneity in the simulated system.

               Core t (s)   Wall t (s)        (%)
       Time:     1162.550       20.894     5564.0
                 (ns/day)    (hour/ns)
Performance:      413.521        0.058

GROMACS reminds you: "This Puke Stinks Like Beer" (LIVE)

  [run 7] elapsed 98s

================================================================
ALL RUNS COMPLETE
  CSV : results/gromacs_crambin_native_18658570.csv
  Log : results/gromacs_crambin_native_18658570.log
  Meta: results/gromacs_crambin_native_18658570.meta
  Work: /users/joglekar/code/thesis-benchmarks/6_gromacs/results/gromacs_crambin_native_18658570_work
================================================================
