################# EESSI STACK ##################
Found EESSI repo @ /cvmfs/software.eessi.io/versions/2025.06!
archdetect says x86_64/amd/zen3
archdetect could not detect any accelerators
Using x86_64/amd/zen3 as software subdirectory.
Found Lmod configuration file at /cvmfs/software.eessi.io/versions/2025.06/software/linux/x86_64/amd/zen3/.lmod/lmodrc.lua
Found Lmod SitePackage.lua file at /cvmfs/software.eessi.io/versions/2025.06/software/linux/x86_64/amd/zen3/.lmod/SitePackage.lua
Using /cvmfs/software.eessi.io/host_injections/2025.06/software/linux/x86_64/amd/zen3 as the site extension directory for installations.
Using  as the site extension directory for accelerated installations.
Using /cvmfs/software.eessi.io/versions/2025.06/software/linux/x86_64/amd/zen3/modules/all as the directory to be added to MODULEPATH.
Using /cvmfs/software.eessi.io/host_injections/2025.06/software/linux/x86_64/amd/zen3/modules/all as the site extension directory to be added to MODULEPATH.
Initializing Lmod...
Prepending /cvmfs/software.eessi.io/versions/2025.06/software/linux/x86_64/amd/zen3/modules/all to $MODULEPATH...
Prepending site path /cvmfs/software.eessi.io/host_injections/2025.06/software/linux/x86_64/amd/zen3/modules/all to $MODULEPATH...
Environment set up to use EESSI (2025.06), have fun!
-- Using /tmp/$USER as a temporary working directory for installations, you can
override this by setting the environment variable WORKING_DIR and reloading the
module (e.g., /dev/shm is a common option) 
Configuring for use of EESSI_USER_INSTALL under /users/joglekar/eessi
-- To create installations for EESSI, you _must_ have write permissions to
/users/joglekar/eessi/versions/2025.06/software/linux/x86_64/amd/zen3 
-- You may wish to configure a sources directory for EasyBuild (for example,
via setting the environment variable EASYBUILD_SOURCEPATH) to allow you to
reuse existing sources for packages. 
[setup_eessi] mpirun=/users/joglekar/eessi/versions/2025.06/software/linux/x86_64/amd/zen3/software/OpenMPI/5.0.7-rocm-compilers-19.0.0-ROCm-6.4.1/bin/mpirun  gmx_mpi=/users/joglekar/eessi/versions/2025.06/software/linux/x86_64/amd/zen3/software/GROMACS/2025.1-rfoss-2025a-SYCL/bin/gmx_mpi

################################################################
# [eessi] hEGFRDimerPair  run 1/7  WARM-UP (discarded)  @ 2026-05-15T23:59:36+03:00
################################################################
                      :-) GROMACS - gmx mdrun, 2025.1 (-:

Executable:   /users/joglekar/eessi/versions/2025.06/software/linux/x86_64/amd/zen3/software/GROMACS/2025.1-rfoss-2025a-SYCL/bin/gmx_mpi
Data prefix:  /users/joglekar/eessi/versions/2025.06/software/linux/x86_64/amd/zen3/software/GROMACS/2025.1-rfoss-2025a-SYCL
Working dir:  /pfs/lustrep2/users/joglekar/code/thesis-benchmarks/6_gromacs
Command line:
  gmx_mpi mdrun -s /users/joglekar/code/thesis-benchmarks/6_gromacs/GROMACS_Benchmark_Suite/HECBioSim/hEGFRDimerPair/benchmark.tpr -deffnm /users/joglekar/code/thesis-benchmarks/6_gromacs/results/gromacs_hEGFRDimerPair_eessi_18659046_work/run1 -nb gpu -pme gpu -bonded gpu -nsteps 100000 -resetstep 20000 -noconfout -npme 1

Reading file /users/joglekar/code/thesis-benchmarks/6_gromacs/GROMACS_Benchmark_Suite/HECBioSim/hEGFRDimerPair/benchmark.tpr, VERSION 5.1.4 (single precision)
Note: file tpx version 103, software tpx version 137
Overriding nsteps with value passed on the command line: 100000 steps, 200 ps
Changing nstlist from 10 to 100, rlist from 1.2 to 1.333


Update groups can not be used for this system because there are three or more consecutively coupled constraints

On host nid006355 8 GPUs selected for this run.
Mapping of GPU IDs to the 8 GPU tasks in the 8 ranks on this node:
  PP:0,PP:1,PP:2,PP:3,PP:4,PP:5,PP:6,PME:7
PP tasks will do (non-perturbed) short-ranged and most bonded interactions on the GPU
PP task will update and constrain coordinates on the CPU
PME tasks will do all aspects on the GPU
GPU direct communication will be used between MPI ranks.
Using 8 MPI processes

Non-default thread affinity set, disabling internal thread affinity

Using 7 OpenMP threads per MPI process


NOTE: DLB will not turn on during the first phase of PME tuning
starting mdrun 'Her1-Her1'
100000 steps,    200.0 ps.

NOTE: DLB can now turn on, when beneficial

step 20000: resetting all time and cycle counters


Dynamic load balancing report:
 DLB was off during the run due to low measured imbalance.
 Average load imbalance: 2.0%.
 The balanceable part of the MD step is 46%, load imbalance is computed from this.
 Part of the total run time spent waiting due to load imbalance: 0.9%.
 Average PME mesh/force load: 0.675
 Part of the total run time spent waiting due to PP/PME imbalance: 1.4 %


               Core t (s)   Wall t (s)        (%)
       Time:    15419.854      275.431     5598.4
                 (ns/day)    (hour/ns)
Performance:       50.191        0.478

GROMACS reminds you: "Everything is theoretically impossible, until it is done." (Robert Heinlein)

  [run 1] elapsed 485s

################################################################
# [eessi] hEGFRDimerPair  run 2/7  recorded 1/6  @ 2026-05-16T00:07:41+03:00
################################################################
                      :-) GROMACS - gmx mdrun, 2025.1 (-:

Executable:   /users/joglekar/eessi/versions/2025.06/software/linux/x86_64/amd/zen3/software/GROMACS/2025.1-rfoss-2025a-SYCL/bin/gmx_mpi
Data prefix:  /users/joglekar/eessi/versions/2025.06/software/linux/x86_64/amd/zen3/software/GROMACS/2025.1-rfoss-2025a-SYCL
Working dir:  /pfs/lustrep2/users/joglekar/code/thesis-benchmarks/6_gromacs
Command line:
  gmx_mpi mdrun -s /users/joglekar/code/thesis-benchmarks/6_gromacs/GROMACS_Benchmark_Suite/HECBioSim/hEGFRDimerPair/benchmark.tpr -deffnm /users/joglekar/code/thesis-benchmarks/6_gromacs/results/gromacs_hEGFRDimerPair_eessi_18659046_work/run2 -nb gpu -pme gpu -bonded gpu -nsteps 100000 -resetstep 20000 -noconfout -npme 1

Reading file /users/joglekar/code/thesis-benchmarks/6_gromacs/GROMACS_Benchmark_Suite/HECBioSim/hEGFRDimerPair/benchmark.tpr, VERSION 5.1.4 (single precision)
Note: file tpx version 103, software tpx version 137
Overriding nsteps with value passed on the command line: 100000 steps, 200 ps
Changing nstlist from 10 to 100, rlist from 1.2 to 1.333


Update groups can not be used for this system because there are three or more consecutively coupled constraints

On host nid006355 8 GPUs selected for this run.
Mapping of GPU IDs to the 8 GPU tasks in the 8 ranks on this node:
  PP:0,PP:1,PP:2,PP:3,PP:4,PP:5,PP:6,PME:7
PP tasks will do (non-perturbed) short-ranged and most bonded interactions on the GPU
PP task will update and constrain coordinates on the CPU
PME tasks will do all aspects on the GPU
GPU direct communication will be used between MPI ranks.
Using 8 MPI processes

Non-default thread affinity set, disabling internal thread affinity

Using 7 OpenMP threads per MPI process


NOTE: DLB will not turn on during the first phase of PME tuning
starting mdrun 'Her1-Her1'
100000 steps,    200.0 ps.

NOTE: DLB can now turn on, when beneficial

step 20000: resetting all time and cycle counters


Dynamic load balancing report:
 DLB was off during the run due to low measured imbalance.
 Average load imbalance: 2.4%.
 The balanceable part of the MD step is 46%, load imbalance is computed from this.
 Part of the total run time spent waiting due to load imbalance: 1.1%.
 Average PME mesh/force load: 0.696
 Part of the total run time spent waiting due to PP/PME imbalance: 1.3 %


               Core t (s)   Wall t (s)        (%)
       Time:    15430.296      275.614     5598.5
                 (ns/day)    (hour/ns)
Performance:       50.158        0.478

GROMACS reminds you: "I am driven by two main philosophies: know more today about the world than I knew yesterday and lessen the suffering of others. You'd be surprised how far that gets you." (Neil deGrasse Tyson)

  [run 2] elapsed 428s

################################################################
# [eessi] hEGFRDimerPair  run 3/7  recorded 2/6  @ 2026-05-16T00:14:49+03:00
################################################################
                      :-) GROMACS - gmx mdrun, 2025.1 (-:

Executable:   /users/joglekar/eessi/versions/2025.06/software/linux/x86_64/amd/zen3/software/GROMACS/2025.1-rfoss-2025a-SYCL/bin/gmx_mpi
Data prefix:  /users/joglekar/eessi/versions/2025.06/software/linux/x86_64/amd/zen3/software/GROMACS/2025.1-rfoss-2025a-SYCL
Working dir:  /pfs/lustrep2/users/joglekar/code/thesis-benchmarks/6_gromacs
Command line:
  gmx_mpi mdrun -s /users/joglekar/code/thesis-benchmarks/6_gromacs/GROMACS_Benchmark_Suite/HECBioSim/hEGFRDimerPair/benchmark.tpr -deffnm /users/joglekar/code/thesis-benchmarks/6_gromacs/results/gromacs_hEGFRDimerPair_eessi_18659046_work/run3 -nb gpu -pme gpu -bonded gpu -nsteps 100000 -resetstep 20000 -noconfout -npme 1

Reading file /users/joglekar/code/thesis-benchmarks/6_gromacs/GROMACS_Benchmark_Suite/HECBioSim/hEGFRDimerPair/benchmark.tpr, VERSION 5.1.4 (single precision)
Note: file tpx version 103, software tpx version 137
Overriding nsteps with value passed on the command line: 100000 steps, 200 ps
Changing nstlist from 10 to 100, rlist from 1.2 to 1.333


Update groups can not be used for this system because there are three or more consecutively coupled constraints

On host nid006355 8 GPUs selected for this run.
Mapping of GPU IDs to the 8 GPU tasks in the 8 ranks on this node:
  PP:0,PP:1,PP:2,PP:3,PP:4,PP:5,PP:6,PME:7
PP tasks will do (non-perturbed) short-ranged and most bonded interactions on the GPU
PP task will update and constrain coordinates on the CPU
PME tasks will do all aspects on the GPU
GPU direct communication will be used between MPI ranks.
Using 8 MPI processes

Non-default thread affinity set, disabling internal thread affinity

Using 7 OpenMP threads per MPI process


NOTE: DLB will not turn on during the first phase of PME tuning
starting mdrun 'Her1-Her1'
100000 steps,    200.0 ps.

NOTE: DLB can now turn on, when beneficial

step 20000: resetting all time and cycle counters


Dynamic load balancing report:
 DLB was off during the run due to low measured imbalance.
 Average load imbalance: 2.5%.
 The balanceable part of the MD step is 47%, load imbalance is computed from this.
 Part of the total run time spent waiting due to load imbalance: 1.2%.
 Average PME mesh/force load: 0.634
 Part of the total run time spent waiting due to PP/PME imbalance: 1.7 %


               Core t (s)   Wall t (s)        (%)
       Time:    15470.624      276.345     5598.3
                 (ns/day)    (hour/ns)
Performance:       50.025        0.480

GROMACS reminds you: "If You Touch Me, You'll Get Shocked" (Beastie Boys)

  [run 3] elapsed 462s

################################################################
# [eessi] hEGFRDimerPair  run 4/7  recorded 3/6  @ 2026-05-16T00:22:31+03:00
################################################################
                      :-) GROMACS - gmx mdrun, 2025.1 (-:

Executable:   /users/joglekar/eessi/versions/2025.06/software/linux/x86_64/amd/zen3/software/GROMACS/2025.1-rfoss-2025a-SYCL/bin/gmx_mpi
Data prefix:  /users/joglekar/eessi/versions/2025.06/software/linux/x86_64/amd/zen3/software/GROMACS/2025.1-rfoss-2025a-SYCL
Working dir:  /pfs/lustrep2/users/joglekar/code/thesis-benchmarks/6_gromacs
Command line:
  gmx_mpi mdrun -s /users/joglekar/code/thesis-benchmarks/6_gromacs/GROMACS_Benchmark_Suite/HECBioSim/hEGFRDimerPair/benchmark.tpr -deffnm /users/joglekar/code/thesis-benchmarks/6_gromacs/results/gromacs_hEGFRDimerPair_eessi_18659046_work/run4 -nb gpu -pme gpu -bonded gpu -nsteps 100000 -resetstep 20000 -noconfout -npme 1

Reading file /users/joglekar/code/thesis-benchmarks/6_gromacs/GROMACS_Benchmark_Suite/HECBioSim/hEGFRDimerPair/benchmark.tpr, VERSION 5.1.4 (single precision)
Note: file tpx version 103, software tpx version 137
Overriding nsteps with value passed on the command line: 100000 steps, 200 ps
Changing nstlist from 10 to 100, rlist from 1.2 to 1.333


Update groups can not be used for this system because there are three or more consecutively coupled constraints

On host nid006355 8 GPUs selected for this run.
Mapping of GPU IDs to the 8 GPU tasks in the 8 ranks on this node:
  PP:0,PP:1,PP:2,PP:3,PP:4,PP:5,PP:6,PME:7
PP tasks will do (non-perturbed) short-ranged and most bonded interactions on the GPU
PP task will update and constrain coordinates on the CPU
PME tasks will do all aspects on the GPU
GPU direct communication will be used between MPI ranks.
Using 8 MPI processes

Non-default thread affinity set, disabling internal thread affinity

Using 7 OpenMP threads per MPI process


NOTE: DLB will not turn on during the first phase of PME tuning
starting mdrun 'Her1-Her1'
100000 steps,    200.0 ps.

NOTE: DLB can now turn on, when beneficial

step 20000: resetting all time and cycle counters


Dynamic load balancing report:
 DLB was off during the run due to low measured imbalance.
 Average load imbalance: 2.9%.
 The balanceable part of the MD step is 43%, load imbalance is computed from this.
 Part of the total run time spent waiting due to load imbalance: 1.3%.
 Average PME mesh/force load: 0.702
 Part of the total run time spent waiting due to PP/PME imbalance: 1.1 %


               Core t (s)   Wall t (s)        (%)
       Time:    15928.158      284.515     5598.4
                 (ns/day)    (hour/ns)
Performance:       48.589        0.494

GROMACS reminds you: "If I Wanted You to Understand This, I Would Explain it Better" (J. Cruijff)

  [run 4] elapsed 457s

################################################################
# [eessi] hEGFRDimerPair  run 5/7  recorded 4/6  @ 2026-05-16T00:30:08+03:00
################################################################
                      :-) GROMACS - gmx mdrun, 2025.1 (-:

Executable:   /users/joglekar/eessi/versions/2025.06/software/linux/x86_64/amd/zen3/software/GROMACS/2025.1-rfoss-2025a-SYCL/bin/gmx_mpi
Data prefix:  /users/joglekar/eessi/versions/2025.06/software/linux/x86_64/amd/zen3/software/GROMACS/2025.1-rfoss-2025a-SYCL
Working dir:  /pfs/lustrep2/users/joglekar/code/thesis-benchmarks/6_gromacs
Command line:
  gmx_mpi mdrun -s /users/joglekar/code/thesis-benchmarks/6_gromacs/GROMACS_Benchmark_Suite/HECBioSim/hEGFRDimerPair/benchmark.tpr -deffnm /users/joglekar/code/thesis-benchmarks/6_gromacs/results/gromacs_hEGFRDimerPair_eessi_18659046_work/run5 -nb gpu -pme gpu -bonded gpu -nsteps 100000 -resetstep 20000 -noconfout -npme 1

Reading file /users/joglekar/code/thesis-benchmarks/6_gromacs/GROMACS_Benchmark_Suite/HECBioSim/hEGFRDimerPair/benchmark.tpr, VERSION 5.1.4 (single precision)
Note: file tpx version 103, software tpx version 137
Overriding nsteps with value passed on the command line: 100000 steps, 200 ps
Changing nstlist from 10 to 100, rlist from 1.2 to 1.333


Update groups can not be used for this system because there are three or more consecutively coupled constraints

On host nid006355 8 GPUs selected for this run.
Mapping of GPU IDs to the 8 GPU tasks in the 8 ranks on this node:
  PP:0,PP:1,PP:2,PP:3,PP:4,PP:5,PP:6,PME:7
PP tasks will do (non-perturbed) short-ranged and most bonded interactions on the GPU
PP task will update and constrain coordinates on the CPU
PME tasks will do all aspects on the GPU
GPU direct communication will be used between MPI ranks.
Using 8 MPI processes

Non-default thread affinity set, disabling internal thread affinity

Using 7 OpenMP threads per MPI process


NOTE: DLB will not turn on during the first phase of PME tuning
starting mdrun 'Her1-Her1'
100000 steps,    200.0 ps.

NOTE: DLB can now turn on, when beneficial

step 20000: resetting all time and cycle counters


Dynamic load balancing report:
 DLB was off during the run due to low measured imbalance.
 Average load imbalance: 2.0%.
 The balanceable part of the MD step is 47%, load imbalance is computed from this.
 Part of the total run time spent waiting due to load imbalance: 0.9%.
 Average PME mesh/force load: 0.616
 Part of the total run time spent waiting due to PP/PME imbalance: 1.8 %


               Core t (s)   Wall t (s)        (%)
       Time:    15320.061      273.656     5598.3
                 (ns/day)    (hour/ns)
Performance:       50.517        0.475

GROMACS reminds you: "It Costs Too Much If It Costs a Lot" (Magnapop)

  [run 5] elapsed 443s

################################################################
# [eessi] hEGFRDimerPair  run 6/7  recorded 5/6  @ 2026-05-16T00:37:31+03:00
################################################################
                      :-) GROMACS - gmx mdrun, 2025.1 (-:

Executable:   /users/joglekar/eessi/versions/2025.06/software/linux/x86_64/amd/zen3/software/GROMACS/2025.1-rfoss-2025a-SYCL/bin/gmx_mpi
Data prefix:  /users/joglekar/eessi/versions/2025.06/software/linux/x86_64/amd/zen3/software/GROMACS/2025.1-rfoss-2025a-SYCL
Working dir:  /pfs/lustrep2/users/joglekar/code/thesis-benchmarks/6_gromacs
Command line:
  gmx_mpi mdrun -s /users/joglekar/code/thesis-benchmarks/6_gromacs/GROMACS_Benchmark_Suite/HECBioSim/hEGFRDimerPair/benchmark.tpr -deffnm /users/joglekar/code/thesis-benchmarks/6_gromacs/results/gromacs_hEGFRDimerPair_eessi_18659046_work/run6 -nb gpu -pme gpu -bonded gpu -nsteps 100000 -resetstep 20000 -noconfout -npme 1

Reading file /users/joglekar/code/thesis-benchmarks/6_gromacs/GROMACS_Benchmark_Suite/HECBioSim/hEGFRDimerPair/benchmark.tpr, VERSION 5.1.4 (single precision)
Note: file tpx version 103, software tpx version 137
Overriding nsteps with value passed on the command line: 100000 steps, 200 ps
Changing nstlist from 10 to 100, rlist from 1.2 to 1.333


Update groups can not be used for this system because there are three or more consecutively coupled constraints

On host nid006355 8 GPUs selected for this run.
Mapping of GPU IDs to the 8 GPU tasks in the 8 ranks on this node:
  PP:0,PP:1,PP:2,PP:3,PP:4,PP:5,PP:6,PME:7
PP tasks will do (non-perturbed) short-ranged and most bonded interactions on the GPU
PP task will update and constrain coordinates on the CPU
PME tasks will do all aspects on the GPU
GPU direct communication will be used between MPI ranks.
Using 8 MPI processes

Non-default thread affinity set, disabling internal thread affinity

Using 7 OpenMP threads per MPI process


NOTE: DLB will not turn on during the first phase of PME tuning
starting mdrun 'Her1-Her1'
100000 steps,    200.0 ps.

NOTE: DLB can now turn on, when beneficial

step 20000: resetting all time and cycle counters


Dynamic load balancing report:
 DLB was off during the run due to low measured imbalance.
 Average load imbalance: 2.7%.
 The balanceable part of the MD step is 46%, load imbalance is computed from this.
 Part of the total run time spent waiting due to load imbalance: 1.3%.
 Average PME mesh/force load: 0.670
 Part of the total run time spent waiting due to PP/PME imbalance: 1.4 %


               Core t (s)   Wall t (s)        (%)
       Time:    15351.798      274.206     5598.6
                 (ns/day)    (hour/ns)
Performance:       50.415        0.476

GROMACS reminds you: "Nullis in verba [Nobody's word is final]." (Motto of the Royal Society)

  [run 6] elapsed 446s

################################################################
# [eessi] hEGFRDimerPair  run 7/7  recorded 6/6  @ 2026-05-16T00:44:57+03:00
################################################################
                      :-) GROMACS - gmx mdrun, 2025.1 (-:

Executable:   /users/joglekar/eessi/versions/2025.06/software/linux/x86_64/amd/zen3/software/GROMACS/2025.1-rfoss-2025a-SYCL/bin/gmx_mpi
Data prefix:  /users/joglekar/eessi/versions/2025.06/software/linux/x86_64/amd/zen3/software/GROMACS/2025.1-rfoss-2025a-SYCL
Working dir:  /pfs/lustrep2/users/joglekar/code/thesis-benchmarks/6_gromacs
Command line:
  gmx_mpi mdrun -s /users/joglekar/code/thesis-benchmarks/6_gromacs/GROMACS_Benchmark_Suite/HECBioSim/hEGFRDimerPair/benchmark.tpr -deffnm /users/joglekar/code/thesis-benchmarks/6_gromacs/results/gromacs_hEGFRDimerPair_eessi_18659046_work/run7 -nb gpu -pme gpu -bonded gpu -nsteps 100000 -resetstep 20000 -noconfout -npme 1

Reading file /users/joglekar/code/thesis-benchmarks/6_gromacs/GROMACS_Benchmark_Suite/HECBioSim/hEGFRDimerPair/benchmark.tpr, VERSION 5.1.4 (single precision)
Note: file tpx version 103, software tpx version 137
Overriding nsteps with value passed on the command line: 100000 steps, 200 ps
Changing nstlist from 10 to 100, rlist from 1.2 to 1.333


Update groups can not be used for this system because there are three or more consecutively coupled constraints

On host nid006355 8 GPUs selected for this run.
Mapping of GPU IDs to the 8 GPU tasks in the 8 ranks on this node:
  PP:0,PP:1,PP:2,PP:3,PP:4,PP:5,PP:6,PME:7
PP tasks will do (non-perturbed) short-ranged and most bonded interactions on the GPU
PP task will update and constrain coordinates on the CPU
PME tasks will do all aspects on the GPU
GPU direct communication will be used between MPI ranks.
Using 8 MPI processes

Non-default thread affinity set, disabling internal thread affinity

Using 7 OpenMP threads per MPI process


NOTE: DLB will not turn on during the first phase of PME tuning
starting mdrun 'Her1-Her1'
100000 steps,    200.0 ps.

NOTE: DLB can now turn on, when beneficial

step 20000: resetting all time and cycle counters


Dynamic load balancing report:
 DLB was off during the run due to low measured imbalance.
 Average load imbalance: 2.1%.
 The balanceable part of the MD step is 47%, load imbalance is computed from this.
 Part of the total run time spent waiting due to load imbalance: 1.0%.
 Average PME mesh/force load: 0.612
 Part of the total run time spent waiting due to PP/PME imbalance: 1.9 %


               Core t (s)   Wall t (s)        (%)
       Time:    15155.642      270.707     5598.5
                 (ns/day)    (hour/ns)
Performance:       51.067        0.470

GROMACS reminds you: "But I always say, one's company, two's a crowd, and three's a party." (Andy Warhol)

  [run 7] elapsed 440s

================================================================
ALL RUNS COMPLETE
  CSV : results/gromacs_hEGFRDimerPair_eessi_18659046.csv
  Log : results/gromacs_hEGFRDimerPair_eessi_18659046.log
  Meta: results/gromacs_hEGFRDimerPair_eessi_18659046.meta
  Work: /users/joglekar/code/thesis-benchmarks/6_gromacs/results/gromacs_hEGFRDimerPair_eessi_18659046_work
================================================================
