################# NATIVE STACK #################

################################################################
# [native] hEGFRDimer  run 1/7  WARM-UP (discarded)  @ 2026-05-15T23:47:10+03:00
################################################################
                      :-) GROMACS - gmx mdrun, 2025.1 (-:

Executable:   /users/joglekar/EasyBuild/SW/LUMI-25.03/G/GROMACS/2025.1-cpeAMD-25.03-VkFFT-rocm/bin/gmx_mpi
Data prefix:  /users/joglekar/EasyBuild/SW/LUMI-25.03/G/GROMACS/2025.1-cpeAMD-25.03-VkFFT-rocm
Working dir:  /pfs/lustrep2/users/joglekar/code/thesis-benchmarks/6_gromacs
Command line:
  gmx_mpi mdrun -s /users/joglekar/code/thesis-benchmarks/6_gromacs/GROMACS_Benchmark_Suite/HECBioSim/hEGFRDimer/benchmark.tpr -deffnm /users/joglekar/code/thesis-benchmarks/6_gromacs/results/gromacs_hEGFRDimer_native_18658925_work/run1 -nb gpu -pme gpu -bonded gpu -nsteps 100000 -resetstep 20000 -noconfout -npme 1

Reading file /users/joglekar/code/thesis-benchmarks/6_gromacs/GROMACS_Benchmark_Suite/HECBioSim/hEGFRDimer/benchmark.tpr, VERSION 5.1.4 (single precision)
Note: file tpx version 103, software tpx version 137
Overriding nsteps with value passed on the command line: 100000 steps, 200 ps
Changing nstlist from 10 to 100, rlist from 1.2 to 1.322


Update groups can not be used for this system because there are three or more consecutively coupled constraints

This run has forced use of 'GPU-aware MPI'. However, GROMACS cannot determine if underlying MPI is GPU-aware. Check the GROMACS install guide for recommendations for GPU-aware support. If you observe failures at runtime, try unsetting the GMX_FORCE_GPU_AWARE_MPI environment variable.

On host nid005001 1 GPU selected for this run.
Mapping of GPU IDs to the 8 GPU tasks in the 8 ranks on this node:
  PP:0,PP:0,PP:0,PP:0,PP:0,PP:0,PP:0,PME:0
PP tasks will do (non-perturbed) short-ranged and most bonded interactions on the GPU
PP task will update and constrain coordinates on the CPU
PME tasks will do all aspects on the GPU
GPU direct communication will be used between MPI ranks.
Using 8 MPI processes

Non-default thread affinity set, disabling internal thread affinity

Using 7 OpenMP threads per MPI process


NOTE: DLB will not turn on during the first phase of PME tuning
starting mdrun 'Her1-Her1'
100000 steps,    200.0 ps.

NOTE: DLB can now turn on, when beneficial

step 20000: resetting all time and cycle counters


Dynamic load balancing report:
 DLB was off during the run due to low measured imbalance.
 Average load imbalance: 8.3%.
 The balanceable part of the MD step is 49%, load imbalance is computed from this.
 Part of the total run time spent waiting due to load imbalance: 4.1%.
 Average PME mesh/force load: 1.056
 Part of the total run time spent waiting due to PP/PME imbalance: 1.1 %


               Core t (s)   Wall t (s)        (%)
       Time:     9042.127      161.692     5592.2
                 (ns/day)    (hour/ns)
Performance:       85.497        0.281

GROMACS reminds you: "Yeah, a Wuzz, Or a Jerk" (F. Black)

  [run 1] elapsed 307s

################################################################
# [native] hEGFRDimer  run 2/7  recorded 1/6  @ 2026-05-15T23:52:17+03:00
################################################################
                      :-) GROMACS - gmx mdrun, 2025.1 (-:

Executable:   /users/joglekar/EasyBuild/SW/LUMI-25.03/G/GROMACS/2025.1-cpeAMD-25.03-VkFFT-rocm/bin/gmx_mpi
Data prefix:  /users/joglekar/EasyBuild/SW/LUMI-25.03/G/GROMACS/2025.1-cpeAMD-25.03-VkFFT-rocm
Working dir:  /pfs/lustrep2/users/joglekar/code/thesis-benchmarks/6_gromacs
Command line:
  gmx_mpi mdrun -s /users/joglekar/code/thesis-benchmarks/6_gromacs/GROMACS_Benchmark_Suite/HECBioSim/hEGFRDimer/benchmark.tpr -deffnm /users/joglekar/code/thesis-benchmarks/6_gromacs/results/gromacs_hEGFRDimer_native_18658925_work/run2 -nb gpu -pme gpu -bonded gpu -nsteps 100000 -resetstep 20000 -noconfout -npme 1

Reading file /users/joglekar/code/thesis-benchmarks/6_gromacs/GROMACS_Benchmark_Suite/HECBioSim/hEGFRDimer/benchmark.tpr, VERSION 5.1.4 (single precision)
Note: file tpx version 103, software tpx version 137
Overriding nsteps with value passed on the command line: 100000 steps, 200 ps
Changing nstlist from 10 to 100, rlist from 1.2 to 1.322


Update groups can not be used for this system because there are three or more consecutively coupled constraints

This run has forced use of 'GPU-aware MPI'. However, GROMACS cannot determine if underlying MPI is GPU-aware. Check the GROMACS install guide for recommendations for GPU-aware support. If you observe failures at runtime, try unsetting the GMX_FORCE_GPU_AWARE_MPI environment variable.

On host nid005001 1 GPU selected for this run.
Mapping of GPU IDs to the 8 GPU tasks in the 8 ranks on this node:
  PP:0,PP:0,PP:0,PP:0,PP:0,PP:0,PP:0,PME:0
PP tasks will do (non-perturbed) short-ranged and most bonded interactions on the GPU
PP task will update and constrain coordinates on the CPU
PME tasks will do all aspects on the GPU
GPU direct communication will be used between MPI ranks.
Using 8 MPI processes

Non-default thread affinity set, disabling internal thread affinity

Using 7 OpenMP threads per MPI process


NOTE: DLB will not turn on during the first phase of PME tuning
starting mdrun 'Her1-Her1'
100000 steps,    200.0 ps.

NOTE: DLB can now turn on, when beneficial

step 20000: resetting all time and cycle counters


Dynamic load balancing report:
 DLB was off during the run due to low measured imbalance.
 Average load imbalance: 8.4%.
 The balanceable part of the MD step is 49%, load imbalance is computed from this.
 Part of the total run time spent waiting due to load imbalance: 4.1%.
 Average PME mesh/force load: 1.058
 Part of the total run time spent waiting due to PP/PME imbalance: 1.1 %


               Core t (s)   Wall t (s)        (%)
       Time:     9041.189      161.723     5590.6
                 (ns/day)    (hour/ns)
Performance:       85.481        0.281

GROMACS reminds you: "No matter how important you are, you are not as important as lunch." (Randy Pausch)

  [run 2] elapsed 275s

################################################################
# [native] hEGFRDimer  run 3/7  recorded 2/6  @ 2026-05-15T23:56:52+03:00
################################################################
                      :-) GROMACS - gmx mdrun, 2025.1 (-:

Executable:   /users/joglekar/EasyBuild/SW/LUMI-25.03/G/GROMACS/2025.1-cpeAMD-25.03-VkFFT-rocm/bin/gmx_mpi
Data prefix:  /users/joglekar/EasyBuild/SW/LUMI-25.03/G/GROMACS/2025.1-cpeAMD-25.03-VkFFT-rocm
Working dir:  /pfs/lustrep2/users/joglekar/code/thesis-benchmarks/6_gromacs
Command line:
  gmx_mpi mdrun -s /users/joglekar/code/thesis-benchmarks/6_gromacs/GROMACS_Benchmark_Suite/HECBioSim/hEGFRDimer/benchmark.tpr -deffnm /users/joglekar/code/thesis-benchmarks/6_gromacs/results/gromacs_hEGFRDimer_native_18658925_work/run3 -nb gpu -pme gpu -bonded gpu -nsteps 100000 -resetstep 20000 -noconfout -npme 1

Reading file /users/joglekar/code/thesis-benchmarks/6_gromacs/GROMACS_Benchmark_Suite/HECBioSim/hEGFRDimer/benchmark.tpr, VERSION 5.1.4 (single precision)
Note: file tpx version 103, software tpx version 137
Overriding nsteps with value passed on the command line: 100000 steps, 200 ps
Changing nstlist from 10 to 100, rlist from 1.2 to 1.322


Update groups can not be used for this system because there are three or more consecutively coupled constraints

This run has forced use of 'GPU-aware MPI'. However, GROMACS cannot determine if underlying MPI is GPU-aware. Check the GROMACS install guide for recommendations for GPU-aware support. If you observe failures at runtime, try unsetting the GMX_FORCE_GPU_AWARE_MPI environment variable.

On host nid005001 1 GPU selected for this run.
Mapping of GPU IDs to the 8 GPU tasks in the 8 ranks on this node:
  PP:0,PP:0,PP:0,PP:0,PP:0,PP:0,PP:0,PME:0
PP tasks will do (non-perturbed) short-ranged and most bonded interactions on the GPU
PP task will update and constrain coordinates on the CPU
PME tasks will do all aspects on the GPU
GPU direct communication will be used between MPI ranks.
Using 8 MPI processes

Non-default thread affinity set, disabling internal thread affinity

Using 7 OpenMP threads per MPI process


NOTE: DLB will not turn on during the first phase of PME tuning
starting mdrun 'Her1-Her1'
100000 steps,    200.0 ps.

NOTE: DLB can now turn on, when beneficial

step 20000: resetting all time and cycle counters


Dynamic load balancing report:
 DLB was off during the run due to low measured imbalance.
 Average load imbalance: 8.7%.
 The balanceable part of the MD step is 49%, load imbalance is computed from this.
 Part of the total run time spent waiting due to load imbalance: 4.2%.
 Average PME mesh/force load: 1.039
 Part of the total run time spent waiting due to PP/PME imbalance: 0.8 %


               Core t (s)   Wall t (s)        (%)
       Time:     9063.764      162.070     5592.5
                 (ns/day)    (hour/ns)
Performance:       85.298        0.281

GROMACS reminds you: "The Wheels On the Bus Go Round and Round" (J. Richman)

  [run 3] elapsed 285s

################################################################
# [native] hEGFRDimer  run 4/7  recorded 3/6  @ 2026-05-16T00:01:37+03:00
################################################################
                      :-) GROMACS - gmx mdrun, 2025.1 (-:

Executable:   /users/joglekar/EasyBuild/SW/LUMI-25.03/G/GROMACS/2025.1-cpeAMD-25.03-VkFFT-rocm/bin/gmx_mpi
Data prefix:  /users/joglekar/EasyBuild/SW/LUMI-25.03/G/GROMACS/2025.1-cpeAMD-25.03-VkFFT-rocm
Working dir:  /pfs/lustrep2/users/joglekar/code/thesis-benchmarks/6_gromacs
Command line:
  gmx_mpi mdrun -s /users/joglekar/code/thesis-benchmarks/6_gromacs/GROMACS_Benchmark_Suite/HECBioSim/hEGFRDimer/benchmark.tpr -deffnm /users/joglekar/code/thesis-benchmarks/6_gromacs/results/gromacs_hEGFRDimer_native_18658925_work/run4 -nb gpu -pme gpu -bonded gpu -nsteps 100000 -resetstep 20000 -noconfout -npme 1

Reading file /users/joglekar/code/thesis-benchmarks/6_gromacs/GROMACS_Benchmark_Suite/HECBioSim/hEGFRDimer/benchmark.tpr, VERSION 5.1.4 (single precision)
Note: file tpx version 103, software tpx version 137
Overriding nsteps with value passed on the command line: 100000 steps, 200 ps
Changing nstlist from 10 to 100, rlist from 1.2 to 1.322


Update groups can not be used for this system because there are three or more consecutively coupled constraints

This run has forced use of 'GPU-aware MPI'. However, GROMACS cannot determine if underlying MPI is GPU-aware. Check the GROMACS install guide for recommendations for GPU-aware support. If you observe failures at runtime, try unsetting the GMX_FORCE_GPU_AWARE_MPI environment variable.

On host nid005001 1 GPU selected for this run.
Mapping of GPU IDs to the 8 GPU tasks in the 8 ranks on this node:
  PP:0,PP:0,PP:0,PP:0,PP:0,PP:0,PP:0,PME:0
PP tasks will do (non-perturbed) short-ranged and most bonded interactions on the GPU
PP task will update and constrain coordinates on the CPU
PME tasks will do all aspects on the GPU
GPU direct communication will be used between MPI ranks.
Using 8 MPI processes

Non-default thread affinity set, disabling internal thread affinity

Using 7 OpenMP threads per MPI process


NOTE: DLB will not turn on during the first phase of PME tuning
starting mdrun 'Her1-Her1'
100000 steps,    200.0 ps.

NOTE: DLB can now turn on, when beneficial

step 20000: resetting all time and cycle counters


Dynamic load balancing report:
 DLB was off during the run due to low measured imbalance.
 Average load imbalance: 9.4%.
 The balanceable part of the MD step is 49%, load imbalance is computed from this.
 Part of the total run time spent waiting due to load imbalance: 4.6%.
 Average PME mesh/force load: 1.068
 Part of the total run time spent waiting due to PP/PME imbalance: 1.3 %


               Core t (s)   Wall t (s)        (%)
       Time:     9006.545      161.097     5590.8
                 (ns/day)    (hour/ns)
Performance:       85.813        0.280

GROMACS reminds you: "Measuring programming progress by lines of code is like measuring aircraft building progress by weight." (Bill Gates)

  [run 4] elapsed 264s

################################################################
# [native] hEGFRDimer  run 5/7  recorded 4/6  @ 2026-05-16T00:06:01+03:00
################################################################
                      :-) GROMACS - gmx mdrun, 2025.1 (-:

Executable:   /users/joglekar/EasyBuild/SW/LUMI-25.03/G/GROMACS/2025.1-cpeAMD-25.03-VkFFT-rocm/bin/gmx_mpi
Data prefix:  /users/joglekar/EasyBuild/SW/LUMI-25.03/G/GROMACS/2025.1-cpeAMD-25.03-VkFFT-rocm
Working dir:  /pfs/lustrep2/users/joglekar/code/thesis-benchmarks/6_gromacs
Command line:
  gmx_mpi mdrun -s /users/joglekar/code/thesis-benchmarks/6_gromacs/GROMACS_Benchmark_Suite/HECBioSim/hEGFRDimer/benchmark.tpr -deffnm /users/joglekar/code/thesis-benchmarks/6_gromacs/results/gromacs_hEGFRDimer_native_18658925_work/run5 -nb gpu -pme gpu -bonded gpu -nsteps 100000 -resetstep 20000 -noconfout -npme 1

Reading file /users/joglekar/code/thesis-benchmarks/6_gromacs/GROMACS_Benchmark_Suite/HECBioSim/hEGFRDimer/benchmark.tpr, VERSION 5.1.4 (single precision)
Note: file tpx version 103, software tpx version 137
Overriding nsteps with value passed on the command line: 100000 steps, 200 ps
Changing nstlist from 10 to 100, rlist from 1.2 to 1.322


Update groups can not be used for this system because there are three or more consecutively coupled constraints

This run has forced use of 'GPU-aware MPI'. However, GROMACS cannot determine if underlying MPI is GPU-aware. Check the GROMACS install guide for recommendations for GPU-aware support. If you observe failures at runtime, try unsetting the GMX_FORCE_GPU_AWARE_MPI environment variable.

On host nid005001 1 GPU selected for this run.
Mapping of GPU IDs to the 8 GPU tasks in the 8 ranks on this node:
  PP:0,PP:0,PP:0,PP:0,PP:0,PP:0,PP:0,PME:0
PP tasks will do (non-perturbed) short-ranged and most bonded interactions on the GPU
PP task will update and constrain coordinates on the CPU
PME tasks will do all aspects on the GPU
GPU direct communication will be used between MPI ranks.
Using 8 MPI processes

Non-default thread affinity set, disabling internal thread affinity

Using 7 OpenMP threads per MPI process


NOTE: DLB will not turn on during the first phase of PME tuning
starting mdrun 'Her1-Her1'
100000 steps,    200.0 ps.

NOTE: DLB can now turn on, when beneficial

step 20000: resetting all time and cycle counters


Dynamic load balancing report:
 DLB was off during the run due to low measured imbalance.
 Average load imbalance: 8.0%.
 The balanceable part of the MD step is 48%, load imbalance is computed from this.
 Part of the total run time spent waiting due to load imbalance: 3.9%.
 Average PME mesh/force load: 1.068
 Part of the total run time spent waiting due to PP/PME imbalance: 1.3 %


               Core t (s)   Wall t (s)        (%)
       Time:     9026.681      161.417     5592.2
                 (ns/day)    (hour/ns)
Performance:       85.643        0.280

GROMACS reminds you: "A computer would deserve to be called intelligent if it could deceive a human into believing that it was human." (Alan Turing)

  [run 5] elapsed 284s

################################################################
# [native] hEGFRDimer  run 6/7  recorded 5/6  @ 2026-05-16T00:10:45+03:00
################################################################
                      :-) GROMACS - gmx mdrun, 2025.1 (-:

Executable:   /users/joglekar/EasyBuild/SW/LUMI-25.03/G/GROMACS/2025.1-cpeAMD-25.03-VkFFT-rocm/bin/gmx_mpi
Data prefix:  /users/joglekar/EasyBuild/SW/LUMI-25.03/G/GROMACS/2025.1-cpeAMD-25.03-VkFFT-rocm
Working dir:  /pfs/lustrep2/users/joglekar/code/thesis-benchmarks/6_gromacs
Command line:
  gmx_mpi mdrun -s /users/joglekar/code/thesis-benchmarks/6_gromacs/GROMACS_Benchmark_Suite/HECBioSim/hEGFRDimer/benchmark.tpr -deffnm /users/joglekar/code/thesis-benchmarks/6_gromacs/results/gromacs_hEGFRDimer_native_18658925_work/run6 -nb gpu -pme gpu -bonded gpu -nsteps 100000 -resetstep 20000 -noconfout -npme 1

Reading file /users/joglekar/code/thesis-benchmarks/6_gromacs/GROMACS_Benchmark_Suite/HECBioSim/hEGFRDimer/benchmark.tpr, VERSION 5.1.4 (single precision)
Note: file tpx version 103, software tpx version 137
Overriding nsteps with value passed on the command line: 100000 steps, 200 ps
Changing nstlist from 10 to 100, rlist from 1.2 to 1.322


Update groups can not be used for this system because there are three or more consecutively coupled constraints

This run has forced use of 'GPU-aware MPI'. However, GROMACS cannot determine if underlying MPI is GPU-aware. Check the GROMACS install guide for recommendations for GPU-aware support. If you observe failures at runtime, try unsetting the GMX_FORCE_GPU_AWARE_MPI environment variable.

On host nid005001 1 GPU selected for this run.
Mapping of GPU IDs to the 8 GPU tasks in the 8 ranks on this node:
  PP:0,PP:0,PP:0,PP:0,PP:0,PP:0,PP:0,PME:0
PP tasks will do (non-perturbed) short-ranged and most bonded interactions on the GPU
PP task will update and constrain coordinates on the CPU
PME tasks will do all aspects on the GPU
GPU direct communication will be used between MPI ranks.
Using 8 MPI processes

Non-default thread affinity set, disabling internal thread affinity

Using 7 OpenMP threads per MPI process


NOTE: DLB will not turn on during the first phase of PME tuning
starting mdrun 'Her1-Her1'
100000 steps,    200.0 ps.

NOTE: DLB can now turn on, when beneficial

step 20000: resetting all time and cycle counters


Dynamic load balancing report:
 DLB was off during the run due to low measured imbalance.
 Average load imbalance: 9.3%.
 The balanceable part of the MD step is 49%, load imbalance is computed from this.
 Part of the total run time spent waiting due to load imbalance: 4.5%.
 Average PME mesh/force load: 1.041
 Part of the total run time spent waiting due to PP/PME imbalance: 0.8 %


               Core t (s)   Wall t (s)        (%)
       Time:     9040.575      161.656     5592.5
                 (ns/day)    (hour/ns)
Performance:       85.516        0.281

GROMACS reminds you: "It's 2040 now. Our President is a plant." (Ghostbusters 2016)

  [run 6] elapsed 284s

################################################################
# [native] hEGFRDimer  run 7/7  recorded 6/6  @ 2026-05-16T00:15:29+03:00
################################################################
                      :-) GROMACS - gmx mdrun, 2025.1 (-:

Executable:   /users/joglekar/EasyBuild/SW/LUMI-25.03/G/GROMACS/2025.1-cpeAMD-25.03-VkFFT-rocm/bin/gmx_mpi
Data prefix:  /users/joglekar/EasyBuild/SW/LUMI-25.03/G/GROMACS/2025.1-cpeAMD-25.03-VkFFT-rocm
Working dir:  /pfs/lustrep2/users/joglekar/code/thesis-benchmarks/6_gromacs
Command line:
  gmx_mpi mdrun -s /users/joglekar/code/thesis-benchmarks/6_gromacs/GROMACS_Benchmark_Suite/HECBioSim/hEGFRDimer/benchmark.tpr -deffnm /users/joglekar/code/thesis-benchmarks/6_gromacs/results/gromacs_hEGFRDimer_native_18658925_work/run7 -nb gpu -pme gpu -bonded gpu -nsteps 100000 -resetstep 20000 -noconfout -npme 1

Reading file /users/joglekar/code/thesis-benchmarks/6_gromacs/GROMACS_Benchmark_Suite/HECBioSim/hEGFRDimer/benchmark.tpr, VERSION 5.1.4 (single precision)
Note: file tpx version 103, software tpx version 137
Overriding nsteps with value passed on the command line: 100000 steps, 200 ps
Changing nstlist from 10 to 100, rlist from 1.2 to 1.322


Update groups can not be used for this system because there are three or more consecutively coupled constraints

This run has forced use of 'GPU-aware MPI'. However, GROMACS cannot determine if underlying MPI is GPU-aware. Check the GROMACS install guide for recommendations for GPU-aware support. If you observe failures at runtime, try unsetting the GMX_FORCE_GPU_AWARE_MPI environment variable.

On host nid005001 1 GPU selected for this run.
Mapping of GPU IDs to the 8 GPU tasks in the 8 ranks on this node:
  PP:0,PP:0,PP:0,PP:0,PP:0,PP:0,PP:0,PME:0
PP tasks will do (non-perturbed) short-ranged and most bonded interactions on the GPU
PP task will update and constrain coordinates on the CPU
PME tasks will do all aspects on the GPU
GPU direct communication will be used between MPI ranks.
Using 8 MPI processes

Non-default thread affinity set, disabling internal thread affinity

Using 7 OpenMP threads per MPI process


NOTE: DLB will not turn on during the first phase of PME tuning
starting mdrun 'Her1-Her1'
100000 steps,    200.0 ps.

NOTE: DLB can now turn on, when beneficial

step 20000: resetting all time and cycle counters


Dynamic load balancing report:
 DLB was off during the run due to low measured imbalance.
 Average load imbalance: 9.2%.
 The balanceable part of the MD step is 49%, load imbalance is computed from this.
 Part of the total run time spent waiting due to load imbalance: 4.5%.
 Average PME mesh/force load: 1.033
 Part of the total run time spent waiting due to PP/PME imbalance: 0.6 %


               Core t (s)   Wall t (s)        (%)
       Time:     9030.776      161.483     5592.4
                 (ns/day)    (hour/ns)
Performance:       85.608        0.280

GROMACS reminds you: "Praise those of your critics for whom nothing is up to standard." (Dag Hammarskjold)

  [run 7] elapsed 283s
================================================================
ALL RUNS COMPLETE
  CSV : results/gromacs_hEGFRDimer_native_18658925.csv
  Log : results/gromacs_hEGFRDimer_native_18658925.log
  Meta: results/gromacs_hEGFRDimer_native_18658925.meta
  Work: /users/joglekar/code/thesis-benchmarks/6_gromacs/results/gromacs_hEGFRDimer_native_18658925_work
================================================================
