# === EESSI / UCX_RNDV_THRESH=128 @ 2026-05-15T18:06:56+03:00 ===
# pair=(0,1) tier=intra_pkg_OAM0  HSA_ENABLE_SDMA=0
# UCX_PROTO_ENABLE=y  UCX_PROTO_INFO=y  UCX_LOG_LEVEL=info
# OSU_FLAGS='-m 1:67108864 -i 100 -d rocm D D'

# ==== recorded run begin ====
[1778857627.561160] [nid007958:93633:0]     ucp_context.c:2257 UCX  INFO  Version 1.18.0 (loaded from /users/joglekar/eessi/versions/2025.06/software/linux/x86_64/amd/zen3/software/UCX-ROCm/1.18.0-rocm-compilers-19.0.0-ROCm-6.4.1/lib64/libucp.so.0)
[1778857627.561170] [nid007958:93632:0]     ucp_context.c:2257 UCX  INFO  Version 1.18.0 (loaded from /users/joglekar/eessi/versions/2025.06/software/linux/x86_64/amd/zen3/software/UCX-ROCm/1.18.0-rocm-compilers-19.0.0-ROCm-6.4.1/lib64/libucp.so.0)
[1778857627.955780] [nid007958:93632:0]   +--------------------------+-----------------------------------------------------+
[1778857627.955790] [nid007958:93632:0]   | ucp_context_0 self cfg#0 | tagged message by ucp_tag_send* from host memory    |
[1778857627.955792] [nid007958:93632:0]   +--------------------------+--------------------------------------------------+--+
[1778857627.955794] [nid007958:93632:0]   +--------------------------+--------------------------------------------------+--+
[1778857627.955782] [nid007958:93633:0]   +--------------------------+-----------------------------------------------------+
[1778857627.955790] [nid007958:93633:0]   | ucp_context_0 self cfg#0 | tagged message by ucp_tag_send* from host memory    |
[1778857627.955792] [nid007958:93633:0]   +--------------------------+--------------------------------------------------+--+
[1778857627.955794] [nid007958:93633:0]   +--------------------------+--------------------------------------------------+--+
[1778857627.955892] [nid007958:93633:0]          parser.c:2337 UCX  INFO  UCX_* env variables: UCX_RNDV_THRESH=128 UCX_PROTO_INFO=y UCX_PROTO_ENABLE=y UCX_LOG_LEVEL=info
[1778857627.955886] [nid007958:93632:0]          parser.c:2337 UCX  INFO  UCX_* env variables: UCX_RNDV_THRESH=128 UCX_PROTO_INFO=y UCX_PROTO_ENABLE=y UCX_LOG_LEVEL=info
[1778857627.962254] [nid007958:93633:0]      ucp_worker.c:1903 UCX  INFO    ucp_context_0 self cfg#1 tag(self/memory cma/memory rocm_copy/rocm_cpy)
[1778857627.962267] [nid007958:93632:0]      ucp_worker.c:1903 UCX  INFO    ucp_context_0 self cfg#1 tag(self/memory cma/memory rocm_copy/rocm_cpy)
[1778857627.962403] [nid007958:93633:0]   +--------------------------+-------------------------------------------------------------+
[1778857627.962408] [nid007958:93633:0]   | ucp_context_0 self cfg#1 | tagged message by ucp_tag_send* from host memory            |
[1778857627.962410] [nid007958:93633:0]   +--------------------------+-----------------------------------------------+-------------+
[1778857627.962412] [nid007958:93633:0]   |                   0..127 | eager short                                   | self/memory |
[1778857627.962414] [nid007958:93633:0]   |                 128..inf | (?) rendezvous copy from mapped remote memory | self/memory |
[1778857627.962416] [nid007958:93633:0]   +--------------------------+-----------------------------------------------+-------------+
[1778857627.962411] [nid007958:93632:0]   +--------------------------+-------------------------------------------------------------+
[1778857627.962416] [nid007958:93632:0]   | ucp_context_0 self cfg#1 | tagged message by ucp_tag_send* from host memory            |
[1778857627.962418] [nid007958:93632:0]   +--------------------------+-----------------------------------------------+-------------+
[1778857627.962420] [nid007958:93632:0]   |                   0..127 | eager short                                   | self/memory |
[1778857627.962421] [nid007958:93632:0]   |                 128..inf | (?) rendezvous copy from mapped remote memory | self/memory |
[1778857627.962423] [nid007958:93632:0]   +--------------------------+-----------------------------------------------+-------------+
[1778857627.962476] [nid007958:93632:0]   +--------------------------+----------------------------------------------------------------------+
[1778857627.962479] [nid007958:93632:0]   | ucp_context_0 self cfg#1 | tagged message by ucp_tag_send*(fast-completion) from host memory    |
[1778857627.962481] [nid007958:93632:0]   +--------------------------+--------------------------------------------------------+-------------+
[1778857627.962483] [nid007958:93632:0]   |                   0..127 | eager short                                            | self/memory |
[1778857627.962486] [nid007958:93632:0]   |                 128..inf | (?) rendezvous copy from mapped remote memory          | self/memory |
[1778857627.962488] [nid007958:93632:0]   +--------------------------+--------------------------------------------------------+-------------+
[1778857627.962467] [nid007958:93633:0]   +--------------------------+----------------------------------------------------------------------+
[1778857627.962471] [nid007958:93633:0]   | ucp_context_0 self cfg#1 | tagged message by ucp_tag_send*(fast-completion) from host memory    |
[1778857627.962473] [nid007958:93633:0]   +--------------------------+--------------------------------------------------------+-------------+
[1778857627.962474] [nid007958:93633:0]   |                   0..127 | eager short                                            | self/memory |
[1778857627.962476] [nid007958:93633:0]   |                 128..inf | (?) rendezvous copy from mapped remote memory          | self/memory |
[1778857627.962478] [nid007958:93633:0]   +--------------------------+--------------------------------------------------------+-------------+
[1778857627.962587] [nid007958:93633:0]   +--------------------------+-------------------------------------------------------------+
[1778857627.962591] [nid007958:93633:0]   | ucp_context_0 self cfg#1 | tagged message by ucp_tag_send*(multi) from host memory     |
[1778857627.962592] [nid007958:93633:0]   +--------------------------+-----------------------------------------------+-------------+
[1778857627.962594] [nid007958:93633:0]   |                   0..127 | eager short                                   | self/memory |
[1778857627.962596] [nid007958:93633:0]   |                 128..inf | (?) rendezvous copy from mapped remote memory | self/memory |
[1778857627.962597] [nid007958:93633:0]   +--------------------------+-----------------------------------------------+-------------+
[1778857627.962597] [nid007958:93632:0]   +--------------------------+-------------------------------------------------------------+
[1778857627.962601] [nid007958:93632:0]   | ucp_context_0 self cfg#1 | tagged message by ucp_tag_send*(multi) from host memory     |
[1778857627.962603] [nid007958:93632:0]   +--------------------------+-----------------------------------------------+-------------+
[1778857627.962604] [nid007958:93632:0]   |                   0..127 | eager short                                   | self/memory |
[1778857627.962606] [nid007958:93632:0]   |                 128..inf | (?) rendezvous copy from mapped remote memory | self/memory |
[1778857627.962608] [nid007958:93632:0]   +--------------------------+-----------------------------------------------+-------------+
[1778857627.963104] [nid007958:93633:0]      ucp_worker.c:1903 UCX  INFO    ucp_context_0 intra-node cfg#2 tag(sysv/memory xpmem/memory cma/memory rocm_ipc/rocm_ipc)
[1778857627.963109] [nid007958:93632:0]      ucp_worker.c:1903 UCX  INFO    ucp_context_0 intra-node cfg#2 tag(sysv/memory xpmem/memory cma/memory rocm_ipc/rocm_ipc)
[1778857627.963228] [nid007958:93632:0]   +--------------------------------+--------------------------------------------------------------+
[1778857627.963232] [nid007958:93632:0]   | ucp_context_0 intra-node cfg#2 | tagged message by ucp_tag_send* from host memory             |
[1778857627.963234] [nid007958:93632:0]   +--------------------------------+-----------------------------------------------+--------------+
[1778857627.963235] [nid007958:93632:0]   |                          0..92 | eager short                                   | sysv/memory  |
[1778857627.963237] [nid007958:93632:0]   |                        93..127 | eager copy-in copy-out                        | sysv/memory  |
[1778857627.963239] [nid007958:93632:0]   |                       128..inf | (?) rendezvous copy from mapped remote memory | xpmem/memory |
[1778857627.963241] [nid007958:93632:0]   +--------------------------------+-----------------------------------------------+--------------+
[1778857627.963286] [nid007958:93632:0]   +--------------------------------+----------------------------------------------------------------------+
[1778857627.963290] [nid007958:93632:0]   | ucp_context_0 intra-node cfg#2 | tagged message by ucp_tag_send*(fast-completion) from host memory    |
[1778857627.963291] [nid007958:93632:0]   +--------------------------------+-------------------------------------------------------+--------------+
[1778857627.963227] [nid007958:93633:0]   +--------------------------------+--------------------------------------------------------------+
[1778857627.963232] [nid007958:93633:0]   | ucp_context_0 intra-node cfg#2 | tagged message by ucp_tag_send* from host memory             |
[1778857627.963234] [nid007958:93633:0]   +--------------------------------+-----------------------------------------------+--------------+
[1778857627.963236] [nid007958:93633:0]   |                          0..92 | eager short                                   | sysv/memory  |
[1778857627.963238] [nid007958:93633:0]   |                        93..127 | eager copy-in copy-out                        | sysv/memory  |
[1778857627.963239] [nid007958:93633:0]   |                       128..inf | (?) rendezvous copy from mapped remote memory | xpmem/memory |
[1778857627.963241] [nid007958:93633:0]   +--------------------------------+-----------------------------------------------+--------------+
[1778857627.963294] [nid007958:93632:0]   |                          0..92 | eager short                                           | sysv/memory  |
[1778857627.963299] [nid007958:93632:0]   |                        93..127 | eager copy-in copy-out                                | sysv/memory  |
[1778857627.963301] [nid007958:93632:0]   |                       128..inf | (?) rendezvous copy from mapped remote memory         | xpmem/memory |
[1778857627.963303] [nid007958:93632:0]   +--------------------------------+-------------------------------------------------------+--------------+
[1778857627.963287] [nid007958:93633:0]   +--------------------------------+----------------------------------------------------------------------+
[1778857627.963291] [nid007958:93633:0]   | ucp_context_0 intra-node cfg#2 | tagged message by ucp_tag_send*(fast-completion) from host memory    |
[1778857627.963293] [nid007958:93633:0]   +--------------------------------+-------------------------------------------------------+--------------+
[1778857627.963295] [nid007958:93633:0]   |                          0..92 | eager short                                           | sysv/memory  |
[1778857627.963297] [nid007958:93633:0]   |                        93..127 | eager copy-in copy-out                                | sysv/memory  |
[1778857627.963298] [nid007958:93633:0]   |                       128..inf | (?) rendezvous copy from mapped remote memory         | xpmem/memory |
[1778857627.963300] [nid007958:93633:0]   +--------------------------------+-------------------------------------------------------+--------------+
[1778857627.963414] [nid007958:93633:0]   +--------------------------------+--------------------------------------------------------------+
[1778857627.963419] [nid007958:93633:0]   | ucp_context_0 intra-node cfg#2 | tagged message by ucp_tag_send*(multi) from host memory      |
[1778857627.963421] [nid007958:93633:0]   +--------------------------------+-----------------------------------------------+--------------+
[1778857627.963423] [nid007958:93633:0]   |                          0..92 | eager short                                   | sysv/memory  |
[1778857627.963425] [nid007958:93633:0]   |                        93..127 | eager copy-in copy-out                        | sysv/memory  |
[1778857627.963426] [nid007958:93633:0]   |                       128..inf | (?) rendezvous copy from mapped remote memory | xpmem/memory |
[1778857627.963428] [nid007958:93633:0]   +--------------------------------+-----------------------------------------------+--------------+
[1778857627.963414] [nid007958:93632:0]   +--------------------------------+--------------------------------------------------------------+
[1778857627.963419] [nid007958:93632:0]   | ucp_context_0 intra-node cfg#2 | tagged message by ucp_tag_send*(multi) from host memory      |
[1778857627.963421] [nid007958:93632:0]   +--------------------------------+-----------------------------------------------+--------------+
[1778857627.963423] [nid007958:93632:0]   |                          0..92 | eager short                                   | sysv/memory  |
[1778857627.963425] [nid007958:93632:0]   |                        93..127 | eager copy-in copy-out                        | sysv/memory  |
[1778857627.963426] [nid007958:93632:0]   |                       128..inf | (?) rendezvous copy from mapped remote memory | xpmem/memory |
[1778857627.963428] [nid007958:93632:0]   +--------------------------------+-----------------------------------------------+--------------+

# OSU MPI-ROCM Bandwidth Test v7.5
# Datatype: MPI_CHAR.
# Size      Bandwidth (MB/s)
[1778857628.238192] [nid007958:93632:0]   +--------------------------------+---------------------------------------------------------------+
[1778857628.238203] [nid007958:93632:0]   | ucp_context_0 intra-node cfg#2 | tagged message by ucp_tag_send*(multi) from rocm/GPU0         |
[1778857628.238205] [nid007958:93632:0]   +--------------------------------+-------------------------------------------+-------------------+
[1778857628.238207] [nid007958:93632:0]   |                              0 | eager short                               | sysv/memory       |
[1778857628.238209] [nid007958:93632:0]   |                         1..127 | eager copy-in copy-out                    | sysv/memory       |
[1778857628.238210] [nid007958:93632:0]   |                       128..inf | (?) rendezvous zero-copy read from remote | rocm_ipc/rocm_ipc |
[1778857628.238212] [nid007958:93632:0]   +--------------------------------+-------------------------------------------+-------------------+
[1778857628.240204] [nid007958:93633:0]   +--------------------------------+--------------------------------------------------------------------+
[1778857628.240211] [nid007958:93633:0]   | ucp_context_0 intra-node cfg#2 | tagged message by ucp_tag_send*(fast-completion) from rocm/GPU1    |
[1778857628.240213] [nid007958:93633:0]   +--------------------------------+------------------------------------------------+-------------------+
[1778857628.240215] [nid007958:93633:0]   |                              0 | eager short                                    | sysv/memory       |
[1778857628.240217] [nid007958:93633:0]   |                         1..127 | eager copy-in copy-out                         | sysv/memory       |
[1778857628.240219] [nid007958:93633:0]   |                       128..inf | (?) rendezvous zero-copy read from remote      | rocm_ipc/rocm_ipc |
[1778857628.240220] [nid007958:93633:0]   +--------------------------------+------------------------------------------------+-------------------+
1                       2.94
2                       5.90
4                      12.52
8                      25.82
16                     51.64
32                    103.40
64                    205.37
[1778857628.258407] [nid007958:93633:0]   +--------------------------------+-------------------------------------------------------------------------------------+
[1778857628.258413] [nid007958:93633:0]   | ucp_context_0 intra-node cfg#2 | rendezvous data fetch(multi) into rocm/GPU1 from rocm/dev[0]                        |
[1778857628.258415] [nid007958:93633:0]   +--------------------------------+-----------------------------------------------------------------+-------------------+
[1778857628.258416] [nid007958:93633:0]   |                              0 | no data fetch                                                   |                   |
[1778857628.258418] [nid007958:93633:0]   |                         1..127 | (?) rocm_copy, copy to attached, frag host, rocm_copy, frag hos |                   |
[1778857628.258420] [nid007958:93633:0]   |                       128..inf | zero-copy read from remote                                      | rocm_ipc/rocm_ipc |
[1778857628.258422] [nid007958:93633:0]   +--------------------------------+-----------------------------------------------------------------+-------------------+
128                    15.22
256                    30.29
512                    60.52
1024                  119.25
2048                  237.81
4096                  479.15
8192                  928.91
16384                1847.92
32768                3408.49
65536                6614.38
131072              12428.98
262144              21150.69
524288              37829.71
1048576             57847.87
2097152             82693.87
4194304            116302.26
8388608            131260.02
16777216           141652.90
33554432           147376.03
67108864           150017.02
# ==== recorded run end ====
