################# NATIVE STACK (HSA_ENABLE_SDMA=0) #################

Lmod is automatically replacing "craype-x86-rome" with "craype-x86-trento".


Lmod is automatically replacing "cce/19.0.0" with "amd/6.3.4".


Lmod is automatically replacing "PrgEnv-cray/8.6.0" with "PrgEnv-amd/8.6.0".


Due to MODULEPATH changes, the following have been reloaded:
  1) cray-libsci/25.03.0     2) cray-mpich/8.1.32

[setup_native] srun=/usr/bin/srun  OSU=/pfs/lustrep2/users/joglekar/code/osu-native/osu-micro-benchmarks-7.5/c/mpi/pt2pt/standard

# [native sdma=0 host_buf] intra_pkg_OAM0  GCD(0,1) tier=intra_pkg
  [run 1/6] warm-up — 21:39:23
  [run 1/6] warm-up done in 38s
  [run 2/6] recording — 21:40:01
  [run 2/6] done in 36s
  [run 3/6] recording — 21:40:37
  [run 3/6] done in 36s
  [run 4/6] recording — 21:41:13
  [run 4/6] done in 36s
  [run 5/6] recording — 21:41:49
  [run 5/6] done in 36s
  [run 6/6] recording — 21:42:25
  [run 6/6] done in 36s

# [native sdma=0 host_buf] inter_pkg_2link_06  GCD(0,6) tier=inter_pkg_2link
  [run 1/6] warm-up — 21:43:01
  [run 1/6] warm-up done in 36s
  [run 2/6] recording — 21:43:37
  [run 2/6] done in 36s
  [run 3/6] recording — 21:44:13
  [run 3/6] done in 35s
  [run 4/6] recording — 21:44:48
  [run 4/6] done in 35s
  [run 5/6] recording — 21:45:23
  [run 5/6] done in 36s
  [run 6/6] recording — 21:45:59
  [run 6/6] done in 35s

# [native sdma=0 host_buf] inter_pkg_1link_02  GCD(0,2) tier=inter_pkg_1link
  [run 1/6] warm-up — 21:46:34
  [run 1/6] warm-up done in 35s
  [run 2/6] recording — 21:47:09
  [run 2/6] done in 35s
  [run 3/6] recording — 21:47:44
  [run 3/6] done in 35s
  [run 4/6] recording — 21:48:19
  [run 4/6] done in 36s
  [run 5/6] recording — 21:48:55
  [run 5/6] done in 35s
  [run 6/6] recording — 21:49:30
  [run 6/6] done in 37s

# [native sdma=0 host_buf] routed_07  GCD(0,7) tier=routed
  [run 1/6] warm-up — 21:50:07
  [run 1/6] warm-up done in 36s
  [run 2/6] recording — 21:50:43
  [run 2/6] done in 36s
  [run 3/6] recording — 21:51:19
  [run 3/6] done in 36s
  [run 4/6] recording — 21:51:55
  [run 4/6] done in 36s
  [run 5/6] recording — 21:52:31
  [run 5/6] done in 37s
  [run 6/6] recording — 21:53:08
  [run 6/6] done in 35s

ALL BENCHMARKS COMPLETE  CSV=results/osu_bw_host_native_18635289.csv
