
# [eessi sdma=0 UCX_RNDV_THRESH=1024] intra_pkg_OAM0  GCD(0,1)
  [run 1/4] warm-up — 20:58:28
  [run 1/4] warm-up done in 19s
  [run 2/4] recording — 20:58:47
  [run 2/4] done in 10s

# OSU MPI-ROCM Bandwidth Test v7.5
# Datatype: MPI_CHAR.
# Size      Bandwidth (MB/s)
1                       2.94
2                       5.92
4                      12.56
8                      25.86
16                     51.60
32                    103.21
64                    203.21
128                   399.97
256                   789.17
512                    42.97
1024                  124.96
2048                  247.18
4096                  491.53
8192                  929.72
16384                1844.93
32768                3395.33
65536                6531.27
131072              12222.06
262144              21180.41
524288              37801.01
1048576             57918.57
2097152             82483.90
4194304            116664.06
8388608            131587.46
16777216           141804.11
33554432           147580.04
67108864           150087.09
  [run 3/4] recording — 20:58:57
  [run 3/4] done in 9s

# OSU MPI-ROCM Bandwidth Test v7.5
# Datatype: MPI_CHAR.
# Size      Bandwidth (MB/s)
1                       2.91
2                       5.78
4                      12.16
8                      25.02
16                     47.67
32                     94.70
64                    198.94
128                   395.89
256                   706.30
512                    42.86
1024                  123.18
2048                  247.62
4096                  490.64
8192                  931.96
16384                1850.62
32768                3298.42
65536                6610.44
131072              12112.79
262144              21110.04
524288              37557.34
1048576             57646.25
2097152             82109.87
4194304            116619.48
8388608            131818.78
16777216           141833.61
33554432           147519.90
67108864           150013.87
  [run 4/4] recording — 20:59:06
  [run 4/4] done in 10s

# OSU MPI-ROCM Bandwidth Test v7.5
# Datatype: MPI_CHAR.
# Size      Bandwidth (MB/s)
1                       3.02
2                       6.04
4                      12.92
8                      26.44
16                     53.18
32                    105.66
64                    211.01
128                   375.35
256                   804.89
512                    42.98
1024                  117.85
2048                  234.16
4096                  466.49
8192                  913.05
16384                1808.93
32768                3281.35
65536                6402.83
131072              12103.80
262144              21115.49
524288              37770.76
1048576             57740.99
2097152             82305.74
4194304            116725.34
8388608            131941.69
16777216           142012.42
33554432           147424.15
67108864           149848.99

# [eessi sdma=0 UCX_RNDV_THRESH=DEFAULT] intra_pkg_OAM0  GCD(0,1)
  [run 1/4] warm-up — 20:59:16
  [run 1/4] warm-up done in 10s
  [run 2/4] recording — 20:59:26
  [run 2/4] done in 10s

# OSU MPI-ROCM Bandwidth Test v7.5
# Datatype: MPI_CHAR.
# Size      Bandwidth (MB/s)
1                       3.00
2                       6.03
4                      12.89
8                      26.35
16                     52.85
32                    105.31
64                    210.42
128                   411.88
256                    29.94
512                    59.03
1024                  118.36
2048                  235.23
4096                  472.70
8192                  915.18
16384                1816.70
32768                3438.29
65536                6755.93
131072              12158.29
262144              21052.53
524288              37742.35
1048576             57804.52
2097152             82471.16
4194304            116720.85
8388608            131990.09
16777216           141837.54
33554432           147344.60
67108864           149839.47
  [run 3/4] recording — 20:59:36
  [run 3/4] done in 10s

# OSU MPI-ROCM Bandwidth Test v7.5
# Datatype: MPI_CHAR.
# Size      Bandwidth (MB/s)
1                       2.98
2                       5.94
4                      12.69
8                      25.99
16                     52.27
32                     94.28
64                    206.53
128                   407.48
256                    29.65
512                    59.37
1024                  118.92
2048                  237.59
4096                  476.13
8192                  922.80
16384                1833.46
32768                3422.15
65536                6635.94
131072              12108.79
262144              21031.01
524288              37665.85
1048576             57719.84
2097152             81922.51
4194304            116281.41
8388608            131609.33
16777216           141684.23
33554432           147254.66
67108864           149747.09
  [run 4/4] recording — 20:59:46
  [run 4/4] done in 10s

# OSU MPI-ROCM Bandwidth Test v7.5
# Datatype: MPI_CHAR.
# Size      Bandwidth (MB/s)
1                       2.92
2                       5.86
4                      12.44
8                      25.65
16                     51.26
32                    102.61
64                    203.48
128                   399.20
256                    31.58
512                    63.36
1024                  126.85
2048                  251.17
4096                  494.97
8192                  930.30
16384                1845.39
32768                3426.40
65536                6643.92
131072              12307.45
262144              21144.78
524288              37931.80
1048576             57993.11
2097152             82471.08
4194304            116827.04
8388608            132090.72
16777216           142019.60
33554432           147418.17
67108864           149934.77

# [eessi sdma=0 UCX_RNDV_THRESH=16777216] intra_pkg_OAM0  GCD(0,1)
  [run 1/4] warm-up — 20:59:56
  [run 1/4] warm-up done in 175s
  [run 2/4] recording — 21:02:51
  [run 2/4] done in 174s

# OSU MPI-ROCM Bandwidth Test v7.5
# Datatype: MPI_CHAR.
# Size      Bandwidth (MB/s)
1                       2.96
2                       5.91
4                      12.62
8                      25.76
16                     51.86
32                     96.03
64                    205.40
128                   404.45
256                   733.44
512                    42.77
1024                   85.38
2048                  170.95
4096                  339.47
8192                  643.64
16384                 651.42
32768                 657.37
65536                 664.34
131072                665.65
262144                666.91
524288                657.63
1048576               655.39
2097152               653.28
4194304               664.10
8388608               663.26
16777216           141975.72
33554432           147518.14
67108864           149969.63
  [run 3/4] recording — 21:05:45
  [run 3/4] done in 174s

# OSU MPI-ROCM Bandwidth Test v7.5
# Datatype: MPI_CHAR.
# Size      Bandwidth (MB/s)
1                       2.96
2                       5.90
4                      12.57
8                      25.78
16                     51.53
32                    103.37
64                    204.77
128                   407.04
256                   801.14
512                    42.91
1024                   85.87
2048                  171.73
4096                  342.60
8192                  654.79
16384                 659.42
32768                 662.75
65536                 663.25
131072                643.61
262144                661.24
524288                666.22
1048576               653.62
2097152               665.96
4194304               655.97
8388608               658.68
16777216           141633.62
33554432           146763.91
67108864           149362.06
  [run 4/4] recording — 21:08:39
  [run 4/4] done in 173s

# OSU MPI-ROCM Bandwidth Test v7.5
# Datatype: MPI_CHAR.
# Size      Bandwidth (MB/s)
1                       2.98
2                       5.96
4                      12.72
8                      26.17
16                     52.51
32                    104.28
64                    208.38
128                   408.94
256                   809.80
512                    43.00
1024                   85.98
2048                  171.90
4096                  342.54
8192                  655.31
16384                 660.88
32768                 663.70
65536                 666.37
131072                667.70
262144                665.05
524288                658.60
1048576               660.72
2097152               662.29
4194304               665.73
8388608               667.76
16777216           141864.02
33554432           147308.06
67108864           149867.02
ALL BENCHMARKS COMPLETE  CSV=results/osu_protocol_eessi_18634230.csv
