################# NATIVE STACK (HSA_ENABLE_SDMA=0) #################

# [native sdma=0] intra_pkg_OAM0  GCD(0,1) tier=intra_pkg links=4
  [run 1/6] warm-up — 20:50:27
  [run 1/6] warm-up done in 9s
  [run 2/6] recording — 20:50:36
  [run 2/6] done in 8s

# OSU MPI-ROCM Bi-Directional Bandwidth Test v7.5
# Datatype: MPI_CHAR.
# Size      Bandwidth (MB/s)
1                       4.63
2                       9.09
4                      18.23
8                      36.75
16                     72.90
32                    141.28
64                    274.56
128                   535.06
256                   521.66
512                   935.41
1024                  884.00
2048                 1777.54
4096                 3463.71
8192                 1879.24
16384                3770.54
32768                7145.51
65536               13895.61
131072              26118.86
262144              45443.55
524288              80991.86
1048576            120571.59
2097152            165084.60
4194304            228847.93
8388608            253099.50
16777216           270378.22
33554432           279042.85
67108864           282630.40
  [run 3/6] recording — 20:50:44
  [run 3/6] done in 8s

# OSU MPI-ROCM Bi-Directional Bandwidth Test v7.5
# Datatype: MPI_CHAR.
# Size      Bandwidth (MB/s)
1                       4.63
2                       9.18
4                      18.32
8                      36.81
16                     72.91
32                    142.45
64                    273.89
128                   535.73
256                   522.96
512                   939.10
1024                  890.63
2048                 1766.33
4096                 3477.29
8192                 1878.68
16384                3745.74
32768                7071.10
65536               13795.23
131072              25921.65
262144              45019.82
524288              80334.05
1048576            119608.52
2097152            164462.66
4194304            229093.18
8388608            252159.47
16777216           270187.23
33554432           278100.49
67108864           281441.67
  [run 4/6] recording — 20:50:52
  [run 4/6] done in 8s

# OSU MPI-ROCM Bi-Directional Bandwidth Test v7.5
# Datatype: MPI_CHAR.
# Size      Bandwidth (MB/s)
1                       4.82
2                       9.44
4                      18.92
8                      37.83
16                     75.83
32                    146.71
64                    280.63
128                   548.92
256                   522.12
512                   949.92
1024                  919.99
2048                 1818.65
4096                 3546.91
8192                 1941.03
16384                3876.41
32768                7364.06
65536               14266.66
131072              26819.91
262144              45851.35
524288              81264.28
1048576            120586.66
2097152            165806.77
4194304            228415.69
8388608            252222.15
16777216           270170.24
33554432           279149.98
67108864           281803.50
  [run 5/6] recording — 20:51:00
srun: Step created for StepId=18634054.4
  [run 5/6] done in 8s

# OSU MPI-ROCM Bi-Directional Bandwidth Test v7.5
# Datatype: MPI_CHAR.
# Size      Bandwidth (MB/s)
1                       4.78
2                       9.41
4                      18.79
8                      37.77
16                     75.39
32                    146.78
64                    283.66
128                   547.38
256                   520.48
512                   950.97
1024                  901.46
2048                 1782.28
4096                 3487.31
8192                 1900.22
16384                3780.65
32768                7179.36
65536               13976.88
131072              26272.44
262144              45198.65
524288              79984.64
1048576            119382.24
2097152            164731.54
4194304            228340.30
8388608            252317.89
16777216           269985.59
33554432           278413.31
67108864           281908.35
  [run 6/6] recording — 20:51:08
  [run 6/6] done in 8s

# OSU MPI-ROCM Bi-Directional Bandwidth Test v7.5
# Datatype: MPI_CHAR.
# Size      Bandwidth (MB/s)
1                       4.63
2                       9.12
4                      18.25
8                      36.40
16                     73.08
32                    141.59
64                    273.30
128                   535.67
256                   521.53
512                   932.69
1024                  898.40
2048                 1774.39
4096                 3471.80
8192                 1886.72
16384                3769.68
32768                7155.10
65536               13935.07
131072              26198.59
262144              45264.43
524288              80375.89
1048576            119567.80
2097152            164477.53
4194304            227694.07
8388608            252216.20
16777216           269692.09
33554432           278675.62
67108864           281012.88

# [native sdma=0] intra_pkg_OAM1  GCD(2,3) tier=intra_pkg links=4
  [run 1/6] warm-up — 20:51:16
  [run 1/6] warm-up done in 8s
  [run 2/6] recording — 20:51:24
srun: Step created for StepId=18634054.7
  [run 2/6] done in 8s

# OSU MPI-ROCM Bi-Directional Bandwidth Test v7.5
# Datatype: MPI_CHAR.
# Size      Bandwidth (MB/s)
1                       4.65
2                       9.16
4                      18.39
8                      36.68
16                     73.14
32                    143.04
64                    277.01
128                   533.04
256                   523.28
512                   927.20
1024                  886.80
2048                 1777.34
4096                 3465.12
8192                 1871.41
16384                3739.66
32768                7048.10
65536               13641.78
131072              25388.26
262144              42700.59
524288              75457.52
1048576            115412.47
2097152            163128.82
4194304            226614.48
8388608            250306.41
16777216           268511.00
33554432           277272.04
67108864           281755.48
  [run 3/6] recording — 20:51:32
  [run 3/6] done in 8s

# OSU MPI-ROCM Bi-Directional Bandwidth Test v7.5
# Datatype: MPI_CHAR.
# Size      Bandwidth (MB/s)
1                       4.58
2                       9.15
4                      18.19
8                      36.54
16                     72.92
32                    141.48
64                    271.59
128                   528.29
256                   520.46
512                   936.42
1024                  839.29
2048                 1666.75
4096                 3283.87
8192                 1868.00
16384                3708.28
32768                6903.88
65536               13478.23
131072              24955.06
262144              42271.50
524288              75333.11
1048576            115671.13
2097152            162750.82
4194304            226722.50
8388608            249118.32
16777216           268357.43
33554432           278235.72
67108864           282384.30
  [run 4/6] recording — 20:51:40
  [run 4/6] done in 8s

# OSU MPI-ROCM Bi-Directional Bandwidth Test v7.5
# Datatype: MPI_CHAR.
# Size      Bandwidth (MB/s)
1                       4.71
2                       9.14
4                      18.73
8                      37.30
16                     74.09
32                    142.57
64                    276.93
128                   541.08
256                   524.09
512                   958.64
1024                  897.50
2048                 1755.31
4096                 3466.77
8192                 1792.30
16384                3567.36
32768                6692.87
65536               12998.03
131072              24046.19
262144              41810.33
524288              74131.87
1048576            113732.79
2097152            161298.70
4194304            226518.78
8388608            249162.43
16777216           267556.10
33554432           276629.77
67108864           281379.63
  [run 5/6] recording — 20:51:48
  [run 5/6] done in 8s

# OSU MPI-ROCM Bi-Directional Bandwidth Test v7.5
# Datatype: MPI_CHAR.
# Size      Bandwidth (MB/s)
1                       4.58
2                       9.10
4                      18.09
8                      36.34
16                     72.77
32                    141.66
64                    274.03
128                   529.36
256                   519.26
512                   917.83
1024                  886.40
2048                 1758.79
4096                 3431.56
8192                 1865.10
16384                3720.44
32768                7089.69
65536               13583.05
131072              25245.96
262144              42564.67
524288              75675.31
1048576            116065.38
2097152            162365.02
4194304            226415.19
8388608            249663.01
16777216           268025.05
33554432           277657.54
67108864           282146.11
  [run 6/6] recording — 20:51:56
  [run 6/6] done in 9s

# OSU MPI-ROCM Bi-Directional Bandwidth Test v7.5
# Datatype: MPI_CHAR.
# Size      Bandwidth (MB/s)
1                       4.56
2                       9.12
4                      18.20
8                      36.56
16                     72.75
32                    142.00
64                    274.20
128                   526.84
256                   518.53
512                   939.47
1024                  903.36
2048                 1789.49
4096                 3500.40
8192                 1871.66
16384                3726.31
32768                6869.81
65536               13236.69
131072              24800.72
262144              42347.80
524288              75317.77
1048576            115283.16
2097152            162040.20
4194304            227383.20
8388608            251287.60
16777216           269275.71
33554432           277162.85
67108864           281563.82

# [native sdma=0] intra_pkg_OAM2  GCD(4,5) tier=intra_pkg links=4
  [run 1/6] warm-up — 20:52:05
  [run 1/6] warm-up done in 8s
  [run 2/6] recording — 20:52:13
  [run 2/6] done in 8s

# OSU MPI-ROCM Bi-Directional Bandwidth Test v7.5
# Datatype: MPI_CHAR.
# Size      Bandwidth (MB/s)
1                       4.58
2                       9.08
4                      18.29
8                      36.53
16                     72.67
32                    141.96
64                    274.31
128                   533.28
256                   517.86
512                   930.23
1024                  885.17
2048                 1758.48
4096                 3439.00
8192                 1803.76
16384                3577.29
32768                6794.10
65536               13206.36
131072              24673.13
262144              41495.23
524288              73836.71
1048576            113077.04
2097152            160200.82
4194304            225597.29
8388608            249489.10
16777216           268237.79
33554432           276679.84
67108864           281199.96
  [run 3/6] recording — 20:52:21
  [run 3/6] done in 8s

# OSU MPI-ROCM Bi-Directional Bandwidth Test v7.5
# Datatype: MPI_CHAR.
# Size      Bandwidth (MB/s)
1                       4.61
2                       9.11
4                      18.24
8                      36.56
16                     73.31
32                    142.33
64                    273.16
128                   526.68
256                   515.94
512                   922.64
1024                  879.29
2048                 1737.74
4096                 3428.43
8192                 1795.92
16384                3584.80
32768                6626.97
65536               12872.61
131072              23935.50
262144              41617.06
524288              73800.34
1048576            112669.05
2097152            161093.99
4194304            225411.89
8388608            250754.56
16777216           267809.08
33554432           277124.42
67108864           281636.28
  [run 4/6] recording — 20:52:29
  [run 4/6] done in 9s

# OSU MPI-ROCM Bi-Directional Bandwidth Test v7.5
# Datatype: MPI_CHAR.
# Size      Bandwidth (MB/s)
1                       4.59
2                       9.08
4                      18.20
8                      36.51
16                     72.65
32                    140.72
64                    272.41
128                   532.78
256                   518.17
512                   933.55
1024                  886.73
2048                 1755.00
4096                 3432.48
8192                 1799.33
16384                3602.41
32768                6718.79
65536               12848.58
131072              23943.82
262144              41484.66
524288              73796.81
1048576            113036.75
2097152            161274.86
4194304            225192.54
8388608            249705.60
16777216           267365.46
33554432           276234.16
67108864           280945.86
  [run 5/6] recording — 20:52:38
  [run 5/6] done in 7s

# OSU MPI-ROCM Bi-Directional Bandwidth Test v7.5
# Datatype: MPI_CHAR.
# Size      Bandwidth (MB/s)
1                       4.58
2                       9.10
4                      18.21
8                      36.47
16                     72.72
32                    142.11
64                    274.47
128                   534.10
256                   510.43
512                   920.63
1024                  897.86
2048                 1781.24
4096                 3488.36
8192                 1758.61
16384                3503.14
32768                6591.15
65536               12523.91
131072              23466.97
262144              41028.02
524288              73409.76
1048576            113691.76
2097152            161840.24
4194304            225669.40
8388608            250926.03
16777216           268131.30
33554432           276338.31
67108864           280366.51
  [run 6/6] recording — 20:52:45
  [run 6/6] done in 8s

# OSU MPI-ROCM Bi-Directional Bandwidth Test v7.5
# Datatype: MPI_CHAR.
# Size      Bandwidth (MB/s)
1                       4.63
2                       8.79
4                      18.27
8                      36.40
16                     72.88
32                    141.80
64                    272.31
128                   526.40
256                   524.90
512                   939.20
1024                  892.85
2048                 1774.40
4096                 3470.91
8192                 1809.43
16384                3607.68
32768                6738.99
65536               13068.46
131072              24282.30
262144              41813.93
524288              73968.83
1048576            113198.29
2097152            161060.33
4194304            224640.93
8388608            250125.41
16777216           267600.90
33554432           276161.30
67108864           281214.13

# [native sdma=0] inter_pkg_2link_06  GCD(0,6) tier=inter_pkg_2link links=2
  [run 1/6] warm-up — 20:52:54
  [run 1/6] warm-up done in 13s
  [run 2/6] recording — 20:53:07
  [run 2/6] done in 14s

# OSU MPI-ROCM Bi-Directional Bandwidth Test v7.5
# Datatype: MPI_CHAR.
# Size      Bandwidth (MB/s)
1                       4.55
2                       9.08
4                      18.19
8                      36.38
16                     72.72
32                    141.64
64                    276.72
128                   529.75
256                   524.92
512                   939.30
1024                  895.34
2048                 1773.21
4096                 3490.75
8192                 1883.39
16384                3722.45
32768                6917.02
65536               12870.01
131072              22635.74
262144              37475.30
524288              61709.91
1048576             84825.98
2097152            112590.92
4194304            133056.45
8388608            140660.85
16777216           144348.35
33554432           145281.48
67108864           145321.57
  [run 3/6] recording — 20:53:21
  [run 3/6] done in 13s

# OSU MPI-ROCM Bi-Directional Bandwidth Test v7.5
# Datatype: MPI_CHAR.
# Size      Bandwidth (MB/s)
1                       4.57
2                       9.11
4                      18.18
8                      36.52
16                     71.95
32                    141.84
64                    274.55
128                   527.26
256                   519.83
512                   936.57
1024                  894.97
2048                 1768.22
4096                 3449.23
8192                 1916.69
16384                3756.20
32768                6544.48
65536               12375.81
131072              22819.14
262144              37670.60
524288              61714.84
1048576             85428.96
2097152            113980.98
4194304            133333.85
8388608            140845.78
16777216           144577.28
33554432           145368.56
67108864           145200.39
  [run 4/6] recording — 20:53:34
  [run 4/6] done in 14s

# OSU MPI-ROCM Bi-Directional Bandwidth Test v7.5
# Datatype: MPI_CHAR.
# Size      Bandwidth (MB/s)
1                       4.64
2                       9.14
4                      18.22
8                      36.58
16                     72.74
32                    142.06
64                    272.57
128                   527.68
256                   507.82
512                   914.68
1024                  882.26
2048                 1755.36
4096                 3443.68
8192                 1885.97
16384                3717.13
32768                6695.15
65536               12385.55
131072              22663.73
262144              37344.65
524288              61634.31
1048576             85124.81
2097152            113592.91
4194304            133357.23
8388608            140734.92
16777216           144439.87
33554432           145295.38
67108864           145071.59
  [run 5/6] recording — 20:53:48
  [run 5/6] done in 13s

# OSU MPI-ROCM Bi-Directional Bandwidth Test v7.5
# Datatype: MPI_CHAR.
# Size      Bandwidth (MB/s)
1                       4.61
2                       9.09
4                      18.26
8                      36.65
16                     72.72
32                    141.79
64                    273.06
128                   525.91
256                   521.28
512                   932.92
1024                  888.38
2048                 1757.94
4096                 3418.62
8192                 1888.46
16384                3733.03
32768                6868.16
65536               12917.43
131072              22739.88
262144              37520.34
524288              61667.22
1048576             84992.53
2097152            112892.70
4194304            133263.02
8388608            140770.90
16777216           144354.48
33554432           145157.94
67108864           145040.50
  [run 6/6] recording — 20:54:01
  [run 6/6] done in 14s

# OSU MPI-ROCM Bi-Directional Bandwidth Test v7.5
# Datatype: MPI_CHAR.
# Size      Bandwidth (MB/s)
1                       4.58
2                       9.14
4                      18.24
8                      36.61
16                     72.96
32                    142.62
64                    272.56
128                   531.90
256                   521.50
512                   930.34
1024                  889.00
2048                 1761.48
4096                 3434.63
8192                 1891.74
16384                3709.10
32768                6822.25
65536               12998.31
131072              22618.46
262144              37439.86
524288              61799.45
1048576             84947.92
2097152            113118.12
4194304            133267.63
8388608            140697.13
16777216           144351.49
33554432           145234.96
67108864           145078.05

# [native sdma=0] inter_pkg_2link_24  GCD(2,4) tier=inter_pkg_2link links=2
  [run 1/6] warm-up — 20:54:15
  [run 1/6] warm-up done in 13s
  [run 2/6] recording — 20:54:28
  [run 2/6] done in 13s

# OSU MPI-ROCM Bi-Directional Bandwidth Test v7.5
# Datatype: MPI_CHAR.
# Size      Bandwidth (MB/s)
1                       4.58
2                       8.75
4                      18.35
8                      36.66
16                     73.19
32                    143.44
64                    273.00
128                   531.64
256                   520.52
512                   932.90
1024                  892.26
2048                 1763.64
4096                 3429.93
8192                 1875.40
16384                3708.10
32768                6674.15
65536               12665.75
131072              22638.54
262144              37293.34
524288              61334.73
1048576             84952.35
2097152            112931.86
4194304            133148.80
8388608            140643.81
16777216           144379.01
33554432           145254.18
67108864           145123.45
  [run 3/6] recording — 20:54:41
  [run 3/6] done in 14s

# OSU MPI-ROCM Bi-Directional Bandwidth Test v7.5
# Datatype: MPI_CHAR.
# Size      Bandwidth (MB/s)
1                       4.65
2                       9.11
4                      18.22
8                      36.64
16                     69.76
32                    141.98
64                    273.92
128                   535.08
256                   515.37
512                   923.81
1024                  901.28
2048                 1780.45
4096                 3482.10
8192                 1892.27
16384                3738.37
32768                6822.67
65536               12624.21
131072              22685.61
262144              37400.32
524288              61475.68
1048576             85102.67
2097152            113502.97
4194304            133284.68
8388608            140668.34
16777216           144331.70
33554432           145273.03
67108864           145102.38
  [run 4/6] recording — 20:54:55
  [run 4/6] done in 13s

# OSU MPI-ROCM Bi-Directional Bandwidth Test v7.5
# Datatype: MPI_CHAR.
# Size      Bandwidth (MB/s)
1                       4.62
2                       9.15
4                      18.16
8                      36.62
16                     72.72
32                    141.64
64                    270.04
128                   529.67
256                   522.04
512                   843.92
1024                  898.91
2048                 1744.52
4096                 3331.14
8192                 1855.25
16384                3699.32
32768                6717.01
65536               12593.19
131072              22539.94
262144              37196.19
524288              61188.38
1048576             84419.56
2097152            112788.10
4194304            133348.05
8388608            140741.80
16777216           144350.97
33554432           145120.87
67108864           145079.11
  [run 5/6] recording — 20:55:08
  [run 5/6] done in 15s

# OSU MPI-ROCM Bi-Directional Bandwidth Test v7.5
# Datatype: MPI_CHAR.
# Size      Bandwidth (MB/s)
1                       4.76
2                       9.39
4                      18.77
8                      37.64
16                     73.81
32                    146.05
64                    282.47
128                   550.33
256                   531.58
512                   957.83
1024                  904.66
2048                 1795.65
4096                 3513.23
8192                 1818.62
16384                3575.94
32768                6478.85
65536               12163.17
131072              22064.02
262144              36794.43
524288              60609.27
1048576             84014.92
2097152            112399.15
4194304            133045.78
8388608            140429.42
16777216           144113.43
33554432           145064.21
67108864           144943.73
  [run 6/6] recording — 20:55:23
  [run 6/6] done in 13s

# OSU MPI-ROCM Bi-Directional Bandwidth Test v7.5
# Datatype: MPI_CHAR.
# Size      Bandwidth (MB/s)
1                       4.55
2                       9.01
4                      17.94
8                      36.16
16                     71.97
32                    139.54
64                    271.41
128                   528.74
256                   514.85
512                   936.49
1024                  884.13
2048                 1756.03
4096                 3480.29
8192                 1893.07
16384                3743.33
32768                6872.09
65536               12723.87
131072              22661.95
262144              37260.37
524288              61209.57
1048576             84888.32
2097152            112567.13
4194304            133160.86
8388608            140655.73
16777216           144410.75
33554432           145284.85
67108864           145189.48

# [native sdma=0] inter_pkg_1link_02  GCD(0,2) tier=inter_pkg_1link links=1
  [run 1/6] warm-up — 20:55:36
  [run 1/6] warm-up done in 26s
  [run 2/6] recording — 20:56:02
  [run 2/6] done in 25s

# OSU MPI-ROCM Bi-Directional Bandwidth Test v7.5
# Datatype: MPI_CHAR.
# Size      Bandwidth (MB/s)
1                       4.60
2                       9.17
4                      18.33
8                      36.72
16                     73.18
32                    140.73
64                    272.65
128                   530.22
256                   522.52
512                   933.28
1024                  896.95
2048                 1781.14
4096                 3479.88
8192                 1987.54
16384                3872.14
32768                6797.75
65536               11986.22
131072              20655.67
262144              31409.42
524288              45163.01
1048576             55804.26
2097152             67016.75
4194304             71300.75
8388608             73192.24
16777216            73772.98
33554432            73550.65
67108864            73165.26
  [run 3/6] recording — 20:56:27
  [run 3/6] done in 25s

# OSU MPI-ROCM Bi-Directional Bandwidth Test v7.5
# Datatype: MPI_CHAR.
# Size      Bandwidth (MB/s)
1                       4.66
2                       9.13
4                      18.82
8                      37.81
16                     75.39
32                    143.48
64                    282.04
128                   547.06
256                   528.23
512                   944.76
1024                  893.33
2048                 1778.60
4096                 3485.85
8192                 2002.17
16384                3888.50
32768                6954.43
65536               12101.56
131072              20507.24
262144              31306.18
524288              44954.72
1048576             55553.18
2097152             66533.30
4194304             71141.29
8388608             73123.20
16777216            73783.07
33554432            73733.87
67108864            73353.47
  [run 4/6] recording — 20:56:53
  [run 4/6] done in 25s

# OSU MPI-ROCM Bi-Directional Bandwidth Test v7.5
# Datatype: MPI_CHAR.
# Size      Bandwidth (MB/s)
1                       4.57
2                       9.12
4                      18.20
8                      36.47
16                     72.38
32                    141.52
64                    271.09
128                   527.88
256                   524.49
512                   934.30
1024                  899.69
2048                 1776.05
4096                 3471.54
8192                 2006.22
16384                3892.11
32768                6991.37
65536               12373.67
131072              20665.69
262144              31428.52
524288              45256.90
1048576             55866.26
2097152             66971.97
4194304             71272.29
8388608             73195.72
16777216            73802.07
33554432            73579.97
67108864            73179.31
  [run 5/6] recording — 20:57:18
srun: Step created for StepId=18634054.34
  [run 5/6] done in 26s

# OSU MPI-ROCM Bi-Directional Bandwidth Test v7.5
# Datatype: MPI_CHAR.
# Size      Bandwidth (MB/s)
1                       4.82
2                       9.40
4                      18.93
8                      38.02
16                     75.37
32                    146.91
64                    284.32
128                   547.77
256                   534.76
512                   950.92
1024                  904.47
2048                 1791.29
4096                 3491.64
8192                 2039.80
16384                3958.61
32768                7054.96
65536               12253.35
131072              21084.95
262144              31737.09
524288              45520.68
1048576             55991.09
2097152             67012.20
4194304             71330.35
8388608             73215.66
16777216            73834.04
33554432            73745.73
67108864            73382.07
  [run 6/6] recording — 20:57:44
  [run 6/6] done in 25s

# OSU MPI-ROCM Bi-Directional Bandwidth Test v7.5
# Datatype: MPI_CHAR.
# Size      Bandwidth (MB/s)
1                       4.61
2                       9.09
4                      18.33
8                      36.47
16                     72.90
32                    141.45
64                    270.68
128                   529.88
256                   518.19
512                   927.92
1024                  905.65
2048                 1796.08
4096                 3500.97
8192                 1998.07
16384                3908.84
32768                6967.20
65536               12124.68
131072              20626.20
262144              31438.50
524288              45235.55
1048576             55859.63
2097152             66973.80
4194304             71306.50
8388608             73179.33
16777216            73773.20
33554432            73570.92
67108864            73180.61

# [native sdma=0] inter_pkg_1link_15  GCD(1,5) tier=inter_pkg_1link links=1
  [run 1/6] warm-up — 20:58:09
  [run 1/6] warm-up done in 25s
  [run 2/6] recording — 20:58:34
  [run 2/6] done in 25s

# OSU MPI-ROCM Bi-Directional Bandwidth Test v7.5
# Datatype: MPI_CHAR.
# Size      Bandwidth (MB/s)
1                       4.60
2                       9.09
4                      18.14
8                      36.52
16                     73.09
32                    141.44
64                    272.56
128                   522.93
256                   519.55
512                   930.65
1024                  891.90
2048                 1759.97
4096                 3445.66
8192                 2085.12
16384                4089.87
32768                7430.24
65536               13469.40
131072              22827.31
262144              33796.63
524288              47416.00
1048576             57605.63
2097152             67820.00
4194304             71745.41
8388608             73472.74
16777216            74171.43
33554432            74070.97
67108864            73596.93
  [run 3/6] recording — 20:58:59
  [run 3/6] done in 26s

# OSU MPI-ROCM Bi-Directional Bandwidth Test v7.5
# Datatype: MPI_CHAR.
# Size      Bandwidth (MB/s)
1                       4.53
2                       8.97
4                      17.23
8                      35.87
16                     68.73
32                    138.79
64                    268.77
128                   518.17
256                   522.68
512                   912.92
1024                  905.43
2048                 1793.08
4096                 3503.93
8192                 2086.57
16384                4073.55
32768                7376.83
65536               13411.93
131072              22756.59
262144              33694.06
524288              47372.16
1048576             57679.15
2097152             67899.29
4194304             71785.15
8388608             73452.96
16777216            73948.86
33554432            73676.30
67108864            73248.52
  [run 4/6] recording — 20:59:25
  [run 4/6] done in 25s

# OSU MPI-ROCM Bi-Directional Bandwidth Test v7.5
# Datatype: MPI_CHAR.
# Size      Bandwidth (MB/s)
1                       4.67
2                       9.14
4                      18.29
8                      36.65
16                     73.48
32                    142.44
64                    274.84
128                   531.45
256                   517.35
512                   925.57
1024                  884.02
2048                 1761.52
4096                 3455.50
8192                 2082.68
16384                4062.05
32768                7417.76
65536               13452.12
131072              22710.74
262144              33637.15
524288              47217.34
1048576             57476.24
2097152             67801.61
4194304             71746.29
8388608             73473.06
16777216            74077.30
33554432            73781.03
67108864            73265.21
  [run 5/6] recording — 20:59:50
  [run 5/6] done in 25s

# OSU MPI-ROCM Bi-Directional Bandwidth Test v7.5
# Datatype: MPI_CHAR.
# Size      Bandwidth (MB/s)
1                       4.79
2                       9.40
4                      18.83
8                      37.69
16                     75.34
32                    146.89
64                    284.98
128                   553.62
256                   523.45
512                   942.46
1024                  878.53
2048                 1740.99
4096                 3432.68
8192                 1986.16
16384                3899.13
32768                7129.93
65536               12958.64
131072              22099.45
262144              32944.63
524288              46709.52
1048576             57183.68
2097152             67769.41
4194304             71742.67
8388608             73377.39
16777216            73930.46
33554432            73639.24
67108864            73216.78
  [run 6/6] recording — 21:00:15
  [run 6/6] done in 25s

# OSU MPI-ROCM Bi-Directional Bandwidth Test v7.5
# Datatype: MPI_CHAR.
# Size      Bandwidth (MB/s)
1                       4.65
2                       9.12
4                      18.24
8                      36.62
16                     73.30
32                    141.88
64                    274.57
128                   528.03
256                   521.75
512                   933.50
1024                  894.63
2048                 1771.00
4096                 3453.39
8192                 2061.18
16384                4039.16
32768                7374.36
65536               13384.54
131072              22663.42
262144              33594.01
524288              47370.99
1048576             57554.91
2097152             67818.52
4194304             71746.46
8388608             73487.48
16777216            74082.01
33554432            73774.52
67108864            73252.97

# [native sdma=0] inter_pkg_1link_37  GCD(3,7) tier=inter_pkg_1link links=1
  [run 1/6] warm-up — 21:00:40
  [run 1/6] warm-up done in 25s
  [run 2/6] recording — 21:01:05
  [run 2/6] done in 25s

# OSU MPI-ROCM Bi-Directional Bandwidth Test v7.5
# Datatype: MPI_CHAR.
# Size      Bandwidth (MB/s)
1                       4.67
2                       9.14
4                      18.28
8                      36.71
16                     72.93
32                    141.90
64                    270.20
128                   526.37
256                   519.25
512                   931.16
1024                  885.44
2048                 1754.99
4096                 3383.95
8192                 1912.30
16384                3735.27
32768                6807.13
65536               12455.53
131072              21367.51
262144              32217.76
524288              45806.32
1048576             56316.99
2097152             67422.14
4194304             71504.66
8388608             73752.91
16777216            74487.61
33554432            74328.92
67108864            73862.19
  [run 3/6] recording — 21:01:30
  [run 3/6] done in 25s

# OSU MPI-ROCM Bi-Directional Bandwidth Test v7.5
# Datatype: MPI_CHAR.
# Size      Bandwidth (MB/s)
1                       4.65
2                       9.09
4                      18.32
8                      36.56
16                     73.08
32                    141.29
64                    272.18
128                   524.96
256                   511.43
512                   928.63
1024                  895.05
2048                 1771.08
4096                 3453.74
8192                 1899.02
16384                3716.17
32768                6786.18
65536               12392.04
131072              21338.11
262144              32159.66
524288              45716.67
1048576             56161.71
2097152             67425.69
4194304             71549.43
8388608             73768.84
16777216            74572.52
33554432            74434.48
67108864            73944.76
  [run 4/6] recording — 21:01:55
  [run 4/6] done in 26s

# OSU MPI-ROCM Bi-Directional Bandwidth Test v7.5
# Datatype: MPI_CHAR.
# Size      Bandwidth (MB/s)
1                       4.57
2                       9.13
4                      18.18
8                      36.40
16                     72.99
32                    141.95
64                    274.13
128                   532.77
256                   523.31
512                   934.18
1024                  885.59
2048                 1750.86
4096                 3405.84
8192                 1897.48
16384                3714.94
32768                6778.59
65536               12392.84
131072              21328.13
262144              32160.18
524288              45823.66
1048576             56319.18
2097152             67449.88
4194304             71572.23
8388608             73779.12
16777216            74430.92
33554432            74273.79
67108864            73860.92
  [run 5/6] recording — 21:02:21
  [run 5/6] done in 25s

# OSU MPI-ROCM Bi-Directional Bandwidth Test v7.5
# Datatype: MPI_CHAR.
# Size      Bandwidth (MB/s)
1                       4.63
2                       9.07
4                      18.26
8                      36.62
16                     73.28
32                    142.09
64                    275.22
128                   525.91
256                   528.33
512                   943.43
1024                  889.37
2048                 1763.36
4096                 3444.37
8192                 1858.72
16384                3663.34
32768                6735.14
65536               12356.91
131072              21287.07
262144              32148.25
524288              45722.93
1048576             56192.93
2097152             67297.84
4194304             71500.37
8388608             73734.98
16777216            74520.51
33554432            74384.40
67108864            73923.47
  [run 6/6] recording — 21:02:46
  [run 6/6] done in 25s

# OSU MPI-ROCM Bi-Directional Bandwidth Test v7.5
# Datatype: MPI_CHAR.
# Size      Bandwidth (MB/s)
1                       4.59
2                       9.11
4                      18.25
8                      36.53
16                     72.73
32                    141.58
64                    271.12
128                   511.65
256                   522.18
512                   927.26
1024                  891.07
2048                 1765.59
4096                 3449.31
8192                 1906.08
16384                3733.11
32768                6815.23
65536               12480.03
131072              21395.45
262144              32244.41
524288              45762.65
1048576             56397.09
2097152             67337.30
4194304             71552.88
8388608             73800.16
16777216            74655.08
33554432            74641.45
67108864            74168.79

# [native sdma=0] inter_pkg_1link_57  GCD(5,7) tier=inter_pkg_1link links=1
  [run 1/6] warm-up — 21:03:11
  [run 1/6] warm-up done in 25s
  [run 2/6] recording — 21:03:36
  [run 2/6] done in 26s

# OSU MPI-ROCM Bi-Directional Bandwidth Test v7.5
# Datatype: MPI_CHAR.
# Size      Bandwidth (MB/s)
1                       4.65
2                       9.08
4                      18.22
8                      36.67
16                     72.94
32                    141.70
64                    275.46
128                   532.66
256                   520.97
512                   931.70
1024                  894.34
2048                 1772.29
4096                 3456.01
8192                 1831.03
16384                3578.61
32768                6552.85
65536               12024.34
131072              20737.59
262144              31480.68
524288              45158.50
1048576             55829.02
2097152             67331.22
4194304             71473.41
8388608             73363.76
16777216            74324.40
33554432            74410.18
67108864            73951.36
  [run 3/6] recording — 21:04:02
  [run 3/6] done in 25s

# OSU MPI-ROCM Bi-Directional Bandwidth Test v7.5
# Datatype: MPI_CHAR.
# Size      Bandwidth (MB/s)
1                       4.78
2                       9.41
4                      18.82
8                      37.90
16                     75.00
32                    146.58
64                    284.20
128                   553.79
256                   532.06
512                   884.98
1024                  900.81
2048                 1787.00
4096                 3487.01
8192                 1871.64
16384                3665.75
32768                6729.40
65536               12366.11
131072              21265.35
262144              32171.96
524288              45887.44
1048576             56467.30
2097152             67492.96
4194304             71504.18
8388608             73484.54
16777216            74360.12
33554432            74265.84
67108864            73864.29
  [run 4/6] recording — 21:04:27
  [run 4/6] done in 25s

# OSU MPI-ROCM Bi-Directional Bandwidth Test v7.5
# Datatype: MPI_CHAR.
# Size      Bandwidth (MB/s)
1                       4.65
2                       9.13
4                      18.36
8                      36.42
16                     72.87
32                    141.75
64                    274.58
128                   532.41
256                   519.17
512                   937.28
1024                  874.71
2048                 1732.57
4096                 3400.34
8192                 1826.64
16384                3566.20
32768                6562.15
65536               12051.40
131072              20733.76
262144              31531.73
524288              45323.10
1048576             56222.71
2097152             67516.45
4194304             71629.48
8388608             73413.00
16777216            74312.66
33554432            74269.91
67108864            73840.86
  [run 5/6] recording — 21:04:52
  [run 5/6] done in 25s

# OSU MPI-ROCM Bi-Directional Bandwidth Test v7.5
# Datatype: MPI_CHAR.
# Size      Bandwidth (MB/s)
1                       4.74
2                       9.38
4                      18.77
8                      37.86
16                     75.29
32                    145.28
64                    267.57
128                   539.62
256                   538.40
512                   965.06
1024                  905.06
2048                 1793.05
4096                 3500.65
8192                 1898.01
16384                3714.42
32768                6818.24
65536               12458.40
131072              21385.54
262144              32320.68
524288              45892.00
1048576             56549.43
2097152             67474.56
4194304             71545.44
8388608             73477.43
16777216            74287.11
33554432            74216.11
67108864            73830.98
  [run 6/6] recording — 21:05:17
  [run 6/6] done in 26s

# OSU MPI-ROCM Bi-Directional Bandwidth Test v7.5
# Datatype: MPI_CHAR.
# Size      Bandwidth (MB/s)
1                       4.58
2                       9.05
4                      18.14
8                      36.36
16                     72.63
32                    142.87
64                    273.40
128                   515.44
256                   514.95
512                   895.49
1024                  882.94
2048                 1774.38
4096                 3466.82
8192                 1828.96
16384                3568.45
32768                6540.49
65536               12016.31
131072              20851.22
262144              31589.31
524288              45306.50
1048576             56102.44
2097152             67344.49
4194304             71554.30
8388608             73360.05
16777216            74298.73
33554432            74372.58
67108864            73979.82

# [native sdma=0] routed_07  GCD(0,7) tier=routed links=0
  [run 1/6] warm-up — 21:05:43
  [run 1/6] warm-up done in 16s
  [run 2/6] recording — 21:05:59
  [run 2/6] done in 15s

# OSU MPI-ROCM Bi-Directional Bandwidth Test v7.5
# Datatype: MPI_CHAR.
# Size      Bandwidth (MB/s)
1                       4.65
2                       9.13
4                      18.31
8                      36.53
16                     73.31
32                    141.71
64                    273.14
128                   525.88
256                   516.82
512                   934.24
1024                  904.97
2048                 1790.83
4096                 3501.35
8192                 1897.69
16384                3770.47
32768                7011.70
65536               13255.83
131072              23824.21
262144              38064.48
524288              60546.59
1048576             79803.63
2097152             99855.99
4194304            107538.28
8388608            112634.17
16777216           117467.00
33554432           122299.23
67108864           123848.86
  [run 3/6] recording — 21:06:14
  [run 3/6] done in 16s

# OSU MPI-ROCM Bi-Directional Bandwidth Test v7.5
# Datatype: MPI_CHAR.
# Size      Bandwidth (MB/s)
1                       4.65
2                       9.08
4                      18.15
8                      36.56
16                     72.72
32                    142.12
64                    271.94
128                   526.19
256                   520.58
512                   929.46
1024                  876.67
2048                 1731.99
4096                 3388.48
8192                 1898.01
16384                3754.71
32768                7031.75
65536               13270.91
131072              23608.53
262144              37601.15
524288              59849.07
1048576             78892.86
2097152             99462.26
4194304            107414.61
8388608            112662.22
16777216           117507.25
33554432           122208.78
67108864           123790.01
  [run 4/6] recording — 21:06:30
  [run 4/6] done in 16s

# OSU MPI-ROCM Bi-Directional Bandwidth Test v7.5
# Datatype: MPI_CHAR.
# Size      Bandwidth (MB/s)
1                       4.63
2                       9.10
4                      18.29
8                      36.83
16                     73.12
32                    141.96
64                    270.09
128                   534.81
256                   522.90
512                   935.89
1024                  878.89
2048                 1736.88
4096                 3387.67
8192                 1904.78
16384                3769.81
32768                7060.86
65536               13341.39
131072              23676.67
262144              37736.74
524288              59794.47
1048576             78636.75
2097152            100658.42
4194304            107471.84
8388608            112548.29
16777216           117465.40
33554432           122195.47
67108864           123836.89
  [run 5/6] recording — 21:06:46
  [run 5/6] done in 16s

# OSU MPI-ROCM Bi-Directional Bandwidth Test v7.5
# Datatype: MPI_CHAR.
# Size      Bandwidth (MB/s)
1                       4.57
2                       9.10
4                      18.37
8                      36.71
16                     73.01
32                    142.47
64                    274.79
128                   531.00
256                   518.27
512                   919.78
1024                  878.22
2048                 1741.46
4096                 3408.44
8192                 1922.16
16384                3797.78
32768                7065.19
65536               13340.32
131072              23614.49
262144              37857.58
524288              60454.83
1048576             78855.18
2097152             99203.23
4194304            107488.78
8388608            112641.53
16777216           117340.92
33554432           122159.06
67108864           123959.54
  [run 6/6] recording — 21:07:02
  [run 6/6] done in 15s

# OSU MPI-ROCM Bi-Directional Bandwidth Test v7.5
# Datatype: MPI_CHAR.
# Size      Bandwidth (MB/s)
1                       4.76
2                       9.11
4                      18.69
8                      37.15
16                     73.69
32                    142.32
64                    279.51
128                   548.81
256                   528.03
512                   951.30
1024                  870.36
2048                 1724.30
4096                 3351.69
8192                 1898.88
16384                3755.73
32768                7041.28
65536               13269.15
131072              23139.87
262144              37327.53
524288              59083.76
1048576             78350.81
2097152             99127.42
4194304            107382.88
8388608            112518.81
16777216           117400.42
33554432           122291.69
67108864           123874.94

# [native sdma=0] routed_03  GCD(0,3) tier=routed links=0
  [run 1/6] warm-up — 21:07:17
  [run 1/6] warm-up done in 29s
  [run 2/6] recording — 21:07:46
  [run 2/6] done in 29s

# OSU MPI-ROCM Bi-Directional Bandwidth Test v7.5
# Datatype: MPI_CHAR.
# Size      Bandwidth (MB/s)
1                       4.60
2                       9.05
4                      18.14
8                      36.59
16                     72.64
32                    141.49
64                    273.59
128                   530.08
256                   518.58
512                   931.14
1024                  880.24
2048                 1769.65
4096                 3487.89
8192                 2005.95
16384                3906.57
32768                7040.60
65536               12126.61
131072              20159.70
262144              29698.78
524288              41113.57
1048576             49114.27
2097152             57082.35
4194304             59736.32
8388608             61700.31
16777216            63079.35
33554432            63779.55
67108864            64125.37
  [run 3/6] recording — 21:08:15
  [run 3/6] done in 29s

# OSU MPI-ROCM Bi-Directional Bandwidth Test v7.5
# Datatype: MPI_CHAR.
# Size      Bandwidth (MB/s)
1                       4.54
2                       9.07
4                      18.10
8                      36.34
16                     72.69
32                    140.31
64                    273.15
128                   529.14
256                   523.36
512                   931.16
1024                  905.76
2048                 1798.85
4096                 3513.13
8192                 2000.32
16384                3897.76
32768                6943.69
65536               12072.64
131072              20153.40
262144              29788.07
524288              41066.43
1048576             49201.97
2097152             57026.03
4194304             59695.55
8388608             61697.07
16777216            63076.47
33554432            63777.23
67108864            64136.52
  [run 4/6] recording — 21:08:44
  [run 4/6] done in 29s

# OSU MPI-ROCM Bi-Directional Bandwidth Test v7.5
# Datatype: MPI_CHAR.
# Size      Bandwidth (MB/s)
1                       4.82
2                       9.43
4                      18.85
8                      37.90
16                     75.39
32                    147.10
64                    282.83
128                   553.75
256                   528.23
512                   951.88
1024                  900.60
2048                 1787.73
4096                 3482.68
8192                 1959.63
16384                3798.24
32768                6705.03
65536               11771.79
131072              19805.94
262144              29395.89
524288              40743.27
1048576             49137.60
2097152             56985.87
4194304             59708.97
8388608             61677.21
16777216            63070.84
33554432            63780.65
67108864            64128.45
  [run 5/6] recording — 21:09:13
  [run 5/6] done in 28s

# OSU MPI-ROCM Bi-Directional Bandwidth Test v7.5
# Datatype: MPI_CHAR.
# Size      Bandwidth (MB/s)
1                       4.67
2                       8.78
4                      18.31
8                      36.69
16                     73.04
32                    142.46
64                    272.98
128                   531.08
256                   522.70
512                   938.17
1024                  901.74
2048                 1791.41
4096                 3476.04
8192                 1983.34
16384                3878.76
32768                7014.94
65536               11939.68
131072              20174.80
262144              29964.16
524288              41185.29
1048576             49083.01
2097152             56979.22
4194304             59706.34
8388608             61691.46
16777216            63080.85
33554432            63786.51
67108864            64142.84
  [run 6/6] recording — 21:09:41
  [run 6/6] done in 30s

# OSU MPI-ROCM Bi-Directional Bandwidth Test v7.5
# Datatype: MPI_CHAR.
# Size      Bandwidth (MB/s)
1                       4.57
2                       9.09
4                      18.12
8                      36.44
16                     72.50
32                    141.02
64                    273.97
128                   526.79
256                   513.66
512                   914.04
1024                  885.55
2048                 1761.82
4096                 3443.69
8192                 1989.25
16384                3893.56
32768                6996.16
65536               12091.60
131072              20231.04
262144              29712.55
524288              41128.60
1048576             49071.27
2097152             57073.83
4194304             59729.07
8388608             61694.90
16777216            63075.75
33554432            63779.39
67108864            64131.01

# [native sdma=0] routed_17  GCD(1,7) tier=routed links=0
  [run 1/6] warm-up — 21:10:11
  [run 1/6] warm-up done in 15s
  [run 2/6] recording — 21:10:26
srun: Step created for StepId=18634054.67
  [run 2/6] done in 16s

# OSU MPI-ROCM Bi-Directional Bandwidth Test v7.5
# Datatype: MPI_CHAR.
# Size      Bandwidth (MB/s)
1                       4.61
2                       9.12
4                      18.25
8                      36.58
16                     72.77
32                    141.95
64                    273.69
128                   519.36
256                   504.60
512                   893.18
1024                  891.13
2048                 1757.74
4096                 3416.40
8192                 1856.56
16384                3678.23
32768                6885.08
65536               13044.50
131072              23440.18
262144              38077.45
524288              60016.86
1048576             79202.26
2097152            100679.55
4194304            113314.79
8388608            118973.26
16777216           121998.15
33554432           123597.52
67108864           124388.51
  [run 3/6] recording — 21:10:42
  [run 3/6] done in 16s

# OSU MPI-ROCM Bi-Directional Bandwidth Test v7.5
# Datatype: MPI_CHAR.
# Size      Bandwidth (MB/s)
1                       4.55
2                       9.05
4                      18.11
8                      36.28
16                     72.63
32                    140.49
64                    273.86
128                   526.06
256                   525.62
512                   939.03
1024                  897.09
2048                 1751.58
4096                 3461.15
8192                 1874.45
16384                3698.99
32768                6934.03
65536               13133.74
131072              23582.46
262144              38286.21
524288              60259.46
1048576             79349.16
2097152            100621.06
4194304            113274.15
8388608            118919.00
16777216           121989.60
33554432           123591.97
67108864           124363.19
  [run 4/6] recording — 21:10:58
  [run 4/6] done in 16s

# OSU MPI-ROCM Bi-Directional Bandwidth Test v7.5
# Datatype: MPI_CHAR.
# Size      Bandwidth (MB/s)
1                       4.57
2                       9.04
4                      18.28
8                      36.60
16                     72.49
32                    141.97
64                    273.75
128                   532.61
256                   517.98
512                   930.19
1024                  893.27
2048                 1774.99
4096                 3465.35
8192                 1875.16
16384                3712.02
32768                6953.10
65536               13157.32
131072              23622.84
262144              38245.65
524288              60576.76
1048576             79899.31
2097152            101824.26
4194304            113800.71
8388608            119160.64
16777216           122076.57
33554432           123637.67
67108864           124402.86
  [run 5/6] recording — 21:11:14
  [run 5/6] done in 17s

# OSU MPI-ROCM Bi-Directional Bandwidth Test v7.5
# Datatype: MPI_CHAR.
# Size      Bandwidth (MB/s)
1                       4.58
2                       9.13
4                      18.30
8                      36.76
16                     72.80
32                    142.54
64                    272.68
128                   528.80
256                   522.19
512                   930.37
1024                  897.00
2048                 1753.34
4096                 3477.40
8192                 1870.47
16384                3701.67
32768                6938.92
65536               13105.69
131072              23520.69
262144              38175.45
524288              60096.16
1048576             79345.86
2097152            101389.82
4194304            113439.06
8388608            118995.81
16777216           122008.55
33554432           123616.89
67108864           124366.97
  [run 6/6] recording — 21:11:31
  [run 6/6] done in 15s

# OSU MPI-ROCM Bi-Directional Bandwidth Test v7.5
# Datatype: MPI_CHAR.
# Size      Bandwidth (MB/s)
1                       4.67
2                       8.71
4                      18.37
8                      36.76
16                     73.39
32                    143.37
64                    275.48
128                   529.45
256                   517.02
512                   925.19
1024                  892.69
2048                 1764.85
4096                 3424.48
8192                 1851.78
16384                3678.79
32768                6877.01
65536               13054.52
131072              23443.68
262144              38029.57
524288              60038.98
1048576             79372.72
2097152            101685.11
4194304            113572.62
8388608            119050.59
16777216           122028.26
33554432           123630.87
67108864           124356.00
ALL BENCHMARKS COMPLETE  CSV=results/osu_bibw_native_18634054.csv
