Found EESSI repo @ /cvmfs/software.eessi.io/versions/2025.06!
archdetect says x86_64/amd/zen3
archdetect could not detect any accelerators
Using x86_64/amd/zen3 as software subdirectory.
Found Lmod configuration file at /cvmfs/software.eessi.io/versions/2025.06/software/linux/x86_64/amd/zen3/.lmod/lmodrc.lua
Found Lmod SitePackage.lua file at /cvmfs/software.eessi.io/versions/2025.06/software/linux/x86_64/amd/zen3/.lmod/SitePackage.lua
Using /cvmfs/software.eessi.io/host_injections/2025.06/software/linux/x86_64/amd/zen3 as the site extension directory for installations.
Using  as the site extension directory for accelerated installations.
Using /cvmfs/software.eessi.io/versions/2025.06/software/linux/x86_64/amd/zen3/modules/all as the directory to be added to MODULEPATH.
Using /cvmfs/software.eessi.io/host_injections/2025.06/software/linux/x86_64/amd/zen3/modules/all as the site extension directory to be added to MODULEPATH.
Initializing Lmod...
Prepending /cvmfs/software.eessi.io/versions/2025.06/software/linux/x86_64/amd/zen3/modules/all to $MODULEPATH...
Prepending site path /cvmfs/software.eessi.io/host_injections/2025.06/software/linux/x86_64/amd/zen3/modules/all to $MODULEPATH...
Environment set up to use EESSI (2025.06), have fun!
-- Using /tmp/$USER as a temporary working directory for installations, you can
override this by setting the environment variable WORKING_DIR and reloading the
module (e.g., /dev/shm is a common option) 
Configuring for use of EESSI_USER_INSTALL under /users/joglekar/eessi
-- To create installations for EESSI, you _must_ have write permissions to
/users/joglekar/eessi/versions/2025.06/software/linux/x86_64/amd/zen3 
-- You may wish to configure a sources directory for EasyBuild (for example,
via setting the environment variable EASYBUILD_SOURCEPATH) to allow you to
reuse existing sources for packages. 
[setup_eessi] mpirun=/users/joglekar/eessi/versions/2025.06/software/linux/x86_64/amd/zen3/software/OpenMPI/5.0.7-rocm-compilers-19.0.0-ROCm-6.4.1/bin/mpirun  EBROOT=/users/joglekar/eessi/versions/2025.06/software/linux/x86_64/amd/zen3/software/OSU-Micro-Benchmarks/7.5-rompi-2025a
--- EESSI_XCCL / HSA_ENABLE_SDMA=0 ---

# [eessi_xccl sdma=0] osu_xccl_allreduce  N=8
  [run 1/6] warm-up — 20:54:14
  [run 1/6] warm-up done in 15s
  [run 2/6] recording — 20:54:29
  [run 2/6] done in 7s
  [run 3/6] recording — 20:54:36
  [run 3/6] done in 6s
  [run 4/6] recording — 20:54:42
  [run 4/6] done in 7s
  [run 5/6] recording — 20:54:49
  [run 5/6] done in 6s
  [run 6/6] recording — 20:54:55
  [run 6/6] done in 7s

# [eessi_xccl sdma=0] osu_xccl_alltoall  N=8
  [run 1/6] warm-up — 20:55:02
  [run 1/6] warm-up done in 6s
  [run 2/6] recording — 20:55:08
  [run 2/6] done in 7s
  [run 3/6] recording — 20:55:15
  [run 3/6] done in 6s
  [run 4/6] recording — 20:55:21
  [run 4/6] done in 6s
  [run 5/6] recording — 20:55:27
  [run 5/6] done in 7s
  [run 6/6] recording — 20:55:34
  [run 6/6] done in 6s
  [skip] osu_xccl_broadcast not in /users/joglekar/eessi/versions/2025.06/software/linux/x86_64/amd/zen3/software/OSU-Micro-Benchmarks/7.5-rompi-2025a/libexec/osu-micro-benchmarks/xccl/collective

# [eessi_xccl sdma=0] osu_xccl_allgather  N=8
  [run 1/6] warm-up — 20:55:40
  [run 1/6] warm-up done in 7s
  [run 2/6] recording — 20:55:47
  [run 2/6] done in 6s
  [run 3/6] recording — 20:55:53
  [run 3/6] done in 7s
  [run 4/6] recording — 20:56:00
  [run 4/6] done in 6s
  [run 5/6] recording — 20:56:06
  [run 5/6] done in 6s
  [run 6/6] recording — 20:56:13
  [run 6/6] done in 7s

ALL BENCHMARKS COMPLETE  CSV=results/osu_xccl_eessi_18634159.csv
