########## NATIVE STACK (HSA_ENABLE_SDMA=0, baseline) ##########

Lmod is automatically replacing "craype-x86-rome" with "craype-x86-trento".


Lmod is automatically replacing "cce/19.0.0" with "amd/6.3.4".


Lmod is automatically replacing "PrgEnv-cray/8.6.0" with "PrgEnv-amd/8.6.0".


Due to MODULEPATH changes, the following have been reloaded:
  1) cray-libsci/25.03.0     2) cray-mpich/8.1.32

[setup_native] srun=/usr/bin/srun  OSU=/pfs/lustrep2/users/joglekar/code/osu-native/osu-micro-benchmarks-7.5/c/mpi/pt2pt/standard

# [native sdma=0 baseline] intra_pkg_OAM0  GCD(0,1) tier=intra_pkg
  [run 1/6] warm-up — 02:23:58
  [run 1/6] warm-up done in 9s
  [run 2/6] recording — 02:24:07
  [run 2/6] done in 7s
  [run 3/6] recording — 02:24:14
  [run 3/6] done in 7s
  [run 4/6] recording — 02:24:21
  [run 4/6] done in 7s
  [run 5/6] recording — 02:24:29
  [run 5/6] done in 7s
  [run 6/6] recording — 02:24:36
  [run 6/6] done in 7s

ALL BENCHMARKS COMPLETE  CSV=results/osu_bw_rndv_128_native_18639672.csv
