################# EESSI STACK (HSA_ENABLE_SDMA=0) ##################

# [eessi sdma=0] cfg_routed_split  ROCR=0,1,2,3,4,5,6,7
  [run 1/6] warm-up — 21:25:33
  [run 1/6] warm-up done in 15s
  [run 2/6] recording — 21:25:48
  [run 2/6] done in 6s
# OSU MPI Multiple Bandwidth / Message Rate Test v7.5
# [ pairs: 4 ] [ window size: 64 ]
# Datatype: MPI_CHAR.
# Size                  MB/s        Messages/s
1                      10.14       10139392.89
2                      20.66       10329553.09
4                      42.09       10522227.18
8                      85.49       10686361.85
16                    171.49       10718211.21
32                    326.34       10198100.09
64                    679.71       10620535.93
128                    65.10         508583.18
256                   129.92         507498.63
512                   258.70         505282.30
1024                  514.94         502867.56
2048                 1025.16         500568.52
4096                 2030.55         495740.56
8192                 3740.32         456582.01
16384                7280.62         444373.67
32768               13222.92         403531.36
65536               23923.81         365048.42
131072              40661.69         310224.09
262144              61318.89         233913.00
524288              87854.24         167568.66
1048576            108450.73         103426.67
2097152            130888.04          62412.28
4194304            139635.77          33291.76
  [run 3/6] recording — 21:25:54
  [run 3/6] done in 6s
# OSU MPI Multiple Bandwidth / Message Rate Test v7.5
# [ pairs: 4 ] [ window size: 64 ]
# Datatype: MPI_CHAR.
# Size                  MB/s        Messages/s
1                      10.15       10147369.74
2                      20.37       10183853.36
4                      41.61       10401903.55
8                      83.77       10471383.01
16                    168.38       10523479.38
32                    336.93       10529097.43
64                    671.46       10491485.09
128                    64.94         507352.61
256                   129.78         506941.83
512                   258.47         504823.03
1024                  515.45         503371.46
2048                 1029.04         502462.72
4096                 2030.97         495843.41
8192                 3722.00         454345.77
16384                7260.16         443125.10
32768               13176.27         402107.75
65536               23849.87         363920.16
131072              40693.85         310469.47
262144              61294.09         233818.41
524288              87843.79         167548.73
1048576            108570.33         103540.73
2097152            131038.40          62483.98
4194304            139709.23          33309.28
  [run 4/6] recording — 21:26:00
  [run 4/6] done in 6s
# OSU MPI Multiple Bandwidth / Message Rate Test v7.5
# [ pairs: 4 ] [ window size: 64 ]
# Datatype: MPI_CHAR.
# Size                  MB/s        Messages/s
1                       9.99        9989150.46
2                      20.28       10138637.95
4                      41.45       10362474.08
8                      84.05       10506435.86
16                    169.29       10580389.10
32                    337.94       10560636.77
64                    672.94       10514623.03
128                    65.02         507965.32
256                   129.83         507154.20
512                   256.83         501630.43
1024                  509.14         497209.68
2048                 1018.02         497080.92
4096                 2005.76         489688.59
8192                 3705.02         452272.37
16384                7223.12         440864.42
32768               13183.04         402314.38
65536               23823.45         363517.03
131072              40649.09         310127.95
262144              61256.45         233674.80
524288              87774.04         167415.70
1048576            108517.71         103490.55
2097152            130979.23          62455.77
4194304            139616.30          33287.12
  [run 5/6] recording — 21:26:06
  [run 5/6] done in 6s
# OSU MPI Multiple Bandwidth / Message Rate Test v7.5
# [ pairs: 4 ] [ window size: 64 ]
# Datatype: MPI_CHAR.
# Size                  MB/s        Messages/s
1                       9.99        9988786.03
2                      20.29       10144013.29
4                      41.44       10360079.54
8                      83.83       10478311.38
16                    167.97       10498317.40
32                    334.62       10456862.79
64                    677.02       10578414.04
128                    64.09         500694.53
256                   127.80         499225.75
512                   254.97         497978.83
1024                  508.99         497057.17
2048                 1018.33         497229.44
4096                 2002.71         488942.10
8192                 3690.43         450492.39
16384                7184.97         438535.53
32768               13077.24         399085.76
65536               23713.56         361840.21
131072              40563.07         309471.65
262144              61101.98         233085.55
524288              87731.43         167334.42
1048576            108337.21         103318.42
2097152            130689.91          62317.80
4194304            139507.19          33261.11
  [run 6/6] recording — 21:26:12
  [run 6/6] done in 6s
# OSU MPI Multiple Bandwidth / Message Rate Test v7.5
# [ pairs: 4 ] [ window size: 64 ]
# Datatype: MPI_CHAR.
# Size                  MB/s        Messages/s
1                      10.13       10125111.37
2                      21.07       10532898.85
4                      42.88       10719038.10
8                      86.24       10779854.01
16                    172.25       10765542.57
32                    343.55       10735891.92
64                    678.65       10603861.98
128                    64.58         504525.96
256                   129.03         504006.36
512                   256.61         501182.84
1024                  509.62         497677.25
2048                 1016.16         496173.92
4096                 1997.19         487595.50
8192                 3677.67         448934.27
16384                7168.33         437520.15
32768               13012.14         397099.01
65536               23669.82         361172.77
131072              40550.01         309372.01
262144              61032.16         232819.23
524288              87620.96         167123.71
1048576            108338.80         103319.93
2097152            130820.12          62379.90
4194304            139569.98          33276.08

# [eessi sdma=0] cfg_intra_pkg  ROCR=0,2,4,6,1,3,5,7
  [run 1/6] warm-up — 21:26:18
  [run 1/6] warm-up done in 5s
  [run 2/6] recording — 21:26:23
  [run 2/6] done in 4s
# OSU MPI Multiple Bandwidth / Message Rate Test v7.5
# [ pairs: 4 ] [ window size: 64 ]
# Datatype: MPI_CHAR.
# Size                  MB/s        Messages/s
1                      10.70       10702089.47
2                      21.01       10505880.73
4                      42.96       10740435.56
8                      86.95       10868180.85
16                    174.03       10876992.58
32                    349.67       10927323.16
64                    686.75       10730523.34
128                    65.70         513250.93
256                   130.91         511361.90
512                   260.70         509186.11
1024                  520.91         508700.48
2048                 1045.22         510362.27
4096                 2070.89         505588.16
8192                 3881.80         473852.80
16384                7728.55         471713.02
32768               14380.20         438848.88
65536               27892.60         425607.25
131072              52695.99         402038.51
262144              87116.73         332323.94
524288             155410.43         296421.87
1048576            235661.05         224743.89
2097152            332164.43         158388.34
4194304            466673.98         111263.75
  [run 3/6] recording — 21:26:27
  [run 3/6] done in 5s
# OSU MPI Multiple Bandwidth / Message Rate Test v7.5
# [ pairs: 4 ] [ window size: 64 ]
# Datatype: MPI_CHAR.
# Size                  MB/s        Messages/s
1                      10.35       10352432.59
2                      20.75       10376509.20
4                      42.64       10661120.66
8                      86.29       10785793.51
16                    173.41       10838280.68
32                    346.21       10819009.59
64                    686.20       10721832.73
128                    66.11         516521.27
256                   131.69         514411.62
512                   263.68         515003.50
1024                  520.09         507903.53
2048                 1038.95         507298.98
4096                 2062.42         503520.25
8192                 3864.46         471735.44
16384                7708.01         470459.35
32768               14336.31         437509.59
65536               27819.22         424487.58
131072              52029.99         396957.35
262144              86888.61         331453.73
524288             155249.52         296114.97
1048576            235193.30         224297.81
2097152            332131.39         158372.59
4194304            465676.55         111025.94
  [run 4/6] recording — 21:26:32
  [run 4/6] done in 5s
# OSU MPI Multiple Bandwidth / Message Rate Test v7.5
# [ pairs: 4 ] [ window size: 64 ]
# Datatype: MPI_CHAR.
# Size                  MB/s        Messages/s
1                      10.15       10154706.56
2                      19.99        9997364.95
4                      40.94       10235396.12
8                      82.82       10351930.25
16                    165.47       10342001.09
32                    334.23       10444549.18
64                    662.05       10344455.21
128                    66.18         517030.13
256                   131.93         515367.55
512                   263.06         513779.66
1024                  518.16         506020.18
2048                 1033.36         504570.45
4096                 2046.46         499624.12
8192                 3871.26         472566.15
16384                7710.61         470618.31
32768               14481.27         441933.34
65536               28076.90         428419.45
131072              52013.98         396835.20
262144              87032.00         332000.75
524288             155165.16         295954.06
1048576            235228.65         224331.53
2097152            331984.88         158302.73
4194304            465678.30         111026.36
  [run 5/6] recording — 21:26:37
  [run 5/6] done in 4s
# OSU MPI Multiple Bandwidth / Message Rate Test v7.5
# [ pairs: 4 ] [ window size: 64 ]
# Datatype: MPI_CHAR.
# Size                  MB/s        Messages/s
1                      10.25       10249275.59
2                      21.10       10552191.87
4                      43.56       10890411.30
8                      87.98       10997813.11
16                    173.70       10856377.34
32                    350.18       10943023.61
64                    687.04       10734957.77
128                    65.65         512877.03
256                   130.82         511014.81
512                   260.55         508894.13
1024                  520.35         508157.21
2048                 1035.57         505649.98
4096                 2055.51         501832.88
8192                 3877.27         473299.61
16384                7709.89         470574.41
32768               14295.12         436252.40
65536               27791.22         424060.42
131072              52138.95         397788.64
262144              86864.14         331360.38
524288             155117.11         295862.42
1048576            235303.68         224403.07
2097152            331945.24         158283.82
4194304            465977.43         111097.68
  [run 6/6] recording — 21:26:41
  [run 6/6] done in 5s
# OSU MPI Multiple Bandwidth / Message Rate Test v7.5
# [ pairs: 4 ] [ window size: 64 ]
# Datatype: MPI_CHAR.
# Size                  MB/s        Messages/s
1                      10.13       10127644.92
2                      20.31       10156447.98
4                      41.64       10409417.43
8                      84.47       10558699.56
16                    169.58       10598994.30
32                    338.55       10579580.19
64                    679.61       10618973.10
128                    66.11         516471.52
256                   131.56         513915.48
512                   262.14         511983.05
1024                  522.97         510710.07
2048                 1043.06         509305.11
4096                 2063.84         503866.41
8192                 3874.16         472919.95
16384                7720.32         471210.87
32768               14265.19         435338.92
65536               27674.89         422285.27
131072              51870.67         395741.81
262144              86763.74         330977.42
524288             155073.32         295778.89
1048576            235173.33         224278.77
2097152            331096.67         157879.20
4194304            466549.45         111234.06

# [eessi sdma=0] cfg_mixed_1link  ROCR=0,1,4,5,2,3,6,7
  [run 1/6] warm-up — 21:26:46
  [run 1/6] warm-up done in 6s
  [run 2/6] recording — 21:26:52
  [run 2/6] done in 6s
# OSU MPI Multiple Bandwidth / Message Rate Test v7.5
# [ pairs: 4 ] [ window size: 64 ]
# Datatype: MPI_CHAR.
# Size                  MB/s        Messages/s
1                      10.17       10171671.79
2                      20.89       10445087.20
4                      40.14       10033788.59
8                      87.44       10929462.17
16                    174.82       10926257.47
32                    348.10       10878263.63
64                    702.90       10982737.26
128                    66.31         518044.10
256                   132.11         516042.12
512                   264.21         516031.41
1024                  529.78         517365.36
2048                 1051.85         513596.35
4096                 2073.98         506342.68
8192                 3792.06         462897.54
16384                7404.72         451948.20
32768               13565.70         413992.42
65536               24615.36         375600.59
131072              41715.51         318264.07
262144              63098.79         240702.80
524288              91144.39         173844.12
1048576            113815.75         108543.16
2097152            138937.77          66250.69
4194304            149021.00          35529.38
  [run 3/6] recording — 21:26:58
  [run 3/6] done in 5s
# OSU MPI Multiple Bandwidth / Message Rate Test v7.5
# [ pairs: 4 ] [ window size: 64 ]
# Datatype: MPI_CHAR.
# Size                  MB/s        Messages/s
1                      10.09       10085667.10
2                      19.88        9938764.01
4                      40.51       10128629.64
8                      82.34       10291904.13
16                    167.70       10481298.35
32                    329.17       10286501.16
64                    665.98       10405939.35
128                    66.40         518739.23
256                   132.73         518495.88
512                   265.25         518060.36
1024                  529.88         517464.29
2048                 1057.30         516257.73
4096                 2068.92         505106.23
8192                 3801.39         464036.77
16384                7429.32         453449.50
32768               13574.46         414259.49
65536               24693.02         376785.57
131072              41781.04         318764.01
262144              63258.60         241312.42
524288              91125.05         173807.24
1048576            113811.73         108539.33
2097152            138859.15          66213.20
4194304            148974.94          35518.39
  [run 4/6] recording — 21:27:03
  [run 4/6] done in 6s
# OSU MPI Multiple Bandwidth / Message Rate Test v7.5
# [ pairs: 4 ] [ window size: 64 ]
# Datatype: MPI_CHAR.
# Size                  MB/s        Messages/s
1                      10.18       10177234.96
2                      20.78       10389747.43
4                      42.57       10642330.10
8                      86.42       10803054.10
16                    171.45       10715554.15
32                    347.69       10865256.39
64                    690.16       10783686.51
128                    66.36         518444.44
256                   132.45         517399.51
512                   264.82         517222.27
1024                  527.01         514653.81
2048                 1051.13         513247.94
4096                 2072.48         505975.59
8192                 3782.45         461724.36
16384                7378.17         450327.67
32768               13474.77         411217.24
65536               24444.33         372990.92
131072              41743.53         318477.83
262144              63236.35         241227.53
524288              91259.69         174064.04
1048576            113735.93         108467.03
2097152            138706.81          66140.56
4194304            148937.82          35509.54
  [run 5/6] recording — 21:27:09
  [run 5/6] done in 6s
# OSU MPI Multiple Bandwidth / Message Rate Test v7.5
# [ pairs: 4 ] [ window size: 64 ]
# Datatype: MPI_CHAR.
# Size                  MB/s        Messages/s
1                      10.71       10707819.27
2                      20.01       10004719.02
4                      40.17       10042999.53
8                      82.21       10276624.86
16                    165.80       10362496.10
32                    333.69       10427959.80
64                    657.60       10275032.72
128                    67.03         523698.50
256                   133.87         522918.53
512                   265.72         518990.92
1024                  526.78         514433.63
2048                 1050.88         513125.57
4096                 2084.51         508914.73
8192                 3817.23         465970.53
16384                7451.11         454779.80
32768               13601.90         415097.13
65536               24699.91         376890.68
131072              41877.51         319500.07
262144              63422.54         241937.80
524288              91482.42         174488.86
1048576            113956.20         108677.10
2097152            139087.53          66322.10
4194304            149073.91          35541.99
  [run 6/6] recording — 21:27:15
  [run 6/6] done in 5s
# OSU MPI Multiple Bandwidth / Message Rate Test v7.5
# [ pairs: 4 ] [ window size: 64 ]
# Datatype: MPI_CHAR.
# Size                  MB/s        Messages/s
1                      10.18       10180424.16
2                      20.59       10297304.50
4                      41.96       10490742.38
8                      84.80       10599518.72
16                    169.91       10619312.28
32                    335.76       10492473.03
64                    659.16       10299403.87
128                    66.98         523302.41
256                   133.77         522536.22
512                   265.01         517600.26
1024                  530.05         517623.57
2048                 1054.87         515073.28
4096                 2074.06         506361.66
8192                 3799.85         463848.98
16384                7413.95         452511.53
32768               13461.31         410806.58
65536               24369.71         371852.34
131072              41721.69         318311.23
262144              63201.64         241095.13
524288              91296.41         174134.08
1048576            113814.49         108541.95
2097152            139002.66          66281.63
4194304            149034.64          35532.63
ALL BENCHMARKS COMPLETE  CSV=results/osu_mbw_mr_eessi_18634824.csv
