## EESSI STACK (HSA_ENABLE_SDMA=0, UCC=ucp+self, UCX_RNDV_THRESH=1024) ##

# [eessi sdma=0 rndv=1024] osu_allreduce  N=2  devices=0,1
  [run 1/6] warm-up — 23:20:53
  [run 1/6] warm-up done in 16s
  [run 2/6] recording — 23:21:09
  [run 2/6] done in 3s

# OSU MPI-ROCM Allreduce Latency Test v7.5
# Datatype: MPI_INT.
# Size       Avg Latency(us)
4                       1.29
8                       1.28
16                      1.23
32                      1.23
64                      1.24
128                     1.26
256                     1.27
512                    35.95
1024                   31.86
2048                   31.81
4096                   48.28
8192                   47.17
16384                  47.21
32768                  46.76
65536                  47.39
131072                 47.78
262144                 49.32
524288                 52.64
1048576                56.24
  [run 3/6] recording — 23:21:12
  [run 3/6] done in 3s

# OSU MPI-ROCM Allreduce Latency Test v7.5
# Datatype: MPI_INT.
# Size       Avg Latency(us)
4                       1.33
8                       1.32
16                      1.27
32                      1.28
64                      1.28
128                     1.30
256                     1.31
512                    35.72
1024                   31.56
2048                   31.70
4096                   48.11
8192                   47.10
16384                  46.70
32768                  46.82
65536                  47.31
131072                 47.77
262144                 49.23
524288                 53.01
1048576                56.35
  [run 4/6] recording — 23:21:15
  [run 4/6] done in 4s

# OSU MPI-ROCM Allreduce Latency Test v7.5
# Datatype: MPI_INT.
# Size       Avg Latency(us)
4                       1.30
8                       1.29
16                      1.25
32                      1.24
64                      1.30
128                     1.39
256                     1.31
512                    35.91
1024                   31.26
2048                   31.68
4096                   47.87
8192                   47.13
16384                  47.21
32768                  47.13
65536                  47.24
131072                 48.13
262144                 49.76
524288                 53.18
1048576                57.06
  [run 5/6] recording — 23:21:19
  [run 5/6] done in 3s

# OSU MPI-ROCM Allreduce Latency Test v7.5
# Datatype: MPI_INT.
# Size       Avg Latency(us)
4                       1.32
8                       1.31
16                      1.26
32                      1.25
64                      1.26
128                     1.27
256                     1.29
512                    35.70
1024                   31.44
2048                   31.73
4096                   47.63
8192                   46.75
16384                  46.51
32768                  46.39
65536                  47.16
131072                 47.47
262144                 48.91
524288                 52.86
1048576                56.20
  [run 6/6] recording — 23:21:22
  [run 6/6] done in 3s

# OSU MPI-ROCM Allreduce Latency Test v7.5
# Datatype: MPI_INT.
# Size       Avg Latency(us)
4                       1.32
8                       1.32
16                      1.27
32                      1.27
64                      1.28
128                     1.30
256                     1.31
512                    35.73
1024                   31.26
2048                   31.19
4096                   47.24
8192                   46.56
16384                  46.34
32768                  46.29
65536                  46.96
131072                 47.63
262144                 48.76
524288                 52.57
1048576                56.17

# [eessi sdma=0 rndv=1024] osu_allreduce  N=4  devices=0,1,2,3
  [run 1/6] warm-up — 23:21:26
  [run 1/6] warm-up done in 4s
  [run 2/6] recording — 23:21:29
  [run 2/6] done in 4s

# OSU MPI-ROCM Allreduce Latency Test v7.5
# Datatype: MPI_INT.
# Size       Avg Latency(us)
4                       2.79
8                       2.86
16                      2.83
32                      2.82
64                      2.83
128                     2.86
256                     2.87
512                    59.91
1024                   45.05
2048                   45.55
4096                  107.41
8192                  107.27
16384                 108.48
32768                 114.84
65536                 108.32
131072                110.60
262144                113.45
524288                120.37
1048576               132.41
  [run 3/6] recording — 23:21:33
  [run 3/6] done in 4s

# OSU MPI-ROCM Allreduce Latency Test v7.5
# Datatype: MPI_INT.
# Size       Avg Latency(us)
4                       2.96
8                       2.86
16                      2.82
32                      2.84
64                      2.79
128                     2.83
256                     2.91
512                    59.78
1024                   45.64
2048                   45.88
4096                  103.00
8192                  101.59
16384                 102.70
32768                 109.72
65536                 103.54
131072                105.38
262144                108.28
524288                115.40
1048576               127.60
  [run 4/6] recording — 23:21:37
  [run 4/6] done in 3s

# OSU MPI-ROCM Allreduce Latency Test v7.5
# Datatype: MPI_INT.
# Size       Avg Latency(us)
4                       2.99
8                       2.90
16                      2.68
32                      2.87
64                      2.90
128                     2.90
256                     2.92
512                    60.53
1024                   45.66
2048                   46.35
4096                  107.32
8192                  105.94
16384                 105.25
32768                 112.37
65536                 106.47
131072                108.33
262144                111.70
524288                119.28
1048576               130.92
  [run 5/6] recording — 23:21:40
  [run 5/6] done in 4s

# OSU MPI-ROCM Allreduce Latency Test v7.5
# Datatype: MPI_INT.
# Size       Avg Latency(us)
4                       2.77
8                       2.85
16                      2.63
32                      2.76
64                      2.68
128                     2.78
256                     2.73
512                    60.14
1024                   45.47
2048                   45.62
4096                  106.18
8192                  105.74
16384                 105.84
32768                 112.82
65536                 106.30
131072                108.68
262144                111.61
524288                118.67
1048576               130.46
  [run 6/6] recording — 23:21:44
  [run 6/6] done in 4s

# OSU MPI-ROCM Allreduce Latency Test v7.5
# Datatype: MPI_INT.
# Size       Avg Latency(us)
4                       2.83
8                       2.73
16                      2.67
32                      2.68
64                      2.70
128                     2.71
256                     2.73
512                    59.96
1024                   45.21
2048                   45.16
4096                  108.19
8192                  106.65
16384                 107.89
32768                 113.62
65536                 107.21
131072                109.42
262144                112.07
524288                120.00
1048576               131.81

# [eessi sdma=0 rndv=1024] osu_allreduce  N=8  devices=0,1,2,3,4,5,6,7
  [run 1/6] warm-up — 23:21:48
  [run 1/6] warm-up done in 4s
  [run 2/6] recording — 23:21:52
  [run 2/6] done in 5s

# OSU MPI-ROCM Allreduce Latency Test v7.5
# Datatype: MPI_INT.
# Size       Avg Latency(us)
4                       4.72
8                       4.57
16                      4.44
32                      4.54
64                      4.56
128                     4.66
256                     4.68
512                    95.58
1024                   86.54
2048                   86.23
4096                  167.67
8192                  166.56
16384                 162.92
32768                 162.89
65536                 163.55
131072                165.59
262144                170.19
524288                180.11
1048576               196.43
  [run 3/6] recording — 23:21:57
  [run 3/6] done in 4s

# OSU MPI-ROCM Allreduce Latency Test v7.5
# Datatype: MPI_INT.
# Size       Avg Latency(us)
4                       4.72
8                       4.70
16                      4.54
32                      4.51
64                      4.54
128                     4.60
256                     4.66
512                    95.58
1024                   87.05
2048                   86.50
4096                  167.54
8192                  165.43
16384                 161.61
32768                 161.35
65536                 162.28
131072                163.81
262144                168.54
524288                179.06
1048576               195.32
  [run 4/6] recording — 23:22:01
  [run 4/6] done in 4s

# OSU MPI-ROCM Allreduce Latency Test v7.5
# Datatype: MPI_INT.
# Size       Avg Latency(us)
4                       4.86
8                       4.73
16                      4.61
32                      4.63
64                      4.69
128                     4.77
256                     4.76
512                    95.29
1024                   87.17
2048                   86.65
4096                  171.67
8192                  169.95
16384                 165.37
32768                 165.28
65536                 165.76
131072                168.10
262144                172.05
524288                182.32
1048576               198.81
  [run 5/6] recording — 23:22:05
  [run 5/6] done in 5s

# OSU MPI-ROCM Allreduce Latency Test v7.5
# Datatype: MPI_INT.
# Size       Avg Latency(us)
4                       4.70
8                       4.61
16                      4.51
32                      4.48
64                      4.52
128                     4.56
256                     4.66
512                    95.43
1024                   86.91
2048                   86.12
4096                  168.26
8192                  167.74
16384                 164.44
32768                 163.94
65536                 164.57
131072                166.68
262144                171.30
524288                181.43
1048576               198.00
  [run 6/6] recording — 23:22:10
  [run 6/6] done in 4s

# OSU MPI-ROCM Allreduce Latency Test v7.5
# Datatype: MPI_INT.
# Size       Avg Latency(us)
4                       4.72
8                       4.60
16                      4.49
32                      4.53
64                      4.56
128                     4.61
256                     4.68
512                    95.45
1024                   86.46
2048                   85.47
4096                  165.94
8192                  162.98
16384                 160.62
32768                 160.79
65536                 161.50
131072                163.35
262144                167.81
524288                177.99
1048576               194.08

# [eessi sdma=0 rndv=1024] osu_alltoall  N=2  devices=0,1
  [run 1/6] warm-up — 23:22:14
  [run 1/6] warm-up done in 3s
  [run 2/6] recording — 23:22:17
  [run 2/6] done in 3s

# OSU MPI-ROCM All-to-All Personalized Exchange Latency Test v7.5
# Datatype: MPI_CHAR.
# Size       Avg Latency(us)
1                       1.59
2                       1.56
4                       1.51
8                       1.51
16                      1.71
32                      1.51
64                      1.51
128                     1.53
256                     1.54
512                    24.71
1024                   28.84
2048                   28.46
4096                   13.99
8192                   15.05
16384                  15.20
32768                  16.77
65536                  17.26
131072                 20.21
262144                 37.04
524288                 60.77
1048576                43.04
  [run 3/6] recording — 23:22:20
  [run 3/6] done in 3s

# OSU MPI-ROCM All-to-All Personalized Exchange Latency Test v7.5
# Datatype: MPI_CHAR.
# Size       Avg Latency(us)
1                       1.59
2                       1.57
4                       1.52
8                       1.52
16                      1.52
32                      1.52
64                      1.53
128                     1.54
256                     1.56
512                    24.66
1024                   28.64
2048                   28.49
4096                   13.84
8192                   14.63
16384                  15.52
32768                  15.64
65536                  16.92
131072                 20.02
262144                 36.86
524288                 61.53
1048576                43.20
  [run 4/6] recording — 23:22:23
  [run 4/6] done in 4s

# OSU MPI-ROCM All-to-All Personalized Exchange Latency Test v7.5
# Datatype: MPI_CHAR.
# Size       Avg Latency(us)
1                       1.59
2                       1.57
4                       1.52
8                       1.51
16                      1.52
32                      1.52
64                      1.53
128                     1.53
256                     1.55
512                    24.66
1024                   28.61
2048                   28.36
4096                   13.72
8192                   14.69
16384                  15.02
32768                  15.88
65536                  17.00
131072                 20.00
262144                 37.46
524288                 61.56
1048576                42.86
  [run 5/6] recording — 23:22:27
  [run 5/6] done in 3s

# OSU MPI-ROCM All-to-All Personalized Exchange Latency Test v7.5
# Datatype: MPI_CHAR.
# Size       Avg Latency(us)
1                       1.59
2                       1.57
4                       1.52
8                       1.69
16                      1.52
32                      1.51
64                      1.52
128                     1.53
256                     1.55
512                    24.69
1024                   28.55
2048                   28.38
4096                   13.82
8192                   14.92
16384                  15.24
32768                  16.39
65536                  17.19
131072                 20.16
262144                 36.15
524288                 61.30
1048576                42.81
  [run 6/6] recording — 23:22:30
  [run 6/6] done in 3s

# OSU MPI-ROCM All-to-All Personalized Exchange Latency Test v7.5
# Datatype: MPI_CHAR.
# Size       Avg Latency(us)
1                       1.61
2                       1.59
4                       1.53
8                       1.54
16                      1.53
32                      1.54
64                      1.55
128                     1.56
256                     1.57
512                    24.71
1024                   29.17
2048                   29.44
4096                   13.64
8192                   14.86
16384                  14.99
32768                  15.85
65536                  17.14
131072                 20.23
262144                 37.61
524288                 62.32
1048576                42.46

# [eessi sdma=0 rndv=1024] osu_alltoall  N=4  devices=0,1,2,3
  [run 1/6] warm-up — 23:22:33
  [run 1/6] warm-up done in 4s
  [run 2/6] recording — 23:22:37
  [run 2/6] done in 3s

# OSU MPI-ROCM All-to-All Personalized Exchange Latency Test v7.5
# Datatype: MPI_CHAR.
# Size       Avg Latency(us)
1                       3.79
2                       3.26
4                       3.22
8                       3.02
16                      3.17
32                      3.00
64                      3.16
128                     3.20
256                     3.16
512                    50.15
1024                   73.68
2048                   47.06
4096                   47.95
8192                   49.53
16384                  50.22
32768                  52.82
65536                  56.26
131072                 63.58
262144                107.64
524288                167.39
1048576               158.83
  [run 3/6] recording — 23:22:40
  [run 3/6] done in 4s

# OSU MPI-ROCM All-to-All Personalized Exchange Latency Test v7.5
# Datatype: MPI_CHAR.
# Size       Avg Latency(us)
1                       3.67
2                       3.52
4                       3.36
8                       3.06
16                      3.29
32                      3.08
64                      3.32
128                     3.11
256                     3.34
512                    51.27
1024                   73.47
2048                   47.44
4096                   47.73
8192                   49.35
16384                  50.02
32768                  52.82
65536                  56.11
131072                 63.81
262144                107.98
524288                163.72
1048576               158.97
  [run 4/6] recording — 23:22:44
  [run 4/6] done in 3s

# OSU MPI-ROCM All-to-All Personalized Exchange Latency Test v7.5
# Datatype: MPI_CHAR.
# Size       Avg Latency(us)
1                       3.93
2                       3.25
4                       3.23
8                       3.03
16                      3.16
32                      3.08
64                      3.15
128                     3.21
256                     3.14
512                    50.70
1024                   73.90
2048                   47.36
4096                   48.02
8192                   49.64
16384                  50.35
32768                  53.25
65536                  56.49
131072                 63.86
262144                107.10
524288                165.96
1048576               159.17
  [run 5/6] recording — 23:22:47
  [run 5/6] done in 4s

# OSU MPI-ROCM All-to-All Personalized Exchange Latency Test v7.5
# Datatype: MPI_CHAR.
# Size       Avg Latency(us)
1                       3.62
2                       3.22
4                       3.28
8                       3.06
16                      3.03
32                      3.01
64                      3.20
128                     3.08
256                     3.24
512                    50.13
1024                   77.28
2048                   47.25
4096                   48.04
8192                   49.83
16384                  50.51
32768                  53.28
65536                  56.64
131072                 63.92
262144                108.91
524288                162.11
1048576               158.71
  [run 6/6] recording — 23:22:51
  [run 6/6] done in 3s

# OSU MPI-ROCM All-to-All Personalized Exchange Latency Test v7.5
# Datatype: MPI_CHAR.
# Size       Avg Latency(us)
1                       3.76
2                       3.41
4                       3.17
8                       3.16
16                      3.18
32                      3.23
64                      3.27
128                     3.29
256                     3.35
512                    49.99
1024                   73.76
2048                   47.92
4096                   47.77
8192                   49.25
16384                  49.81
32768                  52.94
65536                  55.87
131072                 63.39
262144                107.55
524288                169.73
1048576               158.52

# [eessi sdma=0 rndv=1024] osu_alltoall  N=8  devices=0,1,2,3,4,5,6,7
  [run 1/6] warm-up — 23:22:54
  [run 1/6] warm-up done in 5s
  [run 2/6] recording — 23:22:59
  [run 2/6] done in 4s

# OSU MPI-ROCM All-to-All Personalized Exchange Latency Test v7.5
# Datatype: MPI_CHAR.
# Size       Avg Latency(us)
1                       9.33
2                       7.01
4                       6.99
8                       6.86
16                      7.06
32                      6.82
64                      7.01
128                     7.13
256                     7.26
512                   132.69
1024                  112.73
2048                  112.52
4096                  112.77
8192                  115.77
16384                 117.18
32768                 122.78
65536                 129.52
131072                148.43
262144                246.08
524288                361.94
1048576               355.59
  [run 3/6] recording — 23:23:03
  [run 3/6] done in 5s

# OSU MPI-ROCM All-to-All Personalized Exchange Latency Test v7.5
# Datatype: MPI_CHAR.
# Size       Avg Latency(us)
1                       9.16
2                       6.96
4                       6.98
8                       6.91
16                      6.84
32                      6.84
64                      7.04
128                     7.13
256                     7.32
512                   133.18
1024                  113.43
2048                  113.10
4096                  113.47
8192                  116.46
16384                 117.72
32768                 123.20
65536                 130.11
131072                148.20
262144                241.07
524288                364.12
1048576               356.11
  [run 4/6] recording — 23:23:08
  [run 4/6] done in 4s

# OSU MPI-ROCM All-to-All Personalized Exchange Latency Test v7.5
# Datatype: MPI_CHAR.
# Size       Avg Latency(us)
1                       9.23
2                       6.96
4                       6.99
8                       6.98
16                      7.01
32                      6.95
64                      7.15
128                     7.21
256                     7.29
512                   133.13
1024                  112.57
2048                  112.24
4096                  112.77
8192                  115.93
16384                 117.13
32768                 123.04
65536                 129.97
131072                148.33
262144                244.56
524288                361.71
1048576               355.98
  [run 5/6] recording — 23:23:12
  [run 5/6] done in 5s

# OSU MPI-ROCM All-to-All Personalized Exchange Latency Test v7.5
# Datatype: MPI_CHAR.
# Size       Avg Latency(us)
1                       9.22
2                       6.92
4                       6.88
8                       7.00
16                      6.93
32                      6.94
64                      7.00
128                     7.04
256                     7.33
512                   133.31
1024                  112.17
2048                  112.37
4096                  112.77
8192                  115.85
16384                 117.11
32768                 122.70
65536                 129.48
131072                147.94
262144                242.32
524288                360.31
1048576               356.20
  [run 6/6] recording — 23:23:17
  [run 6/6] done in 4s

# OSU MPI-ROCM All-to-All Personalized Exchange Latency Test v7.5
# Datatype: MPI_CHAR.
# Size       Avg Latency(us)
1                       9.13
2                       6.95
4                       6.91
8                       6.91
16                      6.81
32                      6.78
64                      6.97
128                     7.09
256                     7.23
512                   133.23
1024                  113.28
2048                  112.67
4096                  113.19
8192                  116.67
16384                 117.93
32768                 123.73
65536                 130.24
131072                151.10
262144                241.28
524288                364.27
1048576               357.14

# [eessi sdma=0 rndv=1024] osu_bcast  N=2  devices=0,1
  [run 1/6] warm-up — 23:23:21
  [run 1/6] warm-up done in 3s
  [run 2/6] recording — 23:23:24
  [run 2/6] done in 3s

# OSU MPI-ROCM Broadcast Latency Test v7.5
# Datatype: MPI_CHAR.
# Size       Avg Latency(us)
1                       0.78
2                       0.77
4                       0.73
8                       0.79
16                      0.77
32                      0.72
64                      0.73
128                     0.73
256                     0.74
512                    12.16
1024                   12.30
2048                   12.28
4096                   12.19
8192                   12.96
16384                  12.83
32768                  13.39
65536                  13.63
131072                 14.07
262144                 15.59
524288                 17.07
1048576                22.01
  [run 3/6] recording — 23:23:27
  [run 3/6] done in 4s

# OSU MPI-ROCM Broadcast Latency Test v7.5
# Datatype: MPI_CHAR.
# Size       Avg Latency(us)
1                       0.79
2                       0.78
4                       0.73
8                       0.73
16                      0.73
32                      0.73
64                      0.74
128                     0.74
256                     0.74
512                    12.18
1024                   12.32
2048                   12.24
4096                   12.39
8192                   12.96
16384                  12.85
32768                  13.37
65536                  14.16
131072                 14.13
262144                 15.64
524288                 17.11
1048576                21.72
  [run 4/6] recording — 23:23:31
  [run 4/6] done in 3s

# OSU MPI-ROCM Broadcast Latency Test v7.5
# Datatype: MPI_CHAR.
# Size       Avg Latency(us)
1                       0.77
2                       0.76
4                       0.72
8                       0.72
16                      0.72
32                      0.72
64                      0.73
128                     0.73
256                     0.73
512                    12.12
1024                   12.42
2048                   12.25
4096                   12.37
8192                   12.91
16384                  12.92
32768                  13.42
65536                  13.63
131072                 14.18
262144                 15.73
524288                 17.09
1048576                21.54
  [run 5/6] recording — 23:23:34
  [run 5/6] done in 3s

# OSU MPI-ROCM Broadcast Latency Test v7.5
# Datatype: MPI_CHAR.
# Size       Avg Latency(us)
1                       0.79
2                       0.91
4                       0.73
8                       0.73
16                      0.74
32                      0.74
64                      0.75
128                     0.83
256                     0.75
512                    12.09
1024                   12.30
2048                   12.31
4096                   12.33
8192                   12.95
16384                  12.95
32768                  13.41
65536                  13.64
131072                 14.13
262144                 15.76
524288                 17.19
1048576                21.61
  [run 6/6] recording — 23:23:37
  [run 6/6] done in 3s

# OSU MPI-ROCM Broadcast Latency Test v7.5
# Datatype: MPI_CHAR.
# Size       Avg Latency(us)
1                       0.79
2                       0.78
4                       0.73
8                       0.73
16                      0.73
32                      0.73
64                      0.74
128                     0.74
256                     0.74
512                    12.11
1024                   12.30
2048                   12.35
4096                   12.53
8192                   13.04
16384                  13.09
32768                  13.51
65536                  13.76
131072                 14.30
262144                 15.86
524288                 17.28
1048576                21.76

# [eessi sdma=0 rndv=1024] osu_bcast  N=4  devices=0,1,2,3
  [run 1/6] warm-up — 23:23:40
  [run 1/6] warm-up done in 3s
  [run 2/6] recording — 23:23:43
  [run 2/6] done in 3s

# OSU MPI-ROCM Broadcast Latency Test v7.5
# Datatype: MPI_CHAR.
# Size       Avg Latency(us)
1                       1.31
2                       1.39
4                       1.23
8                       1.30
16                      1.25
32                      1.23
64                      1.33
128                     1.22
256                     1.21
512                    27.04
1024                   19.68
2048                   19.76
4096                   19.71
8192                   20.20
16384                  20.28
32768                  59.87
65536                  64.59
131072                 61.43
262144                 63.14
524288                 68.72
1048576                79.04
  [run 3/6] recording — 23:23:46
  [run 3/6] done in 4s

# OSU MPI-ROCM Broadcast Latency Test v7.5
# Datatype: MPI_CHAR.
# Size       Avg Latency(us)
1                       1.24
2                       1.23
4                       1.25
8                       1.20
16                      1.19
32                      1.19
64                      1.31
128                     1.25
256                     1.21
512                    26.98
1024                   19.78
2048                   19.75
4096                   19.40
8192                   20.03
16384                  20.01
32768                  59.80
65536                  60.50
131072                 60.38
262144                 62.25
524288                 67.89
1048576                78.52
  [run 4/6] recording — 23:23:50
  [run 4/6] done in 3s

# OSU MPI-ROCM Broadcast Latency Test v7.5
# Datatype: MPI_CHAR.
# Size       Avg Latency(us)
1                       1.24
2                       1.22
4                       1.22
8                       1.21
16                      1.21
32                      1.20
64                      1.23
128                     1.23
256                     1.22
512                    27.17
1024                   19.72
2048                   19.99
4096                   19.61
8192                   20.20
16384                  21.41
32768                  59.38
65536                  60.07
131072                 60.58
262144                 63.06
524288                 67.84
1048576                78.64
  [run 5/6] recording — 23:23:53
  [run 5/6] done in 3s

# OSU MPI-ROCM Broadcast Latency Test v7.5
# Datatype: MPI_CHAR.
# Size       Avg Latency(us)
1                       1.24
2                       1.23
4                       1.23
8                       1.29
16                      1.26
32                      1.30
64                      1.29
128                     1.22
256                     1.32
512                    26.77
1024                   19.77
2048                   19.65
4096                   19.36
8192                   20.20
16384                  20.45
32768                  59.42
65536                  60.21
131072                 60.65
262144                 62.62
524288                 68.38
1048576                78.90
  [run 6/6] recording — 23:23:56
  [run 6/6] done in 4s

# OSU MPI-ROCM Broadcast Latency Test v7.5
# Datatype: MPI_CHAR.
# Size       Avg Latency(us)
1                       1.24
2                       1.23
4                       1.31
8                       1.21
16                      1.19
32                      1.32
64                      1.20
128                     1.22
256                     1.24
512                    26.91
1024                   19.69
2048                   19.62
4096                   19.12
8192                   19.97
16384                  20.26
32768                  60.27
65536                  60.75
131072                 61.47
262144                 62.58
524288                 68.33
1048576                78.81

# [eessi sdma=0 rndv=1024] osu_bcast  N=8  devices=0,1,2,3,4,5,6,7
  [run 1/6] warm-up — 23:24:00
  [run 1/6] warm-up done in 3s
  [run 2/6] recording — 23:24:03
  [run 2/6] done in 4s

# OSU MPI-ROCM Broadcast Latency Test v7.5
# Datatype: MPI_CHAR.
# Size       Avg Latency(us)
1                       2.87
2                       1.98
4                       1.99
8                       1.98
16                      1.98
32                      1.99
64                      2.05
128                     2.06
256                     2.11
512                    49.87
1024                   37.72
2048                   37.76
4096                   37.85
8192                   38.30
16384                  38.91
32768                  94.12
65536                  92.38
131072                 94.53
262144                 99.00
524288                106.91
1048576               120.72
  [run 3/6] recording — 23:24:07
  [run 3/6] done in 4s

# OSU MPI-ROCM Broadcast Latency Test v7.5
# Datatype: MPI_CHAR.
# Size       Avg Latency(us)
1                       2.83
2                       2.00
4                       2.01
8                       2.03
16                      2.03
32                      2.02
64                      2.07
128                     2.09
256                     2.14
512                    50.03
1024                   37.64
2048                   37.75
4096                   37.91
8192                   38.27
16384                  38.90
32768                  94.33
65536                  92.55
131072                 94.70
262144                 99.09
524288                106.64
1048576               121.03
  [run 4/6] recording — 23:24:11
  [run 4/6] done in 4s

# OSU MPI-ROCM Broadcast Latency Test v7.5
# Datatype: MPI_CHAR.
# Size       Avg Latency(us)
1                       2.78
2                       2.01
4                       1.98
8                       2.00
16                      2.00
32                      2.02
64                      2.03
128                     2.12
256                     2.14
512                    49.92
1024                   37.27
2048                   37.37
4096                   37.52
8192                   37.92
16384                  38.54
32768                  94.04
65536                  92.27
131072                 94.72
262144                 98.97
524288                106.64
1048576               120.56
  [run 5/6] recording — 23:24:15
  [run 5/6] done in 3s

# OSU MPI-ROCM Broadcast Latency Test v7.5
# Datatype: MPI_CHAR.
# Size       Avg Latency(us)
1                       2.82
2                       1.99
4                       2.00
8                       2.01
16                      2.05
32                      2.06
64                      2.08
128                     2.10
256                     2.11
512                    49.96
1024                   37.96
2048                   37.99
4096                   38.08
8192                   39.04
16384                  39.61
32768                  94.16
65536                  92.01
131072                 94.35
262144                 98.53
524288                106.10
1048576               120.85
  [run 6/6] recording — 23:24:18
  [run 6/6] done in 4s

# OSU MPI-ROCM Broadcast Latency Test v7.5
# Datatype: MPI_CHAR.
# Size       Avg Latency(us)
1                       2.90
2                       1.93
4                       1.93
8                       1.95
16                      1.96
32                      1.92
64                      2.04
128                     2.09
256                     2.10
512                    49.92
1024                   37.69
2048                   37.72
4096                   37.87
8192                   38.36
16384                  39.08
32768                  94.77
65536                  92.79
131072                 94.93
262144                 98.86
524288                106.73
1048576               120.77

# [eessi sdma=0 rndv=1024] osu_allgather  N=2  devices=0,1
  [run 1/6] warm-up — 23:24:22
  [run 1/6] warm-up done in 4s
  [run 2/6] recording — 23:24:26
  [run 2/6] done in 3s

# OSU MPI-ROCM Allgather Latency Test v7.5
# Datatype: MPI_CHAR.
# Size       Avg Latency(us)
1                      13.48
2                      13.67
4                      14.01
8                      15.56
16                     13.39
32                     13.38
64                     13.36
128                    13.72
256                    13.41
512                    36.64
1024                   31.90
2048                   30.68
4096                   30.98
8192                   30.14
16384                  30.15
32768                  30.14
65536                  30.43
131072                 31.08
262144                 33.13
524288                 34.57
1048576                41.99
  [run 3/6] recording — 23:24:29
  [run 3/6] done in 4s

# OSU MPI-ROCM Allgather Latency Test v7.5
# Datatype: MPI_CHAR.
# Size       Avg Latency(us)
1                      13.41
2                      13.57
4                      13.90
8                      14.99
16                     13.29
32                     13.27
64                     13.27
128                    13.90
256                    13.40
512                    36.75
1024                   31.79
2048                   30.85
4096                   31.01
8192                   30.62
16384                  30.58
32768                  30.61
65536                  31.38
131072                 31.58
262144                 34.07
524288                 35.44
1048576                42.96
  [run 4/6] recording — 23:24:33
  [run 4/6] done in 3s

# OSU MPI-ROCM Allgather Latency Test v7.5
# Datatype: MPI_CHAR.
# Size       Avg Latency(us)
1                      13.26
2                      14.20
4                      13.84
8                      15.20
16                     13.25
32                     13.14
64                     13.16
128                    13.50
256                    13.20
512                    36.54
1024                   31.72
2048                   30.13
4096                   31.38
8192                   30.29
16384                  30.27
32768                  30.47
65536                  30.79
131072                 31.83
262144                 33.12
524288                 34.97
1048576                42.08
  [run 5/6] recording — 23:24:36
  [run 5/6] done in 3s

# OSU MPI-ROCM Allgather Latency Test v7.5
# Datatype: MPI_CHAR.
# Size       Avg Latency(us)
1                      13.50
2                      13.60
4                      13.92
8                      14.97
16                     13.29
32                     13.28
64                     13.32
128                    13.82
256                    13.33
512                    36.70
1024                   31.69
2048                   30.30
4096                   31.56
8192                   30.19
16384                  30.60
32768                  30.41
65536                  30.50
131072                 31.21
262144                 33.27
524288                 34.72
1048576                41.96
  [run 6/6] recording — 23:24:39
  [run 6/6] done in 4s

# OSU MPI-ROCM Allgather Latency Test v7.5
# Datatype: MPI_CHAR.
# Size       Avg Latency(us)
1                      13.46
2                      13.45
4                      13.71
8                      14.76
16                     13.09
32                     13.09
64                     13.17
128                    13.52
256                    13.16
512                    36.65
1024                   31.40
2048                   30.60
4096                   31.55
8192                   30.51
16384                  30.75
32768                  30.57
65536                  31.32
131072                 32.11
262144                 34.04
524288                 35.77
1048576                42.48

# [eessi sdma=0 rndv=1024] osu_allgather  N=4  devices=0,1,2,3
  [run 1/6] warm-up — 23:24:43
  [run 1/6] warm-up done in 3s
  [run 2/6] recording — 23:24:46
  [run 2/6] done in 4s

# OSU MPI-ROCM Allgather Latency Test v7.5
# Datatype: MPI_CHAR.
# Size       Avg Latency(us)
1                      15.34
2                      14.73
4                      14.81
8                      16.30
16                     14.49
32                     14.41
64                     14.43
128                    15.08
256                    14.61
512                    61.19
1024                   45.91
2048                   45.40
4096                   45.78
8192                   46.45
16384                  47.18
32768                  48.73
65536                  50.44
131072                 57.27
262144                 67.09
524288                 86.62
1048576               123.37
  [run 3/6] recording — 23:24:50
  [run 3/6] done in 4s

# OSU MPI-ROCM Allgather Latency Test v7.5
# Datatype: MPI_CHAR.
# Size       Avg Latency(us)
1                      15.48
2                      14.87
4                      14.91
8                      16.75
16                     14.56
32                     14.54
64                     14.59
128                    15.38
256                    14.68
512                    61.58
1024                   45.22
2048                   45.34
4096                   46.09
8192                   46.83
16384                  48.06
32768                  48.86
65536                  51.37
131072                 57.31
262144                 67.36
524288                 86.83
1048576               122.95
  [run 4/6] recording — 23:24:54
  [run 4/6] done in 3s

# OSU MPI-ROCM Allgather Latency Test v7.5
# Datatype: MPI_CHAR.
# Size       Avg Latency(us)
1                      15.60
2                      14.81
4                      14.75
8                      16.12
16                     14.42
32                     14.60
64                     14.63
128                    15.18
256                    14.64
512                    60.59
1024                   45.74
2048                   45.60
4096                   45.62
8192                   46.52
16384                  47.10
32768                  48.72
65536                  50.90
131072                 57.55
262144                 67.46
524288                 86.72
1048576               123.41
  [run 5/6] recording — 23:24:57
  [run 5/6] done in 4s

# OSU MPI-ROCM Allgather Latency Test v7.5
# Datatype: MPI_CHAR.
# Size       Avg Latency(us)
1                      15.61
2                      14.93
4                      14.91
8                      16.54
16                     14.57
32                     14.54
64                     14.65
128                    15.23
256                    14.75
512                    61.48
1024                   46.30
2048                   46.23
4096                   46.37
8192                   46.83
16384                  48.04
32768                  49.11
65536                  51.80
131072                 57.79
262144                 68.12
524288                 87.08
1048576               123.55
  [run 6/6] recording — 23:25:01
  [run 6/6] done in 4s

# OSU MPI-ROCM Allgather Latency Test v7.5
# Datatype: MPI_CHAR.
# Size       Avg Latency(us)
1                      15.36
2                      14.77
4                      14.86
8                      16.69
16                     14.47
32                     14.37
64                     14.40
128                    15.69
256                    14.68
512                    60.81
1024                   45.51
2048                   45.55
4096                   45.70
8192                   46.22
16384                  47.58
32768                  48.46
65536                  50.63
131072                 57.19
262144                 67.22
524288                 86.19
1048576               122.65

# [eessi sdma=0 rndv=1024] osu_allgather  N=8  devices=0,1,2,3,4,5,6,7
  [run 1/6] warm-up — 23:25:05
  [run 1/6] warm-up done in 4s
  [run 2/6] recording — 23:25:09
  [run 2/6] done in 4s

# OSU MPI-ROCM Allgather Latency Test v7.5
# Datatype: MPI_CHAR.
# Size       Avg Latency(us)
1                      16.67
2                      16.55
4                      16.40
8                      19.34
16                     15.98
32                     16.02
64                     16.13
128                    40.57
256                    34.72
512                    90.99
1024                   89.50
2048                   89.20
4096                   90.18
8192                   90.44
16384                  92.22
32768                  94.64
65536                 100.36
131072                117.33
262144                146.41
524288                204.28
1048576               311.51
  [run 3/6] recording — 23:25:13
  [run 3/6] done in 5s

# OSU MPI-ROCM Allgather Latency Test v7.5
# Datatype: MPI_CHAR.
# Size       Avg Latency(us)
1                      16.80
2                      16.71
4                      16.47
8                      19.36
16                     16.13
32                     16.17
64                     16.14
128                    40.78
256                    34.80
512                    90.59
1024                   88.58
2048                   88.67
4096                   90.17
8192                   90.32
16384                  92.12
32768                  94.41
65536                 100.33
131072                117.54
262144                146.53
524288                204.28
1048576               311.60
  [run 4/6] recording — 23:25:18
  [run 4/6] done in 4s

# OSU MPI-ROCM Allgather Latency Test v7.5
# Datatype: MPI_CHAR.
# Size       Avg Latency(us)
1                      16.93
2                      16.76
4                      16.38
8                      18.55
16                     16.15
32                     16.08
64                     16.10
128                    40.90
256                    34.76
512                    90.61
1024                   89.00
2048                   89.44
4096                   90.18
8192                   90.22
16384                  91.88
32768                  94.49
65536                 100.24
131072                117.66
262144                146.09
524288                203.71
1048576               311.74
  [run 5/6] recording — 23:25:22
  [run 5/6] done in 4s

# OSU MPI-ROCM Allgather Latency Test v7.5
# Datatype: MPI_CHAR.
# Size       Avg Latency(us)
1                      16.83
2                      16.69
4                      16.57
8                      18.72
16                     16.06
32                     16.13
64                     16.03
128                    40.64
256                    34.84
512                    90.80
1024                   89.50
2048                   90.35
4096                   90.28
8192                   90.46
16384                  92.20
32768                  94.59
65536                 100.26
131072                117.28
262144                146.26
524288                204.02
1048576               311.68
  [run 6/6] recording — 23:25:26
  [run 6/6] done in 4s

# OSU MPI-ROCM Allgather Latency Test v7.5
# Datatype: MPI_CHAR.
# Size       Avg Latency(us)
1                      16.90
2                      16.74
4                      16.59
8                      19.49
16                     16.24
32                     16.26
64                     16.28
128                    40.78
256                    34.89
512                    91.45
1024                   90.10
2048                   90.09
4096                   90.29
8192                   90.61
16384                  92.35
32768                  94.75
65536                 100.66
131072                117.70
262144                146.57
524288                204.54
1048576               311.72
ALL BENCHMARKS COMPLETE  CSV=results/osu_collectives_fixed_rndv_eessi_18637053.csv
