################# EESSI STACK ##################
Found EESSI repo @ /cvmfs/software.eessi.io/versions/2025.06!
archdetect says x86_64/amd/zen3
archdetect could not detect any accelerators
Using x86_64/amd/zen3 as software subdirectory.
Found Lmod configuration file at /cvmfs/software.eessi.io/versions/2025.06/software/linux/x86_64/amd/zen3/.lmod/lmodrc.lua
Found Lmod SitePackage.lua file at /cvmfs/software.eessi.io/versions/2025.06/software/linux/x86_64/amd/zen3/.lmod/SitePackage.lua
Using /cvmfs/software.eessi.io/host_injections/2025.06/software/linux/x86_64/amd/zen3 as the site extension directory for installations.
Using  as the site extension directory for accelerated installations.
Using /cvmfs/software.eessi.io/versions/2025.06/software/linux/x86_64/amd/zen3/modules/all as the directory to be added to MODULEPATH.
Using /cvmfs/software.eessi.io/host_injections/2025.06/software/linux/x86_64/amd/zen3/modules/all as the site extension directory to be added to MODULEPATH.
Initializing Lmod...
Prepending /cvmfs/software.eessi.io/versions/2025.06/software/linux/x86_64/amd/zen3/modules/all to $MODULEPATH...
Prepending site path /cvmfs/software.eessi.io/host_injections/2025.06/software/linux/x86_64/amd/zen3/modules/all to $MODULEPATH...
Environment set up to use EESSI (2025.06), have fun!
-- Using /tmp/$USER as a temporary working directory for installations, you can
override this by setting the environment variable WORKING_DIR and reloading the
module (e.g., /dev/shm is a common option) 
Configuring for use of EESSI_USER_INSTALL under /users/joglekar/eessi
-- To create installations for EESSI, you _must_ have write permissions to
/users/joglekar/eessi/versions/2025.06/software/linux/x86_64/amd/zen3 
-- You may wish to configure a sources directory for EasyBuild (for example,
via setting the environment variable EASYBUILD_SOURCEPATH) to allow you to
reuse existing sources for packages. 
[setup_eessi] mpirun=/users/joglekar/eessi/versions/2025.06/software/linux/x86_64/amd/zen3/software/OpenMPI/5.0.7-rocm-compilers-19.0.0-ROCm-6.4.1/bin/mpirun  EBROOT=/users/joglekar/eessi/versions/2025.06/software/linux/x86_64/amd/zen3/software/OSU-Micro-Benchmarks/7.5-rompi-2025a
--- EESSI / HSA_ENABLE_SDMA=0 ---

################################################################
# [eessi sdma=0] intra_pkg_OAM0  GCD(0,1) tier=intra_pkg links=4
################################################################
  [run 1/6] warm-up — 20:20:13
  [run 1/6] warm-up done in 19s
  [run 2/6] recording — 20:20:32
  [run 2/6] done in 10s
  [run 3/6] recording — 20:20:42
  [run 3/6] done in 10s
  [run 4/6] recording — 20:20:52
  [run 4/6] done in 10s
  [run 5/6] recording — 20:21:02
  [run 5/6] done in 10s
  [run 6/6] recording — 20:21:12
  [run 6/6] done in 9s

################################################################
# [eessi sdma=0] intra_pkg_OAM1  GCD(2,3) tier=intra_pkg links=4
################################################################
  [run 1/6] warm-up — 20:21:21
  [run 1/6] warm-up done in 10s
  [run 2/6] recording — 20:21:31
  [run 2/6] done in 10s
  [run 3/6] recording — 20:21:41
  [run 3/6] done in 10s
  [run 4/6] recording — 20:21:51
  [run 4/6] done in 9s
  [run 5/6] recording — 20:22:01
  [run 5/6] done in 9s
  [run 6/6] recording — 20:22:10
  [run 6/6] done in 10s

################################################################
# [eessi sdma=0] intra_pkg_OAM2  GCD(4,5) tier=intra_pkg links=4
################################################################
  [run 1/6] warm-up — 20:22:20
  [run 1/6] warm-up done in 10s
  [run 2/6] recording — 20:22:30
  [run 2/6] done in 9s
  [run 3/6] recording — 20:22:39
  [run 3/6] done in 10s
  [run 4/6] recording — 20:22:49
  [run 4/6] done in 10s
  [run 5/6] recording — 20:22:59
  [run 5/6] done in 10s
  [run 6/6] recording — 20:23:09
  [run 6/6] done in 9s

################################################################
# [eessi sdma=0] inter_pkg_2link_06  GCD(0,6) tier=inter_pkg_2link links=2
################################################################
  [run 1/6] warm-up — 20:23:18
  [run 1/6] warm-up done in 16s
  [run 2/6] recording — 20:23:34
  [run 2/6] done in 15s
  [run 3/6] recording — 20:23:49
  [run 3/6] done in 15s
  [run 4/6] recording — 20:24:04
  [run 4/6] done in 16s
  [run 5/6] recording — 20:24:20
  [run 5/6] done in 15s
  [run 6/6] recording — 20:24:35
  [run 6/6] done in 15s

################################################################
# [eessi sdma=0] inter_pkg_2link_24  GCD(2,4) tier=inter_pkg_2link links=2
################################################################
  [run 1/6] warm-up — 20:24:51
  [run 1/6] warm-up done in 16s
  [run 2/6] recording — 20:25:06
  [run 2/6] done in 15s
  [run 3/6] recording — 20:25:21
  [run 3/6] done in 15s
  [run 4/6] recording — 20:25:36
  [run 4/6] done in 15s
  [run 5/6] recording — 20:25:51
  [run 5/6] done in 15s
  [run 6/6] recording — 20:26:06
  [run 6/6] done in 16s

################################################################
# [eessi sdma=0] inter_pkg_1link_02  GCD(0,2) tier=inter_pkg_1link links=1
################################################################
  [run 1/6] warm-up — 20:26:22
  [run 1/6] warm-up done in 26s
  [run 2/6] recording — 20:26:48
  [run 2/6] done in 26s
  [run 3/6] recording — 20:27:14
  [run 3/6] done in 27s
  [run 4/6] recording — 20:27:41
  [run 4/6] done in 26s
  [run 5/6] recording — 20:28:07
  [run 5/6] done in 27s
  [run 6/6] recording — 20:28:34
  [run 6/6] done in 26s

################################################################
# [eessi sdma=0] inter_pkg_1link_15  GCD(1,5) tier=inter_pkg_1link links=1
################################################################
  [run 1/6] warm-up — 20:29:00
  [run 1/6] warm-up done in 26s
  [run 2/6] recording — 20:29:26
  [run 2/6] done in 27s
  [run 3/6] recording — 20:29:53
  [run 3/6] done in 26s
  [run 4/6] recording — 20:30:19
  [run 4/6] done in 27s
  [run 5/6] recording — 20:30:46
  [run 5/6] done in 26s
  [run 6/6] recording — 20:31:12
  [run 6/6] done in 26s

################################################################
# [eessi sdma=0] inter_pkg_1link_37  GCD(3,7) tier=inter_pkg_1link links=1
################################################################
  [run 1/6] warm-up — 20:31:38
  [run 1/6] warm-up done in 27s
  [run 2/6] recording — 20:32:05
  [run 2/6] done in 26s
  [run 3/6] recording — 20:32:31
  [run 3/6] done in 26s
  [run 4/6] recording — 20:32:57
  [run 4/6] done in 26s
  [run 5/6] recording — 20:33:23
  [run 5/6] done in 27s
  [run 6/6] recording — 20:33:50
  [run 6/6] done in 26s

################################################################
# [eessi sdma=0] inter_pkg_1link_57  GCD(5,7) tier=inter_pkg_1link links=1
################################################################
  [run 1/6] warm-up — 20:34:16
  [run 1/6] warm-up done in 26s
  [run 2/6] recording — 20:34:42
  [run 2/6] done in 26s
  [run 3/6] recording — 20:35:08
  [run 3/6] done in 26s
  [run 4/6] recording — 20:35:34
  [run 4/6] done in 26s
  [run 5/6] recording — 20:36:00
  [run 5/6] done in 27s
  [run 6/6] recording — 20:36:27
  [run 6/6] done in 26s

################################################################
# [eessi sdma=0] routed_07  GCD(0,7) tier=routed links=0
################################################################
  [run 1/6] warm-up — 20:36:53
  [run 1/6] warm-up done in 16s
  [run 2/6] recording — 20:37:09
  [run 2/6] done in 17s
  [run 3/6] recording — 20:37:26
  [run 3/6] done in 16s
  [run 4/6] recording — 20:37:42
  [run 4/6] done in 17s
  [run 5/6] recording — 20:37:59
  [run 5/6] done in 16s
  [run 6/6] recording — 20:38:15
  [run 6/6] done in 17s

################################################################
# [eessi sdma=0] routed_03  GCD(0,3) tier=routed links=0
################################################################
  [run 1/6] warm-up — 20:38:32
  [run 1/6] warm-up done in 27s
  [run 2/6] recording — 20:38:59
  [run 2/6] done in 28s
  [run 3/6] recording — 20:39:27
  [run 3/6] done in 27s
  [run 4/6] recording — 20:39:54
  [run 4/6] done in 28s
  [run 5/6] recording — 20:40:22
  [run 5/6] done in 27s
  [run 6/6] recording — 20:40:49
  [run 6/6] done in 28s

################################################################
# [eessi sdma=0] routed_17  GCD(1,7) tier=routed links=0
################################################################
  [run 1/6] warm-up — 20:41:17
  [run 1/6] warm-up done in 16s
  [run 2/6] recording — 20:41:33
  [run 2/6] done in 17s
  [run 3/6] recording — 20:41:50
  [run 3/6] done in 16s
  [run 4/6] recording — 20:42:06
  [run 4/6] done in 17s
  [run 5/6] recording — 20:42:23
  [run 5/6] done in 16s
  [run 6/6] recording — 20:42:39
  [run 6/6] done in 16s
--- EESSI / HSA_ENABLE_SDMA=1 ---

################################################################
# [eessi sdma=1] intra_pkg_OAM0  GCD(0,1) tier=intra_pkg links=4
################################################################
  [run 1/6] warm-up — 20:42:55
  [run 1/6] warm-up done in 11s
  [run 2/6] recording — 20:43:06
  [run 2/6] done in 10s
  [run 3/6] recording — 20:43:16
  [run 3/6] done in 10s
  [run 4/6] recording — 20:43:26
  [run 4/6] done in 11s
  [run 5/6] recording — 20:43:37
  [run 5/6] done in 10s
  [run 6/6] recording — 20:43:47
  [run 6/6] done in 10s

################################################################
# [eessi sdma=1] intra_pkg_OAM1  GCD(2,3) tier=intra_pkg links=4
################################################################
  [run 1/6] warm-up — 20:43:57
  [run 1/6] warm-up done in 11s
  [run 2/6] recording — 20:44:08
  [run 2/6] done in 10s
  [run 3/6] recording — 20:44:18
  [run 3/6] done in 10s
  [run 4/6] recording — 20:44:28
  [run 4/6] done in 11s
  [run 5/6] recording — 20:44:39
  [run 5/6] done in 10s
  [run 6/6] recording — 20:44:49
  [run 6/6] done in 10s

################################################################
# [eessi sdma=1] intra_pkg_OAM2  GCD(4,5) tier=intra_pkg links=4
################################################################
  [run 1/6] warm-up — 20:45:00
  [run 1/6] warm-up done in 11s
  [run 2/6] recording — 20:45:10
slurmstepd: error: *** JOB 18633083 ON nid005007 CANCELLED AT 2026-05-14T20:45:14 ***
