################# NATIVE STACK (HSA_ENABLE_SDMA=0) #################

# [native sdma=0 host_buf] intra_pkg_OAM0  GCD(0,1) tier=intra_pkg
  [run 1/6] warm-up — 21:39:23
  [run 1/6] warm-up done in 38s
  [run 2/6] recording — 21:40:01
  [run 2/6] done in 36s

# OSU MPI Bandwidth Test v7.5
# Datatype: MPI_CHAR.
# Size      Bandwidth (MB/s)
1                       2.75
2                       5.94
4                      11.82
8                      23.48
16                     47.12
32                     95.85
64                    177.27
128                   289.46
256                   481.18
512                   865.49
1024                 2856.46
2048                 5563.64
4096                 9831.30
8192                15089.02
16384               23099.09
32768               29226.27
65536               37139.69
131072              43641.00
262144              42995.99
524288              37643.89
1048576             39400.03
2097152             40217.28
4194304             39427.92
8388608             39541.92
16777216            27975.71
33554432            24553.55
67108864            22138.66
  [run 3/6] recording — 21:40:37
  [run 3/6] done in 36s

# OSU MPI Bandwidth Test v7.5
# Datatype: MPI_CHAR.
# Size      Bandwidth (MB/s)
1                       2.74
2                       5.88
4                      11.51
8                      23.19
16                     46.38
32                     93.49
64                    180.01
128                   351.10
256                   480.71
512                   876.95
1024                 2829.09
2048                 5503.42
4096                 9724.81
8192                15045.81
16384               22521.97
32768               29205.64
65536               37445.29
131072              44119.98
262144              42649.86
524288              35967.96
1048576             37662.25
2097152             38267.30
4194304             37060.93
8388608             37855.45
16777216            27134.35
33554432            24694.47
67108864            22191.87
  [run 4/6] recording — 21:41:13
  [run 4/6] done in 36s

# OSU MPI Bandwidth Test v7.5
# Datatype: MPI_CHAR.
# Size      Bandwidth (MB/s)
1                       2.77
2                       5.95
4                      11.87
8                      23.61
16                     45.17
32                     95.01
64                    174.10
128                   276.85
256                   485.70
512                   881.75
1024                 2873.72
2048                 5642.21
4096                 9165.00
8192                15182.99
16384               23080.71
32768               29227.52
65536               37071.78
131072              42788.55
262144              40741.92
524288              36520.25
1048576             37636.18
2097152             38000.66
4194304             38055.44
8388608             38102.90
16777216            27348.77
33554432            24688.82
67108864            22489.08
  [run 5/6] recording — 21:41:49
  [run 5/6] done in 36s

# OSU MPI Bandwidth Test v7.5
# Datatype: MPI_CHAR.
# Size      Bandwidth (MB/s)
1                       2.82
2                       6.14
4                      11.97
8                      23.90
16                     47.37
32                     97.10
64                    177.57
128                   294.29
256                   483.84
512                   880.58
1024                 2833.58
2048                 5506.04
4096                 9724.09
8192                15082.68
16384               22960.49
32768               29252.13
65536               37634.12
131072              43881.71
262144              43226.09
524288              37946.22
1048576             39714.49
2097152             40507.25
4194304             40870.39
8388608             40940.74
16777216            27820.04
33554432            24861.88
67108864            22195.65
  [run 6/6] recording — 21:42:25
  [run 6/6] done in 36s

# OSU MPI Bandwidth Test v7.5
# Datatype: MPI_CHAR.
# Size      Bandwidth (MB/s)
1                       2.71
2                       6.07
4                      14.25
8                      23.50
16                     46.49
32                     95.97
64                    187.71
128                   348.87
256                   487.05
512                   885.74
1024                 2845.77
2048                 5572.12
4096                 9829.64
8192                15108.32
16384               22954.64
32768               29204.25
65536               37180.16
131072              43865.08
262144              42603.56
524288              36360.84
1048576             37703.87
2097152             38234.44
4194304             38143.42
8388608             38125.33
16777216            28288.69
33554432            24823.24
67108864            22192.94

# [native sdma=0 host_buf] inter_pkg_2link_06  GCD(0,6) tier=inter_pkg_2link
  [run 1/6] warm-up — 21:43:01
  [run 1/6] warm-up done in 36s
  [run 2/6] recording — 21:43:37
  [run 2/6] done in 36s

# OSU MPI Bandwidth Test v7.5
# Datatype: MPI_CHAR.
# Size      Bandwidth (MB/s)
1                       2.86
2                       6.17
4                      12.27
8                      24.37
16                     53.34
32                    106.97
64                    180.87
128                   329.19
256                   490.44
512                   868.56
1024                 2838.58
2048                 5589.52
4096                 9911.22
8192                15074.89
16384               22508.93
32768               29079.87
65536               37464.12
131072              38173.90
262144              21903.64
524288              36502.37
1048576             37692.89
2097152             38283.57
4194304             37989.02
8388608             38115.05
16777216            29208.87
33554432            24834.90
67108864            21922.72
  [run 3/6] recording — 21:44:13
  [run 3/6] done in 35s

# OSU MPI Bandwidth Test v7.5
# Datatype: MPI_CHAR.
# Size      Bandwidth (MB/s)
1                       3.03
2                       6.56
4                      12.94
8                      25.76
16                     51.02
32                    103.99
64                    200.55
128                   316.45
256                   495.05
512                   925.35
1024                 2953.12
2048                 5535.01
4096                10129.64
8192                15204.55
16384               23155.77
32768               28939.74
65536               37225.66
131072              43394.68
262144              43798.57
524288              37757.64
1048576             39455.62
2097152             40132.72
4194304             40499.98
8388608             40673.40
16777216            32681.93
33554432            24870.82
67108864            22576.32
  [run 4/6] recording — 21:44:48
  [run 4/6] done in 35s

# OSU MPI Bandwidth Test v7.5
# Datatype: MPI_CHAR.
# Size      Bandwidth (MB/s)
1                       2.96
2                       6.43
4                      12.88
8                      25.53
16                     50.57
32                    103.31
64                    189.05
128                   331.87
256                   495.22
512                   914.35
1024                 2958.89
2048                 5392.75
4096                10178.58
8192                15360.90
16384               23434.80
32768               29317.78
65536               35173.06
131072              38135.93
262144              43752.53
524288              36757.41
1048576             38147.62
2097152             38808.04
4194304             39073.72
8388608             38926.88
16777216            30267.66
33554432            24981.34
67108864            22660.69
  [run 5/6] recording — 21:45:23
  [run 5/6] done in 36s

# OSU MPI Bandwidth Test v7.5
# Datatype: MPI_CHAR.
# Size      Bandwidth (MB/s)
1                       2.72
2                       5.96
4                      11.73
8                      23.14
16                     46.76
32                     91.49
64                    166.50
128                   305.75
256                   483.74
512                   884.02
1024                 2805.78
2048                 5506.62
4096                10075.41
8192                14986.07
16384               23100.52
32768               29230.43
65536               37626.46
131072              44429.85
262144              42291.91
524288              38444.11
1048576             39526.94
2097152             40359.73
4194304             40638.41
8388608             40914.11
16777216            30160.50
33554432            24578.23
67108864            22190.60
  [run 6/6] recording — 21:45:59
  [run 6/6] done in 35s

# OSU MPI Bandwidth Test v7.5
# Datatype: MPI_CHAR.
# Size      Bandwidth (MB/s)
1                       2.86
2                       6.70
4                      13.34
8                      25.50
16                     51.96
32                    101.44
64                    190.72
128                   313.56
256                   498.74
512                   886.45
1024                 2903.20
2048                 5738.97
4096                 9749.76
8192                15397.88
16384               23309.28
32768               29412.58
65536               37914.42
131072              44495.32
262144              42054.55
524288              36988.28
1048576             38795.80
2097152             39865.76
4194304             40395.35
8388608             40322.55
16777216            28730.96
33554432            24619.12
67108864            22660.04

# [native sdma=0 host_buf] inter_pkg_1link_02  GCD(0,2) tier=inter_pkg_1link
  [run 1/6] warm-up — 21:46:34
  [run 1/6] warm-up done in 35s
  [run 2/6] recording — 21:47:09
  [run 2/6] done in 35s

# OSU MPI Bandwidth Test v7.5
# Datatype: MPI_CHAR.
# Size      Bandwidth (MB/s)
1                       2.99
2                       6.54
4                      12.57
8                      25.25
16                     50.32
32                    102.33
64                    200.84
128                   311.31
256                   498.54
512                   887.46
1024                 2887.61
2048                 5691.38
4096                 9821.13
8192                15342.83
16384               23328.49
32768               29218.14
65536               37523.11
131072              44219.18
262144              43077.00
524288              37581.79
1048576             39334.96
2097152             40111.05
4194304             40425.55
8388608             40343.79
16777216            31942.83
33554432            24913.05
67108864            23215.07
  [run 3/6] recording — 21:47:44
  [run 3/6] done in 35s

# OSU MPI Bandwidth Test v7.5
# Datatype: MPI_CHAR.
# Size      Bandwidth (MB/s)
1                       2.75
2                       5.96
4                      11.37
8                      25.01
16                     50.13
32                     90.88
64                    166.06
128                   348.08
256                   481.06
512                   843.63
1024                 2818.32
2048                 5593.79
4096                 9758.52
8192                14941.96
16384               22490.01
32768               28147.28
65536               35126.64
131072              38364.99
262144              36179.52
524288              35626.55
1048576             37234.70
2097152             37827.67
4194304             38250.28
8388608             38938.91
16777216            29257.82
33554432            24908.56
67108864            22326.56
  [run 4/6] recording — 21:48:19
  [run 4/6] done in 36s

# OSU MPI Bandwidth Test v7.5
# Datatype: MPI_CHAR.
# Size      Bandwidth (MB/s)
1                       3.01
2                       6.71
4                      13.19
8                      26.32
16                     54.84
32                    122.01
64                    186.33
128                   316.69
256                   503.29
512                   923.73
1024                 2840.12
2048                 5726.05
4096                 9995.45
8192                15331.75
16384               22991.57
32768               29110.73
65536               37421.21
131072              44176.43
262144              42276.31
524288              36709.94
1048576             38160.07
2097152             38690.76
4194304             39060.41
8388608             38167.53
16777216            31108.88
33554432            24942.77
67108864            22317.20
  [run 5/6] recording — 21:48:55
  [run 5/6] done in 35s

# OSU MPI Bandwidth Test v7.5
# Datatype: MPI_CHAR.
# Size      Bandwidth (MB/s)
1                       2.72
2                       5.99
4                      13.04
8                      28.06
16                     46.88
32                     92.91
64                    162.51
128                   314.39
256                   475.46
512                   876.22
1024                 2809.81
2048                 5526.97
4096                 9726.89
8192                15066.90
16384               23024.61
32768               28529.94
65536               37696.15
131072              44106.84
262144              42452.32
524288              36662.15
1048576             38152.68
2097152             38753.82
4194304             39080.97
8388608             38911.17
16777216            27016.87
33554432            24264.85
67108864            22917.59
  [run 6/6] recording — 21:49:30
srun: Step created for StepId=18635289.17
  [run 6/6] done in 37s

# OSU MPI Bandwidth Test v7.5
# Datatype: MPI_CHAR.
# Size      Bandwidth (MB/s)
1                       2.79
2                       6.09
4                      12.07
8                      24.02
16                     48.29
32                     93.55
64                    163.30
128                   364.46
256                   478.62
512                   875.79
1024                 2834.58
2048                 5582.18
4096                 9811.33
8192                15209.83
16384               23105.77
32768               28938.98
65536               37331.27
131072              42700.45
262144              43217.63
524288              36428.45
1048576             37637.37
2097152             37864.69
4194304             38046.23
8388608             37977.74
16777216            26244.57
33554432            24567.10
67108864            22460.19

# [native sdma=0 host_buf] routed_07  GCD(0,7) tier=routed
  [run 1/6] warm-up — 21:50:07
  [run 1/6] warm-up done in 36s
  [run 2/6] recording — 21:50:43
  [run 2/6] done in 36s

# OSU MPI Bandwidth Test v7.5
# Datatype: MPI_CHAR.
# Size      Bandwidth (MB/s)
1                       2.74
2                       5.90
4                      12.00
8                      23.36
16                     46.85
32                     94.13
64                    188.48
128                   317.60
256                   460.15
512                   881.19
1024                 2828.02
2048                 5558.95
4096                 9823.43
8192                15099.85
16384               22859.20
32768               29126.07
65536               37568.24
131072              43857.34
262144              39622.57
524288              36216.93
1048576             37493.43
2097152             38208.94
4194304             38040.57
8388608             38113.54
16777216            26285.10
33554432            24968.97
67108864            22466.36
  [run 3/6] recording — 21:51:19
  [run 3/6] done in 36s

# OSU MPI Bandwidth Test v7.5
# Datatype: MPI_CHAR.
# Size      Bandwidth (MB/s)
1                       2.82
2                       6.08
4                      11.96
8                      23.58
16                     46.88
32                     93.87
64                    171.23
128                   340.32
256                   480.58
512                   889.63
1024                 2837.64
2048                 5553.35
4096                 9688.51
8192                15041.49
16384               22731.02
32768               29193.33
65536               37601.78
131072              44512.09
262144              42788.00
524288              37521.46
1048576             39203.33
2097152             39862.55
4194304             40287.50
8388608             40201.51
16777216            27156.72
33554432            24835.19
67108864            22079.09
  [run 4/6] recording — 21:51:55
srun: Step created for StepId=18635289.21
  [run 4/6] done in 36s

# OSU MPI Bandwidth Test v7.5
# Datatype: MPI_CHAR.
# Size      Bandwidth (MB/s)
1                       2.76
2                       6.03
4                      11.95
8                      23.98
16                     47.98
32                     95.76
64                    175.66
128                   286.34
256                   479.55
512                   867.82
1024                 2804.25
2048                 5560.65
4096                 9796.29
8192                15201.98
16384               23216.89
32768               29475.61
65536               37292.99
131072              44018.33
262144              41524.77
524288              36457.62
1048576             37678.11
2097152             38007.40
4194304             38125.24
8388608             38141.92
16777216            28106.26
33554432            24986.04
67108864            22459.27
  [run 5/6] recording — 21:52:31
  [run 5/6] done in 37s

# OSU MPI Bandwidth Test v7.5
# Datatype: MPI_CHAR.
# Size      Bandwidth (MB/s)
1                       2.78
2                       5.85
4                      11.54
8                      23.03
16                     47.11
32                     95.49
64                    179.25
128                   306.89
256                   464.53
512                   854.32
1024                 2862.35
2048                 5596.94
4096                 9842.43
8192                15118.96
16384               23059.99
32768               29209.51
65536               37184.42
131072              40303.93
262144              43184.61
524288              36828.13
1048576             38080.03
2097152             38486.28
4194304             38567.90
8388608             38589.45
16777216            23991.49
33554432            25000.57
67108864            22454.30
  [run 6/6] recording — 21:53:08
  [run 6/6] done in 35s

# OSU MPI Bandwidth Test v7.5
# Datatype: MPI_CHAR.
# Size      Bandwidth (MB/s)
1                       2.68
2                       5.83
4                      11.72
8                      22.93
16                     45.45
32                     93.11
64                    175.16
128                   308.71
256                   457.05
512                   894.91
1024                 2797.90
2048                 5614.48
4096                 9696.74
8192                15168.93
16384               22996.17
32768               28714.13
65536               37027.95
131072              42394.61
262144              43171.82
524288              37395.98
1048576             39438.77
2097152             40159.10
4194304             40522.50
8388608             40427.54
16777216            26065.86
33554432            24967.85
67108864            22677.73
ALL BENCHMARKS COMPLETE  CSV=results/osu_bw_host_native_18635289.csv
