Found EESSI repo @ /cvmfs/software.eessi.io/versions/2025.06!
archdetect says x86_64/amd/zen3
archdetect could not detect any accelerators
Using x86_64/amd/zen3 as software subdirectory.
Found Lmod configuration file at /cvmfs/software.eessi.io/versions/2025.06/software/linux/x86_64/amd/zen3/.lmod/lmodrc.lua
Found Lmod SitePackage.lua file at /cvmfs/software.eessi.io/versions/2025.06/software/linux/x86_64/amd/zen3/.lmod/SitePackage.lua
Using /cvmfs/software.eessi.io/host_injections/2025.06/software/linux/x86_64/amd/zen3 as the site extension directory for installations.
Using  as the site extension directory for accelerated installations.
Using /cvmfs/software.eessi.io/versions/2025.06/software/linux/x86_64/amd/zen3/modules/all as the directory to be added to MODULEPATH.
Using /cvmfs/software.eessi.io/host_injections/2025.06/software/linux/x86_64/amd/zen3/modules/all as the site extension directory to be added to MODULEPATH.
Initializing Lmod...
Prepending /cvmfs/software.eessi.io/versions/2025.06/software/linux/x86_64/amd/zen3/modules/all to $MODULEPATH...
Prepending site path /cvmfs/software.eessi.io/host_injections/2025.06/software/linux/x86_64/amd/zen3/modules/all to $MODULEPATH...
Environment set up to use EESSI (2025.06), have fun!
-- Using /tmp/$USER as a temporary working directory for installations, you can
override this by setting the environment variable WORKING_DIR and reloading the
module (e.g., /dev/shm is a common option) 
Configuring for use of EESSI_USER_INSTALL under /users/joglekar/eessi
-- To create installations for EESSI, you _must_ have write permissions to
/users/joglekar/eessi/versions/2025.06/software/linux/x86_64/amd/zen3 
-- You may wish to configure a sources directory for EasyBuild (for example,
via setting the environment variable EASYBUILD_SOURCEPATH) to allow you to
reuse existing sources for packages. 
[setup_eessi] mpirun=/users/joglekar/eessi/versions/2025.06/software/linux/x86_64/amd/zen3/software/OpenMPI/5.0.7-rocm-compilers-19.0.0-ROCm-6.4.1/bin/mpirun  EBROOT=/users/joglekar/eessi/versions/2025.06/software/linux/x86_64/amd/zen3/software/OSU-Micro-Benchmarks/7.5-rompi-2025a

# [eessi sdma=0 UCX_RNDV_THRESH=1024] intra_pkg_OAM0  GCD(0,1)
  [run 1/4] warm-up — 20:58:28
  [run 1/4] warm-up done in 19s
  [run 2/4] recording — 20:58:47
  [run 2/4] done in 10s
  [run 3/4] recording — 20:58:57
  [run 3/4] done in 9s
  [run 4/4] recording — 20:59:06
  [run 4/4] done in 10s

# [eessi sdma=0 UCX_RNDV_THRESH=DEFAULT] intra_pkg_OAM0  GCD(0,1)
  [run 1/4] warm-up — 20:59:16
  [run 1/4] warm-up done in 10s
  [run 2/4] recording — 20:59:26
  [run 2/4] done in 10s
  [run 3/4] recording — 20:59:36
  [run 3/4] done in 10s
  [run 4/4] recording — 20:59:46
  [run 4/4] done in 10s

# [eessi sdma=0 UCX_RNDV_THRESH=16777216] intra_pkg_OAM0  GCD(0,1)
  [run 1/4] warm-up — 20:59:56
  [run 1/4] warm-up done in 175s
  [run 2/4] recording — 21:02:51
  [run 2/4] done in 174s
  [run 3/4] recording — 21:05:45
  [run 3/4] done in 174s
  [run 4/4] recording — 21:08:39
  [run 4/4] done in 173s

ALL BENCHMARKS COMPLETE  CSV=results/osu_protocol_eessi_18634230.csv
