
Lmod is automatically replacing "craype-x86-rome" with "craype-x86-trento".


Lmod is automatically replacing "cce/19.0.0" with "amd/6.3.4".


Lmod is automatically replacing "PrgEnv-cray/8.6.0" with "PrgEnv-amd/8.6.0".


Due to MODULEPATH changes, the following have been reloaded:
  1) cray-libsci/25.03.0     2) cray-mpich/8.1.32

[setup_native] srun=/usr/bin/srun  OSU=/pfs/lustrep2/users/joglekar/code/osu-native/osu-micro-benchmarks-7.5/c/mpi/pt2pt/standard

# [native sdma=0 MPICH_GPU_IPC_THRESHOLD=1] intra_pkg_OAM0  GCD(0,1)
  [run 1/4] warm-up — 20:58:48
  [run 1/4] warm-up done in 9s
  [run 2/4] recording — 20:58:57
  [run 2/4] done in 7s
  [run 3/4] recording — 20:59:04
  [run 3/4] done in 8s
  [run 4/4] recording — 20:59:12
  [run 4/4] done in 7s

# [native sdma=0 MPICH_GPU_IPC_THRESHOLD=DEFAULT] intra_pkg_OAM0  GCD(0,1)
  [run 1/4] warm-up — 20:59:19
  [run 1/4] warm-up done in 8s
  [run 2/4] recording — 20:59:27
  [run 2/4] done in 8s
  [run 3/4] recording — 20:59:35
  [run 3/4] done in 8s
  [run 4/4] recording — 20:59:43
  [run 4/4] done in 8s

# [native sdma=0 MPICH_GPU_IPC_THRESHOLD=16777216] intra_pkg_OAM0  GCD(0,1)
  [run 1/4] warm-up — 20:59:51
  [run 1/4] warm-up done in 9s
  [run 2/4] recording — 21:00:00
  [run 2/4] done in 7s
  [run 3/4] recording — 21:00:07
  [run 3/4] done in 9s
  [run 4/4] recording — 21:00:16
  [run 4/4] done in 7s

ALL BENCHMARKS COMPLETE  CSV=results/osu_protocol_native_18634231.csv
