################# NATIVE STACK (HSA_ENABLE_SDMA=0) #################

Lmod is automatically replacing "craype-x86-rome" with "craype-x86-trento".


Lmod is automatically replacing "cce/19.0.0" with "amd/6.3.4".


Lmod is automatically replacing "PrgEnv-cray/8.6.0" with "PrgEnv-amd/8.6.0".


Due to MODULEPATH changes, the following have been reloaded:
  1) cray-libsci/25.03.0     2) cray-mpich/8.1.32

[setup_native] srun=/usr/bin/srun  OSU=/pfs/lustrep2/users/joglekar/code/osu-native/osu-micro-benchmarks-7.5/c/mpi/pt2pt/standard

# [native sdma=0] cfg_routed_split  ROCR=0,1,2,3,4,5,6,7
  [run 1/6] warm-up — 21:25:31
  [run 1/6] warm-up done in 5s
  [run 2/6] recording — 21:25:36
  [run 2/6] done in 4s
  [run 3/6] recording — 21:25:40
  [run 3/6] done in 3s
  [run 4/6] recording — 21:25:43
  [run 4/6] done in 4s
  [run 5/6] recording — 21:25:47
  [run 5/6] done in 4s
  [run 6/6] recording — 21:25:51
  [run 6/6] done in 4s

# [native sdma=0] cfg_intra_pkg  ROCR=0,2,4,6,1,3,5,7
  [run 1/6] warm-up — 21:25:55
  [run 1/6] warm-up done in 2s
  [run 2/6] recording — 21:25:57
  [run 2/6] done in 3s
  [run 3/6] recording — 21:26:00
  [run 3/6] done in 2s
  [run 4/6] recording — 21:26:02
  [run 4/6] done in 2s
  [run 5/6] recording — 21:26:04
  [run 5/6] done in 2s
  [run 6/6] recording — 21:26:06
  [run 6/6] done in 2s

# [native sdma=0] cfg_mixed_1link  ROCR=0,1,4,5,2,3,6,7
  [run 1/6] warm-up — 21:26:08
  [run 1/6] warm-up done in 3s
  [run 2/6] recording — 21:26:11
  [run 2/6] done in 4s
  [run 3/6] recording — 21:26:15
  [run 3/6] done in 4s
  [run 4/6] recording — 21:26:19
  [run 4/6] done in 4s
  [run 5/6] recording — 21:26:23
  [run 5/6] done in 4s
  [run 6/6] recording — 21:26:27
  [run 6/6] done in 4s

ALL BENCHMARKS COMPLETE  CSV=results/osu_mbw_mr_native_18634827.csv
