################# EESSI STACK (HSA_ENABLE_SDMA=0) ##################

# [eessi sdma=0 host_buf] intra_pkg_OAM0  GCD(0,1) tier=intra_pkg
  [run 1/6] warm-up — 21:39:29
  [run 1/6] warm-up done in 48s
  [run 2/6] recording — 21:40:17
  [run 2/6] done in 44s

# OSU MPI Bandwidth Test v7.5
# Datatype: MPI_CHAR.
# Size      Bandwidth (MB/s)
1                      16.39
2                      32.65
4                      66.48
8                     133.69
16                    267.77
32                    510.73
64                   1040.31
128                  1656.22
256                  2991.48
512                  5658.46
1024                10036.42
2048                15330.22
4096                16224.84
8192                27809.20
16384               33712.13
32768               38465.64
65536               44186.51
131072              46732.55
262144              44648.22
524288              37988.19
1048576             37766.40
2097152             38334.31
4194304             38373.22
8388608             37013.07
16777216            27161.99
33554432            15769.13
67108864            22254.03
  [run 3/6] recording — 21:41:01
  [run 3/6] done in 43s

# OSU MPI Bandwidth Test v7.5
# Datatype: MPI_CHAR.
# Size      Bandwidth (MB/s)
1                      16.78
2                      33.61
4                      68.48
8                     136.56
16                    273.60
32                    518.55
64                   1050.48
128                  1645.44
256                  3085.21
512                  5659.59
1024                10084.80
2048                15454.95
4096                16463.04
8192                27662.34
16384               33717.87
32768               39288.44
65536               44519.97
131072              48334.72
262144              41432.96
524288              37611.53
1048576             37893.25
2097152             37051.23
4194304             38087.60
8388608             37625.01
16777216            28341.86
33554432            16154.99
67108864            22304.95
  [run 4/6] recording — 21:41:44
  [run 4/6] done in 43s

# OSU MPI Bandwidth Test v7.5
# Datatype: MPI_CHAR.
# Size      Bandwidth (MB/s)
1                      16.62
2                      32.48
4                      66.30
8                     132.58
16                    267.03
32                    505.08
64                   1033.67
128                  1637.40
256                  2976.33
512                  5476.66
1024                 9967.59
2048                15436.14
4096                14459.69
8192                26619.91
16384               34306.51
32768               37048.59
65536               43752.96
131072              46977.28
262144              45738.67
524288              36673.24
1048576             37677.49
2097152             38096.92
4194304             38167.45
8388608             37876.00
16777216            27453.12
33554432            16110.78
67108864            22188.83
  [run 5/6] recording — 21:42:27
  [run 5/6] done in 43s

# OSU MPI Bandwidth Test v7.5
# Datatype: MPI_CHAR.
# Size      Bandwidth (MB/s)
1                      16.78
2                      32.80
4                      67.92
8                     135.70
16                    246.55
32                    516.21
64                   1053.71
128                  1552.21
256                  2990.00
512                  5580.05
1024                 9975.52
2048                15329.23
4096                16311.15
8192                27487.54
16384               34193.39
32768               37153.09
65536               44427.37
131072              48148.16
262144              43623.35
524288              37063.42
1048576             37881.60
2097152             38148.49
4194304             38076.91
8388608             38030.05
16777216            27083.87
33554432            15995.86
67108864            22280.37
  [run 6/6] recording — 21:43:10
  [run 6/6] done in 43s

# OSU MPI Bandwidth Test v7.5
# Datatype: MPI_CHAR.
# Size      Bandwidth (MB/s)
1                      16.88
2                      33.78
4                      67.24
8                     136.91
16                    273.71
32                    517.95
64                   1051.57
128                  1649.59
256                  3060.87
512                  5233.89
1024                 8858.93
2048                13915.44
4096                16383.01
8192                27573.37
16384               31838.24
32768               38875.66
65536               43307.98
131072              47654.02
262144              41963.77
524288              39669.91
1048576             37790.34
2097152             38278.62
4194304             38315.99
8388608             38148.80
16777216            27790.16
33554432            16167.66
67108864            22260.57

# [eessi sdma=0 host_buf] inter_pkg_2link_06  GCD(0,6) tier=inter_pkg_2link
  [run 1/6] warm-up — 21:43:53
  [run 1/6] warm-up done in 43s
  [run 2/6] recording — 21:44:36
  [run 2/6] done in 42s

# OSU MPI Bandwidth Test v7.5
# Datatype: MPI_CHAR.
# Size      Bandwidth (MB/s)
1                      15.40
2                      32.95
4                      67.20
8                     134.48
16                    269.16
32                    494.65
64                   1011.18
128                  1413.61
256                  2650.77
512                  5029.08
1024                10072.59
2048                15154.25
4096                16206.28
8192                27626.41
16384               34211.96
32768               38010.12
65536               44342.90
131072              48079.02
262144              44389.20
524288              36770.51
1048576             37888.16
2097152             38302.75
4194304             38156.10
8388608             37184.76
16777216            28066.89
33554432            16187.54
67108864            22222.15
  [run 3/6] recording — 21:45:18
  [run 3/6] done in 43s

# OSU MPI Bandwidth Test v7.5
# Datatype: MPI_CHAR.
# Size      Bandwidth (MB/s)
1                      16.58
2                      33.27
4                      67.75
8                     135.19
16                    271.49
32                    514.80
64                   1031.40
128                  1656.33
256                  3084.41
512                  5559.92
1024                 9920.08
2048                15023.30
4096                16164.88
8192                26733.51
16384               33862.75
32768               38598.91
65536               44153.64
131072              48347.47
262144              42339.53
524288              38189.88
1048576             38525.95
2097152             38800.86
4194304             38507.47
8388608             37703.41
16777216            28679.75
33554432            16218.00
67108864            22346.25
  [run 4/6] recording — 21:46:01
  [run 4/6] done in 43s

# OSU MPI Bandwidth Test v7.5
# Datatype: MPI_CHAR.
# Size      Bandwidth (MB/s)
1                      14.86
2                      29.96
4                      61.16
8                     122.69
16                    244.66
32                    455.46
64                    896.86
128                  1461.46
256                  2789.83
512                  5279.58
1024                 9241.58
2048                15271.28
4096                15978.34
8192                27418.20
16384               33993.30
32768               38550.60
65536               44137.97
131072              48424.56
262144              43878.55
524288              38660.00
1048576             38449.18
2097152             38057.54
4194304             38203.12
8388608             38061.55
16777216            27436.55
33554432            16189.94
67108864            22208.52
  [run 5/6] recording — 21:46:44
  [run 5/6] done in 43s

# OSU MPI Bandwidth Test v7.5
# Datatype: MPI_CHAR.
# Size      Bandwidth (MB/s)
1                      16.64
2                      32.24
4                      65.94
8                     132.51
16                    265.95
32                    511.06
64                   1031.96
128                  1617.01
256                  2936.20
512                  5477.70
1024                 9946.06
2048                15407.42
4096                16028.74
8192                27060.36
16384               33610.44
32768               38808.43
65536               44490.75
131072              48424.75
262144              42841.42
524288              37508.67
1048576             37777.50
2097152             38361.63
4194304             38258.34
8388608             38021.41
16777216            27640.65
33554432            16128.17
67108864            22205.96
  [run 6/6] recording — 21:47:27
  [run 6/6] done in 43s

# OSU MPI Bandwidth Test v7.5
# Datatype: MPI_CHAR.
# Size      Bandwidth (MB/s)
1                      16.71
2                      32.60
4                      66.31
8                     132.44
16                    268.43
32                    507.05
64                   1039.60
128                  1644.27
256                  3022.04
512                  5537.89
1024                 9823.41
2048                15206.87
4096                14740.21
8192                26995.33
16384               33597.36
32768               38575.43
65536               44159.63
131072              47979.08
262144              44372.89
524288              36852.58
1048576             37630.59
2097152             37842.55
4194304             37897.46
8388608             38076.68
16777216            27363.32
33554432            15905.25
67108864            22226.45

# [eessi sdma=0 host_buf] inter_pkg_1link_02  GCD(0,2) tier=inter_pkg_1link
  [run 1/6] warm-up — 21:48:10
  [run 1/6] warm-up done in 43s
  [run 2/6] recording — 21:48:53
  [run 2/6] done in 43s

# OSU MPI Bandwidth Test v7.5
# Datatype: MPI_CHAR.
# Size      Bandwidth (MB/s)
1                      16.77
2                      30.04
4                      66.35
8                     120.41
16                    262.61
32                    506.59
64                   1028.30
128                  1668.78
256                  3014.80
512                  5551.90
1024                10012.70
2048                15394.21
4096                16454.75
8192                27391.48
16384               34066.89
32768               38322.71
65536               44513.48
131072              48425.29
262144              43272.15
524288              38113.08
1048576             37794.72
2097152             38217.22
4194304             38204.65
8388608             37683.81
16777216            28540.18
33554432            16084.67
67108864            22214.39
  [run 3/6] recording — 21:49:36
  [run 3/6] done in 43s

# OSU MPI Bandwidth Test v7.5
# Datatype: MPI_CHAR.
# Size      Bandwidth (MB/s)
1                      16.73
2                      32.19
4                      56.37
8                     116.42
16                    235.69
32                    429.12
64                   1034.61
128                  1656.07
256                  2999.70
512                  5616.47
1024                10107.70
2048                15492.30
4096                15430.46
8192                25483.56
16384               33596.32
32768               37319.15
65536               43229.84
131072              44969.71
262144              42322.38
524288              37677.20
1048576             38124.29
2097152             38169.64
4194304             38152.66
8388608             37802.55
16777216            26856.42
33554432            15836.05
67108864            22307.39
  [run 4/6] recording — 21:50:19
  [run 4/6] done in 43s

# OSU MPI Bandwidth Test v7.5
# Datatype: MPI_CHAR.
# Size      Bandwidth (MB/s)
1                      16.80
2                      33.19
4                      67.48
8                     134.29
16                    270.67
32                    456.56
64                    931.50
128                  1446.24
256                  2718.10
512                  5590.37
1024                 9731.79
2048                15216.02
4096                16306.52
8192                27170.38
16384               34574.34
32768               38320.01
65536               44411.68
131072              47483.39
262144              41467.84
524288              37369.44
1048576             38431.24
2097152             38357.61
4194304             38451.83
8388608             38150.42
16777216            28656.66
33554432            16112.92
67108864            22223.45
  [run 5/6] recording — 21:51:02
  [run 5/6] done in 43s

# OSU MPI Bandwidth Test v7.5
# Datatype: MPI_CHAR.
# Size      Bandwidth (MB/s)
1                      16.65
2                      28.84
4                      57.79
8                     117.21
16                    234.00
32                    435.91
64                    891.48
128                  1538.70
256                  2855.31
512                  5387.73
1024                 9799.86
2048                15376.37
4096                16221.13
8192                27681.52
16384               34180.70
32768               38543.54
65536               44630.42
131072              48615.03
262144              44868.96
524288              37181.30
1048576             37663.24
2097152             38014.59
4194304             37983.90
8388608             38035.66
16777216            27721.95
33554432            16195.76
67108864            22316.02
  [run 6/6] recording — 21:51:45
  [run 6/6] done in 43s

# OSU MPI Bandwidth Test v7.5
# Datatype: MPI_CHAR.
# Size      Bandwidth (MB/s)
1                      16.62
2                      33.40
4                      67.74
8                     135.17
16                    271.58
32                    514.58
64                   1054.36
128                  1633.54
256                  3076.98
512                  5596.77
1024                 9972.11
2048                15412.91
4096                14892.10
8192                27422.48
16384               34457.88
32768               38625.50
65536               43870.08
131072              48180.71
262144              45086.28
524288              37521.13
1048576             37772.78
2097152             38168.06
4194304             36808.47
8388608             37495.76
16777216            28449.30
33554432            16183.26
67108864            22325.12

# [eessi sdma=0 host_buf] routed_07  GCD(0,7) tier=routed
  [run 1/6] warm-up — 21:52:28
  [run 1/6] warm-up done in 43s
  [run 2/6] recording — 21:53:11
  [run 2/6] done in 43s

# OSU MPI Bandwidth Test v7.5
# Datatype: MPI_CHAR.
# Size      Bandwidth (MB/s)
1                      16.75
2                      33.56
4                      68.21
8                     136.65
16                    266.58
32                    517.79
64                   1053.03
128                  1662.94
256                  3080.67
512                  5644.45
1024                 9940.04
2048                15426.68
4096                16211.78
8192                27682.56
16384               32834.24
32768               38863.22
65536               44657.32
131072              48773.25
262144              46003.62
524288              39012.80
1048576             38528.69
2097152             38877.12
4194304             38775.65
8388608             38540.71
16777216            27522.81
33554432            15856.47
67108864            22294.94
  [run 3/6] recording — 21:53:54
  [run 3/6] done in 43s

# OSU MPI Bandwidth Test v7.5
# Datatype: MPI_CHAR.
# Size      Bandwidth (MB/s)
1                      16.80
2                      33.61
4                      68.03
8                     117.40
16                    239.26
32                    457.14
64                    892.92
128                  1667.55
256                  3075.85
512                  5536.75
1024                 9965.41
2048                15362.76
4096                16219.62
8192                26606.82
16384               34409.21
32768               38584.34
65536               44542.22
131072              48469.02
262144              43973.63
524288              38119.23
1048576             38582.65
2097152             38728.92
4194304             38680.58
8388608             36758.57
16777216            27313.52
33554432            16227.83
67108864            22354.24
  [run 4/6] recording — 21:54:37
  [run 4/6] done in 43s

# OSU MPI Bandwidth Test v7.5
# Datatype: MPI_CHAR.
# Size      Bandwidth (MB/s)
1                      16.49
2                      33.04
4                      67.02
8                     134.24
16                    268.83
32                    507.12
64                   1038.44
128                  1611.35
256                  3046.31
512                  5552.53
1024                 9942.89
2048                15154.51
4096                13904.31
8192                27165.42
16384               31964.63
32768               38438.29
65536               44009.32
131072              48331.04
262144              43841.42
524288              37843.77
1048576             38212.58
2097152             38560.53
4194304             38411.49
8388608             38323.09
16777216            27017.63
33554432            16153.32
67108864            22306.94
  [run 5/6] recording — 21:55:20
  [run 5/6] done in 43s

# OSU MPI Bandwidth Test v7.5
# Datatype: MPI_CHAR.
# Size      Bandwidth (MB/s)
1                      16.68
2                      33.46
4                      67.52
8                     132.76
16                    271.25
32                    505.72
64                   1037.87
128                  1562.22
256                  3026.93
512                  5667.75
1024                 9985.40
2048                15464.10
4096                16185.27
8192                27244.13
16384               34238.96
32768               38528.46
65536               43474.47
131072              46795.46
262144              43446.50
524288              37024.35
1048576             37699.96
2097152             38098.77
4194304             38068.57
8388608             38098.64
16777216            26957.01
33554432            16144.48
67108864            22295.50
  [run 6/6] recording — 21:56:03
  [run 6/6] done in 43s

# OSU MPI Bandwidth Test v7.5
# Datatype: MPI_CHAR.
# Size      Bandwidth (MB/s)
1                      16.89
2                      33.91
4                      60.53
8                     120.49
16                    241.66
32                    456.21
64                    923.81
128                  1673.42
256                  3069.87
512                  5566.36
1024                10037.74
2048                15451.76
4096                16297.29
8192                27361.73
16384               34544.16
32768               37985.66
65536               44415.45
131072              48310.78
262144              44682.93
524288              37475.07
1048576             38071.28
2097152             38255.58
4194304             38013.20
8388608             35460.16
16777216            26257.85
33554432            15953.56
67108864            22182.82
ALL BENCHMARKS COMPLETE  CSV=results/osu_bw_host_eessi_18635287.csv
