
# [native sdma=0 MPICH_GPU_IPC_THRESHOLD=DEFAULT] intra_pkg_OAM0  GCD(0,1)
  [run 1/4] warm-up — 01:11:51
  [run 1/4] warm-up done in 10s
  [run 2/4] recording — 01:12:01
srun: Step created for StepId=18638911.1
  [run 2/4] done in 7s

# OSU MPI-ROCM Bandwidth Test v7.5
# Datatype: MPI_CHAR.
# Size      Bandwidth (MB/s)
1                       2.67
2                       5.91
4                      12.01
8                      23.86
16                     48.56
32                     91.69
64                    178.66
128                   365.28
256                   409.83
512                   777.45
1024                  569.66
2048                 1132.90
4096                 2286.66
8192                 1083.96
16384                2159.53
32768                4063.28
65536                7888.38
131072              14638.23
262144              23382.95
524288              41303.27
1048576             61484.72
2097152             85133.50
4194304            117757.70
8388608            132886.72
16777216           142603.47
33554432           148344.26
67108864           150602.30
  [run 3/4] recording — 01:12:08
  [run 3/4] done in 8s

# OSU MPI-ROCM Bandwidth Test v7.5
# Datatype: MPI_CHAR.
# Size      Bandwidth (MB/s)
1                       2.75
2                       5.99
4                      12.04
8                      24.11
16                     49.33
32                     95.79
64                    182.94
128                   354.46
256                   431.14
512                   774.75
1024                  566.39
2048                 1135.64
4096                 2247.77
8192                 1092.44
16384                2179.79
32768                4027.42
65536                7824.54
131072              14614.82
262144              23348.25
524288              41626.68
1048576             61773.31
2097152             85331.32
4194304            118282.48
8388608            133247.43
16777216           142911.12
33554432           148092.09
67108864           150351.41
  [run 4/4] recording — 01:12:16
  [run 4/4] done in 8s

# OSU MPI-ROCM Bandwidth Test v7.5
# Datatype: MPI_CHAR.
# Size      Bandwidth (MB/s)
1                       2.55
2                       5.76
4                      11.51
8                      22.61
16                     45.85
32                     90.10
64                    173.39
128                   276.37
256                   432.22
512                   778.82
1024                  567.64
2048                 1137.66
4096                 2256.21
8192                 1101.48
16384                2193.50
32768                4069.08
65536                7891.68
131072              14756.42
262144              23295.72
524288              41096.39
1048576             61344.88
2097152             85250.80
4194304            117999.66
8388608            133147.41
16777216           142778.11
33554432           148134.44
67108864           150309.31

# [native sdma=0 MPICH_GPU_IPC_THRESHOLD=1024] intra_pkg_OAM0  GCD(0,1)
  [run 1/4] warm-up — 01:12:24
  [run 1/4] warm-up done in 8s
  [run 2/4] recording — 01:12:32
srun: Step created for StepId=18638911.5
  [run 2/4] done in 8s

# OSU MPI-ROCM Bandwidth Test v7.5
# Datatype: MPI_CHAR.
# Size      Bandwidth (MB/s)
1                       2.79
2                       6.11
4                      12.24
8                      24.56
16                     49.76
32                     98.64
64                    182.53
128                   302.65
256                   425.92
512                   779.64
1024                  561.11
2048                 1124.80
4096                 2252.13
8192                 1108.95
16384                2209.37
32768                4117.75
65536                7971.51
131072              14660.64
262144              23263.76
524288              41484.81
1048576             61584.97
2097152             85166.18
4194304            118220.18
8388608            132755.83
16777216           142880.22
33554432           148200.73
67108864           150375.33
  [run 3/4] recording — 01:12:40
  [run 3/4] done in 8s

# OSU MPI-ROCM Bandwidth Test v7.5
# Datatype: MPI_CHAR.
# Size      Bandwidth (MB/s)
1                       2.77
2                       6.23
4                      12.45
8                      24.49
16                     50.51
32                     95.99
64                    194.66
128                   351.17
256                   428.32
512                   764.10
1024                  576.23
2048                 1149.65
4096                 2314.12
8192                 1098.91
16384                2191.00
32768                4056.70
65536                7853.72
131072              14772.32
262144              23373.36
524288              41429.98
1048576             61521.78
2097152             84937.91
4194304            118110.53
8388608            132994.19
16777216           142860.09
33554432           148268.84
67108864           150242.45
  [run 4/4] recording — 01:12:48
  [run 4/4] done in 8s

# OSU MPI-ROCM Bandwidth Test v7.5
# Datatype: MPI_CHAR.
# Size      Bandwidth (MB/s)
1                       2.71
2                       6.02
4                      11.95
8                      24.49
16                     48.83
32                     95.84
64                    193.42
128                   312.84
256                   434.40
512                   777.27
1024                  575.96
2048                 1159.55
4096                 2315.89
8192                 1097.38
16384                2197.56
32768                4107.39
65536                7972.54
131072              14926.89
262144              23474.06
524288              41547.02
1048576             61852.57
2097152             85375.02
4194304            118002.87
8388608            132676.41
16777216           142815.37
33554432           148125.88
67108864           150313.42

# [native sdma=0 MPICH_GPU_IPC_THRESHOLD=2048] intra_pkg_OAM0  GCD(0,1)
  [run 1/4] warm-up — 01:12:56
  [run 1/4] warm-up done in 8s
  [run 2/4] recording — 01:13:04
  [run 2/4] done in 8s

# OSU MPI-ROCM Bandwidth Test v7.5
# Datatype: MPI_CHAR.
# Size      Bandwidth (MB/s)
1                       2.78
2                       5.89
4                      12.00
8                      24.70
16                     49.40
32                     92.89
64                    188.34
128                   345.89
256                   428.45
512                   774.43
1024                 1350.08
2048                 1128.06
4096                 2258.47
8192                 1107.39
16384                2206.31
32768                4095.94
65536                7932.03
131072              14842.28
262144              23286.25
524288              41441.86
1048576             61753.80
2097152             85235.80
4194304            118395.63
8388608            133256.66
16777216           142854.49
33554432           148117.00
67108864           150306.37
  [run 3/4] recording — 01:13:12
  [run 3/4] done in 9s

# OSU MPI-ROCM Bandwidth Test v7.5
# Datatype: MPI_CHAR.
# Size      Bandwidth (MB/s)
1                       2.67
2                       6.01
4                      11.95
8                      23.63
16                     48.70
32                     91.71
64                    173.85
128                   357.04
256                   426.95
512                   767.37
1024                 1264.07
2048                 1141.07
4096                 2285.48
8192                 1091.09
16384                2171.36
32768                4049.95
65536                7822.94
131072              14755.99
262144              23357.68
524288              41230.33
1048576             61417.12
2097152             85165.55
4194304            117949.40
8388608            132958.00
16777216           142756.66
33554432           148029.81
67108864           150288.71
  [run 4/4] recording — 01:13:21
  [run 4/4] done in 7s

# OSU MPI-ROCM Bandwidth Test v7.5
# Datatype: MPI_CHAR.
# Size      Bandwidth (MB/s)
1                       2.71
2                       6.05
4                      11.96
8                      24.07
16                     48.10
32                     93.47
64                    187.42
128                   346.62
256                   425.73
512                   774.47
1024                 1337.72
2048                 1121.11
4096                 2244.67
8192                 1107.33
16384                2205.49
32768                4109.23
65536                7965.41
131072              14788.62
262144              23359.63
524288              41342.92
1048576             61610.06
2097152             85260.90
4194304            118004.15
8388608            133115.54
16777216           142727.03
33554432           148143.57
67108864           150067.14

# [native sdma=0 MPICH_GPU_IPC_THRESHOLD=4096] intra_pkg_OAM0  GCD(0,1)
  [run 1/4] warm-up — 01:13:28
  [run 1/4] warm-up done in 7s
  [run 2/4] recording — 01:13:35
  [run 2/4] done in 7s

# OSU MPI-ROCM Bandwidth Test v7.5
# Datatype: MPI_CHAR.
# Size      Bandwidth (MB/s)
1                       2.74
2                       6.04
4                      12.00
8                      24.28
16                     49.04
32                     91.83
64                    177.80
128                   299.01
256                   417.35
512                   760.53
1024                 1189.38
2048                 1706.80
4096                 2268.63
8192                 1091.49
16384                2174.38
32768                4055.84
65536                7874.82
131072              14782.06
262144              23372.35
524288              41402.91
1048576             61566.39
2097152             85212.16
4194304            118374.97
8388608            133048.26
16777216           142787.72
33554432           148053.80
67108864           150287.57
  [run 3/4] recording — 01:13:42
  [run 3/4] done in 8s

# OSU MPI-ROCM Bandwidth Test v7.5
# Datatype: MPI_CHAR.
# Size      Bandwidth (MB/s)
1                       2.72
2                       6.01
4                      12.24
8                      24.25
16                     49.72
32                     96.22
64                    184.61
128                   325.80
256                   426.09
512                   780.25
1024                 1397.69
2048                 1798.95
4096                 2269.58
8192                 1094.71
16384                2187.44
32768                4071.67
65536                7858.03
131072              14774.39
262144              23382.40
524288              41610.75
1048576             61790.63
2097152             85329.13
4194304            118182.10
8388608            133319.46
16777216           143043.47
33554432           148351.84
67108864           150439.87
  [run 4/4] recording — 01:13:50
  [run 4/4] done in 7s

# OSU MPI-ROCM Bandwidth Test v7.5
# Datatype: MPI_CHAR.
# Size      Bandwidth (MB/s)
1                       2.96
2                       6.65
4                      13.37
8                      26.65
16                     54.48
32                    100.23
64                    223.53
128                   346.80
256                   437.66
512                   808.94
1024                 1374.04
2048                 1853.23
4096                 2276.03
8192                 1106.16
16384                2203.93
32768                4097.30
65536                7945.44
131072              14861.48
262144              23330.20
524288              41416.63
1048576             61661.71
2097152             85323.44
4194304            118034.82
8388608            132940.02
16777216           142795.60
33554432           147987.96
67108864           150061.29

# [native sdma=0 MPICH_GPU_IPC_THRESHOLD=8192] intra_pkg_OAM0  GCD(0,1)
  [run 1/4] warm-up — 01:13:57
  [run 1/4] warm-up done in 8s
  [run 2/4] recording — 01:14:05
  [run 2/4] done in 8s

# OSU MPI-ROCM Bandwidth Test v7.5
# Datatype: MPI_CHAR.
# Size      Bandwidth (MB/s)
1                       2.74
2                       6.18
4                      12.11
8                      24.55
16                     48.95
32                     96.58
64                    190.93
128                   354.00
256                   427.24
512                   774.97
1024                 1322.51
2048                 1763.27
4096                 2805.46
8192                 1105.88
16384                2202.90
32768                4093.88
65536                7934.30
131072              14898.81
262144              23340.25
524288              41315.52
1048576             61554.32
2097152             85266.69
4194304            118194.20
8388608            133074.53
16777216           142784.88
33554432           148047.60
67108864           150343.13
  [run 3/4] recording — 01:14:13
  [run 3/4] done in 8s

# OSU MPI-ROCM Bandwidth Test v7.5
# Datatype: MPI_CHAR.
# Size      Bandwidth (MB/s)
1                       2.70
2                       5.95
4                      11.92
8                      24.06
16                     48.34
32                     95.34
64                    191.94
128                   302.19
256                   431.05
512                   785.04
1024                 1405.83
2048                 1845.72
4096                 2813.50
8192                 1104.19
16384                2200.36
32768                4077.42
65536                7898.64
131072              14859.58
262144              23437.01
524288              41488.68
1048576             61716.59
2097152             85304.74
4194304            118255.64
8388608            133081.57
16777216           142938.29
33554432           148261.45
67108864           150425.02
  [run 4/4] recording — 01:14:21
  [run 4/4] done in 8s

# OSU MPI-ROCM Bandwidth Test v7.5
# Datatype: MPI_CHAR.
# Size      Bandwidth (MB/s)
1                       2.80
2                       6.19
4                      12.03
8                      24.50
16                     49.73
32                     96.46
64                    187.44
128                   315.86
256                   428.53
512                   769.76
1024                 1296.21
2048                 1776.04
4096                 2892.64
8192                 1089.86
16384                2173.07
32768                4049.81
65536                7860.42
131072              14676.97
262144              23282.23
524288              41530.77
1048576             61747.70
2097152             85226.66
4194304            118287.90
8388608            133216.33
16777216           142986.92
33554432           148147.33
67108864           150289.86

# [native sdma=0 MPICH_GPU_IPC_THRESHOLD=16384] intra_pkg_OAM0  GCD(0,1)
  [run 1/4] warm-up — 01:14:29
  [run 1/4] warm-up done in 9s
  [run 2/4] recording — 01:14:38
  [run 2/4] done in 8s

# OSU MPI-ROCM Bandwidth Test v7.5
# Datatype: MPI_CHAR.
# Size      Bandwidth (MB/s)
1                       2.71
2                       6.05
4                      12.06
8                      24.43
16                     49.13
32                     94.77
64                    188.71
128                   346.55
256                   432.70
512                   782.73
1024                 1335.29
2048                 1776.92
4096                 2837.84
8192                 1093.73
16384                2165.30
32768                4082.80
65536                7850.24
131072              14670.01
262144              23376.24
524288              41323.49
1048576             61606.46
2097152             85074.40
4194304            118243.95
8388608            133220.80
16777216           142961.83
33554432           148021.73
67108864           150201.21
  [run 3/4] recording — 01:14:46
  [run 3/4] done in 8s

# OSU MPI-ROCM Bandwidth Test v7.5
# Datatype: MPI_CHAR.
# Size      Bandwidth (MB/s)
1                       2.75
2                       5.81
4                      12.02
8                      24.02
16                     48.72
32                     94.05
64                    181.29
128                   375.84
256                   422.49
512                   790.60
1024                 1405.51
2048                 1814.26
4096                 2847.79
8192                 1099.03
16384                2188.80
32768                4064.06
65536                7890.73
131072              14670.97
262144              23392.54
524288              41665.19
1048576             61946.62
2097152             85312.33
4194304            118161.85
8388608            133152.37
16777216           142759.15
33554432           148178.34
67108864           150468.42
  [run 4/4] recording — 01:14:54
srun: Step created for StepId=18638911.23
  [run 4/4] done in 8s

# OSU MPI-ROCM Bandwidth Test v7.5
# Datatype: MPI_CHAR.
# Size      Bandwidth (MB/s)
1                       2.59
2                       5.90
4                      11.64
8                      23.24
16                     46.31
32                     91.39
64                    184.02
128                   305.13
256                   424.34
512                   765.82
1024                 1336.92
2048                 1709.33
4096                 2937.68
8192                 1084.03
16384                2146.59
32768                4041.35
65536                7816.49
131072              14519.02
262144              23239.89
524288              41503.06
1048576             61621.58
2097152             85025.26
4194304            118186.63
8388608            133122.94
16777216           143019.64
33554432           148186.72
67108864           150356.79
ALL BENCHMARKS COMPLETE  CSV=results/osu_protocol_native_18638911.csv
