STACK=native  NODE_A=nid005014  NODE_B=nid007968
################# NATIVE STACK (HSA_ENABLE_SDMA=0) #################

################################################################
# [native sdma=0] intra_pkg_OAM0_ref  intra_node  GCD(0,1)  nic=intra_pkg links=4
################################################################
  [run 1/6] warm-up - 17:41:28
  [run 1/6] done in 10s

# OSU MPI-ROCM Bandwidth Test v7.5
# Datatype: MPI_CHAR.
# Size      Bandwidth (MB/s)
1                       3.70
2                       8.32
4                      16.71
8                      33.39
16                     67.42
32                    119.02
64                    257.61
128                   439.15
256                   476.10
512                   900.73
1024                  582.34
2048                 1190.65
4096                 2383.44
8192                 1071.08
16384                2141.74
32768                3978.76
65536                7844.20
131072              15140.92
262144              26669.11
524288              53178.25
1048576             87701.76
2097152            114536.28
4194304            123910.81
8388608            130006.61
16777216           137167.00
33554432           140551.95
67108864           142500.26
  [run 2/6] recording - 17:41:37
  [run 2/6] done in 7s

# OSU MPI-ROCM Bandwidth Test v7.5
# Datatype: MPI_CHAR.
# Size      Bandwidth (MB/s)
1                       3.75
2                       8.21
4                      16.63
8                      33.47
16                     66.34
32                    129.86
64                    250.84
128                   472.63
256                   480.93
512                   855.92
1024                  589.43
2048                 1181.30
4096                 2362.31
8192                 1068.62
16384                2132.85
32768                3980.89
65536                7769.82
131072              15122.20
262144              26702.48
524288              53199.36
1048576             86631.77
2097152            114233.66
4194304            124045.06
8388608            130098.07
16777216           137083.50
33554432           140768.97
67108864           142913.69
  [run 3/6] recording - 17:41:44
  [run 3/6] done in 8s

# OSU MPI-ROCM Bandwidth Test v7.5
# Datatype: MPI_CHAR.
# Size      Bandwidth (MB/s)
1                       3.72
2                       8.40
4                      16.63
8                      32.21
16                     67.38
32                    120.79
64                    235.94
128                   403.75
256                   480.05
512                   929.51
1024                  588.98
2048                 1183.52
4096                 2358.43
8192                 1070.47
16384                2140.19
32768                3978.07
65536                7840.79
131072              15144.66
262144              26687.71
524288              53208.73
1048576             87710.76
2097152            114476.24
4194304            123939.92
8388608            129994.62
16777216           137149.45
33554432           140548.10
67108864           142490.71
  [run 4/6] recording - 17:41:52
srun: Step created for StepId=18749733.3
  [run 4/6] done in 7s

# OSU MPI-ROCM Bandwidth Test v7.5
# Datatype: MPI_CHAR.
# Size      Bandwidth (MB/s)
1                       3.68
2                       8.19
4                      16.35
8                      32.71
16                     66.94
32                    129.72
64                    247.94
128                   454.05
256                   480.15
512                   868.41
1024                  578.47
2048                 1160.35
4096                 2329.07
8192                 1068.62
16384                2137.17
32768                3974.03
65536                7785.07
131072              15137.13
262144              26718.63
524288              53192.96
1048576             85574.90
2097152            114534.58
4194304            124447.32
8388608            130111.47
16777216           137008.40
33554432           140772.88
67108864           142896.76
  [run 5/6] recording - 17:41:59
  [run 5/6] done in 8s

# OSU MPI-ROCM Bandwidth Test v7.5
# Datatype: MPI_CHAR.
# Size      Bandwidth (MB/s)
1                       3.82
2                       8.56
4                      16.95
8                      34.54
16                     68.81
32                    131.50
64                    205.70
128                   460.11
256                   480.60
512                   959.77
1024                  597.56
2048                 1197.88
4096                 2394.05
8192                 1069.78
16384                2139.93
32768                3975.47
65536                7838.35
131072              15123.15
262144              26692.51
524288              53168.69
1048576             86919.48
2097152            114452.67
4194304            123811.90
8388608            130050.04
16777216           137207.72
33554432           140587.92
67108864           142486.20
  [run 6/6] recording - 17:42:07
  [run 6/6] done in 8s

# OSU MPI-ROCM Bandwidth Test v7.5
# Datatype: MPI_CHAR.
# Size      Bandwidth (MB/s)
1                       3.76
2                       8.46
4                      16.67
8                      33.04
16                     68.11
32                    130.81
64                    247.87
128                   378.65
256                   481.03
512                   891.98
1024                  593.84
2048                 1190.35
4096                 2374.20
8192                 1066.78
16384                2137.79
32768                3975.28
65536                7789.13
131072              15127.54
262144              26736.17
524288              53190.78
1048576             85816.29
2097152            114283.81
4194304            124553.66
8388608            130230.48
16777216           137094.22
33554432           140867.25
67108864           142945.74

################################################################
# [native sdma=0] inter_GCD0_GCD0  inter_node  GCD(0,0)  nic=nic_via_xgmi links=NA
################################################################
  [run 1/6] warm-up - 17:42:15
  [run 1/6] done in 41s

# OSU MPI-ROCM Bandwidth Test v7.5
# Datatype: MPI_CHAR.
# Size      Bandwidth (MB/s)
1                       1.44
2                       2.88
4                       5.77
8                      11.54
16                     23.13
32                     46.37
64                     92.52
128                   183.84
256                   373.17
512                   745.50
1024                 1488.98
2048                 2967.48
4096                 5921.28
8192                11775.22
16384               18943.48
32768               19963.75
65536               21867.33
131072              22632.29
262144              23052.55
524288              23268.00
1048576             23372.15
2097152             23485.47
4194304             23365.10
8388608             23481.27
16777216            23418.49
33554432            23546.24
67108864            23444.23
  [run 2/6] recording - 17:42:56
  [run 2/6] done in 39s

# OSU MPI-ROCM Bandwidth Test v7.5
# Datatype: MPI_CHAR.
# Size      Bandwidth (MB/s)
1                       1.45
2                       2.89
4                       5.83
8                      11.63
16                     23.23
32                     46.52
64                     92.68
128                   184.74
256                   374.00
512                   747.41
1024                 1492.43
2048                 2974.99
4096                 5923.21
8192                11738.07
16384               18949.51
32768               19982.23
65536               21888.57
131072              22631.15
262144              23056.84
524288              23286.58
1048576             23449.15
2097152             23419.20
4194304             23400.02
8388608             23452.34
16777216            23536.46
33554432            23572.86
67108864            23392.26
  [run 3/6] recording - 17:43:35
  [run 3/6] done in 38s

# OSU MPI-ROCM Bandwidth Test v7.5
# Datatype: MPI_CHAR.
# Size      Bandwidth (MB/s)
1                       1.46
2                       2.93
4                       4.98
8                      11.73
16                     23.45
32                     46.92
64                     93.75
128                   186.82
256                   375.46
512                   750.14
1024                 1501.85
2048                 2986.10
4096                 5949.29
8192                11773.70
16384               18984.19
32768               19976.36
65536               21863.57
131072              22619.37
262144              23052.08
524288              23294.88
1048576             23529.21
2097152             23370.55
4194304             23342.90
8388608             23378.63
16777216            23457.33
33554432            23558.09
67108864            23552.97
  [run 4/6] recording - 17:44:13
  [run 4/6] done in 38s

# OSU MPI-ROCM Bandwidth Test v7.5
# Datatype: MPI_CHAR.
# Size      Bandwidth (MB/s)
1                       1.44
2                       2.90
4                       5.83
8                      11.65
16                     23.32
32                     46.66
64                     92.85
128                   183.99
256                   371.33
512                   741.93
1024                 1479.33
2048                 2952.46
4096                 5885.01
8192                11670.06
16384               18905.79
32768               19975.09
65536               21818.97
131072              22628.06
262144              23071.98
524288              23357.43
1048576             23395.59
2097152             23416.13
4194304             23453.92
8388608             23442.11
16777216            23515.09
33554432            23465.61
67108864            23505.34
  [run 5/6] recording - 17:44:51
  [run 5/6] done in 38s

# OSU MPI-ROCM Bandwidth Test v7.5
# Datatype: MPI_CHAR.
# Size      Bandwidth (MB/s)
1                       1.46
2                       2.93
4                       5.87
8                      11.79
16                     23.56
32                     47.12
64                     94.11
128                   187.79
256                   377.33
512                   754.07
1024                 1503.99
2048                 3004.47
4096                 5971.28
8192                11877.56
16384               18916.62
32768               19981.55
65536               21886.43
131072              22638.14
262144              23039.38
524288              23342.22
1048576             23400.35
2097152             23501.86
4194304             23474.31
8388608             23516.07
16777216            23558.22
33554432            23378.11
67108864            23486.28
  [run 6/6] recording - 17:45:29
srun: Step created for StepId=18749733.11
  [run 6/6] done in 39s

# OSU MPI-ROCM Bandwidth Test v7.5
# Datatype: MPI_CHAR.
# Size      Bandwidth (MB/s)
1                       1.44
2                       2.91
4                       5.83
8                      11.67
16                     23.34
32                     46.66
64                     60.82
128                   176.49
256                   358.50
512                   722.41
1024                 1443.69
2048                 2843.98
4096                 5730.23
8192                11427.40
16384               18911.98
32768               19906.64
65536               21835.41
131072              22625.11
262144              23066.88
524288              23266.16
1048576             23278.82
2097152             23459.84
4194304             23525.80
8388608             23477.78
16777216            23416.56
33554432            23442.99
67108864            23521.51

################################################################
# [native sdma=0] inter_GCD2_GCD2  inter_node  GCD(2,2)  nic=nic_via_xgmi links=NA
################################################################
  [run 1/6] warm-up - 17:46:08
  [run 1/6] done in 39s

# OSU MPI-ROCM Bandwidth Test v7.5
# Datatype: MPI_CHAR.
# Size      Bandwidth (MB/s)
1                       1.41
2                       2.82
4                       5.67
8                       9.47
16                     22.38
32                     45.63
64                     90.79
128                   181.04
256                   370.88
512                   739.88
1024                 1477.01
2048                 2942.90
4096                 5879.96
8192                11691.37
16384               18677.00
32768               18632.85
65536               21743.14
131072              22599.20
262144              22648.51
524288              22865.78
1048576             22925.60
2097152             22940.40
4194304             23040.34
8388608             22860.04
16777216            23070.97
33554432            23054.87
67108864            22975.53
  [run 2/6] recording - 17:46:47
  [run 2/6] done in 40s

# OSU MPI-ROCM Bandwidth Test v7.5
# Datatype: MPI_CHAR.
# Size      Bandwidth (MB/s)
1                       1.43
2                       2.86
4                       5.76
8                      11.52
16                     23.12
32                     46.14
64                     92.23
128                   184.06
256                   373.35
512                   742.98
1024                 1486.30
2048                 2968.05
4096                 5906.81
8192                11697.59
16384               18590.78
32768               18571.13
65536               21705.94
131072              22600.33
262144              22758.26
524288              22951.25
1048576             22837.75
2097152             23028.11
4194304             22987.60
8388608             22975.62
16777216            23009.95
33554432            23116.45
67108864            23067.56
  [run 3/6] recording - 17:47:27
  [run 3/6] done in 38s

# OSU MPI-ROCM Bandwidth Test v7.5
# Datatype: MPI_CHAR.
# Size      Bandwidth (MB/s)
1                       1.43
2                       2.87
4                       5.78
8                      11.60
16                     23.12
32                     46.31
64                     91.96
128                   183.84
256                   371.41
512                   738.15
1024                 1476.57
2048                 2941.69
4096                 5859.34
8192                11615.90
16384               18784.78
32768               18679.78
65536               21717.35
131072              22599.78
262144              22741.44
524288              22935.19
1048576             22908.60
2097152             23046.64
4194304             23046.17
8388608             23060.73
16777216            22938.50
33554432            23055.54
67108864            22970.39
  [run 4/6] recording - 17:48:05
srun: Step created for StepId=18749733.15
  [run 4/6] done in 40s

# OSU MPI-ROCM Bandwidth Test v7.5
# Datatype: MPI_CHAR.
# Size      Bandwidth (MB/s)
1                       1.44
2                       2.89
4                       5.81
8                      11.64
16                     23.26
32                     46.52
64                     92.89
128                   184.54
256                   375.48
512                   748.15
1024                 1491.36
2048                 2971.51
4096                 5930.38
8192                11748.08
16384               18727.99
32768               18610.29
65536               21710.75
131072              22599.60
262144              22692.53
524288              22833.33
1048576             22995.38
2097152             22837.62
4194304             22997.06
8388608             23103.24
16777216            23124.47
33554432            23113.90
67108864            23048.27
  [run 5/6] recording - 17:48:45
  [run 5/6] done in 39s

# OSU MPI-ROCM Bandwidth Test v7.5
# Datatype: MPI_CHAR.
# Size      Bandwidth (MB/s)
1                       1.44
2                       2.90
4                       5.82
8                      11.63
16                     23.31
32                     46.58
64                     92.98
128                   180.87
256                   373.31
512                   743.44
1024                 1481.67
2048                 2957.71
4096                 5883.79
8192                11689.62
16384               18911.78
32768               18713.78
65536               21772.53
131072              22605.95
262144              22829.85
524288              22855.12
1048576             22966.76
2097152             23070.62
4194304             22990.03
8388608             22974.22
16777216            22991.24
33554432            23001.30
67108864            23065.16
  [run 6/6] recording - 17:49:24
  [run 6/6] done in 39s

# OSU MPI-ROCM Bandwidth Test v7.5
# Datatype: MPI_CHAR.
# Size      Bandwidth (MB/s)
1                       1.42
2                       2.84
4                       5.72
8                      11.39
16                     22.83
32                     45.30
64                     90.78
128                   181.28
256                   368.81
512                   735.13
1024                 1471.48
2048                 2919.46
4096                 5843.54
8192                11590.79
16384               18839.21
32768               18647.55
65536               21706.22
131072              22602.20
262144              22742.24
524288              22901.22
1048576             23017.15
2097152             23103.76
4194304             23066.45
8388608             23065.95
16777216            23132.49
33554432            23083.21
67108864            23024.76

################################################################
# [native sdma=0] inter_GCD4_GCD4  inter_node  GCD(4,4)  nic=nic_via_xgmi links=NA
################################################################
  [run 1/6] warm-up - 17:50:03
  [run 1/6] done in 40s

# OSU MPI-ROCM Bandwidth Test v7.5
# Datatype: MPI_CHAR.
# Size      Bandwidth (MB/s)
1                       1.44
2                       2.88
4                       5.79
8                      11.59
16                     23.17
32                     46.45
64                     92.60
128                   184.22
256                   373.43
512                   744.63
1024                 1484.06
2048                 2956.59
4096                 5882.78
8192                11694.37
16384               18827.47
32768               18974.58
65536               21781.08
131072              22610.42
262144              22756.29
524288              22984.58
1048576             22997.99
2097152             23087.89
4194304             23036.84
8388608             23195.74
16777216            23157.57
33554432            23030.21
67108864            23099.41
  [run 2/6] recording - 17:50:43
  [run 2/6] done in 39s

# OSU MPI-ROCM Bandwidth Test v7.5
# Datatype: MPI_CHAR.
# Size      Bandwidth (MB/s)
1                       1.43
2                       2.88
4                       5.76
8                      11.56
16                     23.04
32                     46.14
64                     92.16
128                   183.50
256                   373.56
512                   746.56
1024                 1481.82
2048                 2955.68
4096                 5897.01
8192                11719.72
16384               18917.05
32768               18867.24
65536               21718.83
131072              22601.48
262144              22830.52
524288              22833.47
1048576             23082.48
2097152             23170.60
4194304             23202.74
8388608             22982.57
16777216            23106.30
33554432            23034.46
67108864            23116.00
  [run 3/6] recording - 17:51:22
  [run 3/6] done in 38s

# OSU MPI-ROCM Bandwidth Test v7.5
# Datatype: MPI_CHAR.
# Size      Bandwidth (MB/s)
1                       1.44
2                       2.90
4                       5.83
8                      11.64
16                     23.32
32                     46.67
64                     93.23
128                   185.34
256                   374.88
512                   740.76
1024                 1495.56
2048                 2974.55
4096                 5923.64
8192                11736.23
16384               18787.57
32768               18764.58
65536               21783.94
131072              22599.12
262144              22818.00
524288              22906.58
1048576             23009.12
2097152             23013.72
4194304             23053.64
8388608             23126.69
16777216            23053.55
33554432            23118.95
67108864            23164.47
  [run 4/6] recording - 17:52:00
  [run 4/6] done in 39s

# OSU MPI-ROCM Bandwidth Test v7.5
# Datatype: MPI_CHAR.
# Size      Bandwidth (MB/s)
1                       1.44
2                       2.90
4                       5.82
8                      11.66
16                     23.26
32                     46.37
64                     92.94
128                   183.53
256                   376.01
512                   750.29
1024                 1501.98
2048                 2986.87
4096                 5951.00
8192                11788.64
16384               18789.23
32768               18856.65
65536               21770.50
131072              22605.06
262144              22786.99
524288              22934.20
1048576             23112.08
2097152             23055.45
4194304             23183.24
8388608             23239.80
16777216            23186.24
33554432            23118.89
67108864            23003.92
  [run 5/6] recording - 17:52:39
  [run 5/6] done in 39s

# OSU MPI-ROCM Bandwidth Test v7.5
# Datatype: MPI_CHAR.
# Size      Bandwidth (MB/s)
1                       1.43
2                       2.86
4                       5.76
8                      11.55
16                     23.05
32                     46.21
64                     92.05
128                   183.78
256                   371.50
512                   740.79
1024                 1480.93
2048                 2944.60
4096                 5878.64
8192                11633.07
16384               18671.05
32768               18900.03
65536               21782.69
131072              22599.77
262144              22840.36
524288              23048.53
1048576             23007.25
2097152             22958.25
4194304             23140.93
8388608             23203.00
16777216            23123.74
33554432            23191.15
67108864            23104.43
  [run 6/6] recording - 17:53:18
  [run 6/6] done in 38s

# OSU MPI-ROCM Bandwidth Test v7.5
# Datatype: MPI_CHAR.
# Size      Bandwidth (MB/s)
1                       1.42
2                       2.86
4                       5.73
8                      11.51
16                     23.00
32                     46.10
64                     91.78
128                   182.33
256                   371.26
512                   740.29
1024                 1472.14
2048                 2928.43
4096                 5839.86
8192                11604.32
16384               18868.71
32768               19034.71
65536               21767.11
131072              22610.50
262144              22804.96
524288              22886.41
1048576             23168.15
2097152             23071.55
4194304             23017.98
8388608             23074.01
16777216            23025.45
33554432            23137.01
67108864            23129.41

################################################################
# [native sdma=0] inter_GCD6_GCD6  inter_node  GCD(6,6)  nic=nic_via_xgmi links=NA
################################################################
  [run 1/6] warm-up - 17:53:56
  [run 1/6] done in 41s

# OSU MPI-ROCM Bandwidth Test v7.5
# Datatype: MPI_CHAR.
# Size      Bandwidth (MB/s)
1                       1.44
2                       2.90
4                       5.82
8                      11.62
16                     23.21
32                     46.61
64                     93.05
128                   184.99
256                   374.64
512                   744.41
1024                 1478.04
2048                 2956.67
4096                 5732.94
8192                11705.57
16384               18849.42
32768               17753.80
65536               21452.13
131072              22598.46
262144              22647.89
524288              22818.72
1048576             22912.64
2097152             23064.35
4194304             23093.64
8388608             23062.52
16777216            22860.34
33554432            23042.69
67108864            22877.31
  [run 2/6] recording - 17:54:37
srun: Step created for StepId=18749733.25
  [run 2/6] done in 39s

# OSU MPI-ROCM Bandwidth Test v7.5
# Datatype: MPI_CHAR.
# Size      Bandwidth (MB/s)
1                       1.44
2                       2.89
4                       5.78
8                      11.58
16                     23.14
32                     46.23
64                     92.34
128                   183.56
256                   373.11
512                   740.73
1024                 1477.60
2048                 2945.98
4096                 5885.72
8192                11697.95
16384               18800.32
32768               17894.64
65536               21499.87
131072              22578.26
262144              22863.01
524288              22877.69
1048576             23083.61
2097152             23147.57
4194304             23092.61
8388608             23114.98
16777216            23146.85
33554432            23242.55
67108864            23111.00
  [run 3/6] recording - 17:55:16
  [run 3/6] done in 39s

# OSU MPI-ROCM Bandwidth Test v7.5
# Datatype: MPI_CHAR.
# Size      Bandwidth (MB/s)
1                       1.44
2                       2.90
4                       5.82
8                      11.64
16                     23.39
32                     46.57
64                     92.55
128                   184.69
256                   372.61
512                   740.20
1024                 1477.96
2048                 2947.02
4096                 5871.51
8192                11694.06
16384               18699.47
32768               17494.81
65536               20807.66
131072              22590.95
262144              22737.97
524288              22763.58
1048576             22919.11
2097152             22847.11
4194304             22955.51
8388608             22829.62
16777216            23010.41
33554432            23044.44
67108864            22999.04
  [run 4/6] recording - 17:55:55
srun: Step created for StepId=18749733.27
  [run 4/6] done in 39s

# OSU MPI-ROCM Bandwidth Test v7.5
# Datatype: MPI_CHAR.
# Size      Bandwidth (MB/s)
1                       1.42
2                       2.84
4                       5.70
8                      11.42
16                     22.77
32                     45.54
64                     91.03
128                   180.39
256                   359.69
512                   737.09
1024                 1470.73
2048                 2933.50
4096                 5872.59
8192                11684.50
16384               18746.34
32768               17888.92
65536               21523.51
131072              22587.52
262144              22828.66
524288              23047.83
1048576             23065.30
2097152             23040.96
4194304             23017.15
8388608             23262.06
16777216            23263.53
33554432            23097.71
67108864            23036.72
  [run 5/6] recording - 17:56:34
  [run 5/6] done in 39s

# OSU MPI-ROCM Bandwidth Test v7.5
# Datatype: MPI_CHAR.
# Size      Bandwidth (MB/s)
1                       1.44
2                       2.90
4                       5.83
8                      11.66
16                     23.28
32                     46.67
64                     93.13
128                   184.70
256                   375.37
512                   742.47
1024                 1482.95
2048                 2956.32
4096                 5906.67
8192                11676.39
16384               18787.66
32768               17738.50
65536               21505.18
131072              22594.88
262144              22688.02
524288              22756.08
1048576             22975.85
2097152             22859.31
4194304             22896.51
8388608             23022.97
16777216            22950.21
33554432            22954.60
67108864            23037.93
  [run 6/6] recording - 17:57:13
srun: Step created for StepId=18749733.29
  [run 6/6] done in 39s

# OSU MPI-ROCM Bandwidth Test v7.5
# Datatype: MPI_CHAR.
# Size      Bandwidth (MB/s)
1                       1.44
2                       2.89
4                       5.79
8                      11.64
16                     23.28
32                     46.54
64                     92.62
128                   184.24
256                   375.26
512                   748.37
1024                 1492.57
2048                 2971.06
4096                 5927.53
8192                11763.97
16384               18814.37
32768               17585.93
65536               21385.77
131072              22595.61
262144              22830.44
524288              22992.66
1048576             23119.38
2097152             22975.66
4194304             23092.54
8388608             23204.12
16777216            23057.23
33554432            23000.35
67108864            23049.70

################################################################
# [native sdma=0] inter_GCD1_GCD1  inter_node  GCD(1,1)  nic=nic_local links=NA
################################################################
  [run 1/6] warm-up - 17:57:52
  [run 1/6] done in 37s

# OSU MPI-ROCM Bandwidth Test v7.5
# Datatype: MPI_CHAR.
# Size      Bandwidth (MB/s)
1                       1.41
2                       2.84
4                       5.70
8                      11.09
16                     22.93
32                     45.82
64                     91.32
128                   181.35
256                   374.18
512                   746.70
1024                 1489.58
2048                 2969.37
4096                 5930.43
8192                11746.94
16384               19020.90
32768               20032.56
65536               21959.17
131072              22655.90
262144              23320.84
524288              23612.43
1048576             23819.00
2097152             23732.04
4194304             23841.50
8388608             23830.37
16777216            23838.77
33554432            23829.79
67108864            23861.28
  [run 2/6] recording - 17:58:29
srun: Step created for StepId=18749733.31
  [run 2/6] done in 39s

# OSU MPI-ROCM Bandwidth Test v7.5
# Datatype: MPI_CHAR.
# Size      Bandwidth (MB/s)
1                       1.43
2                       2.87
4                       5.75
8                      11.52
16                     23.09
32                     46.21
64                     91.73
128                   182.59
256                   374.59
512                   749.36
1024                 1495.56
2048                 2975.08
4096                 5930.86
8192                11785.89
16384               19009.65
32768               20009.81
65536               21941.56
131072              22665.12
262144              23334.21
524288              23588.99
1048576             23814.50
2097152             23831.78
4194304             23874.39
8388608             23823.65
16777216            23879.27
33554432            23850.51
67108864            23897.65
  [run 3/6] recording - 17:59:08
  [run 3/6] done in 37s

# OSU MPI-ROCM Bandwidth Test v7.5
# Datatype: MPI_CHAR.
# Size      Bandwidth (MB/s)
1                       1.23
2                       2.89
4                       5.83
8                      11.71
16                     23.39
32                     46.90
64                     93.37
128                   186.27
256                   375.62
512                   750.98
1024                 1502.21
2048                 3003.81
4096                 5998.76
8192                11946.49
16384               18962.29
32768               20042.29
65536               21921.16
131072              22665.90
262144              23292.54
524288              23618.59
1048576             23816.05
2097152             23835.11
4194304             23897.93
8388608             23880.36
16777216            23909.57
33554432            23850.91
67108864            23806.35
  [run 4/6] recording - 17:59:45
  [run 4/6] done in 38s

# OSU MPI-ROCM Bandwidth Test v7.5
# Datatype: MPI_CHAR.
# Size      Bandwidth (MB/s)
1                       1.44
2                       2.88
4                       5.81
8                      11.64
16                     23.19
32                     45.22
64                     92.40
128                   182.34
256                   374.50
512                   746.41
1024                 1493.55
2048                 2965.04
4096                 5911.05
8192                11774.99
16384               19059.83
32768               20000.54
65536               21968.02
131072              22651.10
262144              23315.92
524288              23561.81
1048576             23778.31
2097152             23819.38
4194304             23699.61
8388608             23812.98
16777216            23783.81
33554432            23859.82
67108864            23839.38
  [run 5/6] recording - 18:00:23
srun: Step created for StepId=18749733.34
  [run 5/6] done in 38s

# OSU MPI-ROCM Bandwidth Test v7.5
# Datatype: MPI_CHAR.
# Size      Bandwidth (MB/s)
1                       1.46
2                       2.93
4                       5.88
8                      11.80
16                     23.62
32                     47.14
64                     94.12
128                   187.76
256                   377.89
512                   755.53
1024                 1507.76
2048                 3010.29
4096                 4963.31
8192                11948.21
16384               19028.97
32768               20025.63
65536               21931.72
131072              22658.53
262144              23352.00
524288              23599.70
1048576             23784.07
2097152             23844.24
4194304             23877.12
8388608             23851.65
16777216            23897.63
33554432            23872.41
67108864            23853.73
  [run 6/6] recording - 18:01:01
  [run 6/6] done in 37s

# OSU MPI-ROCM Bandwidth Test v7.5
# Datatype: MPI_CHAR.
# Size      Bandwidth (MB/s)
1                       1.44
2                       2.90
4                       5.83
8                      11.64
16                     23.43
32                     46.78
64                     93.09
128                   185.55
256                   375.43
512                   751.06
1024                 1493.22
2048                 2998.52
4096                 5970.07
8192                11883.14
16384               18959.75
32768               20032.50
65536               21949.02
131072              22664.60
262144              23337.43
524288              23612.11
1048576             23806.12
2097152             23848.54
4194304             23844.17
8388608             23777.24
16777216            23859.46
33554432            23867.17
67108864            23864.46

################################################################
# [native sdma=0] inter_GCD3_GCD3  inter_node  GCD(3,3)  nic=nic_local links=NA
################################################################
  [run 1/6] warm-up - 18:01:38
  [run 1/6] done in 38s

# OSU MPI-ROCM Bandwidth Test v7.5
# Datatype: MPI_CHAR.
# Size      Bandwidth (MB/s)
1                       1.46
2                       2.90
4                       5.87
8                      11.74
16                     23.34
32                     46.96
64                     93.85
128                   187.28
256                   375.34
512                   750.27
1024                 1502.16
2048                 2550.89
4096                 5976.46
8192                11828.68
16384               18910.14
32768               19940.96
65536               21895.18
131072              22631.42
262144              23093.21
524288              23306.06
1048576             23419.90
2097152             23480.48
4194304             23586.38
8388608             23497.62
16777216            23469.10
33554432            23432.02
67108864            23525.53
  [run 2/6] recording - 18:02:16
srun: Step created for StepId=18749733.37
  [run 2/6] done in 38s

# OSU MPI-ROCM Bandwidth Test v7.5
# Datatype: MPI_CHAR.
# Size      Bandwidth (MB/s)
1                       1.45
2                       2.92
4                       5.85
8                      11.70
16                     23.48
32                     46.90
64                     93.74
128                   186.76
256                   375.48
512                   751.20
1024                 1500.19
2048                 2999.36
4096                 5976.02
8192                11891.70
16384               18981.13
32768               19979.41
65536               21902.01
131072              22637.10
262144              23099.99
524288              23291.72
1048576             23528.18
2097152             23431.77
4194304             23472.91
8388608             23431.20
16777216            23587.41
33554432            23510.08
67108864            23677.63
  [run 3/6] recording - 18:02:54
  [run 3/6] done in 38s

# OSU MPI-ROCM Bandwidth Test v7.5
# Datatype: MPI_CHAR.
# Size      Bandwidth (MB/s)
1                       1.45
2                       2.91
4                       5.85
8                      11.71
16                     23.37
32                     46.92
64                     92.86
128                   185.78
256                   375.94
512                   751.22
1024                 1501.27
2048                 3003.21
4096                 5983.03
8192                11853.53
16384               18963.25
32768               20000.79
65536               21928.05
131072              22638.35
262144              23046.06
524288              23366.82
1048576             23492.50
2097152             23477.09
4194304             23502.38
8388608             23540.49
16777216            23506.98
33554432            23520.87
67108864            23536.76
  [run 4/6] recording - 18:03:32
srun: Step created for StepId=18749733.39
  [run 4/6] done in 39s

# OSU MPI-ROCM Bandwidth Test v7.5
# Datatype: MPI_CHAR.
# Size      Bandwidth (MB/s)
1                       1.43
2                       2.89
4                       5.61
8                      11.57
16                     23.04
32                     46.20
64                     91.93
128                   183.13
256                   371.58
512                   744.29
1024                 1483.32
2048                 2956.39
4096                 5895.24
8192                11716.71
16384               19025.86
32768               19957.12
65536               21894.57
131072              22631.38
262144              23079.87
524288              23364.99
1048576             23452.23
2097152             23531.73
4194304             23620.12
8388608             23525.90
16777216            23559.33
33554432            23606.82
67108864            23625.58
  [run 5/6] recording - 18:04:11
  [run 5/6] done in 38s

# OSU MPI-ROCM Bandwidth Test v7.5
# Datatype: MPI_CHAR.
# Size      Bandwidth (MB/s)
1                       1.44
2                       2.88
4                       5.79
8                      11.60
16                     23.23
32                     46.52
64                     92.44
128                   183.86
256                   359.81
512                   748.12
1024                 1488.66
2048                 2982.22
4096                 5915.74
8192                11750.02
16384               19001.85
32768               19963.66
65536               21856.81
131072              22634.95
262144              23014.82
524288              23400.70
1048576             23481.21
2097152             23496.55
4194304             23488.23
8388608             23573.77
16777216            23449.85
33554432            23591.90
67108864            23613.83
  [run 6/6] recording - 18:04:49
  [run 6/6] done in 38s

# OSU MPI-ROCM Bandwidth Test v7.5
# Datatype: MPI_CHAR.
# Size      Bandwidth (MB/s)
1                       1.45
2                       2.92
4                       5.86
8                      11.74
16                     23.43
32                     47.03
64                     93.72
128                   186.57
256                   375.71
512                   751.08
1024                 1499.22
2048                 2990.09
4096                 5960.55
8192                11850.50
16384               19001.36
32768               19985.70
65536               21936.89
131072              22636.84
262144              23027.70
524288              23328.38
1048576             23386.95
2097152             23569.12
4194304             23528.28
8388608             23483.85
16777216            23572.46
33554432            23555.28
67108864            23390.29

################################################################
# [native sdma=0] inter_GCD5_GCD5  inter_node  GCD(5,5)  nic=nic_local links=NA
################################################################
  [run 1/6] warm-up - 18:05:27
  [run 1/6] done in 37s

# OSU MPI-ROCM Bandwidth Test v7.5
# Datatype: MPI_CHAR.
# Size      Bandwidth (MB/s)
1                       1.41
2                       2.91
4                       4.97
8                      11.74
16                     23.47
32                     46.90
64                     91.73
128                   186.41
256                   375.24
512                   750.82
1024                 1502.33
2048                 2991.27
4096                 5951.60
8192                11828.00
16384               18866.68
32768               19958.75
65536               21863.53
131072              22633.97
262144              23240.85
524288              23496.62
1048576             23625.34
2097152             23594.96
4194304             23609.85
8388608             23604.68
16777216            23697.88
33554432            23614.42
67108864            23652.25
  [run 2/6] recording - 18:06:04
srun: Step created for StepId=18749733.43
  [run 2/6] done in 39s

# OSU MPI-ROCM Bandwidth Test v7.5
# Datatype: MPI_CHAR.
# Size      Bandwidth (MB/s)
1                       1.44
2                       2.90
4                       5.81
8                      11.67
16                     23.30
32                     46.59
64                     92.85
128                   184.35
256                   372.59
512                   745.38
1024                 1488.08
2048                 2969.62
4096                 5922.83
8192                11726.87
16384               18987.77
32768               19966.68
65536               21888.90
131072              22627.10
262144              23098.05
524288              23259.48
1048576             23411.96
2097152             23495.41
4194304             23488.06
8388608             23533.30
16777216            23605.54
33554432            23506.18
67108864            23592.14
  [run 3/6] recording - 18:06:43
srun: Step created for StepId=18749733.44
  [run 3/6] done in 38s

# OSU MPI-ROCM Bandwidth Test v7.5
# Datatype: MPI_CHAR.
# Size      Bandwidth (MB/s)
1                       1.44
2                       2.89
4                       5.80
8                      11.69
16                     23.26
32                     46.46
64                     93.02
128                   184.77
256                   375.26
512                   747.77
1024                 1490.60
2048                 2975.31
4096                 5925.37
8192                11747.03
16384               18840.73
32768               19988.62
65536               21869.36
131072              22626.58
262144              23041.08
524288              23325.62
1048576             23487.46
2097152             23443.32
4194304             23503.22
8388608             23464.64
16777216            23578.84
33554432            23531.58
67108864            23536.86
  [run 4/6] recording - 18:07:21
srun: Step created for StepId=18749733.45
  [run 4/6] done in 39s

# OSU MPI-ROCM Bandwidth Test v7.5
# Datatype: MPI_CHAR.
# Size      Bandwidth (MB/s)
1                       1.45
2                       2.89
4                       5.60
8                      11.31
16                     23.27
32                     46.49
64                     92.67
128                   184.91
256                   373.62
512                   747.92
1024                 1491.21
2048                 2970.14
4096                 5927.27
8192                11792.92
16384               18859.49
32768               19965.03
65536               21900.91
131072              22623.18
262144              23011.60
524288              23283.73
1048576             23438.22
2097152             23408.39
4194304             23537.97
8388608             23448.27
16777216            23495.57
33554432            23548.59
67108864            23508.74
  [run 5/6] recording - 18:08:00
  [run 5/6] done in 38s

# OSU MPI-ROCM Bandwidth Test v7.5
# Datatype: MPI_CHAR.
# Size      Bandwidth (MB/s)
1                       1.44
2                       2.91
4                       5.85
8                      11.71
16                     23.45
32                     46.67
64                     93.30
128                   184.82
256                   372.88
512                   746.17
1024                 1489.96
2048                 2967.17
4096                 5905.91
8192                11747.23
16384               18968.06
32768               20003.94
65536               21857.40
131072              22632.26
262144              23105.97
524288              23347.81
1048576             23459.11
2097152             23407.84
4194304             23548.69
8388608             23520.49
16777216            23530.17
33554432            23498.08
67108864            23505.57
  [run 6/6] recording - 18:08:38
srun: Step created for StepId=18749733.47
  [run 6/6] done in 39s

# OSU MPI-ROCM Bandwidth Test v7.5
# Datatype: MPI_CHAR.
# Size      Bandwidth (MB/s)
1                       1.45
2                       2.91
4                       5.85
8                      11.69
16                     23.45
32                     46.90
64                     93.17
128                   185.89
256                   375.39
512                   749.98
1024                 1497.79
2048                 2987.76
4096                 5954.10
8192                11823.76
16384               18969.89
32768               19992.43
65536               21893.61
131072              22630.92
262144              23101.70
524288              23332.57
1048576             23370.85
2097152             23509.33
4194304             23456.40
8388608             23447.23
16777216            23429.08
33554432            23486.32
67108864            23481.19

################################################################
# [native sdma=0] inter_GCD7_GCD7  inter_node  GCD(7,7)  nic=nic_local links=NA
################################################################
  [run 1/6] warm-up - 18:09:17
  [run 1/6] done in 41s

# OSU MPI-ROCM Bandwidth Test v7.5
# Datatype: MPI_CHAR.
# Size      Bandwidth (MB/s)
1                       1.40
2                       2.81
4                       5.64
8                      11.30
16                     22.68
32                     45.17
64                     89.67
128                   179.74
256                   365.99
512                   729.99
1024                 1453.96
2048                 2905.28
4096                 5783.63
8192                11558.81
16384               18463.59
32768               18823.58
65536               20409.03
131072              22032.05
262144              22162.81
524288              22222.04
1048576             22384.91
2097152             22383.57
4194304             22391.68
8388608             22561.34
16777216            22472.21
33554432            22384.23
67108864            22419.58
  [run 2/6] recording - 18:09:58
  [run 2/6] done in 39s

# OSU MPI-ROCM Bandwidth Test v7.5
# Datatype: MPI_CHAR.
# Size      Bandwidth (MB/s)
1                       1.40
2                       2.77
4                       5.59
8                      11.22
16                     22.40
32                     44.95
64                     86.57
128                   179.51
256                   365.05
512                   730.90
1024                 1456.78
2048                 2908.39
4096                 5807.91
8192                11617.79
16384               18372.64
32768               18815.51
65536               20384.40
131072              21979.53
262144              22157.24
524288              22172.98
1048576             22298.67
2097152             22429.59
4194304             22484.36
8388608             22435.45
16777216            22459.41
33554432            22482.59
67108864            22583.61
  [run 3/6] recording - 18:10:37
  [run 3/6] done in 40s

# OSU MPI-ROCM Bandwidth Test v7.5
# Datatype: MPI_CHAR.
# Size      Bandwidth (MB/s)
1                       1.40
2                       2.80
4                       5.59
8                      11.26
16                     22.62
32                     45.23
64                     90.23
128                   178.68
256                   365.47
512                   728.42
1024                 1461.93
2048                 2908.97
4096                 5816.75
8192                11592.30
16384               18382.82
32768               18612.06
65536               20374.46
131072              21992.43
262144              22108.40
524288              22185.66
1048576             22373.92
2097152             22450.32
4194304             22531.31
8388608             22347.31
16777216            22437.39
33554432            22463.99
67108864            22596.75
  [run 4/6] recording - 18:11:17
slurmstepd: error: *** STEP 18749733.51 ON nid005014 CANCELLED AT 2026-05-20T18:11:41 DUE TO TIME LIMIT ***
srun: Job step aborted: Waiting up to 32 seconds for job step to finish.
