STACK=eessi  NODE_A=nid005006  NODE_B=nid005007
################# EESSI STACK (HSA_ENABLE_SDMA=0) ##################
[fixed] FI_CXI_RX_MATCH_MODE=hardware
[fixed] OMPI_MCA_coll_han_priority=100
[fixed] OMPI_MCA_coll_tuned_use_dynamic_rules=1
[fixed] OMPI_MCA_coll_tuned_allreduce_algorithm=4
[fixed] OMPI_MCA_coll_ucc_enable=0

# [eessi sdma=0] osu_allreduce  N=16  nodes=2
  [run 1/6] warm-up - 19:16:04
  [run 1/6] done in 27s

# OSU MPI-ROCM Allreduce Latency Test v7.5
# Datatype: MPI_INT.
# Size       Avg Latency(us)
4                     149.32
8                     151.64
16                    150.34
32                    150.26
64                    148.94
128                   151.98
256                    45.40
512                    45.99
1024                   47.73
2048                   49.36
4096                   55.43
8192                   79.74
16384                  92.42
32768                 124.85
65536                 202.66
131072                348.53
262144                653.42
524288               1274.83
1048576              2522.14
  [run 2/6] recording - 19:16:31
  [run 2/6] done in 6s

# OSU MPI-ROCM Allreduce Latency Test v7.5
# Datatype: MPI_INT.
# Size       Avg Latency(us)
4                     179.53
8                     190.15
16                    188.66
32                    188.73
64                    179.17
128                   180.59
256                    46.03
512                    46.45
1024                   48.00
2048                   50.08
4096                   56.14
8192                   80.13
16384                  93.94
32768                 131.59
65536                 202.81
131072                351.80
262144                656.50
524288               1276.84
1048576              2530.32
  [run 3/6] recording - 19:16:37
  [run 3/6] done in 6s

# OSU MPI-ROCM Allreduce Latency Test v7.5
# Datatype: MPI_INT.
# Size       Avg Latency(us)
4                     175.92
8                     196.18
16                    194.72
32                    194.82
64                    176.50
128                   177.91
256                    46.22
512                    46.51
1024                   48.04
2048                   50.19
4096                   56.18
8192                   79.34
16384                  92.43
32768                 123.66
65536                 190.47
131072                323.67
262144                616.38
524288               1170.63
1048576              2286.51
  [run 4/6] recording - 19:16:43
  [run 4/6] done in 6s

# OSU MPI-ROCM Allreduce Latency Test v7.5
# Datatype: MPI_INT.
# Size       Avg Latency(us)
4                     169.57
8                     182.19
16                    180.69
32                    180.97
64                    169.83
128                   172.70
256                    45.87
512                    46.87
1024                   48.13
2048                   49.98
4096                   56.32
8192                   80.78
16384                  91.78
32768                 127.53
65536                 187.57
131072                325.86
262144                624.09
524288               1184.94
1048576              2313.49
  [run 5/6] recording - 19:16:49
  [run 5/6] done in 6s

# OSU MPI-ROCM Allreduce Latency Test v7.5
# Datatype: MPI_INT.
# Size       Avg Latency(us)
4                     169.22
8                     179.32
16                    178.03
32                    178.10
64                    168.97
128                   172.55
256                    43.88
512                    44.60
1024                   46.05
2048                   48.09
4096                   53.84
8192                   78.03
16384                  88.77
32768                 113.66
65536                 202.76
131072                349.77
262144                656.80
524288               1277.04
1048576              2521.27
  [run 6/6] recording - 19:16:55
  [run 6/6] done in 6s

# OSU MPI-ROCM Allreduce Latency Test v7.5
# Datatype: MPI_INT.
# Size       Avg Latency(us)
4                     174.55
8                     191.79
16                    190.45
32                    190.74
64                    173.98
128                   175.15
256                    43.98
512                    44.41
1024                   46.18
2048                   47.93
4096                   54.16
8192                   77.93
16384                  90.66
32768                 128.65
65536                 204.66
131072                350.93
262144                655.58
524288               1274.24
1048576              2506.84

# [eessi sdma=0] osu_alltoall  N=16  nodes=2
  [run 1/6] warm-up - 19:17:01
  [run 1/6] done in 20s

# OSU MPI-ROCM All-to-All Personalized Exchange Latency Test v7.5
# Datatype: MPI_CHAR.
# Size       Avg Latency(us)
1                     770.74
2                     774.26
4                    1431.25
8                    1462.22
16                   1439.32
32                   1438.16
64                   1447.80
128                  1449.43
256                  1464.35
512                    74.99
1024                   75.30
2048                   76.12
4096                   79.99
8192                   99.60
16384                 136.57
32768                 230.28
65536                 427.01
131072                819.07
262144               1607.33
524288               3173.79
1048576              6342.31
  [run 2/6] recording - 19:17:21
  [run 2/6] done in 19s

# OSU MPI-ROCM All-to-All Personalized Exchange Latency Test v7.5
# Datatype: MPI_CHAR.
# Size       Avg Latency(us)
1                     747.61
2                     745.46
4                    1425.46
8                    1406.81
16                   1395.98
32                   1390.57
64                   1398.58
128                  1410.43
256                  1423.15
512                    74.30
1024                   74.68
2048                   75.51
4096                   79.81
8192                   99.47
16384                 136.41
32768                 229.76
65536                 427.14
131072                820.56
262144               1612.30
524288               3199.24
1048576              6357.76
  [run 3/6] recording - 19:17:40
  [run 3/6] done in 19s

# OSU MPI-ROCM All-to-All Personalized Exchange Latency Test v7.5
# Datatype: MPI_CHAR.
# Size       Avg Latency(us)
1                     766.01
2                     771.21
4                    1419.40
8                    1425.26
16                   1406.82
32                   1414.92
64                   1418.94
128                  1422.11
256                  1438.26
512                    74.12
1024                   74.63
2048                   75.62
4096                   80.07
8192                   99.28
16384                 135.77
32768                 233.27
65536                 424.10
131072                814.50
262144               1600.07
524288               3168.25
1048576              6320.85
  [run 4/6] recording - 19:17:59
  [run 4/6] done in 18s

# OSU MPI-ROCM All-to-All Personalized Exchange Latency Test v7.5
# Datatype: MPI_CHAR.
# Size       Avg Latency(us)
1                     751.56
2                     752.76
4                    1359.72
8                    1370.21
16                   1348.06
32                   1354.00
64                   1357.35
128                  1330.56
256                  1322.34
512                    73.82
1024                   74.23
2048                   75.16
4096                   79.41
8192                   99.10
16384                 135.74
32768                 229.36
65536                 426.55
131072                819.25
262144               1605.44
524288               3177.04
1048576              6331.65
  [run 5/6] recording - 19:18:17
  [run 5/6] done in 20s

# OSU MPI-ROCM All-to-All Personalized Exchange Latency Test v7.5
# Datatype: MPI_CHAR.
# Size       Avg Latency(us)
1                     768.59
2                     776.65
4                    1389.35
8                    1390.79
16                   1375.30
32                   1368.09
64                   1374.89
128                  1378.93
256                  1391.37
512                    73.74
1024                   74.27
2048                   75.25
4096                   79.41
8192                   98.94
16384                 135.72
32768                 229.40
65536                 426.57
131072                818.19
262144               1609.61
524288               3176.64
1048576              6338.80
  [run 6/6] recording - 19:18:37
  [run 6/6] done in 19s

# OSU MPI-ROCM All-to-All Personalized Exchange Latency Test v7.5
# Datatype: MPI_CHAR.
# Size       Avg Latency(us)
1                     761.87
2                     763.53
4                    1358.27
8                    1358.17
16                   1337.52
32                   1340.42
64                   1332.12
128                  1329.51
256                  1340.83
512                    73.40
1024                   73.90
2048                   74.80
4096                   78.93
8192                   99.22
16384                 135.97
32768                 229.25
65536                 425.82
131072                817.41
262144               1605.96
524288               3178.37
1048576              6323.58

# [eessi sdma=0] osu_bcast  N=16  nodes=2
  [run 1/6] warm-up - 19:18:56
  [run 1/6] done in 5s

# OSU MPI-ROCM Broadcast Latency Test v7.5
# Datatype: MPI_CHAR.
# Size       Avg Latency(us)
1                      98.37
2                      97.93
4                      98.44
8                     100.44
16                    100.63
32                    100.81
64                     99.14
128                    99.84
256                     9.79
512                    10.10
1024                   10.23
2048                   10.78
4096                   12.66
8192                   21.66
16384                  22.72
32768                  22.48
65536                  31.97
131072                 63.68
262144                127.66
524288                255.47
1048576               510.30
  [run 2/6] recording - 19:19:01
  [run 2/6] done in 5s

# OSU MPI-ROCM Broadcast Latency Test v7.5
# Datatype: MPI_CHAR.
# Size       Avg Latency(us)
1                      81.26
2                      81.43
4                      81.17
8                      91.76
16                     91.71
32                     91.72
64                     82.02
128                    82.56
256                     9.58
512                     9.65
1024                   10.03
2048                   10.47
4096                   12.43
8192                   21.40
16384                  22.39
32768                  22.76
65536                  31.81
131072                 63.77
262144                127.68
524288                255.46
1048576               510.13
  [run 3/6] recording - 19:19:06
  [run 3/6] done in 5s

# OSU MPI-ROCM Broadcast Latency Test v7.5
# Datatype: MPI_CHAR.
# Size       Avg Latency(us)
1                      81.48
2                      81.34
4                      81.53
8                      91.91
16                     92.05
32                     92.11
64                     81.87
128                    82.30
256                     9.63
512                     9.87
1024                   10.08
2048                   10.58
4096                   12.50
8192                   21.47
16384                  22.54
32768                  22.62
65536                  32.03
131072                 63.85
262144                127.81
524288                255.64
1048576               510.63
  [run 4/6] recording - 19:19:11
  [run 4/6] done in 5s

# OSU MPI-ROCM Broadcast Latency Test v7.5
# Datatype: MPI_CHAR.
# Size       Avg Latency(us)
1                      81.53
2                      81.48
4                      81.40
8                      94.29
16                     94.20
32                     94.23
64                     82.08
128                    82.44
256                     9.69
512                     9.87
1024                    9.93
2048                   10.24
4096                   12.77
8192                   21.52
16384                  22.43
32768                  22.76
65536                  31.86
131072                 63.82
262144                127.85
524288                255.88
1048576               511.68
  [run 5/6] recording - 19:19:16
  [run 5/6] done in 5s

# OSU MPI-ROCM Broadcast Latency Test v7.5
# Datatype: MPI_CHAR.
# Size       Avg Latency(us)
1                      81.65
2                      81.72
4                      81.65
8                      91.79
16                     91.75
32                     91.13
64                     81.15
128                    81.67
256                     9.58
512                     9.77
1024                   10.01
2048                   10.50
4096                   12.71
8192                   21.45
16384                  22.40
32768                  22.56
65536                  31.72
131072                 63.82
262144                127.74
524288                255.44
1048576               510.91
  [run 6/6] recording - 19:19:21
  [run 6/6] done in 5s

# OSU MPI-ROCM Broadcast Latency Test v7.5
# Datatype: MPI_CHAR.
# Size       Avg Latency(us)
1                      81.94
2                      81.64
4                      81.64
8                      86.94
16                     86.81
32                     86.60
64                     81.92
128                    82.58
256                     9.77
512                     9.79
1024                    9.97
2048                   10.46
4096                   12.40
8192                   21.37
16384                  22.53
32768                  22.66
65536                  31.93
131072                 63.74
262144                127.64
524288                255.51
1048576               510.61

# [eessi sdma=0] osu_allgather  N=16  nodes=2
  [run 1/6] warm-up - 19:19:26
  [run 1/6] done in 9s

# OSU MPI-ROCM Allgather Latency Test v7.5
# Datatype: MPI_CHAR.
# Size       Avg Latency(us)
1                     187.36
2                     186.83
4                     173.15
8                     173.65
16                    117.30
32                    119.90
64                    120.63
128                   121.39
256                    94.11
512                   101.68
1024                  107.04
2048                  108.31
4096                  130.21
8192                  155.99
16384                 201.67
32768                 320.68
65536                 542.09
131072               1009.30
262144               1836.90
524288               3586.66
1048576              7132.88
  [run 2/6] recording - 19:19:35
  [run 2/6] done in 8s

# OSU MPI-ROCM Allgather Latency Test v7.5
# Datatype: MPI_CHAR.
# Size       Avg Latency(us)
1                     204.87
2                     204.60
4                     209.36
8                     210.18
16                    137.31
32                    138.26
64                    138.57
128                   138.87
256                    95.39
512                   102.30
1024                  106.56
2048                  108.59
4096                  130.46
8192                  157.80
16384                 194.82
32768                 312.58
65536                 557.55
131072               1024.68
262144               1841.52
524288               3588.56
1048576              7149.44
  [run 3/6] recording - 19:19:43
  [run 3/6] done in 8s

# OSU MPI-ROCM Allgather Latency Test v7.5
# Datatype: MPI_CHAR.
# Size       Avg Latency(us)
1                     210.76
2                     210.13
4                     195.15
8                     196.43
16                    139.16
32                    140.28
64                    141.24
128                   142.37
256                    97.46
512                   103.11
1024                  109.27
2048                  110.05
4096                  131.84
8192                  157.25
16384                 205.46
32768                 322.48
65536                 540.77
131072               1003.97
262144               1836.10
524288               3597.72
1048576              7090.61
  [run 4/6] recording - 19:19:51
  [run 4/6] done in 8s

# OSU MPI-ROCM Allgather Latency Test v7.5
# Datatype: MPI_CHAR.
# Size       Avg Latency(us)
1                     212.37
2                     212.12
4                     199.06
8                     200.39
16                    140.53
32                    142.20
64                    142.63
128                   142.99
256                    98.08
512                   103.09
1024                  109.05
2048                  110.01
4096                  131.71
8192                  159.04
16384                 205.21
32768                 315.74
65536                 540.92
131072                954.72
262144               1838.12
524288               3601.57
1048576              7129.67
  [run 5/6] recording - 19:20:00
  [run 5/6] done in 7s

# OSU MPI-ROCM Allgather Latency Test v7.5
# Datatype: MPI_CHAR.
# Size       Avg Latency(us)
1                     175.26
2                     174.41
4                     170.13
8                     171.84
16                    112.48
32                    113.41
64                    114.03
128                   115.19
256                    93.57
512                    99.92
1024                  104.97
2048                  106.56
4096                  127.97
8192                  154.11
16384                 201.96
32768                 322.03
65536                 540.79
131072                988.29
262144               1834.24
524288               3587.81
1048576              7121.39
  [run 6/6] recording - 19:20:07
  [run 6/6] done in 9s

# OSU MPI-ROCM Allgather Latency Test v7.5
# Datatype: MPI_CHAR.
# Size       Avg Latency(us)
1                     186.38
2                     185.87
4                     175.36
8                     175.68
16                    117.00
32                    118.22
64                    118.74
128                   120.00
256                    96.65
512                   102.44
1024                  108.71
2048                  110.23
4096                  133.36
8192                  159.59
16384                 202.41
32768                 326.42
65536                 546.78
131072               1004.75
262144               1837.11
524288               3589.28
1048576              7072.17
ALL BENCHMARKS COMPLETE  CSV=results/osu_collectives_fixed_eessi_18750989.csv
