STACK=eessi  NODE_A=nid005006  NODE_B=nid005007
################# EESSI STACK (HSA_ENABLE_SDMA=0) ##################

# [eessi sdma=0] osu_allreduce  N=16  nodes=2
  [run 1/6] warm-up - 18:47:47
  [run 1/6] done in 22s

# OSU MPI-ROCM Allreduce Latency Test v7.5
# Datatype: MPI_INT.
# Size       Avg Latency(us)
4                     173.08
8                     185.15
16                    183.37
32                    183.69
64                    172.34
128                   176.18
256                    46.55
512                    47.41
1024                   49.06
2048                   49.79
4096                   56.11
8192                   80.41
16384                  92.42
32768                 118.57
65536                 193.43
131072                336.61
262144                629.33
524288               1224.31
1048576              2403.76
  [run 2/6] recording - 18:48:10
  [run 2/6] done in 6s

# OSU MPI-ROCM Allreduce Latency Test v7.5
# Datatype: MPI_INT.
# Size       Avg Latency(us)
4                     170.67
8                     180.31
16                    179.26
32                    179.32
64                    169.88
128                   174.22
256                    43.60
512                    44.21
1024                   45.41
2048                   47.72
4096                   54.31
8192                   78.49
16384                  91.52
32768                 129.01
65536                 191.71
131072                332.93
262144                619.85
524288               1204.12
1048576              2357.88
  [run 3/6] recording - 18:48:16
  [run 3/6] done in 7s

# OSU MPI-ROCM Allreduce Latency Test v7.5
# Datatype: MPI_INT.
# Size       Avg Latency(us)
4                     182.69
8                     200.55
16                    199.48
32                    199.14
64                    182.33
128                   185.35
256                    50.10
512                    50.68
1024                   52.32
2048                   55.67
4096                   61.42
8192                   85.26
16384                  99.27
32768                 128.58
65536                 196.37
131072                338.62
262144                637.47
524288               1210.91
1048576              2358.31
  [run 4/6] recording - 18:48:23
  [run 4/6] done in 6s

# OSU MPI-ROCM Allreduce Latency Test v7.5
# Datatype: MPI_INT.
# Size       Avg Latency(us)
4                     170.21
8                     181.89
16                    180.78
32                    181.02
64                    170.22
128                   173.13
256                    43.62
512                    44.29
1024                   46.12
2048                   47.78
4096                   53.92
8192                   78.33
16384                  90.96
32768                 125.76
65536                 194.35
131072                339.00
262144                620.55
524288               1223.82
1048576              2429.71
  [run 5/6] recording - 18:48:29
  [run 5/6] done in 6s

# OSU MPI-ROCM Allreduce Latency Test v7.5
# Datatype: MPI_INT.
# Size       Avg Latency(us)
4                     183.20
8                     170.05
16                    170.22
32                    170.01
64                    183.81
128                   187.17
256                    46.78
512                    47.49
1024                   48.15
2048                   50.30
4096                   56.21
8192                   79.96
16384                  92.53
32768                 128.88
65536                 195.89
131072                341.18
262144                643.26
524288               1251.19
1048576              2463.46
  [run 6/6] recording - 18:48:36
  [run 6/6] done in 6s

# OSU MPI-ROCM Allreduce Latency Test v7.5
# Datatype: MPI_INT.
# Size       Avg Latency(us)
4                     193.09
8                     196.28
16                    194.96
32                    195.02
64                    192.81
128                   194.42
256                    45.73
512                    46.23
1024                   47.81
2048                   49.49
4096                   55.95
8192                   80.58
16384                  89.69
32768                 126.92
65536                 195.35
131072                336.78
262144                625.74
524288               1225.98
1048576              2416.74

# [eessi sdma=0] osu_alltoall  N=16  nodes=2
  [run 1/6] warm-up - 18:48:42
  [run 1/6] done in 20s

# OSU MPI-ROCM All-to-All Personalized Exchange Latency Test v7.5
# Datatype: MPI_CHAR.
# Size       Avg Latency(us)
1                     770.07
2                     772.82
4                    1470.27
8                    1477.19
16                   1469.35
32                   1466.16
64                   1467.27
128                  1469.23
256                  1482.43
512                    74.07
1024                   74.34
2048                   75.24
4096                   79.00
8192                   99.83
16384                 136.83
32768                 230.99
65536                 428.17
131072                820.48
262144               1612.04
524288               3169.91
1048576              6346.44
  [run 2/6] recording - 18:49:02
  [run 2/6] done in 18s

# OSU MPI-ROCM All-to-All Personalized Exchange Latency Test v7.5
# Datatype: MPI_CHAR.
# Size       Avg Latency(us)
1                     767.80
2                     772.33
4                    1355.48
8                    1365.47
16                   1327.33
32                   1330.84
64                   1324.92
128                  1329.83
256                  1384.56
512                    74.36
1024                   74.82
2048                   75.81
4096                   80.11
8192                   99.30
16384                 135.83
32768                 228.04
65536                 422.14
131072                811.02
262144               1590.94
524288               3132.28
1048576              6279.31
  [run 3/6] recording - 18:49:20
  [run 3/6] done in 19s

# OSU MPI-ROCM All-to-All Personalized Exchange Latency Test v7.5
# Datatype: MPI_CHAR.
# Size       Avg Latency(us)
1                     758.78
2                     752.28
4                    1371.34
8                    1370.02
16                   1335.23
32                   1330.17
64                   1335.39
128                  1342.54
256                  1348.53
512                    74.14
1024                   73.86
2048                   74.73
4096                   78.91
8192                   98.82
16384                 135.43
32768                 228.99
65536                 426.17
131072                817.42
262144               1608.41
524288               3159.71
1048576              6322.75
  [run 4/6] recording - 18:49:39
  [run 4/6] done in 21s

# OSU MPI-ROCM All-to-All Personalized Exchange Latency Test v7.5
# Datatype: MPI_CHAR.
# Size       Avg Latency(us)
1                     771.97
2                     778.58
4                    1486.18
8                    1494.64
16                   1481.23
32                   1484.98
64                   1471.55
128                  1476.34
256                  1490.18
512                    77.14
1024                   77.36
2048                   78.08
4096                   81.15
8192                  100.14
16384                 137.36
32768                 230.98
65536                 427.95
131072                821.88
262144               1615.81
524288               3172.54
1048576              6361.42
  [run 5/6] recording - 18:50:00
  [run 5/6] done in 19s

# OSU MPI-ROCM All-to-All Personalized Exchange Latency Test v7.5
# Datatype: MPI_CHAR.
# Size       Avg Latency(us)
1                     772.46
2                     777.42
4                    1394.34
8                    1403.40
16                   1402.11
32                   1406.51
64                   1404.86
128                  1411.22
256                  1424.65
512                    74.10
1024                   74.40
2048                   75.88
4096                   79.42
8192                   99.08
16384                 135.27
32768                 228.22
65536                 423.31
131072                812.70
262144               1597.18
524288               3137.33
1048576              6277.27
  [run 6/6] recording - 18:50:19
  [run 6/6] done in 19s

# OSU MPI-ROCM All-to-All Personalized Exchange Latency Test v7.5
# Datatype: MPI_CHAR.
# Size       Avg Latency(us)
1                     765.31
2                     770.13
4                    1368.36
8                    1366.45
16                   1338.26
32                   1340.92
64                   1349.41
128                  1363.51
256                  1381.27
512                    73.96
1024                   74.34
2048                   75.21
4096                   79.38
8192                   99.58
16384                 135.03
32768                 238.00
65536                 423.54
131072                812.75
262144               1593.48
524288               3132.37
1048576              6286.87

# [eessi sdma=0] osu_bcast  N=16  nodes=2
  [run 1/6] warm-up - 18:50:39
  [run 1/6] done in 4s

# OSU MPI-ROCM Broadcast Latency Test v7.5
# Datatype: MPI_CHAR.
# Size       Avg Latency(us)
1                      80.77
2                      81.01
4                      81.15
8                      86.97
16                     86.95
32                     86.78
64                     82.17
128                    82.89
256                     9.99
512                     9.79
1024                   10.09
2048                   10.48
4096                   12.43
8192                   21.42
16384                  22.47
32768                  22.58
65536                  31.80
131072                 63.52
262144                127.49
524288                254.95
1048576               509.43
  [run 2/6] recording - 18:50:43
  [run 2/6] done in 6s

# OSU MPI-ROCM Broadcast Latency Test v7.5
# Datatype: MPI_CHAR.
# Size       Avg Latency(us)
1                      80.11
2                      80.22
4                      80.26
8                      91.29
16                     91.55
32                     91.30
64                     80.53
128                    81.36
256                     9.51
512                     9.76
1024                    9.80
2048                   10.22
4096                   12.60
8192                   21.27
16384                  22.41
32768                  22.72
65536                  31.83
131072                 63.78
262144                127.60
524288                255.21
1048576               510.26
  [run 3/6] recording - 18:50:49
  [run 3/6] done in 5s

# OSU MPI-ROCM Broadcast Latency Test v7.5
# Datatype: MPI_CHAR.
# Size       Avg Latency(us)
1                      82.30
2                      82.19
4                      82.30
8                     103.74
16                    104.04
32                    103.76
64                     82.68
128                    83.24
256                     9.65
512                     9.76
1024                   10.04
2048                   10.45
4096                   12.68
8192                   21.37
16384                  22.46
32768                  22.83
65536                  31.70
131072                 63.87
262144                127.55
524288                254.90
1048576               509.82
  [run 4/6] recording - 18:50:54
  [run 4/6] done in 5s

# OSU MPI-ROCM Broadcast Latency Test v7.5
# Datatype: MPI_CHAR.
# Size       Avg Latency(us)
1                      81.45
2                      81.44
4                      81.48
8                      86.87
16                     87.13
32                     86.94
64                     82.13
128                    82.80
256                     9.95
512                     9.72
1024                    9.97
2048                   10.43
4096                   12.46
8192                   21.34
16384                  22.31
32768                  22.65
65536                  31.62
131072                 63.74
262144                127.61
524288                255.18
1048576               510.12
  [run 5/6] recording - 18:50:59
  [run 5/6] done in 5s

# OSU MPI-ROCM Broadcast Latency Test v7.5
# Datatype: MPI_CHAR.
# Size       Avg Latency(us)
1                      81.65
2                      81.75
4                      81.67
8                      99.83
16                    100.26
32                    100.10
64                     82.09
128                    82.87
256                     9.94
512                     9.76
1024                   10.04
2048                   10.22
4096                   12.39
8192                   21.23
16384                  22.45
32768                  22.56
65536                  31.75
131072                 63.75
262144                127.54
524288                255.01
1048576               509.58
  [run 6/6] recording - 18:51:04
  [run 6/6] done in 5s

# OSU MPI-ROCM Broadcast Latency Test v7.5
# Datatype: MPI_CHAR.
# Size       Avg Latency(us)
1                      81.24
2                      81.47
4                      81.60
8                      92.29
16                     92.38
32                     92.32
64                     81.70
128                    82.25
256                     9.57
512                     9.75
1024                    9.95
2048                   10.24
4096                   12.39
8192                   21.35
16384                  22.40
32768                  22.66
65536                  31.64
131072                 63.78
262144                127.67
524288                255.27
1048576               510.31

# [eessi sdma=0] osu_allgather  N=16  nodes=2
  [run 1/6] warm-up - 18:51:09
  [run 1/6] done in 9s

# OSU MPI-ROCM Allgather Latency Test v7.5
# Datatype: MPI_CHAR.
# Size       Avg Latency(us)
1                     185.96
2                     184.92
4                     200.92
8                     202.22
16                    124.28
32                    124.79
64                    126.04
128                   125.78
256                    97.44
512                   104.62
1024                  110.88
2048                  110.79
4096                  134.06
8192                  158.11
16384                 205.49
32768                 327.86
65536                 494.96
131072               1015.86
262144               1847.97
524288               3596.31
1048576              7190.34
  [run 2/6] recording - 18:51:18
  [run 2/6] done in 8s

# OSU MPI-ROCM Allgather Latency Test v7.5
# Datatype: MPI_CHAR.
# Size       Avg Latency(us)
1                     205.39
2                     204.73
4                     193.99
8                     195.28
16                    136.91
32                    138.04
64                    138.34
128                   138.35
256                    95.33
512                   101.45
1024                  106.77
2048                  108.10
4096                  129.84
8192                  151.57
16384                 202.39
32768                 327.89
65536                 540.25
131072               1007.07
262144               1839.13
524288               3592.68
1048576              7084.41
  [run 3/6] recording - 18:51:26
  [run 3/6] done in 8s

# OSU MPI-ROCM Allgather Latency Test v7.5
# Datatype: MPI_CHAR.
# Size       Avg Latency(us)
1                     201.69
2                     201.12
4                     198.57
8                     198.93
16                    141.46
32                    142.78
64                    143.48
128                   144.58
256                    95.55
512                   102.96
1024                  108.35
2048                  109.11
4096                  131.59
8192                  156.42
16384                 206.48
32768                 319.44
65536                 537.37
131072               1011.56
262144               1840.71
524288               3598.87
1048576              7131.28
  [run 4/6] recording - 18:51:34
  [run 4/6] done in 8s

# OSU MPI-ROCM Allgather Latency Test v7.5
# Datatype: MPI_CHAR.
# Size       Avg Latency(us)
1                     205.91
2                     206.45
4                     194.72
8                     195.47
16                    138.83
32                    140.11
64                    140.10
128                   141.08
256                    96.34
512                   101.99
1024                  108.35
2048                  110.10
4096                  130.54
8192                  157.86
16384                 203.68
32768                 324.56
65536                 531.44
131072                997.07
262144               1832.69
524288               3583.23
1048576              7082.35
  [run 5/6] recording - 18:51:42
  [run 5/6] done in 8s

# OSU MPI-ROCM Allgather Latency Test v7.5
# Datatype: MPI_CHAR.
# Size       Avg Latency(us)
1                     177.41
2                     176.66
4                     171.98
8                     172.34
16                    117.65
32                    120.14
64                    120.97
128                   121.70
256                    95.70
512                   102.03
1024                  108.72
2048                  109.34
4096                  130.23
8192                  155.14
16384                 202.30
32768                 321.26
65536                 487.63
131072               1012.66
262144               1834.19
524288               3576.44
1048576              7107.10
  [run 6/6] recording - 18:51:50
  [run 6/6] done in 9s

# OSU MPI-ROCM Allgather Latency Test v7.5
# Datatype: MPI_CHAR.
# Size       Avg Latency(us)
1                     195.78
2                     195.41
4                     207.74
8                     208.76
16                    137.22
32                    138.53
64                    137.88
128                   138.99
256                    91.92
512                    99.69
1024                  104.65
2048                  106.53
4096                  127.42
8192                  153.56
16384                 193.13
32768                 315.34
65536                 542.35
131072               1010.09
262144               1834.26
524288               3587.53
1048576              7109.56
ALL BENCHMARKS COMPLETE  CSV=results/osu_collectives_eessi_18750788.csv
