NODE_A=nid005010  NODE_B=nid007977
Found EESSI repo @ /cvmfs/software.eessi.io/versions/2025.06!
archdetect says x86_64/amd/zen3
archdetect could not detect any accelerators
Using x86_64/amd/zen3 as software subdirectory.
Found Lmod configuration file at /cvmfs/software.eessi.io/versions/2025.06/software/linux/x86_64/amd/zen3/.lmod/lmodrc.lua
Found Lmod SitePackage.lua file at /cvmfs/software.eessi.io/versions/2025.06/software/linux/x86_64/amd/zen3/.lmod/SitePackage.lua
Using /cvmfs/software.eessi.io/host_injections/2025.06/software/linux/x86_64/amd/zen3 as the site extension directory for installations.
Using  as the site extension directory for accelerated installations.
Using /cvmfs/software.eessi.io/versions/2025.06/software/linux/x86_64/amd/zen3/modules/all as the directory to be added to MODULEPATH.
Using /cvmfs/software.eessi.io/host_injections/2025.06/software/linux/x86_64/amd/zen3/modules/all as the site extension directory to be added to MODULEPATH.
Initializing Lmod...
Prepending /cvmfs/software.eessi.io/versions/2025.06/software/linux/x86_64/amd/zen3/modules/all to $MODULEPATH...
Prepending site path /cvmfs/software.eessi.io/host_injections/2025.06/software/linux/x86_64/amd/zen3/modules/all to $MODULEPATH...
Environment set up to use EESSI (2025.06), have fun!
-- Using /tmp/$USER as a temporary working directory for installations, you can
override this by setting the environment variable WORKING_DIR and reloading the
module (e.g., /dev/shm is a common option) 
Configuring for use of EESSI_USER_INSTALL under /users/joglekar/eessi
-- To create installations for EESSI, you _must_ have write permissions to
/users/joglekar/eessi/versions/2025.06/software/linux/x86_64/amd/zen3 
-- You may wish to configure a sources directory for EasyBuild (for example,
via setting the environment variable EASYBUILD_SOURCEPATH) to allow you to
reuse existing sources for packages. 
[setup_eessi] mpirun=/users/joglekar/eessi/versions/2025.06/software/linux/x86_64/amd/zen3/software/OpenMPI/5.0.7-rocm-compilers-19.0.0-ROCm-6.4.1/bin/mpirun  EBROOT=/users/joglekar/eessi/versions/2025.06/software/linux/x86_64/amd/zen3/software/OSU-Micro-Benchmarks/7.5-rompi-2025a
[setup_eessi] FI_PROVIDER=cxi  OMPI_MCA_pml=cm/ofi
[osu_xccl] WARNING: aws-ofi-rccl not in env; RCCL will use socket transport over hsn*
[osu_xccl] NCCL_SOCKET_IFNAME=hsn0,hsn1,hsn2,hsn3 FI_PROVIDER=cxi NCCL_NET_GDR_LEVEL=3

# [eessi_xccl sdma=0] osu_xccl_allreduce  N=16  nodes=2
  [run 1/6] warm-up - 14:29:18
  [run 1/6] done in 21s
  [run 2/6] recording - 14:29:39
  [run 2/6] done in 4s
  [run 3/6] recording - 14:29:43
  [run 3/6] done in 3s
  [run 4/6] recording - 14:29:46
  [run 4/6] done in 4s
  [run 5/6] recording - 14:29:50
  [run 5/6] done in 3s
  [run 6/6] recording - 14:29:53
  [run 6/6] done in 4s

# [eessi_xccl sdma=0] osu_xccl_alltoall  N=16  nodes=2
  [run 1/6] warm-up - 14:29:57
  [run 1/6] done in 4s
  [run 2/6] recording - 14:30:01
  [run 2/6] done in 4s
  [run 3/6] recording - 14:30:05
  [run 3/6] done in 4s
  [run 4/6] recording - 14:30:09
  [run 4/6] done in 4s
  [run 5/6] recording - 14:30:13
  [run 5/6] done in 4s
  [run 6/6] recording - 14:30:17
  [run 6/6] done in 4s
  [skip] osu_xccl_broadcast not in /users/joglekar/eessi/versions/2025.06/software/linux/x86_64/amd/zen3/software/OSU-Micro-Benchmarks/7.5-rompi-2025a/libexec/osu-micro-benchmarks/xccl/collective

# [eessi_xccl sdma=0] osu_xccl_allgather  N=16  nodes=2
  [run 1/6] warm-up - 14:30:21
  [run 1/6] done in 4s
  [run 2/6] recording - 14:30:25
  [run 2/6] done in 4s
  [run 3/6] recording - 14:30:29
  [run 3/6] done in 4s
  [run 4/6] recording - 14:30:33
  [run 4/6] done in 4s
  [run 5/6] recording - 14:30:37
  [run 5/6] done in 4s
  [run 6/6] recording - 14:30:41
  [run 6/6] done in 4s

ALL BENCHMARKS COMPLETE  CSV=results/osu_xccl_eessi_18762372.csv
