STACK=eessi  NODE_A=nid005023  NODE_B=nid005024
################# EESSI STACK (HSA_ENABLE_SDMA=0) ##################
Found EESSI repo @ /cvmfs/software.eessi.io/versions/2025.06!
archdetect says x86_64/amd/zen3
archdetect could not detect any accelerators
Using x86_64/amd/zen3 as software subdirectory.
Found Lmod configuration file at /cvmfs/software.eessi.io/versions/2025.06/software/linux/x86_64/amd/zen3/.lmod/lmodrc.lua
Found Lmod SitePackage.lua file at /cvmfs/software.eessi.io/versions/2025.06/software/linux/x86_64/amd/zen3/.lmod/SitePackage.lua
Using /cvmfs/software.eessi.io/host_injections/2025.06/software/linux/x86_64/amd/zen3 as the site extension directory for installations.
Using  as the site extension directory for accelerated installations.
Using /cvmfs/software.eessi.io/versions/2025.06/software/linux/x86_64/amd/zen3/modules/all as the directory to be added to MODULEPATH.
Using /cvmfs/software.eessi.io/host_injections/2025.06/software/linux/x86_64/amd/zen3/modules/all as the site extension directory to be added to MODULEPATH.
Initializing Lmod...
Prepending /cvmfs/software.eessi.io/versions/2025.06/software/linux/x86_64/amd/zen3/modules/all to $MODULEPATH...
Prepending site path /cvmfs/software.eessi.io/host_injections/2025.06/software/linux/x86_64/amd/zen3/modules/all to $MODULEPATH...
Environment set up to use EESSI (2025.06), have fun!
-- Using /tmp/$USER as a temporary working directory for installations, you can
override this by setting the environment variable WORKING_DIR and reloading the
module (e.g., /dev/shm is a common option) 
Configuring for use of EESSI_USER_INSTALL under /users/joglekar/eessi
-- To create installations for EESSI, you _must_ have write permissions to
/users/joglekar/eessi/versions/2025.06/software/linux/x86_64/amd/zen3 
-- You may wish to configure a sources directory for EasyBuild (for example,
via setting the environment variable EASYBUILD_SOURCEPATH) to allow you to
reuse existing sources for packages. 
[setup_eessi] mpirun=/users/joglekar/eessi/versions/2025.06/software/linux/x86_64/amd/zen3/software/OpenMPI/5.0.7-rocm-compilers-19.0.0-ROCm-6.4.1/bin/mpirun  EBROOT=/users/joglekar/eessi/versions/2025.06/software/linux/x86_64/amd/zen3/software/OSU-Micro-Benchmarks/7.5-rompi-2025a
[setup_eessi] FI_PROVIDER=cxi  OMPI_MCA_pml=cm/ofi

################################################################
# [eessi sdma=0] inter_GCD0_GCD0  GCD(0,0)  nic=nic_via_xgmi
################################################################
  [run 1/6] warm-up - 13:34:38
  [run 1/6] done in 20s
  [run 2/6] recording - 13:34:58
  [run 2/6] done in 4s
  [run 3/6] recording - 13:35:02
  [run 3/6] done in 4s
  [run 4/6] recording - 13:35:06
  [run 4/6] done in 4s
  [run 5/6] recording - 13:35:10
  [run 5/6] done in 4s
  [run 6/6] recording - 13:35:14
  [run 6/6] done in 4s

################################################################
# [eessi sdma=0] inter_GCD2_GCD2  GCD(2,2)  nic=nic_via_xgmi
################################################################
  [run 1/6] warm-up - 13:35:18
  [run 1/6] done in 4s
  [run 2/6] recording - 13:35:22
  [run 2/6] done in 4s
  [run 3/6] recording - 13:35:26
  [run 3/6] done in 4s
  [run 4/6] recording - 13:35:30
  [run 4/6] done in 4s
  [run 5/6] recording - 13:35:34
  [run 5/6] done in 4s
  [run 6/6] recording - 13:35:38
  [run 6/6] done in 4s

################################################################
# [eessi sdma=0] inter_GCD4_GCD4  GCD(4,4)  nic=nic_via_xgmi
################################################################
  [run 1/6] warm-up - 13:35:42
  [run 1/6] done in 4s
  [run 2/6] recording - 13:35:46
  [run 2/6] done in 4s
  [run 3/6] recording - 13:35:50
  [run 3/6] done in 4s
  [run 4/6] recording - 13:35:54
  [run 4/6] done in 4s
  [run 5/6] recording - 13:35:58
  [run 5/6] done in 4s
  [run 6/6] recording - 13:36:02
  [run 6/6] done in 4s

################################################################
# [eessi sdma=0] inter_GCD6_GCD6  GCD(6,6)  nic=nic_via_xgmi
################################################################
  [run 1/6] warm-up - 13:36:06
  [run 1/6] done in 4s
  [run 2/6] recording - 13:36:10
  [run 2/6] done in 4s
  [run 3/6] recording - 13:36:14
  [run 3/6] done in 4s
  [run 4/6] recording - 13:36:18
  [run 4/6] done in 4s
  [run 5/6] recording - 13:36:22
  [run 5/6] done in 4s
  [run 6/6] recording - 13:36:26
  [run 6/6] done in 4s

################################################################
# [eessi sdma=0] inter_GCD1_GCD1  GCD(1,1)  nic=nic_local
################################################################
  [run 1/6] warm-up - 13:36:30
  [run 1/6] done in 4s
  [run 2/6] recording - 13:36:34
  [run 2/6] done in 4s
  [run 3/6] recording - 13:36:38
  [run 3/6] done in 4s
  [run 4/6] recording - 13:36:42
  [run 4/6] done in 4s
  [run 5/6] recording - 13:36:46
  [run 5/6] done in 4s
  [run 6/6] recording - 13:36:50
  [run 6/6] done in 4s

################################################################
# [eessi sdma=0] inter_GCD3_GCD3  GCD(3,3)  nic=nic_local
################################################################
  [run 1/6] warm-up - 13:36:54
  [run 1/6] done in 4s
  [run 2/6] recording - 13:36:58
  [run 2/6] done in 4s
  [run 3/6] recording - 13:37:02
  [run 3/6] done in 4s
  [run 4/6] recording - 13:37:06
  [run 4/6] done in 4s
  [run 5/6] recording - 13:37:10
  [run 5/6] done in 4s
  [run 6/6] recording - 13:37:14
  [run 6/6] done in 4s

################################################################
# [eessi sdma=0] inter_GCD5_GCD5  GCD(5,5)  nic=nic_local
################################################################
  [run 1/6] warm-up - 13:37:18
  [run 1/6] done in 4s
  [run 2/6] recording - 13:37:22
  [run 2/6] done in 4s
  [run 3/6] recording - 13:37:26
  [run 3/6] done in 5s
  [run 4/6] recording - 13:37:31
  [run 4/6] done in 4s
  [run 5/6] recording - 13:37:35
  [run 5/6] done in 4s
  [run 6/6] recording - 13:37:39
  [run 6/6] done in 4s

################################################################
# [eessi sdma=0] inter_GCD7_GCD7  GCD(7,7)  nic=nic_local
################################################################
  [run 1/6] warm-up - 13:37:43
  [run 1/6] done in 4s
  [run 2/6] recording - 13:37:47
  [run 2/6] done in 5s
  [run 3/6] recording - 13:37:52
  [run 3/6] done in 4s
  [run 4/6] recording - 13:37:56
  [run 4/6] done in 4s
  [run 5/6] recording - 13:38:00
  [run 5/6] done in 4s
  [run 6/6] recording - 13:38:04
  [run 6/6] done in 4s

ALL BENCHMARKS COMPLETE  CSV=results/osu_latency_eessi_18761905.csv
