VARIANT=hostbuf  NODE_A=nid007973  NODE_B=nid007974
############### EESSI STACK  variant=hostbuf  (SDMA=0) ###############
[variant=hostbuf] OSU_MEM='H H'  IDC_DISABLE=unset  INJECT=default

################################################################
# [eessi variant=hostbuf] inter_GCD0_GCD0  GCD(0,0)  nic=nic_via_xgmi
################################################################
  [run 1/6] warm-up - 13:27:52
  [run 1/6] done in 13s

# OSU MPI-ROCM Latency Test v7.5
# Datatype: MPI_CHAR.
# Size       Avg Latency(us)
1                       2.33
2                       2.33
4                       2.33
8                       2.37
16                      2.39
32                      2.33
64                      2.33
128                     2.86
256                     2.91
512                     2.92
1024                    2.98
2048                    3.16
4096                    3.29
8192                    6.10
16384                   6.79
32768                   7.62
65536                   9.12
131072                 11.97
262144                 17.78
524288                 29.38
1048576                52.55
2097152                98.90
4194304               191.45
  [run 2/6] recording - 13:28:05
  [run 2/6] done in 3s

# OSU MPI-ROCM Latency Test v7.5
# Datatype: MPI_CHAR.
# Size       Avg Latency(us)
1                       2.35
2                       2.35
4                       2.37
8                       2.35
16                      2.35
32                      2.40
64                      2.37
128                     2.87
256                     2.92
512                     2.94
1024                    3.01
2048                    3.13
4096                    3.30
8192                    6.08
16384                   6.78
32768                   7.61
65536                   9.07
131072                 11.96
262144                 17.75
524288                 29.40
1048576                52.72
2097152                98.95
4194304               191.55
  [run 3/6] recording - 13:28:08
  [run 3/6] done in 4s

# OSU MPI-ROCM Latency Test v7.5
# Datatype: MPI_CHAR.
# Size       Avg Latency(us)
1                       2.34
2                       2.38
4                       2.38
8                       2.36
16                      2.35
32                      2.35
64                      2.36
128                     2.87
256                     2.91
512                     2.94
1024                    3.00
2048                    3.14
4096                    3.30
8192                    6.08
16384                   6.77
32768                   7.63
65536                   9.08
131072                 11.96
262144                 17.76
524288                 29.38
1048576                52.58
2097152                98.85
4194304               191.49
  [run 4/6] recording - 13:28:12
  [run 4/6] done in 4s

# OSU MPI-ROCM Latency Test v7.5
# Datatype: MPI_CHAR.
# Size       Avg Latency(us)
1                       2.34
2                       2.39
4                       2.38
8                       2.38
16                      2.34
32                      2.35
64                      2.34
128                     2.88
256                     2.91
512                     2.92
1024                    3.01
2048                    3.13
4096                    3.28
8192                    6.10
16384                   6.76
32768                   7.64
65536                   9.06
131072                 11.95
262144                 17.76
524288                 29.34
1048576                52.59
2097152                98.88
4194304               191.49
  [run 5/6] recording - 13:28:16
  [run 5/6] done in 4s

# OSU MPI-ROCM Latency Test v7.5
# Datatype: MPI_CHAR.
# Size       Avg Latency(us)
1                       2.34
2                       2.34
4                       2.35
8                       2.34
16                      2.37
32                      2.33
64                      2.39
128                     2.90
256                     2.91
512                     2.91
1024                    3.01
2048                    3.15
4096                    3.29
8192                    6.12
16384                   6.78
32768                   7.64
65536                   9.06
131072                 11.95
262144                 18.01
524288                 29.37
1048576                52.62
2097152                98.89
4194304               191.52
  [run 6/6] recording - 13:28:20
  [run 6/6] done in 4s

# OSU MPI-ROCM Latency Test v7.5
# Datatype: MPI_CHAR.
# Size       Avg Latency(us)
1                       2.33
2                       2.36
4                       2.33
8                       2.33
16                      2.33
32                      2.33
64                      2.34
128                     2.86
256                     2.92
512                     2.94
1024                    2.99
2048                    3.14
4096                    3.28
8192                    6.14
16384                   6.79
32768                   7.62
65536                   9.11
131072                 11.96
262144                 17.79
524288                 29.37
1048576                52.48
2097152                98.76
4194304               191.35

################################################################
# [eessi variant=hostbuf] inter_GCD7_GCD7  GCD(7,7)  nic=nic_local
################################################################
  [run 1/6] warm-up - 13:28:24
  [run 1/6] done in 4s

# OSU MPI-ROCM Latency Test v7.5
# Datatype: MPI_CHAR.
# Size       Avg Latency(us)
1                       2.36
2                       2.36
4                       2.36
8                       2.37
16                      2.35
32                      2.35
64                      2.35
128                     4.52
256                     2.93
512                     2.95
1024                    3.04
2048                    3.16
4096                    3.29
8192                    6.10
16384                   6.78
32768                   7.63
65536                   9.09
131072                 12.80
262144                 17.76
524288                 29.43
1048576                52.58
2097152                98.94
4194304               191.56
  [run 2/6] recording - 13:28:28
  [run 2/6] done in 4s

# OSU MPI-ROCM Latency Test v7.5
# Datatype: MPI_CHAR.
# Size       Avg Latency(us)
1                       2.34
2                       2.34
4                       2.35
8                       2.36
16                      2.35
32                      2.37
64                      2.37
128                     2.87
256                     2.93
512                     2.97
1024                    2.99
2048                    3.16
4096                    3.30
8192                    6.09
16384                   6.78
32768                   7.64
65536                   9.08
131072                 11.97
262144                 17.76
524288                 29.42
1048576                52.58
2097152                98.90
4194304               191.49
  [run 3/6] recording - 13:28:32
  [run 3/6] done in 4s

# OSU MPI-ROCM Latency Test v7.5
# Datatype: MPI_CHAR.
# Size       Avg Latency(us)
1                       2.38
2                       2.38
4                       2.35
8                       2.37
16                      2.38
32                      2.34
64                      2.36
128                     2.94
256                     2.92
512                     2.93
1024                    2.99
2048                    3.16
4096                    3.28
8192                    6.09
16384                   6.75
32768                   7.62
65536                   9.06
131072                 11.94
262144                 17.74
524288                 29.35
1048576                52.48
2097152                98.72
4194304               191.29
  [run 4/6] recording - 13:28:36
  [run 4/6] done in 4s

# OSU MPI-ROCM Latency Test v7.5
# Datatype: MPI_CHAR.
# Size       Avg Latency(us)
1                       2.41
2                       2.34
4                       2.35
8                       2.34
16                      2.35
32                      2.35
64                      2.35
128                     2.93
256                     2.92
512                     2.92
1024                    3.93
2048                    3.14
4096                    3.27
8192                    6.10
16384                   6.78
32768                   7.63
65536                   9.07
131072                 11.95
262144                 17.77
524288                 29.39
1048576                52.56
2097152                98.87
4194304               191.49
  [run 5/6] recording - 13:28:41
  [run 5/6] done in 3s

# OSU MPI-ROCM Latency Test v7.5
# Datatype: MPI_CHAR.
# Size       Avg Latency(us)
1                       2.34
2                       2.35
4                       2.38
8                       2.34
16                      2.38
32                      2.37
64                      2.38
128                     2.87
256                     2.92
512                     2.91
1024                    3.00
2048                    3.17
4096                    3.27
8192                    6.10
16384                   6.78
32768                   7.62
65536                   9.16
131072                 11.97
262144                 17.77
524288                 29.41
1048576                52.60
2097152                98.91
4194304               191.60
  [run 6/6] recording - 13:28:44
  [run 6/6] done in 4s

# OSU MPI-ROCM Latency Test v7.5
# Datatype: MPI_CHAR.
# Size       Avg Latency(us)
1                       2.35
2                       2.37
4                       2.35
8                       2.35
16                      2.34
32                      2.37
64                      2.36
128                     2.88
256                     2.88
512                     2.92
1024                    3.02
2048                    3.14
4096                    3.28
8192                    6.09
16384                   6.75
32768                   7.63
65536                   9.10
131072                 11.96
262144                 17.77
524288                 29.36
1048576                52.55
2097152                98.81
4194304               191.43
VARIANT=hostbuf COMPLETE  CSV=results/osu_latency_hostbuf_eessi_18761765.csv
