STACK=native  NODE_A=nid007975  NODE_B=nid007976
################# NATIVE STACK (HSA_ENABLE_SDMA=0) #################

################################################################
# [native sdma=0] inter_GCD0_GCD0  GCD(0,0)  nic=nic_via_xgmi
################################################################
  [run 1/6] warm-up - 18:22:00
  [run 1/6] done in 5s

# OSU MPI-ROCM Latency Test v7.5
# Datatype: MPI_CHAR.
# Size       Avg Latency(us)
1                       2.42
2                       2.40
4                       2.42
8                       2.40
16                      2.39
32                      2.43
64                      2.41
128                     2.95
256                     3.13
512                     3.20
1024                    3.34
2048                    3.47
4096                    3.50
8192                    3.87
16384                   4.47
32768                   7.94
65536                   9.29
131072                 12.08
262144                 17.50
524288                 28.33
1048576                50.09
2097152                93.24
4194304               179.64
  [run 2/6] recording - 18:22:05
  [run 2/6] done in 1s

# OSU MPI-ROCM Latency Test v7.5
# Datatype: MPI_CHAR.
# Size       Avg Latency(us)
1                       2.42
2                       2.40
4                       2.43
8                       2.41
16                      2.41
32                      2.44
64                      2.40
128                     2.97
256                     3.13
512                     3.24
1024                    3.27
2048                    3.47
4096                    3.64
8192                    3.94
16384                   4.44
32768                   7.91
65536                   9.29
131072                 12.12
262144                 17.51
524288                 28.36
1048576                50.09
2097152                93.26
4194304               179.68
  [run 3/6] recording - 18:22:06
  [run 3/6] done in 1s

# OSU MPI-ROCM Latency Test v7.5
# Datatype: MPI_CHAR.
# Size       Avg Latency(us)
1                       2.43
2                       2.41
4                       2.44
8                       2.41
16                      2.42
32                      2.45
64                      2.42
128                     2.98
256                     3.14
512                     3.23
1024                    3.35
2048                    3.47
4096                    3.67
8192                    3.90
16384                   4.54
32768                   7.93
65536                   9.31
131072                 12.10
262144                 17.50
524288                 28.36
1048576                50.11
2097152                93.28
4194304               179.67
  [run 4/6] recording - 18:22:07
  [run 4/6] done in 2s

# OSU MPI-ROCM Latency Test v7.5
# Datatype: MPI_CHAR.
# Size       Avg Latency(us)
1                       2.40
2                       2.40
4                       2.43
8                       2.41
16                      2.41
32                      2.44
64                      2.41
128                     2.97
256                     3.12
512                     3.26
1024                    3.31
2048                    3.46
4096                    3.51
8192                    3.87
16384                   4.55
32768                   7.93
65536                   9.29
131072                 12.11
262144                 17.52
524288                 28.37
1048576                50.09
2097152                93.27
4194304               179.69
  [run 5/6] recording - 18:22:09
  [run 5/6] done in 1s

# OSU MPI-ROCM Latency Test v7.5
# Datatype: MPI_CHAR.
# Size       Avg Latency(us)
1                       2.40
2                       2.39
4                       2.42
8                       2.40
16                      2.39
32                      2.42
64                      2.40
128                     2.96
256                     3.12
512                     3.20
1024                    3.20
2048                    3.38
4096                    3.49
8192                    3.87
16384                   4.42
32768                   7.94
65536                   9.29
131072                 12.08
262144                 17.47
524288                 28.34
1048576                50.06
2097152                93.28
4194304               179.67
  [run 6/6] recording - 18:22:10
  [run 6/6] done in 1s

# OSU MPI-ROCM Latency Test v7.5
# Datatype: MPI_CHAR.
# Size       Avg Latency(us)
1                       2.40
2                       2.40
4                       2.42
8                       2.42
16                      2.41
32                      2.44
64                      2.43
128                     2.96
256                     3.13
512                     3.19
1024                    3.28
2048                    3.48
4096                    3.49
8192                    3.87
16384                   4.54
32768                   7.91
65536                   9.30
131072                 12.09
262144                 17.48
524288                 28.34
1048576                50.07
2097152                93.25
4194304               179.61

################################################################
# [native sdma=0] inter_GCD2_GCD2  GCD(2,2)  nic=nic_via_xgmi
################################################################
  [run 1/6] warm-up - 18:22:11
srun: Step created for StepId=18750321.6
  [run 1/6] done in 2s

# OSU MPI-ROCM Latency Test v7.5
# Datatype: MPI_CHAR.
# Size       Avg Latency(us)
1                       2.54
2                       2.54
4                       2.55
8                       2.53
16                      2.53
32                      2.58
64                      2.56
128                     3.11
256                     3.36
512                     3.45
1024                    3.67
2048                    3.91
4096                    3.77
8192                    4.18
16384                   4.73
32768                   8.38
65536                   9.79
131072                 12.46
262144                 17.86
524288                 28.68
1048576                50.31
2097152                93.43
4194304               179.82
  [run 2/6] recording - 18:22:13
  [run 2/6] done in 1s

# OSU MPI-ROCM Latency Test v7.5
# Datatype: MPI_CHAR.
# Size       Avg Latency(us)
1                       2.55
2                       2.56
4                       2.56
8                       2.55
16                      2.55
32                      2.61
64                      2.56
128                     3.10
256                     3.29
512                     3.47
1024                    3.63
2048                    3.81
4096                    3.93
8192                    4.15
16384                   4.72
32768                   8.43
65536                   9.75
131072                 12.51
262144                 17.84
524288                 28.69
1048576                50.34
2097152                93.45
4194304               179.74
  [run 3/6] recording - 18:22:14
  [run 3/6] done in 0s

# OSU MPI-ROCM Latency Test v7.5
# Datatype: MPI_CHAR.
# Size       Avg Latency(us)
1                       2.54
2                       2.54
4                       2.56
8                       2.53
16                      2.54
32                      2.59
64                      2.55
128                     3.10
256                     3.35
512                     3.61
1024                    3.54
2048                    3.68
4096                    3.75
8192                    4.19
16384                   4.70
32768                   8.39
65536                   9.79
131072                 12.49
262144                 17.89
524288                 28.70
1048576                50.34
2097152                93.46
4194304               179.92
  [run 4/6] recording - 18:22:14
  [run 4/6] done in 1s

# OSU MPI-ROCM Latency Test v7.5
# Datatype: MPI_CHAR.
# Size       Avg Latency(us)
1                       2.55
2                       2.57
4                       2.59
8                       2.55
16                      2.55
32                      2.60
64                      2.58
128                     3.10
256                     7.05
512                     3.51
1024                    3.87
2048                    3.68
4096                    3.74
8192                    4.19
16384                   4.69
32768                   8.47
65536                   9.73
131072                 12.48
262144                 17.85
524288                 28.70
1048576                50.31
2097152                93.45
4194304               179.85
  [run 5/6] recording - 18:22:15
  [run 5/6] done in 3s

# OSU MPI-ROCM Latency Test v7.5
# Datatype: MPI_CHAR.
# Size       Avg Latency(us)
1                       2.55
2                       2.53
4                       2.59
8                       2.56
16                      2.53
32                      2.57
64                      2.54
128                     3.09
256                     3.39
512                     3.42
1024                    3.60
2048                    3.82
4096                    3.79
8192                    4.18
16384                   4.74
32768                   8.37
65536                   9.76
131072                 12.48
262144                 17.86
524288                 28.68
1048576                50.30
2097152                93.45
4194304               179.80
  [run 6/6] recording - 18:22:18
  [run 6/6] done in 0s

# OSU MPI-ROCM Latency Test v7.5
# Datatype: MPI_CHAR.
# Size       Avg Latency(us)
1                       2.53
2                       2.55
4                       2.56
8                       2.53
16                      2.54
32                      2.57
64                      2.55
128                     3.09
256                     3.38
512                     3.51
1024                    3.56
2048                    7.26
4096                    3.76
8192                    4.16
16384                   4.76
32768                   8.37
65536                   9.70
131072                 12.45
262144                 17.84
524288                 28.65
1048576                50.32
2097152                93.48
4194304               179.81

################################################################
# [native sdma=0] inter_GCD4_GCD4  GCD(4,4)  nic=nic_via_xgmi
################################################################
  [run 1/6] warm-up - 18:22:18
  [run 1/6] done in 1s

# OSU MPI-ROCM Latency Test v7.5
# Datatype: MPI_CHAR.
# Size       Avg Latency(us)
1                       2.56
2                       2.53
4                       2.55
8                       2.55
16                      2.54
32                      2.56
64                      2.54
128                     3.09
256                     3.36
512                     3.45
1024                    3.57
2048                    3.79
4096                    3.90
8192                    4.18
16384                   4.71
32768                   8.39
65536                   9.71
131072                 12.46
262144                 17.84
524288                 28.68
1048576                50.30
2097152                93.46
4194304               179.82
  [run 2/6] recording - 18:22:19
  [run 2/6] done in 1s

# OSU MPI-ROCM Latency Test v7.5
# Datatype: MPI_CHAR.
# Size       Avg Latency(us)
1                       2.53
2                       2.53
4                       2.55
8                       2.53
16                      2.53
32                      2.59
64                      2.56
128                     3.07
256                     3.36
512                     3.46
1024                    3.60
2048                    3.78
4096                    3.89
8192                    4.15
16384                   4.81
32768                   8.38
65536                   9.67
131072                 12.42
262144                 17.81
524288                 28.67
1048576                50.32
2097152                93.46
4194304               179.81
  [run 3/6] recording - 18:22:20
srun: Step created for StepId=18750321.14
  [run 3/6] done in 1s

# OSU MPI-ROCM Latency Test v7.5
# Datatype: MPI_CHAR.
# Size       Avg Latency(us)
1                       2.56
2                       2.58
4                       2.59
8                       2.54
16                      2.55
32                      2.58
64                      2.55
128                     3.11
256                     3.36
512                     3.60
1024                    3.59
2048                    3.80
4096                    3.72
8192                    4.14
16384                   4.72
32768                   8.34
65536                   9.67
131072                 12.46
262144                 17.82
524288                 28.67
1048576                50.26
2097152                93.39
4194304               179.82
  [run 4/6] recording - 18:22:21
  [run 4/6] done in 1s

# OSU MPI-ROCM Latency Test v7.5
# Datatype: MPI_CHAR.
# Size       Avg Latency(us)
1                       2.52
2                       2.57
4                       2.58
8                       2.52
16                      2.53
32                      2.58
64                      2.55
128                     3.07
256                     3.31
512                     3.43
1024                    3.53
2048                    3.64
4096                    3.70
8192                    4.14
16384                   4.76
32768                   8.33
65536                   9.67
131072                 12.41
262144                 17.83
524288                 28.64
1048576                50.28
2097152                93.43
4194304               179.80
  [run 5/6] recording - 18:22:22
  [run 5/6] done in 1s

# OSU MPI-ROCM Latency Test v7.5
# Datatype: MPI_CHAR.
# Size       Avg Latency(us)
1                       2.54
2                       2.54
4                       2.55
8                       2.53
16                      2.53
32                      2.56
64                      2.54
128                     3.10
256                     3.36
512                     3.44
1024                    3.57
2048                    3.67
4096                    3.72
8192                    4.16
16384                   4.68
32768                   8.34
65536                   9.72
131072                 12.44
262144                 17.83
524288                 28.65
1048576                50.32
2097152                93.43
4194304               179.83
  [run 6/6] recording - 18:22:23
  [run 6/6] done in 1s

# OSU MPI-ROCM Latency Test v7.5
# Datatype: MPI_CHAR.
# Size       Avg Latency(us)
1                       2.52
2                       2.52
4                       2.56
8                       2.53
16                      2.54
32                      2.56
64                      2.53
128                     3.07
256                     3.29
512                     3.46
1024                    3.54
2048                    3.75
4096                    3.71
8192                    4.13
16384                   4.73
32768                   8.32
65536                   9.66
131072                 12.39
262144                 17.80
524288                 28.63
1048576                50.30
2097152                93.45
4194304               179.72

################################################################
# [native sdma=0] inter_GCD6_GCD6  GCD(6,6)  nic=nic_via_xgmi
################################################################
  [run 1/6] warm-up - 18:22:24
  [run 1/6] done in 1s

# OSU MPI-ROCM Latency Test v7.5
# Datatype: MPI_CHAR.
# Size       Avg Latency(us)
1                       2.57
2                       2.57
4                       2.58
8                       2.55
16                      2.56
32                      2.63
64                      2.59
128                     3.11
256                     3.37
512                     3.58
1024                    3.85
2048                    3.91
4096                    4.06
8192                    4.28
16384                   4.78
32768                   8.48
65536                   9.85
131072                 12.57
262144                 17.98
524288                 28.78
1048576                50.37
2097152                93.50
4194304               179.89
  [run 2/6] recording - 18:22:25
  [run 2/6] done in 1s

# OSU MPI-ROCM Latency Test v7.5
# Datatype: MPI_CHAR.
# Size       Avg Latency(us)
1                       2.53
2                       2.53
4                       2.55
8                       2.53
16                      2.53
32                      2.57
64                      2.54
128                     3.08
256                     3.36
512                     3.60
1024                    3.88
2048                    3.90
4096                    3.93
8192                    4.23
16384                   4.77
32768                   8.49
65536                   9.86
131072                 20.05
262144                 17.96
524288                 28.87
1048576                50.54
2097152                93.54
4194304               179.85
  [run 3/6] recording - 18:22:26
  [run 3/6] done in 1s

# OSU MPI-ROCM Latency Test v7.5
# Datatype: MPI_CHAR.
# Size       Avg Latency(us)
1                       2.57
2                       2.53
4                       2.55
8                       2.52
16                      2.53
32                      2.55
64                      2.54
128                     3.11
256                     3.34
512                     3.61
1024                    7.34
2048                    3.78
4096                    3.83
8192                    4.24
16384                   4.79
32768                   8.47
65536                   9.88
131072                 12.59
262144                 17.98
524288                 28.77
1048576                50.41
2097152                93.51
4194304               179.90
  [run 4/6] recording - 18:22:27
  [run 4/6] done in 1s

# OSU MPI-ROCM Latency Test v7.5
# Datatype: MPI_CHAR.
# Size       Avg Latency(us)
1                       2.52
2                       2.53
4                       2.55
8                       2.52
16                      2.52
32                      2.55
64                      2.53
128                     3.13
256                     7.03
512                     3.59
1024                    3.71
2048                    3.91
4096                    3.99
8192                    4.29
16384                   4.86
32768                   8.50
65536                   9.85
131072                 12.62
262144                 17.97
524288                 28.79
1048576                50.43
2097152                93.50
4194304               179.88
  [run 5/6] recording - 18:22:28
srun: Step created for StepId=18750321.22
  [run 5/6] done in 1s

# OSU MPI-ROCM Latency Test v7.5
# Datatype: MPI_CHAR.
# Size       Avg Latency(us)
1                       2.53
2                       2.53
4                       2.57
8                       2.53
16                      2.52
32                      2.56
64                      2.55
128                     3.09
256                     3.33
512                     3.58
1024                    3.61
2048                    3.75
4096                    3.82
8192                    4.25
16384                   4.78
32768                   8.47
65536                   9.84
131072                 12.54
262144                 17.92
524288                 28.71
1048576                50.43
2097152                93.54
4194304               179.92
  [run 6/6] recording - 18:22:29
  [run 6/6] done in 1s

# OSU MPI-ROCM Latency Test v7.5
# Datatype: MPI_CHAR.
# Size       Avg Latency(us)
1                       2.53
2                       2.53
4                       2.55
8                       2.52
16                      2.52
32                      2.57
64                      2.54
128                     3.09
256                     7.05
512                     3.49
1024                    3.69
2048                    3.90
4096                    3.85
8192                    4.26
16384                   4.79
32768                   8.47
65536                   9.86
131072                 12.57
262144                 18.00
524288                 28.76
1048576                50.41
2097152                93.52
4194304               179.89

################################################################
# [native sdma=0] inter_GCD1_GCD1  GCD(1,1)  nic=nic_local
################################################################
  [run 1/6] warm-up - 18:22:30
  [run 1/6] done in 1s

# OSU MPI-ROCM Latency Test v7.5
# Datatype: MPI_CHAR.
# Size       Avg Latency(us)
1                       2.40
2                       2.40
4                       2.42
8                       2.40
16                      2.40
32                      2.44
64                      2.41
128                     2.97
256                     3.08
512                     3.13
1024                    3.20
2048                    3.37
4096                    3.52
8192                    3.79
16384                   4.49
32768                   7.77
65536                   9.16
131072                 11.94
262144                 17.36
524288                 28.19
1048576                49.90
2097152                93.13
4194304               179.49
  [run 2/6] recording - 18:22:31
srun: Step created for StepId=18750321.25
  [run 2/6] done in 1s

# OSU MPI-ROCM Latency Test v7.5
# Datatype: MPI_CHAR.
# Size       Avg Latency(us)
1                       2.41
2                       2.43
4                       2.42
8                       2.44
16                      2.40
32                      2.47
64                      2.42
128                     2.99
256                     3.06
512                     3.11
1024                    3.23
2048                    3.45
4096                    3.44
8192                    3.80
16384                   4.43
32768                   7.73
65536                   9.15
131072                 11.92
262144                 17.35
524288                 28.22
1048576                49.91
2097152                93.16
4194304               179.50
  [run 3/6] recording - 18:22:32
srun: Step created for StepId=18750321.26
  [run 3/6] done in 1s

# OSU MPI-ROCM Latency Test v7.5
# Datatype: MPI_CHAR.
# Size       Avg Latency(us)
1                       2.41
2                       2.42
4                       2.45
8                       2.39
16                      2.39
32                      2.46
64                      2.43
128                     2.96
256                     3.05
512                     3.12
1024                    3.19
2048                    3.36
4096                    3.49
8192                    3.78
16384                   4.53
32768                   7.73
65536                   9.16
131072                 11.86
262144                 17.29
524288                 28.17
1048576                49.91
2097152                93.12
4194304               179.52
  [run 4/6] recording - 18:22:33
  [run 4/6] done in 1s

# OSU MPI-ROCM Latency Test v7.5
# Datatype: MPI_CHAR.
# Size       Avg Latency(us)
1                       2.41
2                       2.40
4                       2.41
8                       2.40
16                      2.40
32                      2.43
64                      2.41
128                     2.95
256                     3.06
512                     3.15
1024                    3.25
2048                    3.24
4096                    3.44
8192                    3.79
16384                   4.44
32768                   7.72
65536                   9.14
131072                 11.89
262144                 17.33
524288                 28.20
1048576                49.89
2097152                93.10
4194304               179.50
  [run 5/6] recording - 18:22:34
  [run 5/6] done in 1s

# OSU MPI-ROCM Latency Test v7.5
# Datatype: MPI_CHAR.
# Size       Avg Latency(us)
1                       2.41
2                       2.40
4                       2.43
8                       2.40
16                      2.39
32                      2.43
64                      2.41
128                     2.96
256                     3.08
512                     3.13
1024                    3.17
2048                    3.33
4096                    3.53
8192                    3.78
16384                   4.43
32768                   7.70
65536                   9.07
131072                 11.85
262144                 17.21
524288                 28.04
1048576                49.87
2097152                93.07
4194304               179.49
  [run 6/6] recording - 18:22:35
  [run 6/6] done in 0s

# OSU MPI-ROCM Latency Test v7.5
# Datatype: MPI_CHAR.
# Size       Avg Latency(us)
1                       2.43
2                       2.44
4                       2.45
8                       2.45
16                      2.39
32                      2.43
64                      2.41
128                     2.96
256                     3.10
512                     3.13
1024                    3.21
2048                    3.43
4096                    3.64
8192                    3.78
16384                   4.41
32768                   7.69
65536                   9.09
131072                 11.83
262144                 17.22
524288                 28.08
1048576                49.80
2097152                93.06
4194304               179.44

################################################################
# [native sdma=0] inter_GCD3_GCD3  GCD(3,3)  nic=nic_local
################################################################
  [run 1/6] warm-up - 18:22:35
  [run 1/6] done in 1s

# OSU MPI-ROCM Latency Test v7.5
# Datatype: MPI_CHAR.
# Size       Avg Latency(us)
1                       2.39
2                       2.39
4                       2.41
8                       2.39
16                      2.39
32                      2.44
64                      2.41
128                     2.95
256                     3.11
512                     3.17
1024                    3.29
2048                    3.35
4096                    3.49
8192                    3.85
16384                   4.46
32768                   9.16
65536                   9.59
131072                 12.00
262144                 17.39
524288                 28.24
1048576                49.99
2097152                93.20
4194304               179.62
  [run 2/6] recording - 18:22:36
  [run 2/6] done in 1s

# OSU MPI-ROCM Latency Test v7.5
# Datatype: MPI_CHAR.
# Size       Avg Latency(us)
1                       2.39
2                       2.40
4                       2.42
8                       2.40
16                      2.40
32                      2.43
64                      2.41
128                     2.97
256                     3.16
512                     3.20
1024                    3.25
2048                    3.34
4096                    3.49
8192                    3.95
16384                   4.49
32768                   7.85
65536                   9.25
131072                 11.97
262144                 17.37
524288                 28.24
1048576                49.96
2097152                93.20
4194304               179.57
  [run 3/6] recording - 18:22:37
  [run 3/6] done in 1s

# OSU MPI-ROCM Latency Test v7.5
# Datatype: MPI_CHAR.
# Size       Avg Latency(us)
1                       2.40
2                       2.41
4                       2.42
8                       2.41
16                      2.45
32                      2.48
64                      2.41
128                     2.96
256                     3.14
512                     3.26
1024                    3.34
2048                    3.60
4096                    3.63
8192                    3.86
16384                   4.41
32768                   7.86
65536                   9.27
131072                 11.98
262144                 17.37
524288                 28.24
1048576                49.98
2097152                93.20
4194304               179.62
  [run 4/6] recording - 18:22:38
  [run 4/6] done in 1s

# OSU MPI-ROCM Latency Test v7.5
# Datatype: MPI_CHAR.
# Size       Avg Latency(us)
1                       2.40
2                       2.41
4                       2.44
8                       2.40
16                      2.40
32                      2.43
64                      2.40
128                     2.95
256                     3.11
512                     3.18
1024                    3.20
2048                    3.34
4096                    3.49
8192                    3.85
16384                   4.46
32768                   7.88
65536                   9.25
131072                 11.98
262144                 17.35
524288                 28.25
1048576                49.98
2097152                93.18
4194304               179.63
  [run 5/6] recording - 18:22:39
  [run 5/6] done in 1s

# OSU MPI-ROCM Latency Test v7.5
# Datatype: MPI_CHAR.
# Size       Avg Latency(us)
1                       2.41
2                       2.39
4                       2.41
8                       2.39
16                      2.40
32                      2.43
64                      2.40
128                     2.95
256                     3.10
512                     3.23
1024                    3.30
2048                    3.35
4096                    3.49
8192                    3.90
16384                   4.46
32768                   7.86
65536                   9.25
131072                 11.99
262144                 17.37
524288                 28.22
1048576                49.96
2097152                93.19
4194304               179.57
  [run 6/6] recording - 18:22:40
srun: Step created for StepId=18750321.35
  [run 6/6] done in 1s

# OSU MPI-ROCM Latency Test v7.5
# Datatype: MPI_CHAR.
# Size       Avg Latency(us)
1                       2.42
2                       2.39
4                       2.42
8                       2.40
16                      2.39
32                      2.43
64                      2.41
128                     2.96
256                     3.14
512                     3.19
1024                    3.25
2048                    3.34
4096                    3.50
8192                    3.90
16384                   4.46
32768                   7.81
65536                   9.23
131072                 11.98
262144                 17.35
524288                 28.23
1048576                50.07
2097152                93.22
4194304               179.58

################################################################
# [native sdma=0] inter_GCD5_GCD5  GCD(5,5)  nic=nic_local
################################################################
  [run 1/6] warm-up - 18:22:41
  [run 1/6] done in 1s

# OSU MPI-ROCM Latency Test v7.5
# Datatype: MPI_CHAR.
# Size       Avg Latency(us)
1                       2.40
2                       2.41
4                       2.43
8                       2.40
16                      2.41
32                      2.44
64                      2.42
128                     2.96
256                     3.09
512                     3.18
1024                    3.27
2048                    3.46
4096                    3.63
8192                    3.86
16384                   4.49
32768                   7.87
65536                   9.27
131072                 11.99
262144                 17.40
524288                 28.25
1048576                49.97
2097152                93.18
4194304               179.58
  [run 2/6] recording - 18:22:42
  [run 2/6] done in 1s

# OSU MPI-ROCM Latency Test v7.5
# Datatype: MPI_CHAR.
# Size       Avg Latency(us)
1                       2.45
2                       2.44
4                       2.46
8                       2.40
16                      2.39
32                      2.48
64                      2.45
128                     2.96
256                     3.11
512                     3.17
1024                    3.26
2048                    3.44
4096                    3.49
8192                    3.86
16384                   4.47
32768                   7.87
65536                   9.27
131072                 12.00
262144                 17.41
524288                 28.25
1048576                49.99
2097152                93.19
4194304               179.62
  [run 3/6] recording - 18:22:43
srun: Step created for StepId=18750321.38
  [run 3/6] done in 2s

# OSU MPI-ROCM Latency Test v7.5
# Datatype: MPI_CHAR.
# Size       Avg Latency(us)
1                       2.46
2                       2.42
4                       2.44
8                       2.41
16                      2.41
32                      2.44
64                      2.43
128                     2.96
256                     3.11
512                     3.15
1024                    3.27
2048                    3.57
4096                    3.63
8192                    3.95
16384                   4.49
32768                   7.88
65536                   9.28
131072                 12.01
262144                 17.40
524288                 28.26
1048576                49.99
2097152                93.19
4194304               179.65
  [run 4/6] recording - 18:22:45
  [run 4/6] done in 0s

# OSU MPI-ROCM Latency Test v7.5
# Datatype: MPI_CHAR.
# Size       Avg Latency(us)
1                       2.40
2                       2.40
4                       2.42
8                       2.40
16                      2.40
32                      2.43
64                      2.42
128                     2.96
256                     3.14
512                     3.18
1024                    3.29
2048                    3.36
4096                    3.49
8192                    3.93
16384                   4.41
32768                   7.88
65536                   9.28
131072                 12.01
262144                 17.41
524288                 28.23
1048576                50.00
2097152                93.51
4194304               179.58
  [run 5/6] recording - 18:22:45
  [run 5/6] done in 1s

# OSU MPI-ROCM Latency Test v7.5
# Datatype: MPI_CHAR.
# Size       Avg Latency(us)
1                       2.45
2                       2.44
4                       2.47
8                       2.45
16                      2.45
32                      2.48
64                      2.45
128                     3.00
256                     3.18
512                     3.21
1024                    3.29
2048                    3.41
4096                    3.55
8192                    3.93
16384                   4.50
32768                   7.91
65536                   9.30
131072                 12.07
262144                 17.46
524288                 28.29
1048576                49.99
2097152                93.21
4194304               179.63
  [run 6/6] recording - 18:22:46
  [run 6/6] done in 1s

# OSU MPI-ROCM Latency Test v7.5
# Datatype: MPI_CHAR.
# Size       Avg Latency(us)
1                       2.41
2                       2.48
4                       2.43
8                       2.41
16                      2.39
32                      2.43
64                      2.41
128                     2.96
256                     3.11
512                     3.18
1024                    3.25
2048                    3.44
4096                    3.49
8192                    3.86
16384                   4.46
32768                   7.88
65536                   9.26
131072                 12.01
262144                 17.39
524288                 28.25
1048576                49.98
2097152                93.20
4194304               179.62

################################################################
# [native sdma=0] inter_GCD7_GCD7  GCD(7,7)  nic=nic_local
################################################################
  [run 1/6] warm-up - 18:22:47
  [run 1/6] done in 1s

# OSU MPI-ROCM Latency Test v7.5
# Datatype: MPI_CHAR.
# Size       Avg Latency(us)
1                       2.72
2                       2.70
4                       2.73
8                       2.71
16                      2.71
32                      2.74
64                      2.72
128                     3.26
256                     3.56
512                     3.91
1024                    3.91
2048                    4.26
4096                    4.38
8192                    4.49
16384                   5.07
32768                   8.86
65536                  10.23
131072                 13.00
262144                 22.09
524288                 29.30
1048576                51.32
2097152                95.10
4194304               183.49
  [run 2/6] recording - 18:22:48
srun: Step created for StepId=18750321.43
  [run 2/6] done in 2s

# OSU MPI-ROCM Latency Test v7.5
# Datatype: MPI_CHAR.
# Size       Avg Latency(us)
1                       2.72
2                       2.73
4                       2.73
8                       2.75
16                      2.76
32                      2.78
64                      2.74
128                     3.27
256                     3.68
512                     3.90
1024                    3.88
2048                    4.09
4096                    4.11
8192                    4.53
16384                   5.14
32768                   8.92
65536                  10.34
131072                 12.99
262144                 18.34
524288                 29.24
1048576                51.01
2097152                97.83
4194304               182.14
  [run 3/6] recording - 18:22:50
  [run 3/6] done in 0s

# OSU MPI-ROCM Latency Test v7.5
# Datatype: MPI_CHAR.
# Size       Avg Latency(us)
1                       2.71
2                       2.72
4                       2.76
8                       2.74
16                      2.72
32                      2.76
64                      2.73
128                     3.29
256                     3.71
512                     3.87
1024                    3.93
2048                    4.24
4096                    4.35
8192                    4.53
16384                   5.11
32768                   8.91
65536                  10.31
131072                 13.03
262144                 18.40
524288                 29.26
1048576                51.10
2097152                94.74
4194304               182.68
  [run 4/6] recording - 18:22:50
  [run 4/6] done in 1s

# OSU MPI-ROCM Latency Test v7.5
# Datatype: MPI_CHAR.
# Size       Avg Latency(us)
1                       2.74
2                       2.73
4                       2.72
8                       2.70
16                      2.73
32                      2.74
64                      2.72
128                     3.28
256                     3.69
512                     3.88
1024                    3.87
2048                    4.07
4096                    4.24
8192                    4.54
16384                   5.13
32768                   8.89
65536                  10.24
131072                 12.99
262144                 18.42
524288                 29.33
1048576                51.22
2097152                95.08
4194304               183.38
  [run 5/6] recording - 18:22:51
  [run 5/6] done in 1s

# OSU MPI-ROCM Latency Test v7.5
# Datatype: MPI_CHAR.
# Size       Avg Latency(us)
1                       2.74
2                       2.71
4                       2.73
8                       2.72
16                      2.71
32                      2.74
64                      2.72
128                     3.27
256                     3.66
512                     3.91
1024                    3.90
2048                    4.07
4096                    4.13
8192                    4.57
16384                   5.18
32768                   8.91
65536                  10.26
131072                 13.01
262144                 18.44
524288                 33.04
1048576                51.22
2097152                95.14
4194304               183.39
  [run 6/6] recording - 18:22:52
srun: Step created for StepId=18750321.47
  [run 6/6] done in 2s

# OSU MPI-ROCM Latency Test v7.5
# Datatype: MPI_CHAR.
# Size       Avg Latency(us)
1                       2.74
2                       2.73
4                       2.73
8                       2.70
16                      2.71
32                      2.74
64                      2.73
128                     3.29
256                     3.56
512                     3.89
1024                    3.86
2048                    4.09
4096                    4.16
8192                    4.53
16384                   5.10
32768                   8.88
65536                  10.28
131072                 13.00
262144                 18.38
524288                 29.33
1048576                51.23
2097152                95.13
4194304               183.38
ALL BENCHMARKS COMPLETE  CSV=results/osu_latency_native_18750321.csv
