VARIANT=rdzv0  NODE_A=nid007972  NODE_B=nid007973
############## EESSI coll tune  variant=rdzv0  (SDMA=0) ##############
Found EESSI repo @ /cvmfs/software.eessi.io/versions/2025.06!
archdetect says x86_64/amd/zen3
archdetect could not detect any accelerators
Using x86_64/amd/zen3 as software subdirectory.
Found Lmod configuration file at /cvmfs/software.eessi.io/versions/2025.06/software/linux/x86_64/amd/zen3/.lmod/lmodrc.lua
Found Lmod SitePackage.lua file at /cvmfs/software.eessi.io/versions/2025.06/software/linux/x86_64/amd/zen3/.lmod/SitePackage.lua
Using /cvmfs/software.eessi.io/host_injections/2025.06/software/linux/x86_64/amd/zen3 as the site extension directory for installations.
Using  as the site extension directory for accelerated installations.
Using /cvmfs/software.eessi.io/versions/2025.06/software/linux/x86_64/amd/zen3/modules/all as the directory to be added to MODULEPATH.
Using /cvmfs/software.eessi.io/host_injections/2025.06/software/linux/x86_64/amd/zen3/modules/all as the site extension directory to be added to MODULEPATH.
Initializing Lmod...
Prepending /cvmfs/software.eessi.io/versions/2025.06/software/linux/x86_64/amd/zen3/modules/all to $MODULEPATH...
Prepending site path /cvmfs/software.eessi.io/host_injections/2025.06/software/linux/x86_64/amd/zen3/modules/all to $MODULEPATH...
Environment set up to use EESSI (2025.06), have fun!
-- Using /tmp/$USER as a temporary working directory for installations, you can
override this by setting the environment variable WORKING_DIR and reloading the
module (e.g., /dev/shm is a common option) 
Configuring for use of EESSI_USER_INSTALL under /users/joglekar/eessi
-- To create installations for EESSI, you _must_ have write permissions to
/users/joglekar/eessi/versions/2025.06/software/linux/x86_64/amd/zen3 
-- You may wish to configure a sources directory for EasyBuild (for example,
via setting the environment variable EASYBUILD_SOURCEPATH) to allow you to
reuse existing sources for packages. 
[setup_eessi] mpirun=/users/joglekar/eessi/versions/2025.06/software/linux/x86_64/amd/zen3/software/OpenMPI/5.0.7-rocm-compilers-19.0.0-ROCm-6.4.1/bin/mpirun  EBROOT=/users/joglekar/eessi/versions/2025.06/software/linux/x86_64/amd/zen3/software/OSU-Micro-Benchmarks/7.5-rompi-2025a
[setup_eessi] FI_PROVIDER=cxi  OMPI_MCA_pml=cm/ofi
=== fi_info -e | grep -i FI_CXI_ (supported knobs) ===
grep: (standard input): binary file matches
=== applied env ===
  FI_CXI_DEFAULT_CQ_SIZE=131072
  FI_CXI_DISABLE_NON_INJECT_MSG_IDC=1
  FI_CXI_RDZV_THRESHOLD=0
  FI_CXI_RX_MATCH_MODE=hybrid
  OMPI_MCA_coll_ucc_enable=0

# [rdzv0] osu_allreduce  N=16  nodes=2  mem='-d rocm'
  [run 1/4] warm-up - 14:45:49
  [run 1/4] done in 22s
  [run 2/4] recording - 14:46:11
  [run 2/4] done in 5s
  [run 3/4] recording - 14:46:16
  [run 3/4] done in 5s
  [run 4/4] recording - 14:46:21
  [run 4/4] done in 5s

# [rdzv0] osu_alltoall  N=16  nodes=2  mem='-d rocm'
  [run 1/4] warm-up - 14:46:26
  [run 1/4] done in 17s
  [run 2/4] recording - 14:46:43
  [run 2/4] done in 17s
  [run 3/4] recording - 14:47:00
  [run 3/4] done in 17s
  [run 4/4] recording - 14:47:17
  [run 4/4] done in 18s

# [rdzv0] osu_bcast  N=16  nodes=2  mem='-d rocm'
  [run 1/4] warm-up - 14:47:35
  [run 1/4] done in 4s
  [run 2/4] recording - 14:47:39
  [run 2/4] done in 4s
  [run 3/4] recording - 14:47:43
  [run 3/4] done in 4s
  [run 4/4] recording - 14:47:47
  [run 4/4] done in 4s

# [rdzv0] osu_allgather  N=16  nodes=2  mem='-d rocm'
  [run 1/4] warm-up - 14:47:51
  [run 1/4] done in 8s
  [run 2/4] recording - 14:47:59
  [run 2/4] done in 8s
  [run 3/4] recording - 14:48:07
  [run 3/4] done in 8s
  [run 4/4] recording - 14:48:15
  [run 4/4] done in 8s

VARIANT=rdzv0 COMPLETE  CSV=results/osu_coll_rdzv0_eessi_18762738.csv
