STACK=eessi  NODE_A=nid007960  NODE_B=nid007961
################# EESSI STACK (HSA_ENABLE_SDMA=0) ##################
Found EESSI repo @ /cvmfs/software.eessi.io/versions/2025.06!
archdetect says x86_64/amd/zen3
archdetect could not detect any accelerators
Using x86_64/amd/zen3 as software subdirectory.
Found Lmod configuration file at /cvmfs/software.eessi.io/versions/2025.06/software/linux/x86_64/amd/zen3/.lmod/lmodrc.lua
Found Lmod SitePackage.lua file at /cvmfs/software.eessi.io/versions/2025.06/software/linux/x86_64/amd/zen3/.lmod/SitePackage.lua
Using /cvmfs/software.eessi.io/host_injections/2025.06/software/linux/x86_64/amd/zen3 as the site extension directory for installations.
Using  as the site extension directory for accelerated installations.
Using /cvmfs/software.eessi.io/versions/2025.06/software/linux/x86_64/amd/zen3/modules/all as the directory to be added to MODULEPATH.
Using /cvmfs/software.eessi.io/host_injections/2025.06/software/linux/x86_64/amd/zen3/modules/all as the site extension directory to be added to MODULEPATH.
Initializing Lmod...
Prepending /cvmfs/software.eessi.io/versions/2025.06/software/linux/x86_64/amd/zen3/modules/all to $MODULEPATH...
Prepending site path /cvmfs/software.eessi.io/host_injections/2025.06/software/linux/x86_64/amd/zen3/modules/all to $MODULEPATH...
Environment set up to use EESSI (2025.06), have fun!
-- Using /tmp/$USER as a temporary working directory for installations, you can
override this by setting the environment variable WORKING_DIR and reloading the
module (e.g., /dev/shm is a common option) 
Configuring for use of EESSI_USER_INSTALL under /users/joglekar/eessi
-- To create installations for EESSI, you _must_ have write permissions to
/users/joglekar/eessi/versions/2025.06/software/linux/x86_64/amd/zen3 
-- You may wish to configure a sources directory for EasyBuild (for example,
via setting the environment variable EASYBUILD_SOURCEPATH) to allow you to
reuse existing sources for packages. 
[setup_eessi] mpirun=/users/joglekar/eessi/versions/2025.06/software/linux/x86_64/amd/zen3/software/OpenMPI/5.0.7-rocm-compilers-19.0.0-ROCm-6.4.1/bin/mpirun  EBROOT=/users/joglekar/eessi/versions/2025.06/software/linux/x86_64/amd/zen3/software/OSU-Micro-Benchmarks/7.5-rompi-2025a
[setup_eessi] FI_PROVIDER=cxi  OMPI_MCA_pml=cm/ofi
[fixed_rxmatch] FI_CXI_RX_MATCH_MODE=hardware

################################################################
# [eessi sdma=0] inter_GCD0_GCD0  GCD(0,0)  nic=nic_via_xgmi
#   FI_CXI_RX_MATCH_MODE=hardware
################################################################
  [run 1/6] warm-up - 18:44:50
  [run 1/6] done in 18s
  [run 2/6] recording - 18:45:08
  [run 2/6] done in 3s
  [run 3/6] recording - 18:45:12
  [run 3/6] done in 4s
  [run 4/6] recording - 18:45:15
  [run 4/6] done in 3s
  [run 5/6] recording - 18:45:18
  [run 5/6] done in 4s
  [run 6/6] recording - 18:45:22
  [run 6/6] done in 3s

################################################################
# [eessi sdma=0] inter_GCD2_GCD2  GCD(2,2)  nic=nic_via_xgmi
#   FI_CXI_RX_MATCH_MODE=hardware
################################################################
  [run 1/6] warm-up - 18:45:25
  [run 1/6] done in 4s
  [run 2/6] recording - 18:45:29
  [run 2/6] done in 4s
  [run 3/6] recording - 18:45:34
  [run 3/6] done in 5s
  [run 4/6] recording - 18:45:38
  [run 4/6] done in 3s
  [run 5/6] recording - 18:45:42
  [run 5/6] done in 4s
  [run 6/6] recording - 18:45:46
  [run 6/6] done in 4s

################################################################
# [eessi sdma=0] inter_GCD4_GCD4  GCD(4,4)  nic=nic_via_xgmi
#   FI_CXI_RX_MATCH_MODE=hardware
################################################################
  [run 1/6] warm-up - 18:45:50
  [run 1/6] done in 4s
  [run 2/6] recording - 18:45:54
  [run 2/6] done in 4s
  [run 3/6] recording - 18:45:58
  [run 3/6] done in 4s
  [run 4/6] recording - 18:46:02
  [run 4/6] done in 4s
  [run 5/6] recording - 18:46:06
  [run 5/6] done in 4s
  [run 6/6] recording - 18:46:10
  [run 6/6] done in 3s

################################################################
# [eessi sdma=0] inter_GCD6_GCD6  GCD(6,6)  nic=nic_via_xgmi
#   FI_CXI_RX_MATCH_MODE=hardware
################################################################
  [run 1/6] warm-up - 18:46:13
  [run 1/6] done in 4s
  [run 2/6] recording - 18:46:17
  [run 2/6] done in 3s
  [run 3/6] recording - 18:46:20
  [run 3/6] done in 3s
  [run 4/6] recording - 18:46:23
  [run 4/6] done in 4s
  [run 5/6] recording - 18:46:27
  [run 5/6] done in 3s
  [run 6/6] recording - 18:46:30
  [run 6/6] done in 3s

################################################################
# [eessi sdma=0] inter_GCD1_GCD1  GCD(1,1)  nic=nic_local
#   FI_CXI_RX_MATCH_MODE=hardware
################################################################
  [run 1/6] warm-up - 18:46:33
  [run 1/6] done in 4s
  [run 2/6] recording - 18:46:37
  [run 2/6] done in 3s
  [run 3/6] recording - 18:46:40
  [run 3/6] done in 4s
  [run 4/6] recording - 18:46:44
  [run 4/6] done in 5s
  [run 5/6] recording - 18:46:49
  [run 5/6] done in 4s
  [run 6/6] recording - 18:46:53
  [run 6/6] done in 4s

################################################################
# [eessi sdma=0] inter_GCD3_GCD3  GCD(3,3)  nic=nic_local
#   FI_CXI_RX_MATCH_MODE=hardware
################################################################
  [run 1/6] warm-up - 18:46:57
  [run 1/6] done in 5s
  [run 2/6] recording - 18:47:02
  [run 2/6] done in 4s
  [run 3/6] recording - 18:47:06
  [run 3/6] done in 4s
  [run 4/6] recording - 18:47:10
  [run 4/6] done in 4s
  [run 5/6] recording - 18:47:14
  [run 5/6] done in 4s
  [run 6/6] recording - 18:47:18
  [run 6/6] done in 4s

################################################################
# [eessi sdma=0] inter_GCD5_GCD5  GCD(5,5)  nic=nic_local
#   FI_CXI_RX_MATCH_MODE=hardware
################################################################
  [run 1/6] warm-up - 18:47:22
  [run 1/6] done in 4s
  [run 2/6] recording - 18:47:26
  [run 2/6] done in 5s
  [run 3/6] recording - 18:47:31
  [run 3/6] done in 4s
  [run 4/6] recording - 18:47:35
  [run 4/6] done in 4s
  [run 5/6] recording - 18:47:39
  [run 5/6] done in 5s
  [run 6/6] recording - 18:47:44
  [run 6/6] done in 4s

################################################################
# [eessi sdma=0] inter_GCD7_GCD7  GCD(7,7)  nic=nic_local
#   FI_CXI_RX_MATCH_MODE=hardware
################################################################
  [run 1/6] warm-up - 18:47:48
  [run 1/6] done in 4s
  [run 2/6] recording - 18:47:52
  [run 2/6] done in 4s
  [run 3/6] recording - 18:47:56
  [run 3/6] done in 5s
  [run 4/6] recording - 18:48:01
  [run 4/6] done in 4s
  [run 5/6] recording - 18:48:05
  [run 5/6] done in 5s
  [run 6/6] recording - 18:48:10
  [run 6/6] done in 4s

ALL BENCHMARKS COMPLETE  CSV=results/osu_latency_fixed_rxmatch_eessi_18750700.csv
