STACK=native  NODE_A=nid007968  NODE_B=nid007969
################# NATIVE STACK (HSA_ENABLE_SDMA=0) #################

################################################################
# [native sdma=0] inter_GCD0_GCD0  GCD(0,0)  nic=nic_via_xgmi
################################################################
  [run 1/6] warm-up - 18:13:51
  [run 1/6] done in 5s

# OSU MPI-ROCM Bi-Directional Bandwidth Test v7.5
# Datatype: MPI_CHAR.
# Size      Bandwidth (MB/s)
1                       1.58
2                       3.16
4                       6.32
8                      12.64
16                     25.24
32                     50.60
64                    101.12
128                   201.45
256                   398.80
512                   795.92
1024                 1589.88
2048                 3166.77
4096                 6276.92
8192                13101.22
16384               24575.76
32768               30860.68
65536               37308.73
131072              41405.35
262144              43939.59
524288              45273.61
1048576             45990.33
  [run 2/6] recording - 18:13:56
  [run 2/6] done in 2s

# OSU MPI-ROCM Bi-Directional Bandwidth Test v7.5
# Datatype: MPI_CHAR.
# Size      Bandwidth (MB/s)
1                       1.58
2                       3.16
4                       6.31
8                      12.64
16                     25.25
32                     50.63
64                    101.06
128                   201.80
256                   398.83
512                   796.67
1024                 1593.68
2048                 3191.48
4096                 6388.64
8192                13154.06
16384               24485.77
32768               30754.11
65536               37254.95
131072              41407.91
262144              43922.94
524288              45279.86
1048576             45986.02
  [run 3/6] recording - 18:13:58
  [run 3/6] done in 1s

# OSU MPI-ROCM Bi-Directional Bandwidth Test v7.5
# Datatype: MPI_CHAR.
# Size      Bandwidth (MB/s)
1                       1.56
2                       3.13
4                       6.26
8                      12.53
16                     25.00
32                     50.18
64                    100.18
128                   199.18
256                   394.46
512                   787.68
1024                 1578.12
2048                 3155.01
4096                 6313.18
8192                12994.34
16384               24431.40
32768               30653.11
65536               37169.66
131072              41367.47
262144              43843.55
524288              45273.06
1048576             45983.71
  [run 4/6] recording - 18:13:59
srun: Step created for StepId=18750219.3
  [run 4/6] done in 3s

# OSU MPI-ROCM Bi-Directional Bandwidth Test v7.5
# Datatype: MPI_CHAR.
# Size      Bandwidth (MB/s)
1                       1.58
2                       3.17
4                       6.34
8                      12.68
16                     25.30
32                     50.69
64                    101.42
128                   202.20
256                   397.69
512                   798.12
1024                 1597.93
2048                 3194.68
4096                 6271.36
8192                13178.44
16384               24617.14
32768               30790.16
65536               37266.70
131072              41408.70
262144              43934.56
524288              45284.39
1048576             45988.51
  [run 5/6] recording - 18:14:02
  [run 5/6] done in 1s

# OSU MPI-ROCM Bi-Directional Bandwidth Test v7.5
# Datatype: MPI_CHAR.
# Size      Bandwidth (MB/s)
1                       1.57
2                       3.15
4                       6.30
8                      12.59
16                     25.14
32                     50.49
64                    100.66
128                   200.48
256                   397.26
512                   792.81
1024                 1588.96
2048                 3176.01
4096                 6353.84
8192                13037.22
16384               24570.54
32768               30726.32
65536               37293.60
131072              41396.77
262144              43931.58
524288              45289.61
1048576             45990.67
  [run 6/6] recording - 18:14:03
srun: Step created for StepId=18750219.5
  [run 6/6] done in 4s

# OSU MPI-ROCM Bi-Directional Bandwidth Test v7.5
# Datatype: MPI_CHAR.
# Size      Bandwidth (MB/s)
1                       1.58
2                       3.17
4                       6.32
8                      12.63
16                     25.28
32                     50.45
64                    101.14
128                   201.29
256                   396.61
512                   794.91
1024                 1590.05
2048                 3177.84
4096                 6340.83
8192                13091.28
16384               24514.07
32768               30761.96
65536               37286.28
131072              41398.17
262144              43932.31
524288              45287.31
1048576             45988.14

################################################################
# [native sdma=0] inter_GCD2_GCD2  GCD(2,2)  nic=nic_via_xgmi
################################################################
  [run 1/6] warm-up - 18:14:07
  [run 1/6] done in 1s

# OSU MPI-ROCM Bi-Directional Bandwidth Test v7.5
# Datatype: MPI_CHAR.
# Size      Bandwidth (MB/s)
1                       1.58
2                       3.15
4                       6.30
8                      12.60
16                     25.17
32                     50.49
64                    100.61
128                   201.66
256                   399.36
512                   799.17
1024                 1600.01
2048                 3197.93
4096                 6395.85
8192                13149.27
16384               23525.85
32768               26883.15
65536               36047.12
131072              41261.30
262144              43576.33
524288              44986.48
1048576             45438.82
  [run 2/6] recording - 18:14:08
  [run 2/6] done in 2s

# OSU MPI-ROCM Bi-Directional Bandwidth Test v7.5
# Datatype: MPI_CHAR.
# Size      Bandwidth (MB/s)
1                       1.57
2                       3.13
4                       6.27
8                      12.57
16                     25.10
32                     50.26
64                    100.50
128                   200.25
256                   396.55
512                   792.52
1024                 1588.25
2048                 3174.18
4096                 6348.18
8192                13080.87
16384               23493.30
32768               26533.50
65536               35969.42
131072              41313.21
262144              43658.07
524288              45120.33
1048576             45661.99
  [run 3/6] recording - 18:14:10
  [run 3/6] done in 1s

# OSU MPI-ROCM Bi-Directional Bandwidth Test v7.5
# Datatype: MPI_CHAR.
# Size      Bandwidth (MB/s)
1                       1.57
2                       3.15
4                       6.19
8                      12.59
16                     25.12
32                     50.35
64                    100.64
128                   199.43
256                   390.25
512                   794.71
1024                 1592.52
2048                 3182.82
4096                 6361.45
8192                13113.47
16384               23584.38
32768               26778.41
65536               36055.00
131072              41330.82
262144              43704.94
524288              45161.65
1048576             45629.88
  [run 4/6] recording - 18:14:11
  [run 4/6] done in 2s

# OSU MPI-ROCM Bi-Directional Bandwidth Test v7.5
# Datatype: MPI_CHAR.
# Size      Bandwidth (MB/s)
1                       1.58
2                       3.17
4                       6.33
8                      12.67
16                     25.29
32                     50.50
64                    100.98
128                   201.43
256                   397.71
512                   794.64
1024                 1590.86
2048                 3181.86
4096                 6365.02
8192                13109.29
16384               23368.52
32768               26453.24
65536               36057.87
131072              41371.11
262144              43655.91
524288              45123.83
1048576             45678.72
  [run 5/6] recording - 18:14:13
  [run 5/6] done in 1s

# OSU MPI-ROCM Bi-Directional Bandwidth Test v7.5
# Datatype: MPI_CHAR.
# Size      Bandwidth (MB/s)
1                       1.58
2                       3.17
4                       6.34
8                      12.61
16                     25.34
32                     50.69
64                     99.35
128                   201.95
256                   399.03
512                   796.08
1024                 1594.44
2048                 3190.46
4096                 6385.58
8192                13098.16
16384               23495.64
32768               26682.96
65536               35999.08
131072              41136.76
262144              43523.40
524288              44995.15
1048576             45499.60
  [run 6/6] recording - 18:14:14
  [run 6/6] done in 2s

# OSU MPI-ROCM Bi-Directional Bandwidth Test v7.5
# Datatype: MPI_CHAR.
# Size      Bandwidth (MB/s)
1                       1.55
2                       3.08
4                       6.18
8                      12.37
16                     24.74
32                     49.52
64                     98.85
128                   197.04
256                   389.93
512                   779.52
1024                 1560.39
2048                 3120.34
4096                 6243.69
8192                12851.83
16384               23419.27
32768               25972.09
65536               36214.55
131072              41239.52
262144              43385.32
524288              44749.88
1048576             45266.52

################################################################
# [native sdma=0] inter_GCD4_GCD4  GCD(4,4)  nic=nic_via_xgmi
################################################################
  [run 1/6] warm-up - 18:14:16
srun: Step created for StepId=18750219.12
  [run 1/6] done in 2s

# OSU MPI-ROCM Bi-Directional Bandwidth Test v7.5
# Datatype: MPI_CHAR.
# Size      Bandwidth (MB/s)
1                       1.58
2                       3.17
4                       6.18
8                      12.62
16                     25.36
32                     50.68
64                    101.47
128                   202.17
256                   399.65
512                   798.00
1024                 1597.57
2048                 3196.36
4096                 6383.64
8192                13114.56
16384               23059.63
32768               28133.80
65536               35676.36
131072              39602.28
262144              40489.06
524288              41912.16
1048576             42347.06
  [run 2/6] recording - 18:14:18
  [run 2/6] done in 2s

# OSU MPI-ROCM Bi-Directional Bandwidth Test v7.5
# Datatype: MPI_CHAR.
# Size      Bandwidth (MB/s)
1                       1.58
2                       3.16
4                       6.33
8                      12.60
16                     25.29
32                     50.64
64                    101.14
128                   201.64
256                   392.72
512                   797.10
1024                 1595.34
2048                 3191.46
4096                 6367.65
8192                13110.06
16384               23036.92
32768               26906.07
65536               35692.33
131072              39613.18
262144              40211.92
524288              41745.75
1048576             42326.49
  [run 3/6] recording - 18:14:20
srun: Step created for StepId=18750219.14
  [run 3/6] done in 2s

# OSU MPI-ROCM Bi-Directional Bandwidth Test v7.5
# Datatype: MPI_CHAR.
# Size      Bandwidth (MB/s)
1                       1.57
2                       3.17
4                       6.34
8                      12.68
16                     25.41
32                     50.93
64                    101.71
128                   202.89
256                   399.34
512                   798.21
1024                 1597.71
2048                 3196.10
4096                 6386.82
8192                13173.27
16384               23056.48
32768               27474.57
65536               35697.61
131072              39741.26
262144              39227.64
524288              41050.64
1048576             38024.03
  [run 4/6] recording - 18:14:22
  [run 4/6] done in 1s

# OSU MPI-ROCM Bi-Directional Bandwidth Test v7.5
# Datatype: MPI_CHAR.
# Size      Bandwidth (MB/s)
1                       1.58
2                       3.16
4                       6.33
8                      12.66
16                     25.30
32                     44.94
64                     98.94
128                   199.77
256                   397.86
512                   794.72
1024                 1590.05
2048                 3179.55
4096                 6369.87
8192                13106.51
16384               23057.69
32768               27378.16
65536               35703.85
131072              39769.15
262144              40560.58
524288              40510.17
1048576             40933.66
  [run 5/6] recording - 18:14:23
  [run 5/6] done in 2s

# OSU MPI-ROCM Bi-Directional Bandwidth Test v7.5
# Datatype: MPI_CHAR.
# Size      Bandwidth (MB/s)
1                       1.57
2                       3.16
4                       6.33
8                      12.60
16                     25.16
32                     50.36
64                    100.66
128                   201.97
256                   400.17
512                   799.27
1024                 1599.23
2048                 3197.24
4096                 6391.34
8192                13124.86
16384               23030.79
32768               28760.56
65536               35640.65
131072              39667.22
262144              40993.85
524288              42095.82
1048576             42484.93
  [run 6/6] recording - 18:14:25
srun: Step created for StepId=18750219.17
  [run 6/6] done in 3s

# OSU MPI-ROCM Bi-Directional Bandwidth Test v7.5
# Datatype: MPI_CHAR.
# Size      Bandwidth (MB/s)
1                       1.57
2                       3.15
4                       6.31
8                      12.60
16                     25.24
32                     50.50
64                    100.80
128                   200.95
256                   398.14
512                   794.76
1024                 1592.25
2048                 3061.57
4096                 6368.03
8192                13096.64
16384               22993.00
32768               27809.47
65536               35560.31
131072              39352.89
262144              40860.41
524288              41804.94
1048576             42164.49

################################################################
# [native sdma=0] inter_GCD6_GCD6  GCD(6,6)  nic=nic_via_xgmi
################################################################
  [run 1/6] warm-up - 18:14:28
  [run 1/6] done in 2s

# OSU MPI-ROCM Bi-Directional Bandwidth Test v7.5
# Datatype: MPI_CHAR.
# Size      Bandwidth (MB/s)
1                       1.57
2                       3.14
4                       6.28
8                      12.49
16                     25.15
32                     50.18
64                    100.28
128                   200.55
256                   396.54
512                   791.26
1024                 1583.27
2048                 3169.37
4096                 6326.02
8192                13054.63
16384               24287.54
32768               27613.52
65536               36442.83
131072              41334.82
262144              43947.07
524288              45287.57
1048576             45990.76
  [run 2/6] recording - 18:14:30
  [run 2/6] done in 1s

# OSU MPI-ROCM Bi-Directional Bandwidth Test v7.5
# Datatype: MPI_CHAR.
# Size      Bandwidth (MB/s)
1                       1.53
2                       3.07
4                       6.15
8                      12.29
16                     24.61
32                     49.16
64                     98.29
128                   195.86
256                   390.80
512                   780.95
1024                 1562.98
2048                 3126.58
4096                 6252.96
8192                12866.09
16384               24158.50
32768               27621.47
65536               36484.38
131072              41266.14
262144              43960.52
524288              45297.30
1048576             45994.23
  [run 3/6] recording - 18:14:31
  [run 3/6] done in 2s

# OSU MPI-ROCM Bi-Directional Bandwidth Test v7.5
# Datatype: MPI_CHAR.
# Size      Bandwidth (MB/s)
1                       1.57
2                       3.15
4                       6.29
8                      12.60
16                     25.19
32                     50.24
64                    100.56
128                   201.10
256                   396.97
512                   792.23
1024                 1585.42
2048                 3170.63
4096                 6335.79
8192                13045.21
16384               24316.83
32768               27444.56
65536               36405.02
131072              41373.63
262144              43953.17
524288              45294.21
1048576             45993.09
  [run 4/6] recording - 18:14:33
srun: Step created for StepId=18750219.21
  [run 4/6] done in 1s

# OSU MPI-ROCM Bi-Directional Bandwidth Test v7.5
# Datatype: MPI_CHAR.
# Size      Bandwidth (MB/s)
1                       1.58
2                       3.17
4                       6.33
8                      12.65
16                     25.28
32                     50.67
64                    101.22
128                   202.08
256                   400.38
512                   798.91
1024                 1601.00
2048                 3197.94
4096                 6390.51
8192                13126.30
16384               24306.51
32768               27694.46
65536               36443.26
131072              41331.73
262144              43948.03
524288              45293.44
1048576             45993.76
  [run 5/6] recording - 18:14:34
  [run 5/6] done in 2s

# OSU MPI-ROCM Bi-Directional Bandwidth Test v7.5
# Datatype: MPI_CHAR.
# Size      Bandwidth (MB/s)
1                       1.58
2                       3.17
4                       6.33
8                      12.66
16                     25.31
32                     50.50
64                    100.91
128                   201.31
256                   399.23
512                   796.35
1024                 1593.44
2048                 3196.22
4096                 6390.52
8192                13115.61
16384               24354.84
32768               27615.93
65536               36499.13
131072              41346.73
262144              43976.66
524288              45309.14
1048576             46000.13
  [run 6/6] recording - 18:14:36
  [run 6/6] done in 3s

# OSU MPI-ROCM Bi-Directional Bandwidth Test v7.5
# Datatype: MPI_CHAR.
# Size      Bandwidth (MB/s)
1                       1.58
2                       3.16
4                       6.33
8                      12.61
16                     25.26
32                     50.58
64                    101.06
128                   201.83
256                   399.65
512                   797.28
1024                 1598.07
2048                 3194.60
4096                 6384.40
8192                13102.94
16384               24379.24
32768               27511.46
65536               36467.78
131072              41372.42
262144              43976.27
524288              45308.11
1048576             46000.15

################################################################
# [native sdma=0] inter_GCD1_GCD1  GCD(1,1)  nic=nic_local
################################################################
  [run 1/6] warm-up - 18:14:39
  [run 1/6] done in 2s

# OSU MPI-ROCM Bi-Directional Bandwidth Test v7.5
# Datatype: MPI_CHAR.
# Size      Bandwidth (MB/s)
1                       1.60
2                       3.21
4                       6.40
8                      12.81
16                     25.65
32                     51.32
64                    102.57
128                   204.82
256                   401.06
512                   804.24
1024                 1607.81
2048                 3220.60
4096                 6438.77
8192                13278.17
16384               24781.41
32768               31169.47
65536               37439.64
131072              41509.89
262144              43982.32
524288              45309.77
1048576             46000.83
  [run 2/6] recording - 18:14:41
  [run 2/6] done in 1s

# OSU MPI-ROCM Bi-Directional Bandwidth Test v7.5
# Datatype: MPI_CHAR.
# Size      Bandwidth (MB/s)
1                       1.58
2                       3.16
4                       6.35
8                      12.67
16                     25.32
32                     50.69
64                    101.33
128                   199.49
256                   400.19
512                   797.78
1024                 1601.00
2048                 3190.44
4096                 6393.67
8192                13191.92
16384               24676.57
32768               31100.12
65536               37389.02
131072              41504.84
262144              43980.94
524288              45306.35
1048576             46001.95
  [run 3/6] recording - 18:14:42
srun: Step created for StepId=18750219.26
  [run 3/6] done in 2s

# OSU MPI-ROCM Bi-Directional Bandwidth Test v7.5
# Datatype: MPI_CHAR.
# Size      Bandwidth (MB/s)
1                       1.57
2                       3.14
4                       6.29
8                      12.58
16                     25.16
32                     50.33
64                    100.63
128                   200.72
256                   388.01
512                   792.28
1024                 1587.90
2048                 3175.74
4096                 6350.90
8192                13083.08
16384               24672.08
32768               31038.07
65536               37352.01
131072              41439.24
262144              43950.54
524288              45290.66
1048576             45992.86
  [run 4/6] recording - 18:14:44
  [run 4/6] done in 1s

# OSU MPI-ROCM Bi-Directional Bandwidth Test v7.5
# Datatype: MPI_CHAR.
# Size      Bandwidth (MB/s)
1                       1.57
2                       3.15
4                       6.31
8                      12.60
16                     25.12
32                     50.40
64                    100.64
128                   201.22
256                   397.78
512                   795.72
1024                 1589.65
2048                 3182.46
4096                 6366.75
8192                13105.70
16384               24709.27
32768               31136.90
65536               37373.60
131072              41459.94
262144              43968.78
524288              45300.94
1048576             45995.07
  [run 5/6] recording - 18:14:45
  [run 5/6] done in 1s

# OSU MPI-ROCM Bi-Directional Bandwidth Test v7.5
# Datatype: MPI_CHAR.
# Size      Bandwidth (MB/s)
1                       1.56
2                       3.13
4                       6.26
8                      12.52
16                     25.05
32                     50.11
64                    100.20
128                   199.73
256                   395.46
512                   789.65
1024                 1580.22
2048                 3160.54
4096                 5642.02
8192                12958.70
16384               24647.79
32768               31130.58
65536               37353.06
131072              41416.15
262144              43994.15
524288              45310.82
1048576             46001.86
  [run 6/6] recording - 18:14:46
  [run 6/6] done in 2s

# OSU MPI-ROCM Bi-Directional Bandwidth Test v7.5
# Datatype: MPI_CHAR.
# Size      Bandwidth (MB/s)
1                       1.57
2                       3.14
4                       6.30
8                      12.60
16                     25.15
32                     50.31
64                    100.50
128                   201.16
256                   396.85
512                   793.51
1024                 1571.61
2048                 3175.91
4096                 6358.43
8192                13124.43
16384               24605.62
32768               31001.49
65536               37301.56
131072              41444.51
262144              43946.10
524288              45289.60
1048576             45988.12

################################################################
# [native sdma=0] inter_GCD3_GCD3  GCD(3,3)  nic=nic_local
################################################################
  [run 1/6] warm-up - 18:14:48
  [run 1/6] done in 2s

# OSU MPI-ROCM Bi-Directional Bandwidth Test v7.5
# Datatype: MPI_CHAR.
# Size      Bandwidth (MB/s)
1                       1.58
2                       3.17
4                       6.35
8                      12.70
16                     25.40
32                     50.10
64                    100.83
128                   197.17
256                   399.89
512                   800.10
1024                 1602.29
2048                 3206.41
4096                 6404.44
8192                13173.05
16384               23413.00
32768               28511.40
65536               36356.32
131072              40335.07
262144              41846.34
524288              42976.01
1048576             43160.25
  [run 2/6] recording - 18:14:50
srun: Step created for StepId=18750219.31
  [run 2/6] done in 2s

# OSU MPI-ROCM Bi-Directional Bandwidth Test v7.5
# Datatype: MPI_CHAR.
# Size      Bandwidth (MB/s)
1                       1.57
2                       3.15
4                       6.29
8                      12.61
16                     25.21
32                     50.42
64                    100.80
128                   201.22
256                   399.98
512                   798.80
1024                 1600.71
2048                 3199.33
4096                 6398.57
8192                13170.41
16384               23514.73
32768               28324.71
65536               36421.31
131072              40662.09
262144              42008.51
524288              43174.38
1048576             43632.68
  [run 3/6] recording - 18:14:52
srun: Step created for StepId=18750219.32
  [run 3/6] done in 1s

# OSU MPI-ROCM Bi-Directional Bandwidth Test v7.5
# Datatype: MPI_CHAR.
# Size      Bandwidth (MB/s)
1                       1.58
2                       3.16
4                       6.32
8                      12.65
16                     25.29
32                     49.71
64                    101.14
128                   201.44
256                   397.32
512                   794.06
1024                 1594.16
2048                 3187.45
4096                 6378.74
8192                13123.89
16384               23524.95
32768               28728.48
65536               36290.31
131072              40667.44
262144              42139.44
524288              43322.81
1048576             43642.14
  [run 4/6] recording - 18:14:53
  [run 4/6] done in 1s

# OSU MPI-ROCM Bi-Directional Bandwidth Test v7.5
# Datatype: MPI_CHAR.
# Size      Bandwidth (MB/s)
1                       1.58
2                       3.16
4                       6.32
8                      12.65
16                     25.32
32                     50.63
64                    101.13
128                   201.90
256                   399.32
512                   797.97
1024                 1596.98
2048                 3194.44
4096                 6387.66
8192                13146.39
16384               23572.90
32768               28621.52
65536               36488.84
131072              40775.33
262144              42183.24
524288              43350.65
1048576             43816.60
  [run 5/6] recording - 18:14:54
  [run 5/6] done in 2s

# OSU MPI-ROCM Bi-Directional Bandwidth Test v7.5
# Datatype: MPI_CHAR.
# Size      Bandwidth (MB/s)
1                       1.55
2                       3.11
4                       6.21
8                      12.43
16                     24.85
32                     49.75
64                     99.47
128                   199.13
256                   393.32
512                   790.52
1024                 1583.16
2048                 3160.67
4096                 6319.01
8192                12997.35
16384               23528.37
32768               28632.20
65536               36316.82
131072              40733.79
262144              42146.54
524288              43317.02
1048576             43852.10
  [run 6/6] recording - 18:14:56
  [run 6/6] done in 1s

# OSU MPI-ROCM Bi-Directional Bandwidth Test v7.5
# Datatype: MPI_CHAR.
# Size      Bandwidth (MB/s)
1                       1.58
2                       3.16
4                       6.32
8                      12.66
16                     25.31
32                     50.68
64                    101.25
128                   202.41
256                   398.20
512                   798.34
1024                 1596.41
2048                 3192.65
4096                 6355.21
8192                13133.69
16384               23523.89
32768               28560.89
65536               36476.75
131072              40604.01
262144              41943.19
524288              43086.49
1048576             43569.43

################################################################
# [native sdma=0] inter_GCD5_GCD5  GCD(5,5)  nic=nic_local
################################################################
  [run 1/6] warm-up - 18:14:57
  [run 1/6] done in 3s

# OSU MPI-ROCM Bi-Directional Bandwidth Test v7.5
# Datatype: MPI_CHAR.
# Size      Bandwidth (MB/s)
1                       1.54
2                       3.16
4                       6.33
8                      12.59
16                     25.26
32                     50.53
64                    100.99
128                   201.05
256                   399.29
512                   797.13
1024                 1596.26
2048                 3190.30
4096                 6378.72
8192                13126.72
16384               23318.12
32768               27846.98
65536               35868.30
131072              39585.67
262144              40461.17
524288              41544.47
1048576             42086.42
  [run 2/6] recording - 18:15:00
  [run 2/6] done in 2s

# OSU MPI-ROCM Bi-Directional Bandwidth Test v7.5
# Datatype: MPI_CHAR.
# Size      Bandwidth (MB/s)
1                       1.58
2                       3.16
4                       6.31
8                      12.65
16                     25.24
32                     50.57
64                    101.01
128                   201.22
256                   397.91
512                   793.98
1024                 1591.43
2048                 3181.30
4096                 6366.30
8192                13103.49
16384               23347.31
32768               28169.05
65536               35969.87
131072              39831.25
262144              40751.07
524288              41874.95
1048576             42311.75
  [run 3/6] recording - 18:15:02
  [run 3/6] done in 2s

# OSU MPI-ROCM Bi-Directional Bandwidth Test v7.5
# Datatype: MPI_CHAR.
# Size      Bandwidth (MB/s)
1                       1.57
2                       3.15
4                       6.30
8                      12.56
16                     25.16
32                     50.42
64                    100.74
128                   201.02
256                   397.57
512                   793.24
1024                 1580.98
2048                 3185.42
4096                 6369.03
8192                13100.85
16384               23279.27
32768               28251.38
65536               35882.53
131072              39701.19
262144              40431.98
524288              41495.40
1048576             41981.97
  [run 4/6] recording - 18:15:04
  [run 4/6] done in 1s

# OSU MPI-ROCM Bi-Directional Bandwidth Test v7.5
# Datatype: MPI_CHAR.
# Size      Bandwidth (MB/s)
1                       1.58
2                       3.16
4                       6.33
8                      12.68
16                     25.34
32                     50.73
64                    101.53
128                   202.24
256                   394.73
512                   788.91
1024                 1578.83
2048                 3157.73
4096                 6303.28
8192                12968.67
16384               23266.43
32768               28010.49
65536               35818.42
131072              39694.05
262144              41292.29
524288              41832.34
1048576             42267.97
  [run 5/6] recording - 18:15:05
  [run 5/6] done in 3s

# OSU MPI-ROCM Bi-Directional Bandwidth Test v7.5
# Datatype: MPI_CHAR.
# Size      Bandwidth (MB/s)
1                       1.54
2                       3.07
4                       6.17
8                      12.35
16                     24.71
32                     49.53
64                     98.72
128                   197.09
256                   389.65
512                   779.87
1024                 1562.75
2048                 3123.47
4096                 6238.29
8192                12828.91
16384               23048.25
32768               27672.01
65536               35529.66
131072              39767.81
262144              40749.77
524288              41636.15
1048576             42084.10
  [run 6/6] recording - 18:15:08
  [run 6/6] done in 2s

# OSU MPI-ROCM Bi-Directional Bandwidth Test v7.5
# Datatype: MPI_CHAR.
# Size      Bandwidth (MB/s)
1                       1.58
2                       3.16
4                       6.33
8                      12.63
16                     25.22
32                     50.53
64                    100.99
128                   201.68
256                   390.36
512                   798.62
1024                 1600.88
2048                 3191.28
4096                 6399.89
8192                13174.74
16384               23354.39
32768               28245.59
65536               35967.53
131072              39884.77
262144              40841.01
524288              41848.44
1048576             42306.60

################################################################
# [native sdma=0] inter_GCD7_GCD7  GCD(7,7)  nic=nic_local
################################################################
  [run 1/6] warm-up - 18:15:10
srun: Step created for StepId=18750219.42
  [run 1/6] done in 2s

# OSU MPI-ROCM Bi-Directional Bandwidth Test v7.5
# Datatype: MPI_CHAR.
# Size      Bandwidth (MB/s)
1                       1.56
2                       3.12
4                       6.26
8                      12.48
16                     24.97
32                     50.01
64                    100.00
128                   199.51
256                   393.07
512                   784.75
1024                 1573.98
2048                 3148.21
4096                 6293.12
8192                12941.21
16384               22945.64
32768               28872.69
65536               36394.04
131072              40068.23
262144              43821.31
524288              45258.59
1048576             45978.20
  [run 2/6] recording - 18:15:12
  [run 2/6] done in 2s

# OSU MPI-ROCM Bi-Directional Bandwidth Test v7.5
# Datatype: MPI_CHAR.
# Size      Bandwidth (MB/s)
1                       1.57
2                       3.15
4                       6.31
8                      12.61
16                     25.22
32                     50.42
64                    100.80
128                   201.10
256                   398.48
512                   795.83
1024                 1553.26
2048                 3171.85
4096                 6364.31
8192                13067.65
16384               23055.39
32768               29220.15
65536               36621.18
131072              40300.55
262144              43912.65
524288              45295.48
1048576             45991.55
  [run 3/6] recording - 18:15:14
srun: Step created for StepId=18750219.44
  [run 3/6] done in 2s

# OSU MPI-ROCM Bi-Directional Bandwidth Test v7.5
# Datatype: MPI_CHAR.
# Size      Bandwidth (MB/s)
1                       1.57
2                       3.16
4                       6.32
8                      12.63
16                     25.25
32                     50.51
64                     99.84
128                   201.62
256                   397.58
512                   792.16
1024                 1581.07
2048                 3156.56
4096                 6347.85
8192                13015.29
16384               22997.00
32768               29053.95
65536               36582.54
131072              40203.61
262144              43873.89
524288              45288.47
1048576             45989.98
  [run 4/6] recording - 18:15:16
  [run 4/6] done in 2s

# OSU MPI-ROCM Bi-Directional Bandwidth Test v7.5
# Datatype: MPI_CHAR.
# Size      Bandwidth (MB/s)
1                       1.57
2                       3.15
4                       6.30
8                      12.63
16                     25.26
32                     50.59
64                    100.93
128                   200.98
256                   397.26
512                   793.07
1024                 1588.24
2048                 3176.87
4096                 6345.32
8192                12990.66
16384               22995.50
32768               28271.67
65536               36514.31
131072              40200.70
262144              43864.19
524288              45280.09
1048576             45983.85
  [run 5/6] recording - 18:15:18
  [run 5/6] done in 2s

# OSU MPI-ROCM Bi-Directional Bandwidth Test v7.5
# Datatype: MPI_CHAR.
# Size      Bandwidth (MB/s)
1                       1.58
2                       3.16
4                       6.30
8                      12.45
16                     25.13
32                     50.64
64                    101.20
128                   201.44
256                   399.74
512                   798.85
1024                 1597.31
2048                 3195.10
4096                 6383.46
8192                12878.67
16384               23046.06
32768               29002.18
65536               36485.29
131072              40125.40
262144              43882.87
524288              45290.97
1048576             45989.07
  [run 6/6] recording - 18:15:20
  [run 6/6] done in 2s

# OSU MPI-ROCM Bi-Directional Bandwidth Test v7.5
# Datatype: MPI_CHAR.
# Size      Bandwidth (MB/s)
1                       1.58
2                       3.16
4                       6.33
8                      12.66
16                     25.31
32                     50.61
64                    101.14
128                   201.57
256                   398.91
512                   797.61
1024                 1596.53
2048                 3191.89
4096                 6383.66
8192                13078.42
16384               23050.25
32768               28810.49
65536               36658.58
131072              40280.82
262144              43882.74
524288              45289.65
1048576             45990.84
ALL BENCHMARKS COMPLETE  CSV=results/osu_bibw_native_18750219.csv
