STACK=eessi  NODE_A=nid005013  NODE_B=nid005014
################# EESSI STACK (HSA_ENABLE_SDMA=0) ##################
Found EESSI repo @ /cvmfs/software.eessi.io/versions/2025.06!
archdetect says x86_64/amd/zen3
archdetect could not detect any accelerators
Using x86_64/amd/zen3 as software subdirectory.
Found Lmod configuration file at /cvmfs/software.eessi.io/versions/2025.06/software/linux/x86_64/amd/zen3/.lmod/lmodrc.lua
Found Lmod SitePackage.lua file at /cvmfs/software.eessi.io/versions/2025.06/software/linux/x86_64/amd/zen3/.lmod/SitePackage.lua
Using /cvmfs/software.eessi.io/host_injections/2025.06/software/linux/x86_64/amd/zen3 as the site extension directory for installations.
Using  as the site extension directory for accelerated installations.
Using /cvmfs/software.eessi.io/versions/2025.06/software/linux/x86_64/amd/zen3/modules/all as the directory to be added to MODULEPATH.
Using /cvmfs/software.eessi.io/host_injections/2025.06/software/linux/x86_64/amd/zen3/modules/all as the site extension directory to be added to MODULEPATH.
Initializing Lmod...
Prepending /cvmfs/software.eessi.io/versions/2025.06/software/linux/x86_64/amd/zen3/modules/all to $MODULEPATH...
Prepending site path /cvmfs/software.eessi.io/host_injections/2025.06/software/linux/x86_64/amd/zen3/modules/all to $MODULEPATH...
Environment set up to use EESSI (2025.06), have fun!
-- Using /tmp/$USER as a temporary working directory for installations, you can
override this by setting the environment variable WORKING_DIR and reloading the
module (e.g., /dev/shm is a common option) 
Configuring for use of EESSI_USER_INSTALL under /users/joglekar/eessi
-- To create installations for EESSI, you _must_ have write permissions to
/users/joglekar/eessi/versions/2025.06/software/linux/x86_64/amd/zen3 
-- You may wish to configure a sources directory for EasyBuild (for example,
via setting the environment variable EASYBUILD_SOURCEPATH) to allow you to
reuse existing sources for packages. 
[setup_eessi] mpirun=/users/joglekar/eessi/versions/2025.06/software/linux/x86_64/amd/zen3/software/OpenMPI/5.0.7-rocm-compilers-19.0.0-ROCm-6.4.1/bin/mpirun  EBROOT=/users/joglekar/eessi/versions/2025.06/software/linux/x86_64/amd/zen3/software/OSU-Micro-Benchmarks/7.5-rompi-2025a
[setup_eessi] FI_PROVIDER=cxi  OMPI_MCA_pml=cm/ofi

################################################################
# [eessi sdma=0] inter_GCD0_GCD0  GCD(0,0)  nic=nic_via_xgmi
################################################################
  [run 1/6] warm-up - 18:22:06
  [run 1/6] done in 17s
  [run 2/6] recording - 18:22:23
  [run 2/6] done in 4s
  [run 3/6] recording - 18:22:27
  [run 3/6] done in 4s
  [run 4/6] recording - 18:22:31
  [run 4/6] done in 4s
  [run 5/6] recording - 18:22:35
  [run 5/6] done in 4s
  [run 6/6] recording - 18:22:39
  [run 6/6] done in 4s

################################################################
# [eessi sdma=0] inter_GCD2_GCD2  GCD(2,2)  nic=nic_via_xgmi
################################################################
  [run 1/6] warm-up - 18:22:43
  [run 1/6] done in 4s
  [run 2/6] recording - 18:22:47
  [run 2/6] done in 4s
  [run 3/6] recording - 18:22:51
  [run 3/6] done in 5s
  [run 4/6] recording - 18:22:56
  [run 4/6] done in 4s
  [run 5/6] recording - 18:23:00
  [run 5/6] done in 3s
  [run 6/6] recording - 18:23:03
  [run 6/6] done in 4s

################################################################
# [eessi sdma=0] inter_GCD4_GCD4  GCD(4,4)  nic=nic_via_xgmi
################################################################
  [run 1/6] warm-up - 18:23:07
  [run 1/6] done in 5s
  [run 2/6] recording - 18:23:12
  [run 2/6] done in 3s
  [run 3/6] recording - 18:23:16
  [run 3/6] done in 4s
  [run 4/6] recording - 18:23:20
  [run 4/6] done in 4s
  [run 5/6] recording - 18:23:24
  [run 5/6] done in 4s
  [run 6/6] recording - 18:23:28
  [run 6/6] done in 4s

################################################################
# [eessi sdma=0] inter_GCD6_GCD6  GCD(6,6)  nic=nic_via_xgmi
################################################################
  [run 1/6] warm-up - 18:23:32
  [run 1/6] done in 4s
  [run 2/6] recording - 18:23:36
  [run 2/6] done in 4s
  [run 3/6] recording - 18:23:40
  [run 3/6] done in 4s
  [run 4/6] recording - 18:23:44
  [run 4/6] done in 4s
  [run 5/6] recording - 18:23:48
  [run 5/6] done in 4s
  [run 6/6] recording - 18:23:52
  [run 6/6] done in 4s

################################################################
# [eessi sdma=0] inter_GCD1_GCD1  GCD(1,1)  nic=nic_local
################################################################
  [run 1/6] warm-up - 18:23:56
  [run 1/6] done in 4s
  [run 2/6] recording - 18:24:00
  [run 2/6] done in 4s
  [run 3/6] recording - 18:24:04
  [run 3/6] done in 4s
  [run 4/6] recording - 18:24:08
  [run 4/6] done in 4s
  [run 5/6] recording - 18:24:12
  [run 5/6] done in 4s
  [run 6/6] recording - 18:24:16
  [run 6/6] done in 4s

################################################################
# [eessi sdma=0] inter_GCD3_GCD3  GCD(3,3)  nic=nic_local
################################################################
  [run 1/6] warm-up - 18:24:20
  [run 1/6] done in 4s
  [run 2/6] recording - 18:24:24
  [run 2/6] done in 4s
  [run 3/6] recording - 18:24:28
  [run 3/6] done in 4s
  [run 4/6] recording - 18:24:32
  [run 4/6] done in 3s
  [run 5/6] recording - 18:24:35
  [run 5/6] done in 4s
  [run 6/6] recording - 18:24:39
  [run 6/6] done in 3s

################################################################
# [eessi sdma=0] inter_GCD5_GCD5  GCD(5,5)  nic=nic_local
################################################################
  [run 1/6] warm-up - 18:24:42
  [run 1/6] done in 3s
  [run 2/6] recording - 18:24:45
  [run 2/6] done in 4s
  [run 3/6] recording - 18:24:49
  [run 3/6] done in 3s
  [run 4/6] recording - 18:24:52
  [run 4/6] done in 3s
  [run 5/6] recording - 18:24:55
  [run 5/6] done in 4s
  [run 6/6] recording - 18:24:59
  [run 6/6] done in 3s

################################################################
# [eessi sdma=0] inter_GCD7_GCD7  GCD(7,7)  nic=nic_local
################################################################
  [run 1/6] warm-up - 18:25:02
  [run 1/6] done in 4s
  [run 2/6] recording - 18:25:06
  [run 2/6] done in 5s
  [run 3/6] recording - 18:25:11
  [run 3/6] done in 3s
  [run 4/6] recording - 18:25:14
  [run 4/6] done in 3s
  [run 5/6] recording - 18:25:17
  [run 5/6] done in 4s
  [run 6/6] recording - 18:25:21
  [run 6/6] done in 3s

ALL BENCHMARKS COMPLETE  CSV=results/osu_latency_eessi_18750320.csv
