Using OSU collective binaries from: /users/joglekar/osu-native/osu-micro-benchmarks-7.5/c/mpi/collective/blocking

################################################################
# osu_allreduce  N=2 GCDs   devices=0,1
################################################################
  [run 1/6] warm-up starting
  [run 2/6] recording

# OSU MPI-ROCM Allreduce Latency Test v7.5
# Datatype: MPI_INT.
# Size       Avg Latency(us)
4                       0.40
8                       0.43
16                      0.41
32                      0.41
64                      0.42
128                     0.44
256                     2.56
512                     2.62
1024                    2.76
2048                    2.56
4096                    3.66
8192                   21.35
16384                  23.09
32768                  27.50
65536                  36.87
131072                 61.35
262144                 64.54
524288                 71.72
1048576                76.21
  [run 3/6] recording

# OSU MPI-ROCM Allreduce Latency Test v7.5
# Datatype: MPI_INT.
# Size       Avg Latency(us)
4                       0.41
8                       0.42
16                      0.42
32                      0.43
64                      0.43
128                     0.44
256                     2.57
512                     2.62
1024                    2.71
2048                    2.51
4096                    3.58
8192                   22.51
16384                  27.14
32768                  30.09
65536                  39.03
131072                 60.00
262144                 64.06
524288                 72.15
1048576                77.69
  [run 4/6] recording

# OSU MPI-ROCM Allreduce Latency Test v7.5
# Datatype: MPI_INT.
# Size       Avg Latency(us)
4                       0.42
8                       0.42
16                      0.42
32                      0.43
64                      0.43
128                     0.44
256                     2.54
512                     2.63
1024                    2.69
2048                    2.53
4096                    3.74
8192                   22.91
16384                  24.09
32768                  28.67
65536                  38.52
131072                 61.33
262144                 64.73
524288                 71.09
1048576                76.59
  [run 5/6] recording

# OSU MPI-ROCM Allreduce Latency Test v7.5
# Datatype: MPI_INT.
# Size       Avg Latency(us)
4                       0.41
8                       0.42
16                      0.42
32                      0.42
64                      0.43
128                     0.45
256                     2.52
512                     2.58
1024                    2.72
2048                    2.49
4096                    3.66
8192                   21.38
16384                  23.28
32768                  28.19
65536                  37.59
131072                 61.59
262144                 65.10
524288                 71.19
1048576                76.74
  [run 6/6] recording

# OSU MPI-ROCM Allreduce Latency Test v7.5
# Datatype: MPI_INT.
# Size       Avg Latency(us)
4                       0.41
8                       0.43
16                      0.42
32                      0.42
64                      0.43
128                     0.44
256                     2.51
512                     2.60
1024                    2.72
2048                    2.49
4096                    3.66
8192                   22.18
16384                  26.88
32768                  30.57
65536                  40.09
131072                 60.87
262144                 64.81
524288                 71.69
1048576                78.36

################################################################
# osu_allreduce  N=4 GCDs   devices=0,1,2,3
################################################################
  [run 1/6] warm-up starting
  [run 2/6] recording

# OSU MPI-ROCM Allreduce Latency Test v7.5
# Datatype: MPI_INT.
# Size       Avg Latency(us)
4                       0.55
8                       0.52
16                      0.53
32                      0.53
64                      0.54
128                     0.57
256                     3.73
512                     3.92
1024                    3.82
2048                    3.73
4096                    5.54
8192                   26.81
16384                  30.87
32768                  38.60
65536                  57.84
131072                118.44
262144                123.76
524288                145.56
1048576               172.99
  [run 3/6] recording

# OSU MPI-ROCM Allreduce Latency Test v7.5
# Datatype: MPI_INT.
# Size       Avg Latency(us)
4                       0.51
8                       0.52
16                      0.52
32                      0.52
64                      0.54
128                     0.58
256                     3.72
512                     3.94
1024                    3.83
2048                    3.72
4096                    5.83
8192                   25.78
16384                  30.70
32768                  40.82
65536                  58.38
131072                118.46
262144                125.41
524288                146.67
1048576               175.62
  [run 4/6] recording

# OSU MPI-ROCM Allreduce Latency Test v7.5
# Datatype: MPI_INT.
# Size       Avg Latency(us)
4                       0.51
8                       0.52
16                      0.52
32                      0.52
64                      0.59
128                     0.63
256                     3.72
512                     4.06
1024                    3.82
2048                    3.68
4096                    5.73
8192                   24.93
16384                  30.57
32768                  39.50
65536                  57.26
131072                116.88
262144                124.66
524288                142.33
1048576               166.71
  [run 5/6] recording

# OSU MPI-ROCM Allreduce Latency Test v7.5
# Datatype: MPI_INT.
# Size       Avg Latency(us)
4                       0.53
8                       0.52
16                      0.53
32                      0.53
64                      0.53
128                     0.56
256                     3.74
512                     4.07
1024                    4.00
2048                    3.72
4096                    5.76
8192                   25.31
16384                  30.52
32768                  37.96
65536                  56.63
131072                122.92
262144                129.35
524288                148.52
1048576               174.52
  [run 6/6] recording

# OSU MPI-ROCM Allreduce Latency Test v7.5
# Datatype: MPI_INT.
# Size       Avg Latency(us)
4                       0.51
8                       0.52
16                      0.52
32                      0.52
64                      0.54
128                     0.57
256                     3.69
512                     4.09
1024                    3.81
2048                    3.84
4096                    5.75
8192                   26.08
16384                  31.10
32768                  38.73
65536                  58.39
131072                118.48
262144                125.91
524288                146.62
1048576               174.83

################################################################
# osu_allreduce  N=6 GCDs   devices=0,1,2,3,4,5
################################################################
  [run 1/6] warm-up starting
  [run 2/6] recording

# OSU MPI-ROCM Allreduce Latency Test v7.5
# Datatype: MPI_INT.
# Size       Avg Latency(us)
4                       0.67
8                       0.64
16                      0.72
32                      0.66
64                      0.64
128                     0.66
256                     4.78
512                     5.15
1024                    4.76
2048                    5.46
4096                    7.54
8192                   30.81
16384                  36.30
32768                  49.79
65536                  76.73
131072                161.82
262144                176.60
524288                202.10
1048576               259.37
  [run 3/6] recording

# OSU MPI-ROCM Allreduce Latency Test v7.5
# Datatype: MPI_INT.
# Size       Avg Latency(us)
4                       0.63
8                       0.63
16                      0.71
32                      0.64
64                      0.64
128                     0.68
256                     4.79
512                     5.14
1024                    4.73
2048                    5.52
4096                    7.44
8192                   30.71
16384                  37.39
32768                  51.06
65536                  77.89
131072                154.68
262144                171.95
524288                198.74
1048576               257.01
  [run 4/6] recording

# OSU MPI-ROCM Allreduce Latency Test v7.5
# Datatype: MPI_INT.
# Size       Avg Latency(us)
4                       0.64
8                       0.63
16                      0.63
32                      0.67
64                      0.70
128                     0.68
256                     4.78
512                     5.06
1024                    4.63
2048                    5.43
4096                    7.79
8192                   30.27
16384                  37.71
32768                  50.16
65536                  76.89
131072                158.90
262144                172.96
524288                197.00
1048576               251.94
  [run 5/6] recording

# OSU MPI-ROCM Allreduce Latency Test v7.5
# Datatype: MPI_INT.
# Size       Avg Latency(us)
4                       0.79
8                       0.72
16                      0.64
32                      0.63
64                      0.64
128                     0.66
256                     4.63
512                     5.08
1024                    4.86
2048                    5.42
4096                    7.61
8192                   31.31
16384                  37.90
32768                  53.40
65536                  80.62
131072                160.76
262144                173.60
524288                198.66
1048576               254.84
  [run 6/6] recording

# OSU MPI-ROCM Allreduce Latency Test v7.5
# Datatype: MPI_INT.
# Size       Avg Latency(us)
4                       0.64
8                       0.63
16                      0.68
32                      0.69
64                      0.63
128                     0.67
256                     4.78
512                     5.13
1024                    4.79
2048                    5.50
4096                    7.76
8192                   30.27
16384                  37.07
32768                  51.00
65536                  79.00
131072                159.16
262144                171.94
524288                196.50
1048576               254.07

################################################################
# osu_allreduce  N=8 GCDs   devices=0,1,2,3,4,5,6,7
################################################################
  [run 1/6] warm-up starting
  [run 2/6] recording

# OSU MPI-ROCM Allreduce Latency Test v7.5
# Datatype: MPI_INT.
# Size       Avg Latency(us)
4                       1.30
8                       1.29
16                      1.34
32                      1.29
64                      1.37
128                     1.41
256                     5.84
512                     6.17
1024                    6.48
2048                    8.49
4096                   14.63
8192                   39.62
16384                  45.66
32768                  61.48
65536                  92.85
131072                195.96
262144                203.93
524288                223.95
1048576               275.02
  [run 3/6] recording

# OSU MPI-ROCM Allreduce Latency Test v7.5
# Datatype: MPI_INT.
# Size       Avg Latency(us)
4                       1.40
8                       1.33
16                      1.32
32                      1.37
64                      1.37
128                     1.40
256                     5.99
512                     6.32
1024                    6.57
2048                    8.54
4096                   14.25
8192                   38.45
16384                  46.36
32768                  62.91
65536                  91.76
131072                200.84
262144                208.28
524288                221.54
1048576               283.06
  [run 4/6] recording

# OSU MPI-ROCM Allreduce Latency Test v7.5
# Datatype: MPI_INT.
# Size       Avg Latency(us)
4                       1.31
8                       1.39
16                      1.42
32                      1.35
64                      1.45
128                     1.44
256                     5.80
512                     6.26
1024                    6.56
2048                    8.66
4096                   14.46
8192                   40.32
16384                  47.32
32768                  67.04
65536                  92.98
131072                198.38
262144                201.56
524288                218.71
1048576               278.70
  [run 5/6] recording

# OSU MPI-ROCM Allreduce Latency Test v7.5
# Datatype: MPI_INT.
# Size       Avg Latency(us)
4                       1.33
8                       1.37
16                      1.30
32                      1.30
64                      1.43
128                     1.41
256                     5.74
512                     6.27
1024                    6.44
2048                    8.48
4096                   14.43
8192                   38.27
16384                  46.12
32768                  61.88
65536                  91.85
131072                203.70
262144                203.03
524288                218.34
1048576               274.87
  [run 6/6] recording

# OSU MPI-ROCM Allreduce Latency Test v7.5
# Datatype: MPI_INT.
# Size       Avg Latency(us)
4                       1.30
8                       1.33
16                      1.33
32                      1.32
64                      1.35
128                     1.38
256                     5.75
512                     6.04
1024                    6.64
2048                    8.32
4096                   13.89
8192                   38.95
16384                  45.01
32768                  58.87
65536                  90.37
131072                198.78
262144                206.82
524288                221.11
1048576               282.26
