
################################################################
# intra_pkg_OAM0   GCD(0,1)   tier=intra_pkg   num_links=4
# Hypothesis: intra-package, 4 links, ~100 GB/s uni
################################################################
  [run 1] warm-up — output discarded
  [run 2] recording

# OSU MPI-ROCM Bandwidth Test v7.5
# Datatype: MPI_CHAR.
# Size      Bandwidth (MB/s)
1                       2.60
2                       5.74
4                      10.99
8                      23.11
16                     47.53
32                     94.65
64                    171.32
128                   357.41
256                   430.99
512                   773.70
1024                  565.54
2048                 1130.95
4096                 2262.78
8192                  742.41
16384                1474.54
32768                2952.43
65536                5755.33
131072              11053.02
262144              20665.99
524288              36321.73
1048576             58495.63
2097152             82996.64
4194304            105380.63
  [run 3] recording

# OSU MPI-ROCM Bandwidth Test v7.5
# Datatype: MPI_CHAR.
# Size      Bandwidth (MB/s)
1                       3.01
2                       6.66
4                      13.41
8                      26.99
16                     55.86
32                    106.92
64                    205.86
128                   364.00
256                   442.55
512                   811.36
1024                  573.37
2048                 1149.90
4096                 2299.25
8192                  764.46
16384                1523.89
32768                3036.11
65536                5935.31
131072              11365.49
262144              21185.23
524288              37138.27
1048576             59683.72
2097152             84555.64
4194304            105882.52
  [run 4] recording

# OSU MPI-ROCM Bandwidth Test v7.5
# Datatype: MPI_CHAR.
# Size      Bandwidth (MB/s)
1                       2.64
2                       5.69
4                      11.77
8                      23.83
16                     47.60
32                     93.95
64                    184.55
128                   362.59
256                   427.52
512                   786.50
1024                  563.30
2048                 1128.52
4096                 2255.00
8192                  762.95
16384                1521.46
32768                3044.84
65536                5923.65
131072              11385.76
262144              21174.80
524288              37200.71
1048576             59553.95
2097152             84372.59
4194304            106072.48
  [run 5] recording

# OSU MPI-ROCM Bandwidth Test v7.5
# Datatype: MPI_CHAR.
# Size      Bandwidth (MB/s)
1                       2.76
2                       6.33
4                      12.42
8                      25.54
16                     48.58
32                     99.36
64                    181.18
128                   364.34
256                   421.93
512                   788.46
1024                  565.83
2048                 1133.40
4096                 2265.50
8192                  763.35
16384                1520.89
32768                3024.52
65536                5906.01
131072              11370.57
262144              21182.30
524288              37148.38
1048576             59661.08
2097152             84492.74
4194304            106376.69
  [run 6] recording

# OSU MPI-ROCM Bandwidth Test v7.5
# Datatype: MPI_CHAR.
# Size      Bandwidth (MB/s)
1                       2.68
2                       5.71
4                      11.94
8                      23.84
16                     48.85
32                     92.67
64                    168.28
128                   287.10
256                   430.56
512                   781.24
1024                  568.40
2048                 1137.09
4096                 2271.09
8192                  739.79
16384                1475.71
32768                2945.61
65536                5739.25
131072              11020.48
262144              20626.96
524288              36261.09
1048576             58492.36
2097152             83237.69
4194304            105354.10

################################################################
# intra_pkg_OAM1   GCD(2,3)   tier=intra_pkg   num_links=4
# Hypothesis: intra-package, 4 links, ~100 GB/s uni
################################################################
  [run 1] warm-up — output discarded
  [run 2] recording

# OSU MPI-ROCM Bandwidth Test v7.5
# Datatype: MPI_CHAR.
# Size      Bandwidth (MB/s)
1                       2.67
2                       5.99
4                      14.77
8                      24.30
16                     49.00
32                     93.69
64                    185.87
128                   328.00
256                   427.80
512                   785.48
1024                  567.73
2048                 1146.57
4096                 2278.85
8192                  732.84
16384                1461.51
32768                2924.32
65536                5690.74
131072              10955.14
262144              20498.00
524288              36075.57
1048576             57670.43
2097152             82805.90
4194304            104597.09
  [run 3] recording

# OSU MPI-ROCM Bandwidth Test v7.5
# Datatype: MPI_CHAR.
# Size      Bandwidth (MB/s)
1                       2.68
2                       5.87
4                      12.11
8                      24.19
16                     49.21
32                     94.64
64                    186.70
128                   349.42
256                   428.46
512                   778.89
1024                  568.36
2048                 1141.40
4096                 2275.67
8192                  734.03
16384                1456.10
32768                2919.68
65536                5695.34
131072              10966.53
262144              20499.39
524288              36000.94
1048576             58032.70
2097152             82870.10
4194304            105072.02
  [run 4] recording

# OSU MPI-ROCM Bandwidth Test v7.5
# Datatype: MPI_CHAR.
# Size      Bandwidth (MB/s)
1                       2.60
2                       5.84
4                      11.61
8                      23.28
16                     46.71
32                     92.25
64                    190.80
128                   388.02
256                   430.15
512                   775.23
1024                  567.14
2048                 1127.36
4096                 2256.23
8192                  734.58
16384                1459.05
32768                2920.51
65536                5624.29
131072              10953.50
262144              20469.75
524288              35973.88
1048576             57812.20
2097152             82512.64
4194304            105006.38
  [run 5] recording

# OSU MPI-ROCM Bandwidth Test v7.5
# Datatype: MPI_CHAR.
# Size      Bandwidth (MB/s)
1                       2.67
2                       5.86
4                      12.00
8                      24.00
16                     48.14
32                     95.58
64                    201.28
128                   324.22
256                   430.27
512                   781.46
1024                  565.75
2048                 1135.28
4096                 2276.27
8192                  734.18
16384                1459.71
32768                2923.27
65536                5710.99
131072              10963.12
262144              20489.44
524288              36059.65
1048576             58158.22
2097152             82746.25
4194304            105096.40
  [run 6] recording

# OSU MPI-ROCM Bandwidth Test v7.5
# Datatype: MPI_CHAR.
# Size      Bandwidth (MB/s)
1                       2.67
2                       5.88
4                      12.11
8                      24.06
16                     49.36
32                     94.84
64                    188.85
128                   320.94
256                   427.68
512                   779.88
1024                  575.76
2048                 1156.48
4096                 2306.77
8192                  731.49
16384                1458.54
32768                2917.92
65536                5677.57
131072              10958.13
262144              20477.33
524288              36028.61
1048576             58052.94
2097152             82716.42
4194304            104985.46

################################################################
# intra_pkg_OAM2   GCD(4,5)   tier=intra_pkg   num_links=4
# Hypothesis: intra-package, 4 links, ~100 GB/s uni
################################################################
  [run 1] warm-up — output discarded
  [run 2] recording

# OSU MPI-ROCM Bandwidth Test v7.5
# Datatype: MPI_CHAR.
# Size      Bandwidth (MB/s)
1                       2.75
2                       6.18
4                      12.28
8                      24.53
16                     50.32
32                     97.60
64                    191.32
128                   355.81
256                   430.07
512                   784.57
1024                  567.86
2048                 1137.10
4096                 2280.73
8192                  740.83
16384                1473.88
32768                2963.59
65536                5780.36
131072              11061.58
262144              20653.21
524288              36299.55
1048576             58577.95
2097152             83070.37
4194304            105569.83
  [run 3] recording

# OSU MPI-ROCM Bandwidth Test v7.5
# Datatype: MPI_CHAR.
# Size      Bandwidth (MB/s)
1                       2.62
2                       5.89
4                      11.82
8                      23.74
16                     49.31
32                     96.30
64                    189.77
128                   355.24
256                   434.77
512                   778.82
1024                  572.05
2048                 1143.84
4096                 2287.24
8192                  740.11
16384                1479.97
32768                2953.81
65536                5765.62
131072              11056.57
262144              20678.40
524288              36282.58
1048576             58600.78
2097152             83158.79
4194304            105349.86
  [run 4] recording

# OSU MPI-ROCM Bandwidth Test v7.5
# Datatype: MPI_CHAR.
# Size      Bandwidth (MB/s)
1                       3.01
2                       6.66
4                      13.19
8                      27.24
16                     54.13
32                    107.58
64                    198.65
128                   364.27
256                   437.83
512                   807.45
1024                  572.09
2048                 1145.40
4096                 2296.71
8192                  751.06
16384                1491.35
32768                2993.98
65536                5842.52
131072              11207.62
262144              20871.08
524288              36736.10
1048576             59065.85
2097152             83689.90
4194304            105654.32
  [run 5] recording

# OSU MPI-ROCM Bandwidth Test v7.5
# Datatype: MPI_CHAR.
# Size      Bandwidth (MB/s)
1                       2.73
2                       6.11
4                      12.34
8                      24.96
16                     50.60
32                     98.12
64                    168.32
128                   342.42
256                   429.65
512                   784.17
1024                  551.33
2048                 1121.18
4096                 2245.96
8192                  723.19
16384                1436.61
32768                2875.34
65536                5625.07
131072              10810.49
262144              20133.88
524288              35574.29
1048576             57566.32
2097152             82485.59
4194304            104606.68
  [run 6] recording

# OSU MPI-ROCM Bandwidth Test v7.5
# Datatype: MPI_CHAR.
# Size      Bandwidth (MB/s)
1                       2.92
2                       6.48
4                      16.20
8                      26.92
16                     53.64
32                    104.24
64                    199.81
128                   345.13
256                   442.49
512                   805.42
1024                  559.59
2048                 1125.95
4096                 2249.19
8192                  751.91
16384                1497.79
32768                2989.60
65536                5814.79
131072              11191.34
262144              20820.91
524288              36624.59
1048576             59080.89
2097152             83970.62
4194304            106039.44

################################################################
# intra_pkg_OAM3   GCD(6,7)   tier=intra_pkg   num_links=4
# Hypothesis: intra-package, 4 links, ~100 GB/s uni
################################################################
  [run 1] warm-up — output discarded
  [run 2] recording

# OSU MPI-ROCM Bandwidth Test v7.5
# Datatype: MPI_CHAR.
# Size      Bandwidth (MB/s)
1                       2.66
2                       5.99
4                      12.03
8                      24.16
16                     49.30
32                     95.17
64                    183.63
128                   345.09
256                   428.52
512                   789.82
1024                  571.82
2048                 1140.02
4096                 2280.87
8192                  763.93
16384                1519.45
32768                3039.77
65536                5926.10
131072              11388.03
262144              21191.21
524288              37171.68
1048576             59759.40
2097152             84394.01
4194304            106269.68
  [run 3] recording

# OSU MPI-ROCM Bandwidth Test v7.5
# Datatype: MPI_CHAR.
# Size      Bandwidth (MB/s)
1                       2.78
2                       6.27
4                      14.17
8                      26.37
16                     50.39
32                    108.76
64                    195.34
128                   388.99
256                   438.12
512                   797.30
1024                  560.51
2048                 1124.49
4096                 2250.23
8192                  767.40
16384                1528.73
32768                3065.34
65536                5960.00
131072              11450.39
262144              21258.94
524288              37347.67
1048576             59875.30
2097152             84655.43
4194304            106218.62
  [run 4] recording

# OSU MPI-ROCM Bandwidth Test v7.5
# Datatype: MPI_CHAR.
# Size      Bandwidth (MB/s)
1                       2.81
2                       6.21
4                      12.22
8                      24.74
16                     49.82
32                     97.85
64                    192.65
128                   355.00
256                   424.71
512                   773.67
1024                  564.69
2048                 1131.16
4096                 2270.54
8192                  742.61
16384                1475.30
32768                2952.28
65536                5748.10
131072              11085.91
262144              20677.01
524288              36345.09
1048576             58594.19
2097152             83034.56
4194304            105065.57
  [run 5] recording

# OSU MPI-ROCM Bandwidth Test v7.5
# Datatype: MPI_CHAR.
# Size      Bandwidth (MB/s)
1                       2.98
2                       6.49
4                      13.31
8                      26.51
16                     54.15
32                    105.97
64                    203.76
128                   361.72
256                   440.45
512                   808.37
1024                  565.98
2048                 1134.33
4096                 2268.89
8192                  769.10
16384                1534.23
32768                3064.22
65536                5960.80
131072              11426.70
262144              21295.27
524288              37329.36
1048576             59955.31
2097152             84694.21
4194304            106046.89
  [run 6] recording

# OSU MPI-ROCM Bandwidth Test v7.5
# Datatype: MPI_CHAR.
# Size      Bandwidth (MB/s)
1                       2.75
2                       6.17
4                      14.93
8                      25.14
16                     50.02
32                     98.74
64                    171.58
128                   338.22
256                   432.80
512                   774.68
1024                  566.77
2048                 1135.14
4096                 2266.19
8192                  763.76
16384                1521.79
32768                3047.16
65536                5910.76
131072              11397.52
262144              21213.00
524288              37207.98
1048576             59721.88
2097152             84543.58
4194304            106226.60

################################################################
# inter_pkg_2link_06   GCD(0,6)   tier=inter_pkg_2link   num_links=2
# Hypothesis: inter-package, 2 links, ~70 GB/s uni
################################################################
  [run 1] warm-up — output discarded
  [run 2] recording

# OSU MPI-ROCM Bandwidth Test v7.5
# Datatype: MPI_CHAR.
# Size      Bandwidth (MB/s)
1                       2.69
2                       5.87
4                      12.02
8                      25.05
16                     49.36
32                     97.92
64                    183.95
128                   343.93
256                   430.22
512                   788.99
1024                  570.96
2048                 1143.87
4096                 2288.90
8192                 1019.27
16384                2037.91
32768                3966.20
65536                7593.57
131072              14188.45
262144              23412.87
524288              36840.90
1048576             47836.59
2097152             55343.42
4194304             60650.35
  [run 3] recording

# OSU MPI-ROCM Bandwidth Test v7.5
# Datatype: MPI_CHAR.
# Size      Bandwidth (MB/s)
1                       2.79
2                       6.25
4                      12.54
8                      24.98
16                     49.82
32                     98.53
64                    185.98
128                   336.02
256                   430.67
512                   789.02
1024                  574.51
2048                 1146.79
4096                 2296.64
8192                 1019.55
16384                2039.87
32768                3966.49
65536                7601.66
131072              14229.35
262144              23452.89
524288              36855.71
1048576             47860.79
2097152             55547.06
4194304             60625.57
  [run 4] recording

# OSU MPI-ROCM Bandwidth Test v7.5
# Datatype: MPI_CHAR.
# Size      Bandwidth (MB/s)
1                       2.70
2                       6.11
4                      12.08
8                      24.45
16                     48.89
32                     94.40
64                    193.42
128                   312.54
256                   428.57
512                   769.65
1024                  566.34
2048                 1127.83
4096                 2267.12
8192                 1019.01
16384                2036.66
32768                3962.51
65536                7589.68
131072              14227.15
262144              23446.80
524288              36855.70
1048576             47870.61
2097152             55525.62
4194304             60660.20
  [run 5] recording

# OSU MPI-ROCM Bandwidth Test v7.5
# Datatype: MPI_CHAR.
# Size      Bandwidth (MB/s)
1                       2.81
2                       6.32
4                      12.45
8                      24.94
16                     50.69
32                     97.50
64                    190.44
128                   318.13
256                   427.35
512                   771.64
1024                  576.88
2048                 1157.80
4096                 2316.33
8192                 1021.48
16384                2042.22
32768                4008.16
65536                7713.94
131072              14141.50
262144              23475.20
524288              36837.64
1048576             47921.57
2097152             55460.75
4194304             60555.34
  [run 6] recording

# OSU MPI-ROCM Bandwidth Test v7.5
# Datatype: MPI_CHAR.
# Size      Bandwidth (MB/s)
1                       2.65
2                       6.03
4                      11.85
8                      24.23
16                     47.68
32                     92.30
64                    182.48
128                   429.38
256                   403.85
512                   766.48
1024                  571.90
2048                 1144.16
4096                 2290.68
8192                 1015.97
16384                2042.85
32768                3978.27
65536                7610.84
131072              14160.62
262144              23421.00
524288              36857.29
1048576             47861.56
2097152             55487.34
4194304             60610.61

################################################################
# inter_pkg_2link_24   GCD(2,4)   tier=inter_pkg_2link   num_links=2
# Hypothesis: inter-package, 2 links, ~70 GB/s uni
################################################################
  [run 1] warm-up — output discarded
  [run 2] recording

# OSU MPI-ROCM Bandwidth Test v7.5
# Datatype: MPI_CHAR.
# Size      Bandwidth (MB/s)
1                       2.64
2                       5.85
4                      11.89
8                      23.66
16                     47.68
32                     95.76
64                    185.25
128                   348.42
256                   429.59
512                   780.38
1024                  566.74
2048                 1126.11
4096                 2264.71
8192                  969.33
16384                1961.05
32768                3812.43
65536                7343.41
131072              13629.26
262144              23423.20
524288              37447.96
1048576             51496.79
2097152             62406.32
4194304             68321.18
  [run 3] recording

# OSU MPI-ROCM Bandwidth Test v7.5
# Datatype: MPI_CHAR.
# Size      Bandwidth (MB/s)
1                       2.69
2                       5.92
4                      12.23
8                      24.12
16                     49.55
32                     96.75
64                    187.20
128                   333.90
256                   438.03
512                   786.49
1024                  561.85
2048                 1126.86
4096                 2250.70
8192                  972.29
16384                1964.28
32768                3828.98
65536                7363.40
131072              13727.50
262144              23437.30
524288              37513.17
1048576             51495.49
2097152             62334.87
4194304             68368.46
  [run 4] recording

# OSU MPI-ROCM Bandwidth Test v7.5
# Datatype: MPI_CHAR.
# Size      Bandwidth (MB/s)
1                       2.76
2                       6.16
4                      12.43
8                      24.93
16                     49.89
32                     98.42
64                    187.49
128                   342.34
256                   431.70
512                   792.87
1024                  572.34
2048                 1147.82
4096                 2297.25
8192                  977.02
16384                1960.79
32768                3811.62
65536                7330.49
131072              13753.73
262144              23463.24
524288              37440.64
1048576             51520.58
2097152             62314.49
4194304             68264.99
  [run 5] recording

# OSU MPI-ROCM Bandwidth Test v7.5
# Datatype: MPI_CHAR.
# Size      Bandwidth (MB/s)
1                       2.97
2                       6.70
4                      13.32
8                      26.68
16                     53.96
32                    104.46
64                    206.61
128                   342.03
256                   436.43
512                   808.42
1024                  577.01
2048                 1154.37
4096                 2312.66
8192                  979.97
16384                1964.91
32768                3819.74
65536                7341.61
131072              13780.61
262144              23501.59
524288              37497.73
1048576             51478.23
2097152             62455.79
4194304             68331.59
  [run 6] recording

# OSU MPI-ROCM Bandwidth Test v7.5
# Datatype: MPI_CHAR.
# Size      Bandwidth (MB/s)
1                       3.01
2                       6.64
4                      13.35
8                      27.08
16                     54.95
32                    109.26
64                    210.59
128                   368.21
256                   449.02
512                   805.65
1024                  574.41
2048                 1150.25
4096                 2298.58
8192                  985.25
16384                1974.10
32768                3839.57
65536                7352.79
131072              13752.86
262144              23498.34
524288              37505.38
1048576             51542.18
2097152             62439.28
4194304             68393.28

################################################################
# inter_pkg_1link_02   GCD(0,2)   tier=inter_pkg_1link   num_links=1
# Hypothesis: inter-package, 1 link, ~35 GB/s uni
################################################################
  [run 1] warm-up — output discarded
  [run 2] recording

# OSU MPI-ROCM Bandwidth Test v7.5
# Datatype: MPI_CHAR.
# Size      Bandwidth (MB/s)
1                       2.81
2                       6.31
4                      12.44
8                      24.91
16                     50.70
32                     99.34
64                    191.28
128                   367.74
256                   411.37
512                   782.59
1024                  575.11
2048                 1144.77
4096                 2289.11
8192                 1470.63
16384                2816.81
32768                5261.40
65536                9413.49
131072              15121.83
262144              21412.77
524288              27532.78
1048576             31961.56
2097152             34482.73
4194304             35478.38
  [run 3] recording

# OSU MPI-ROCM Bandwidth Test v7.5
# Datatype: MPI_CHAR.
# Size      Bandwidth (MB/s)
1                       2.69
2                       6.02
4                      12.07
8                      24.47
16                     49.31
32                     96.23
64                    170.11
128                   307.64
256                   429.31
512                   781.79
1024                  565.21
2048                 1130.83
4096                 2268.42
8192                 1466.50
16384                2812.17
32768                5298.94
65536                9426.94
131072              15164.04
262144              21440.69
524288              27519.26
1048576             31964.08
2097152             34470.97
4194304             35431.05
  [run 4] recording

# OSU MPI-ROCM Bandwidth Test v7.5
# Datatype: MPI_CHAR.
# Size      Bandwidth (MB/s)
1                       2.78
2                       6.26
4                      12.36
8                      25.18
16                     50.89
32                     99.61
64                    191.85
128                   362.29
256                   428.82
512                   767.17
1024                  571.57
2048                 1141.48
4096                 2291.01
8192                 1465.41
16384                2815.74
32768                5241.00
65536                9416.88
131072              15073.97
262144              21451.36
524288              27467.29
1048576             31923.95
2097152             34480.35
4194304             35489.46
  [run 5] recording

# OSU MPI-ROCM Bandwidth Test v7.5
# Datatype: MPI_CHAR.
# Size      Bandwidth (MB/s)
1                       2.68
2                       6.06
4                      12.09
8                      24.04
16                     47.99
32                     97.56
64                    188.24
128                   298.36
256                   420.71
512                   769.70
1024                  567.89
2048                 1137.66
4096                 2274.60
8192                 1466.74
16384                2805.95
32768                5220.79
65536                9410.65
131072              15120.97
262144              21424.21
524288              27541.10
1048576             31971.10
2097152             34471.62
4194304             35474.08
  [run 6] recording

# OSU MPI-ROCM Bandwidth Test v7.5
# Datatype: MPI_CHAR.
# Size      Bandwidth (MB/s)
1                       2.79
2                       6.23
4                      12.40
8                      24.81
16                     50.21
32                     99.12
64                    191.77
128                   344.21
256                   426.69
512                   785.42
1024                  571.91
2048                 1146.47
4096                 2290.38
8192                 1465.79
16384                2814.88
32768                5237.45
65536                9434.73
131072              15207.57
262144              21460.97
524288              27533.96
1048576             31992.98
2097152             34483.46
4194304             35476.72

################################################################
# inter_pkg_1link_13   GCD(1,3)   tier=inter_pkg_1link   num_links=1
# Hypothesis: inter-package, 1 link, ~35 GB/s uni
################################################################
  [run 1] warm-up — output discarded
  [run 2] recording

# OSU MPI-ROCM Bandwidth Test v7.5
# Datatype: MPI_CHAR.
# Size      Bandwidth (MB/s)
1                       2.77
2                       6.13
4                      12.15
8                      24.41
16                     50.35
32                     97.25
64                    173.95
128                   331.56
256                   426.79
512                   765.76
1024                  560.92
2048                 1124.07
4096                 2249.89
8192                 1481.94
16384                2827.74
32768                5326.56
65536                9502.65
131072              15258.40
262144              21541.77
524288              27628.17
1048576             32005.54
2097152             34524.78
4194304             35496.55
  [run 3] recording

# OSU MPI-ROCM Bandwidth Test v7.5
# Datatype: MPI_CHAR.
# Size      Bandwidth (MB/s)
1                       2.70
2                       6.18
4                      11.97
8                      24.38
16                     48.96
32                     97.52
64                    191.62
128                   357.09
256                   430.52
512                   781.51
1024                  561.84
2048                 1126.43
4096                 2225.83
8192                 1481.74
16384                2825.50
32768                5269.06
65536                9463.22
131072              15267.81
262144              21510.46
524288              27577.55
1048576             32049.81
2097152             34513.64
4194304             35499.47
  [run 4] recording

# OSU MPI-ROCM Bandwidth Test v7.5
# Datatype: MPI_CHAR.
# Size      Bandwidth (MB/s)
1                       2.75
2                       6.22
4                      12.46
8                      24.72
16                     50.13
32                    100.82
64                    177.48
128                   322.49
256                   430.00
512                   805.44
1024                  572.40
2048                 1144.66
4096                 2294.64
8192                 1477.21
16384                2822.51
32768                5253.41
65536                9472.17
131072              15251.06
262144              21524.81
524288              27562.05
1048576             32070.42
2097152             34523.87
4194304             35492.31
  [run 5] recording

# OSU MPI-ROCM Bandwidth Test v7.5
# Datatype: MPI_CHAR.
# Size      Bandwidth (MB/s)
1                       2.77
2                       6.05
4                      12.35
8                      24.76
16                     50.24
32                     92.17
64                    177.25
128                   368.98
256                   430.64
512                   789.82
1024                  569.59
2048                 1141.89
4096                 2291.46
8192                 1482.33
16384                2835.01
32768                5394.50
65536                9525.77
131072              15373.84
262144              21506.74
524288              27567.59
1048576             32009.30
2097152             34524.01
4194304             35493.96
  [run 6] recording

# OSU MPI-ROCM Bandwidth Test v7.5
# Datatype: MPI_CHAR.
# Size      Bandwidth (MB/s)
1                       2.73
2                       6.10
4                      12.24
8                      24.77
16                     50.13
32                     97.85
64                    190.69
128                   306.83
256                   429.52
512                   763.28
1024                  563.88
2048                 1131.74
4096                 2256.66
8192                 1474.18
16384                2823.93
32768                5254.40
65536                9453.96
131072              15253.30
262144              21543.86
524288              27584.59
1048576             32049.77
2097152             34516.11
4194304             35486.90

################################################################
# inter_pkg_1link_15   GCD(1,5)   tier=inter_pkg_1link   num_links=1
# Hypothesis: inter-package, 1 link, ~35 GB/s uni
################################################################
  [run 1] warm-up — output discarded
  [run 2] recording

# OSU MPI-ROCM Bandwidth Test v7.5
# Datatype: MPI_CHAR.
# Size      Bandwidth (MB/s)
1                       2.78
2                       6.26
4                      12.23
8                      24.47
16                     49.77
32                     94.28
64                    178.23
128                   379.01
256                   430.33
512                   784.53
1024                  569.15
2048                 1141.64
4096                 2236.96
8192                 1470.61
16384                2818.20
32768                5237.66
65536                9362.36
131072              15132.20
262144              21488.62
524288              27545.26
1048576             31947.56
2097152             34482.71
4194304             35483.95
  [run 3] recording

# OSU MPI-ROCM Bandwidth Test v7.5
# Datatype: MPI_CHAR.
# Size      Bandwidth (MB/s)
1                       2.87
2                       6.46
4                      12.73
8                      25.96
16                     52.66
32                    103.08
64                    196.88
128                   375.50
256                   439.50
512                   807.49
1024                  576.55
2048                 1155.65
4096                 2306.31
8192                 1430.36
16384                2740.51
32768                5223.00
65536                9242.73
131072              15054.55
262144              21309.92
524288              27471.11
1048576             31913.26
2097152             34417.28
4194304             35350.32
  [run 4] recording

# OSU MPI-ROCM Bandwidth Test v7.5
# Datatype: MPI_CHAR.
# Size      Bandwidth (MB/s)
1                       2.79
2                       6.18
4                      12.29
8                      24.51
16                     49.78
32                     97.46
64                    190.35
128                   323.52
256                   429.93
512                   791.22
1024                  572.42
2048                 1146.41
4096                 2293.15
8192                 1480.39
16384                2822.89
32768                5291.76
65536                9441.63
131072              15242.64
262144              21477.94
524288              27538.92
1048576             32038.97
2097152             34502.53
4194304             35489.86
  [run 5] recording

# OSU MPI-ROCM Bandwidth Test v7.5
# Datatype: MPI_CHAR.
# Size      Bandwidth (MB/s)
1                       2.77
2                       6.26
4                      12.30
8                      25.21
16                     50.16
32                     96.00
64                    197.24
128                   364.03
256                   430.20
512                   788.72
1024                  573.31
2048                 1147.95
4096                 2302.23
8192                 1474.33
16384                2823.39
32768                5261.87
65536                9461.25
131072              15235.88
262144              21571.13
524288              27562.07
1048576             32042.22
2097152             34502.10
4194304             35505.19
  [run 6] recording

# OSU MPI-ROCM Bandwidth Test v7.5
# Datatype: MPI_CHAR.
# Size      Bandwidth (MB/s)
1                       2.86
2                       6.45
4                      12.82
8                      26.51
16                     54.97
32                    101.21
64                    202.72
128                   361.65
256                   442.86
512                   813.26
1024                  577.91
2048                 1159.31
4096                 2314.50
8192                 1475.19
16384                2821.92
32768                5242.28
65536                9443.79
131072              15218.63
262144              21446.72
524288              27555.44
1048576             32029.75
2097152             34492.95
4194304             35486.26

################################################################
# inter_pkg_1link_37   GCD(3,7)   tier=inter_pkg_1link   num_links=1
# Hypothesis: inter-package, 1 link, ~35 GB/s uni
################################################################
  [run 1] warm-up — output discarded
  [run 2] recording

# OSU MPI-ROCM Bandwidth Test v7.5
# Datatype: MPI_CHAR.
# Size      Bandwidth (MB/s)
1                       2.74
2                       6.09
4                      12.35
8                      24.66
16                     49.40
32                     98.01
64                    186.59
128                   307.95
256                   429.26
512                   784.85
1024                  559.29
2048                 1134.37
4096                 2267.56
8192                 1428.48
16384                2739.32
32768                5198.26
65536                9238.44
131072              14974.94
262144              21013.70
524288              27253.03
1048576             31456.83
2097152             34013.84
4194304             35410.65
  [run 3] recording

# OSU MPI-ROCM Bandwidth Test v7.5
# Datatype: MPI_CHAR.
# Size      Bandwidth (MB/s)
1                       2.96
2                       6.50
4                      13.18
8                      26.42
16                     52.71
32                    100.67
64                    206.27
128                   379.05
256                   440.43
512                   806.61
1024                  567.57
2048                 1139.98
4096                 2286.58
8192                 1429.48
16384                2739.39
32768                5115.07
65536                9132.75
131072              14809.75
262144              21144.27
524288              27247.04
1048576             31762.37
2097152             34374.44
4194304             35457.82
  [run 4] recording

# OSU MPI-ROCM Bandwidth Test v7.5
# Datatype: MPI_CHAR.
# Size      Bandwidth (MB/s)
1                       2.66
2                       5.95
4                      12.17
8                      24.02
16                     48.58
32                     96.27
64                    193.23
128                   367.01
256                   428.20
512                   780.94
1024                  567.12
2048                 1134.03
4096                 2271.50
8192                 1428.51
16384                2739.72
32768                5194.43
65536                9237.79
131072              14987.78
262144              21169.38
524288              27364.58
1048576             31884.07
2097152             34389.46
4194304             35419.56
  [run 5] recording

# OSU MPI-ROCM Bandwidth Test v7.5
# Datatype: MPI_CHAR.
# Size      Bandwidth (MB/s)
1                       2.84
2                       6.37
4                      12.88
8                      25.89
16                     51.76
32                    101.69
64                    197.08
128                   373.07
256                   441.07
512                   809.87
1024                  565.51
2048                 1150.19
4096                 2304.87
8192                 1427.56
16384                2735.73
32768                5119.53
65536                9163.17
131072              14905.16
262144              21124.61
524288              27238.96
1048576             31848.87
2097152             34385.13
4194304             35423.98
  [run 6] recording

# OSU MPI-ROCM Bandwidth Test v7.5
# Datatype: MPI_CHAR.
# Size      Bandwidth (MB/s)
1                       3.03
2                       6.90
4                      13.64
8                      27.60
16                     54.75
32                    105.80
64                    190.70
128                   317.76
256                   439.21
512                   803.23
1024                  575.88
2048                 1154.32
4096                 2303.41
8192                 1431.38
16384                2748.02
32768                5235.07
65536                9244.04
131072              15004.70
262144              21226.28
524288              27396.55
1048576             31891.78
2097152             34400.26
4194304             35415.91

################################################################
# inter_pkg_1link_46   GCD(4,6)   tier=inter_pkg_1link   num_links=1
# Hypothesis: inter-package, 1 link, ~35 GB/s uni
################################################################
  [run 1] warm-up — output discarded
  [run 2] recording

# OSU MPI-ROCM Bandwidth Test v7.5
# Datatype: MPI_CHAR.
# Size      Bandwidth (MB/s)
1                       2.81
2                       6.25
4                      12.40
8                      24.89
16                     49.76
32                     92.65
64                    166.48
128                   308.56
256                   430.64
512                   786.16
1024                  574.85
2048                 1150.90
4096                 2294.50
8192                 1416.85
16384                2745.33
32768                5217.90
65536                9223.27
131072              15019.76
262144              21187.44
524288              27420.98
1048576             31886.10
2097152             34383.06
4194304             35408.08
  [run 3] recording

# OSU MPI-ROCM Bandwidth Test v7.5
# Datatype: MPI_CHAR.
# Size      Bandwidth (MB/s)
1                       2.59
2                       5.60
4                      11.59
8                      23.49
16                     46.88
32                     93.52
64                    181.38
128                   348.15
256                   432.13
512                   778.57
1024                  568.29
2048                 1139.21
4096                 2275.43
8192                 1417.75
16384                2737.21
32768                5130.11
65536                9162.21
131072              14912.35
262144              21137.27
524288              27255.89
1048576             31840.59
2097152             34381.41
4194304             35416.14
  [run 4] recording

# OSU MPI-ROCM Bandwidth Test v7.5
# Datatype: MPI_CHAR.
# Size      Bandwidth (MB/s)
1                       2.77
2                       6.08
4                      12.50
8                      25.13
16                     50.95
32                     98.83
64                    193.22
128                   324.49
256                   428.72
512                   781.24
1024                  564.70
2048                 1127.21
4096                 2262.27
8192                 1421.06
16384                2737.61
32768                5135.73
65536                9173.91
131072              14931.94
262144              21132.50
524288              27226.48
1048576             31836.19
2097152             34359.62
4194304             35418.68
  [run 5] recording

# OSU MPI-ROCM Bandwidth Test v7.5
# Datatype: MPI_CHAR.
# Size      Bandwidth (MB/s)
1                       2.71
2                       6.07
4                      12.02
8                      24.45
16                     49.31
32                     98.53
64                    191.99
128                   361.72
256                   428.44
512                   775.83
1024                  567.51
2048                 1133.29
4096                 2273.34
8192                 1419.98
16384                2738.49
32768                5096.41
65536                9152.80
131072              14903.33
262144              21137.12
524288              27233.03
1048576             31824.43
2097152             34368.26
4194304             35410.77
  [run 6] recording

# OSU MPI-ROCM Bandwidth Test v7.5
# Datatype: MPI_CHAR.
# Size      Bandwidth (MB/s)
1                       2.74
2                       6.12
4                      12.40
8                      24.69
16                     49.45
32                    120.52
64                    193.89
128                   338.04
256                   433.57
512                   782.51
1024                  573.73
2048                 1151.91
4096                 2305.65
8192                 1420.10
16384                2741.19
32768                5117.93
65536                9144.55
131072              14871.76
262144              21144.89
524288              27239.53
1048576             31764.82
2097152             34379.64
4194304             35422.02

################################################################
# inter_pkg_1link_57   GCD(5,7)   tier=inter_pkg_1link   num_links=1
# Hypothesis: inter-package, 1 link, ~35 GB/s uni
################################################################
  [run 1] warm-up — output discarded
  [run 2] recording

# OSU MPI-ROCM Bandwidth Test v7.5
# Datatype: MPI_CHAR.
# Size      Bandwidth (MB/s)
1                       2.69
2                       5.98
4                      12.09
8                      24.09
16                     48.50
32                     96.74
64                    211.77
128                   355.85
256                   432.23
512                   786.68
1024                  566.66
2048                 1133.87
4096                 2269.76
8192                 1430.12
16384                2740.47
32768                5126.27
65536                9181.33
131072              14943.87
262144              21151.43
524288              27253.66
1048576             31858.78
2097152             34376.73
4194304             35425.87
  [run 3] recording

# OSU MPI-ROCM Bandwidth Test v7.5
# Datatype: MPI_CHAR.
# Size      Bandwidth (MB/s)
1                       2.78
2                       6.12
4                      12.41
8                      25.06
16                     50.26
32                     98.79
64                    193.47
128                   372.59
256                   428.24
512                   769.48
1024                  576.24
2048                 1152.04
4096                 2298.82
8192                 1431.29
16384                2744.62
32768                5124.55
65536                9201.26
131072              14941.08
262144              21153.68
524288              27293.80
1048576             31869.85
2097152             34391.31
4194304             35423.30
  [run 4] recording

# OSU MPI-ROCM Bandwidth Test v7.5
# Datatype: MPI_CHAR.
# Size      Bandwidth (MB/s)
1                       2.65
2                       6.02
4                      11.94
8                      23.59
16                     48.69
32                     93.70
64                    185.84
128                   354.16
256                   437.62
512                   782.60
1024                  564.87
2048                 1136.72
4096                 2275.34
8192                 1422.48
16384                2735.33
32768                5150.48
65536                9178.60
131072              14876.19
262144              21121.82
524288              27221.61
1048576             31827.32
2097152             34383.72
4194304             35411.76
  [run 5] recording

# OSU MPI-ROCM Bandwidth Test v7.5
# Datatype: MPI_CHAR.
# Size      Bandwidth (MB/s)
1                       2.87
2                       6.45
4                      13.15
8                      26.22
16                     53.55
32                    103.37
64                    195.61
128                   459.28
256                   435.30
512                   804.67
1024                  571.41
2048                 1130.08
4096                 2261.75
8192                 1459.25
16384                2801.11
32768                5219.54
65536                9396.30
131072              15158.43
262144              21383.09
524288              27479.81
1048576             32025.31
2097152             34496.40
4194304             35526.54
  [run 6] recording

# OSU MPI-ROCM Bandwidth Test v7.5
# Datatype: MPI_CHAR.
# Size      Bandwidth (MB/s)
1                       3.02
2                       6.80
4                      13.41
8                      26.63
16                     54.73
32                    105.67
64                    198.66
128                   401.38
256                   436.68
512                   800.15
1024                  568.01
2048                 1135.87
4096                 2274.90
8192                 1432.03
16384                2740.02
32768                5128.16
65536                9229.29
131072              14927.36
262144              21175.91
524288              27230.67
1048576             31875.70
2097152             34393.26
4194304             35422.38

################################################################
# routed_07   GCD(0,7)   tier=routed   num_links=0
# Hypothesis: no direct link, routed via 2-link path
################################################################
  [run 1] warm-up — output discarded
  [run 2] recording

# OSU MPI-ROCM Bandwidth Test v7.5
# Datatype: MPI_CHAR.
# Size      Bandwidth (MB/s)
1                       2.77
2                       6.09
4                      12.32
8                      24.68
16                     49.98
32                     98.96
64                    187.57
128                   330.50
256                   422.81
512                   769.21
1024                  569.63
2048                 1142.05
4096                 2288.29
8192                 1437.81
16384                2793.07
32768                5288.92
65536                9613.65
131072              16320.60
262144              24494.67
524288              33742.67
1048576             40313.61
2097152             45233.06
4194304             47817.93
  [run 3] recording

# OSU MPI-ROCM Bandwidth Test v7.5
# Datatype: MPI_CHAR.
# Size      Bandwidth (MB/s)
1                       2.75
2                       6.29
4                      12.26
8                      24.84
16                     50.77
32                    103.27
64                    206.71
128                   402.64
256                   421.27
512                   771.70
1024                  575.64
2048                 1157.46
4096                 2312.07
8192                 1400.14
16384                2719.39
32768                5164.85
65536                9385.99
131072              16072.69
262144              23944.71
524288              33254.89
1048576             40012.50
2097152             45044.98
4194304             47779.89
  [run 4] recording

# OSU MPI-ROCM Bandwidth Test v7.5
# Datatype: MPI_CHAR.
# Size      Bandwidth (MB/s)
1                       2.74
2                       6.09
4                      12.21
8                      24.81
16                     50.07
32                     98.92
64                    182.84
128                   330.35
256                   431.17
512                   783.02
1024                  566.80
2048                 1133.52
4096                 2264.99
8192                 1436.48
16384                2794.70
32768                5289.80
65536                9630.26
131072              16306.72
262144              24418.23
524288              33690.97
1048576             40311.22
2097152             45222.33
4194304             47825.83
  [run 5] recording

# OSU MPI-ROCM Bandwidth Test v7.5
# Datatype: MPI_CHAR.
# Size      Bandwidth (MB/s)
1                       2.67
2                       6.02
4                      12.24
8                      24.04
16                     49.99
32                     94.74
64                    186.28
128                   354.52
256                   433.23
512                   780.64
1024                  569.38
2048                 1138.87
4096                 2276.55
8192                 1437.55
16384                2793.38
32768                5309.61
65536                9619.46
131072              16356.20
262144              24438.67
524288              33704.15
1048576             40295.18
2097152             45146.36
4194304             47811.90
  [run 6] recording

# OSU MPI-ROCM Bandwidth Test v7.5
# Datatype: MPI_CHAR.
# Size      Bandwidth (MB/s)
1                       2.72
2                       6.26
4                      12.22
8                      24.37
16                     49.56
32                     98.48
64                    167.54
128                   368.83
256                   427.47
512                   783.30
1024                  567.04
2048                 1135.05
4096                 2273.54
8192                 1437.43
16384                2797.12
32768                5435.18
65536                9660.85
131072              16421.83
262144              24627.24
524288              33646.23
1048576             40375.74
2097152             45159.16
4194304             47822.19

################################################################
# routed_16   GCD(1,6)   tier=routed   num_links=0
# Hypothesis: no direct link, routed via 2-link path
################################################################
  [run 1] warm-up — output discarded
  [run 2] recording

# OSU MPI-ROCM Bandwidth Test v7.5
# Datatype: MPI_CHAR.
# Size      Bandwidth (MB/s)
1                       2.73
2                       6.14
4                      12.05
8                      24.41
16                     49.16
32                     93.26
64                    177.28
128                   344.46
256                   420.69
512                   779.00
1024                  573.52
2048                 1150.17
4096                 2299.62
8192                 1425.83
16384                2768.88
32768                5245.48
65536                9569.36
131072              16213.06
262144              24262.11
524288              33585.83
1048576             40236.55
2097152             45219.67
4194304             47814.87
  [run 3] recording

# OSU MPI-ROCM Bandwidth Test v7.5
# Datatype: MPI_CHAR.
# Size      Bandwidth (MB/s)
1                       2.82
2                       6.25
4                      12.44
8                      25.07
16                     50.32
32                     98.24
64                    191.25
128                   373.90
256                   430.61
512                   785.23
1024                  560.75
2048                 1119.16
4096                 2236.15
8192                 1424.35
16384                2770.97
32768                5397.21
65536                9563.83
131072              16246.19
262144              24503.04
524288              33541.84
1048576             40302.10
2097152             45129.55
4194304             47820.11
  [run 4] recording

# OSU MPI-ROCM Bandwidth Test v7.5
# Datatype: MPI_CHAR.
# Size      Bandwidth (MB/s)
1                       2.78
2                       6.24
4                      12.34
8                      24.92
16                     50.53
32                     96.11
64                    175.62
128                   350.83
256                   432.52
512                   786.68
1024                  571.12
2048                 1146.25
4096                 2292.33
8192                 1423.95
16384                2769.81
32768                5225.08
65536                9561.22
131072              16222.47
262144              24267.23
524288              33614.50
1048576             40257.00
2097152             45216.97
4194304             47798.42
  [run 5] recording

# OSU MPI-ROCM Bandwidth Test v7.5
# Datatype: MPI_CHAR.
# Size      Bandwidth (MB/s)
1                       3.04
2                       6.75
4                      13.13
8                      27.34
16                     55.59
32                    104.86
64                    218.68
128                   346.21
256                   438.46
512                   815.91
1024                  573.77
2048                 1151.21
4096                 2306.62
8192                 1419.42
16384                2758.83
32768                5247.76
65536                9521.80
131072              16181.15
262144              24251.34
524288              33570.46
1048576             40215.91
2097152             45202.97
4194304             47796.50
  [run 6] recording

# OSU MPI-ROCM Bandwidth Test v7.5
# Datatype: MPI_CHAR.
# Size      Bandwidth (MB/s)
1                       2.66
2                       5.98
4                      12.10
8                      24.00
16                     48.13
32                     97.44
64                    187.70
128                   325.41
256                   426.72
512                   777.14
1024                  564.83
2048                 1130.71
4096                 2258.67
8192                 1421.82
16384                2762.49
32768                5235.56
65536                9534.19
131072              16179.08
262144              24310.37
524288              33609.44
1048576             40251.52
2097152             45151.56
4194304             47791.28

################################################################
# routed_03   GCD(0,3)   tier=routed   num_links=0
# Hypothesis: no direct link, routed via 1-link path
################################################################
  [run 1] warm-up — output discarded
  [run 2] recording

# OSU MPI-ROCM Bandwidth Test v7.5
# Datatype: MPI_CHAR.
# Size      Bandwidth (MB/s)
1                       2.69
2                       5.92
4                      12.13
8                      24.19
16                     48.16
32                     95.83
64                    186.79
128                   379.46
256                   425.19
512                   764.26
1024                  562.43
2048                 1119.35
4096                 2258.73
8192                 1424.82
16384                2736.02
32768                5164.12
65536                9211.88
131072              15036.04
262144              21404.69
524288              27589.98
1048576             32249.97
2097152             34954.15
4194304             36023.92
  [run 3] recording

# OSU MPI-ROCM Bandwidth Test v7.5
# Datatype: MPI_CHAR.
# Size      Bandwidth (MB/s)
1                       2.74
2                       6.05
4                      12.19
8                      24.48
16                     49.84
32                     93.95
64                    185.05
128                   337.24
256                   428.20
512                   775.94
1024                  561.94
2048                 1141.61
4096                 2284.46
8192                 1423.70
16384                2734.39
32768                5106.80
65536                9189.25
131072              15001.35
262144              21302.64
524288              27567.53
1048576             32333.60
2097152             34931.73
4194304             36003.21
  [run 4] recording

# OSU MPI-ROCM Bandwidth Test v7.5
# Datatype: MPI_CHAR.
# Size      Bandwidth (MB/s)
1                       2.86
2                       6.40
4                      12.83
8                      25.29
16                     52.54
32                     97.63
64                    201.55
128                   380.76
256                   433.41
512                   793.89
1024                  571.08
2048                 1144.64
4096                 2290.96
8192                 1412.74
16384                2707.03
32768                5092.26
65536                9107.81
131072              14877.04
262144              21261.15
524288              27515.11
1048576             32211.22
2097152             34903.21
4194304             35988.53
  [run 5] recording

# OSU MPI-ROCM Bandwidth Test v7.5
# Datatype: MPI_CHAR.
# Size      Bandwidth (MB/s)
1                       2.86
2                       6.39
4                      12.70
8                      25.56
16                     51.29
32                    102.99
64                    206.87
128                   367.98
256                   438.42
512                   807.06
1024                  573.01
2048                 1148.16
4096                 2295.45
8192                 1386.89
16384                2685.08
32768                5146.76
65536                9210.24
131072              14961.76
262144              21420.30
524288              27705.08
1048576             32306.81
2097152             34981.28
4194304             36020.14
  [run 6] recording

# OSU MPI-ROCM Bandwidth Test v7.5
# Datatype: MPI_CHAR.
# Size      Bandwidth (MB/s)
1                       2.65
2                       5.99
4                      12.08
8                      23.83
16                     48.86
32                     97.32
64                    185.14
128                   337.54
256                   427.77
512                   772.37
1024                  563.02
2048                 1120.95
4096                 2255.22
8192                 1421.32
16384                2734.98
32768                5098.44
65536                9129.86
131072              14848.44
262144              21258.84
524288              27528.28
1048576             32211.52
2097152             34916.55
4194304             36006.36

################################################################
# routed_14   GCD(1,4)   tier=routed   num_links=0
# Hypothesis: no direct link, routed via 1-link path
################################################################
  [run 1] warm-up — output discarded
  [run 2] recording

# OSU MPI-ROCM Bandwidth Test v7.5
# Datatype: MPI_CHAR.
# Size      Bandwidth (MB/s)
1                       2.77
2                       6.16
4                      12.51
8                      28.34
16                     50.15
32                     98.89
64                    178.34
128                   373.36
256                   428.65
512                   780.12
1024                  570.25
2048                 1143.13
4096                 2287.66
8192                 1430.36
16384                2747.75
32768                5112.43
65536                9175.90
131072              14837.65
262144              21164.86
524288              27267.27
1048576             31753.41
2097152             34381.28
4194304             35414.20
  [run 3] recording

# OSU MPI-ROCM Bandwidth Test v7.5
# Datatype: MPI_CHAR.
# Size      Bandwidth (MB/s)
1                       2.93
2                       6.50
4                      12.94
8                      26.21
16                     54.16
32                    106.18
64                    201.32
128                   383.12
256                   439.80
512                   805.21
1024                  575.89
2048                 1152.09
4096                 2303.82
8192                 1392.97
16384                2666.36
32768                5040.73
65536                9038.09
131072              14785.59
262144              20936.14
524288              27204.52
1048576             31737.26
2097152             34297.76
4194304             35367.66
  [run 4] recording

# OSU MPI-ROCM Bandwidth Test v7.5
# Datatype: MPI_CHAR.
# Size      Bandwidth (MB/s)
1                       2.81
2                       6.18
4                      12.26
8                      24.76
16                     49.94
32                     97.57
64                    183.16
128                   343.38
256                   422.94
512                   769.87
1024                  562.61
2048                 1148.25
4096                 2292.42
8192                 1436.85
16384                2753.41
32768                5209.36
65536                9283.08
131072              15102.08
262144              21239.20
524288              27387.30
1048576             31852.26
2097152             34404.99
4194304             35426.01
  [run 5] recording

# OSU MPI-ROCM Bandwidth Test v7.5
# Datatype: MPI_CHAR.
# Size      Bandwidth (MB/s)
1                       2.76
2                       6.24
4                      12.27
8                      24.61
16                     49.36
32                     97.91
64                    174.34
128                   360.40
256                   421.74
512                   771.44
1024                  567.42
2048                 1140.45
4096                 2283.89
8192                 1435.27
16384                2747.52
32768                5152.81
65536                9254.77
131072              15016.30
262144              21259.60
524288              27337.63
1048576             31885.29
2097152             34401.65
4194304             35435.93
  [run 6] recording

# OSU MPI-ROCM Bandwidth Test v7.5
# Datatype: MPI_CHAR.
# Size      Bandwidth (MB/s)
1                       2.70
2                       5.99
4                      11.99
8                      24.15
16                     48.66
32                     98.16
64                    173.60
128                   351.20
256                   428.17
512                   790.68
1024                  568.93
2048                 1139.61
4096                 2275.75
8192                 1430.05
16384                2745.79
32768                5181.75
65536                9265.29
131072              15102.29
262144              21304.30
524288              27353.69
1048576             31845.57
2097152             34422.80
4194304             35423.81

################################################################
# routed_17   GCD(1,7)   tier=routed   num_links=0
# Hypothesis: no direct link, routed (anomaly pair)
################################################################
  [run 1] warm-up — output discarded
  [run 2] recording

# OSU MPI-ROCM Bandwidth Test v7.5
# Datatype: MPI_CHAR.
# Size      Bandwidth (MB/s)
1                       2.89
2                       6.41
4                      13.01
8                      26.24
16                     52.74
32                    102.55
64                    197.15
128                   380.74
256                   439.39
512                   817.01
1024                  579.94
2048                 1159.04
4096                 2315.33
8192                 1353.50
16384                2639.26
32768                5000.08
65536                9167.83
131072              15735.83
262144              23625.38
524288              32921.93
1048576             39818.10
2097152             44888.38
4194304             47755.21
  [run 3] recording

# OSU MPI-ROCM Bandwidth Test v7.5
# Datatype: MPI_CHAR.
# Size      Bandwidth (MB/s)
1                       2.75
2                       6.15
4                      12.40
8                      25.16
16                     49.93
32                     98.05
64                    188.96
128                   359.71
256                   433.50
512                   786.05
1024                  571.20
2048                 1146.43
4096                 2294.39
8192                 1389.92
16384                2701.41
32768                5117.73
65536                9346.06
131072              15974.92
262144              23940.62
524288              33293.32
1048576             40017.18
2097152             45045.78
4194304             47801.53
  [run 4] recording

# OSU MPI-ROCM Bandwidth Test v7.5
# Datatype: MPI_CHAR.
# Size      Bandwidth (MB/s)
1                       2.80
2                       5.96
4                      12.20
8                      25.78
16                     62.91
32                     97.82
64                    195.86
128                   346.56
256                   428.20
512                   782.14
1024                  573.31
2048                 1148.76
4096                 2295.13
8192                 1390.35
16384                2702.09
32768                5147.98
65536                9372.14
131072              15987.01
262144              23894.39
524288              33255.14
1048576             40023.07
2097152             45051.91
4194304             47789.58
  [run 5] recording

# OSU MPI-ROCM Bandwidth Test v7.5
# Datatype: MPI_CHAR.
# Size      Bandwidth (MB/s)
1                       2.75
2                       6.12
4                      12.37
8                      25.07
16                     50.39
32                     98.60
64                    184.49
128                   319.24
256                   422.18
512                   772.61
1024                  561.79
2048                 1127.96
4096                 2260.92
8192                 1393.01
16384                2704.31
32768                5211.86
65536                9394.16
131072              16011.66
262144              24044.99
524288              33184.91
1048576             40049.96
2097152             44980.28
4194304             47781.23
  [run 6] recording

# OSU MPI-ROCM Bandwidth Test v7.5
# Datatype: MPI_CHAR.
# Size      Bandwidth (MB/s)
1                       2.80
2                       6.11
4                      12.29
8                      24.57
16                     50.33
32                     93.19
64                    188.61
128                   330.41
256                   430.88
512                   786.28
1024                  565.21
2048                 1129.34
4096                 2262.70
8192                 1392.71
16384                2704.70
32768                5195.80
65536                9390.57
131072              16007.83
262144              24091.19
524288              33266.93
1048576             40068.64
2097152             45001.24
4194304             47799.61

################################################################
# routed_35   GCD(3,5)   tier=routed   num_links=0
# Hypothesis: no direct link, routed (anomaly pair)
################################################################
  [run 1] warm-up — output discarded
  [run 2] recording

# OSU MPI-ROCM Bandwidth Test v7.5
# Datatype: MPI_CHAR.
# Size      Bandwidth (MB/s)
1                       2.77
2                       6.26
4                      12.43
8                      24.65
16                     50.22
32                     98.30
64                    187.00
128                   370.09
256                   429.26
512                   786.71
1024                  561.99
2048                 1127.08
4096                 2253.46
8192                 1346.19
16384                2622.05
32768                4993.73
65536                9141.59
131072              15671.85
262144              23520.80
524288              32751.20
1048576             39709.71
2097152             44848.39
4194304             47737.90
  [run 3] recording

# OSU MPI-ROCM Bandwidth Test v7.5
# Datatype: MPI_CHAR.
# Size      Bandwidth (MB/s)
1                       2.72
2                       6.02
4                      12.22
8                      24.39
16                     49.50
32                     97.47
64                    175.06
128                   353.24
256                   432.51
512                   781.33
1024                  572.20
2048                 1143.72
4096                 2284.93
8192                 1344.81
16384                2618.19
32768                4981.90
65536                9137.97
131072              15692.84
262144              23549.45
524288              32810.75
1048576             39726.94
2097152             44804.01
4194304             47744.50
  [run 4] recording

# OSU MPI-ROCM Bandwidth Test v7.5
# Datatype: MPI_CHAR.
# Size      Bandwidth (MB/s)
1                       2.90
2                       6.50
4                      13.48
8                      30.32
16                     53.36
32                    103.71
64                    201.35
128                   389.68
256                   440.45
512                   805.74
1024                  577.25
2048                 1156.55
4096                 2317.82
8192                 1338.32
16384                2611.77
32768                4940.56
65536                9084.61
131072              15647.66
262144              23524.30
524288              32720.60
1048576             39684.01
2097152             44784.90
4194304             47724.86
  [run 5] recording

# OSU MPI-ROCM Bandwidth Test v7.5
# Datatype: MPI_CHAR.
# Size      Bandwidth (MB/s)
1                       2.93
2                       6.59
4                      13.20
8                      25.80
16                     53.89
32                    105.12
64                    181.02
128                   382.10
256                   445.11
512                   821.91
1024                  571.37
2048                 1144.76
4096                 2297.19
8192                 1344.72
16384                2621.94
32768                4998.55
65536                9149.11
131072              15683.45
262144              23551.04
524288              32771.56
1048576             40059.37
2097152             45087.33
4194304             47788.10
  [run 6] recording

# OSU MPI-ROCM Bandwidth Test v7.5
# Datatype: MPI_CHAR.
# Size      Bandwidth (MB/s)
1                       2.89
2                       6.53
4                      13.43
8                      30.51
16                     51.91
32                    102.18
64                    178.26
128                   388.66
256                   428.21
512                   787.80
1024                  570.49
2048                 1144.95
4096                 2298.38
8192                 1347.47
16384                2622.39
32768                5037.90
65536                9165.02
131072              15726.46
262144              23622.60
524288              32803.92
1048576             39727.17
2097152             44743.52
4194304             47732.50

################################################################
# self_GCD0   GCD(0,0)   tier=self   num_links=NA
# Hypothesis: same GCD, intra-process HBM, ~250 GB/s
################################################################
  [run 1] warm-up — output discarded
  [run 2] recording

# OSU MPI-ROCM Bandwidth Test v7.5
# Datatype: MPI_CHAR.
# Size      Bandwidth (MB/s)
1                       2.84
2                       6.34
4                      12.62
8                      28.87
16                     57.94
32                     99.89
64                    184.40
128                   357.88
256                   418.69
512                   796.89
1024                  571.66
2048                 1144.68
4096                 2292.17
8192                 1547.36
16384                2981.25
32768                5579.66
65536                9853.61
131072              16559.91
262144              24816.50
524288              33735.85
1048576             97953.80
2097152            162682.23
4194304            256190.19
  [run 3] recording

# OSU MPI-ROCM Bandwidth Test v7.5
# Datatype: MPI_CHAR.
# Size      Bandwidth (MB/s)
1                       3.05
2                       7.03
4                      13.67
8                      27.20
16                     55.98
32                    106.61
64                    185.00
128                   369.34
256                   440.81
512                   817.11
1024                  559.46
2048                 1143.15
4096                 2290.49
8192                 1521.97
16384                2937.47
32768                5516.39
65536                9875.03
131072              16484.11
262144              24724.30
524288              32916.59
1048576             96808.24
2097152            162936.32
4194304            255975.64
  [run 4] recording

# OSU MPI-ROCM Bandwidth Test v7.5
# Datatype: MPI_CHAR.
# Size      Bandwidth (MB/s)
1                       2.65
2                       6.01
4                      11.92
8                      24.14
16                     48.29
32                     91.86
64                    190.35
128                   333.58
256                   440.07
512                   797.03
1024                  571.90
2048                 1144.52
4096                 2291.57
8192                 1539.51
16384                2968.38
32768                5543.38
65536                9864.23
131072              16467.58
262144              24724.70
524288              33769.37
1048576             97142.12
2097152            162953.74
4194304            256136.93
  [run 5] recording

# OSU MPI-ROCM Bandwidth Test v7.5
# Datatype: MPI_CHAR.
# Size      Bandwidth (MB/s)
1                       2.76
2                       6.07
4                      12.14
8                      24.51
16                     49.77
32                     95.17
64                    207.30
128                   344.76
256                   427.77
512                   640.40
1024                  565.27
2048                 1126.01
4096                 2257.89
8192                 1533.14
16384                2961.39
32768                5581.70
65536                9819.55
131072              16534.68
262144              24827.05
524288              33623.96
1048576             97521.46
2097152            162248.84
4194304            253380.14
  [run 6] recording

# OSU MPI-ROCM Bandwidth Test v7.5
# Datatype: MPI_CHAR.
# Size      Bandwidth (MB/s)
1                       2.78
2                       6.18
4                      12.36
8                      24.68
16                     50.11
32                     96.28
64                    188.88
128                   328.64
256                   427.55
512                   780.43
1024                  568.74
2048                 1136.20
4096                 2273.63
8192                 1501.27
16384                2931.85
32768                5496.03
65536                9776.99
131072              16408.54
262144              24723.75
524288              33653.18
1048576             97072.36
2097152            162920.87
4194304            255135.99
