
Lmod is automatically replacing "craype-x86-rome" with "craype-x86-trento".


Lmod is automatically replacing "cce/19.0.0" with "amd/6.3.4".


Lmod is automatically replacing "PrgEnv-cray/8.6.0" with "PrgEnv-amd/8.6.0".


Due to MODULEPATH changes, the following have been reloaded:
  1) cray-libsci/25.03.0     2) cray-mpich/8.1.32


################################################################
# intra_pkg_OAM0   GCD(0,1)   tier=intra_pkg   num_links=4
# Hypothesis: intra-package, 4 links, ~100 GB/s uni
################################################################
  [run 1] warm-up — output discarded
  [run 2] recording
  [run 3] recording
  [run 4] recording
  [run 5] recording
  [run 6] recording

################################################################
# intra_pkg_OAM1   GCD(2,3)   tier=intra_pkg   num_links=4
# Hypothesis: intra-package, 4 links, ~100 GB/s uni
################################################################
  [run 1] warm-up — output discarded
  [run 2] recording
  [run 3] recording
  [run 4] recording
  [run 5] recording
  [run 6] recording

################################################################
# intra_pkg_OAM2   GCD(4,5)   tier=intra_pkg   num_links=4
# Hypothesis: intra-package, 4 links, ~100 GB/s uni
################################################################
  [run 1] warm-up — output discarded
  [run 2] recording
  [run 3] recording
  [run 4] recording
  [run 5] recording
  [run 6] recording

################################################################
# intra_pkg_OAM3   GCD(6,7)   tier=intra_pkg   num_links=4
# Hypothesis: intra-package, 4 links, ~100 GB/s uni
################################################################
  [run 1] warm-up — output discarded
  [run 2] recording
  [run 3] recording
  [run 4] recording
  [run 5] recording
  [run 6] recording

################################################################
# inter_pkg_2link_06   GCD(0,6)   tier=inter_pkg_2link   num_links=2
# Hypothesis: inter-package, 2 links, ~70 GB/s uni
################################################################
  [run 1] warm-up — output discarded
  [run 2] recording
  [run 3] recording
  [run 4] recording
  [run 5] recording
  [run 6] recording

################################################################
# inter_pkg_2link_24   GCD(2,4)   tier=inter_pkg_2link   num_links=2
# Hypothesis: inter-package, 2 links, ~70 GB/s uni
################################################################
  [run 1] warm-up — output discarded
  [run 2] recording
  [run 3] recording
  [run 4] recording
  [run 5] recording
  [run 6] recording

################################################################
# inter_pkg_1link_02   GCD(0,2)   tier=inter_pkg_1link   num_links=1
# Hypothesis: inter-package, 1 link, ~35 GB/s uni
################################################################
  [run 1] warm-up — output discarded
  [run 2] recording
  [run 3] recording
  [run 4] recording
  [run 5] recording
  [run 6] recording

################################################################
# inter_pkg_1link_13   GCD(1,3)   tier=inter_pkg_1link   num_links=1
# Hypothesis: inter-package, 1 link, ~35 GB/s uni
################################################################
  [run 1] warm-up — output discarded
  [run 2] recording
  [run 3] recording
  [run 4] recording
  [run 5] recording
  [run 6] recording

################################################################
# inter_pkg_1link_15   GCD(1,5)   tier=inter_pkg_1link   num_links=1
# Hypothesis: inter-package, 1 link, ~35 GB/s uni
################################################################
  [run 1] warm-up — output discarded
  [run 2] recording
  [run 3] recording
  [run 4] recording
  [run 5] recording
  [run 6] recording

################################################################
# inter_pkg_1link_37   GCD(3,7)   tier=inter_pkg_1link   num_links=1
# Hypothesis: inter-package, 1 link, ~35 GB/s uni
################################################################
  [run 1] warm-up — output discarded
  [run 2] recording
  [run 3] recording
  [run 4] recording
  [run 5] recording
  [run 6] recording

################################################################
# inter_pkg_1link_46   GCD(4,6)   tier=inter_pkg_1link   num_links=1
# Hypothesis: inter-package, 1 link, ~35 GB/s uni
################################################################
  [run 1] warm-up — output discarded
  [run 2] recording
  [run 3] recording
  [run 4] recording
  [run 5] recording
  [run 6] recording

################################################################
# inter_pkg_1link_57   GCD(5,7)   tier=inter_pkg_1link   num_links=1
# Hypothesis: inter-package, 1 link, ~35 GB/s uni
################################################################
  [run 1] warm-up — output discarded
  [run 2] recording
  [run 3] recording
  [run 4] recording
  [run 5] recording
  [run 6] recording

################################################################
# routed_07   GCD(0,7)   tier=routed   num_links=0
# Hypothesis: no direct link, routed via 2-link path
################################################################
  [run 1] warm-up — output discarded
  [run 2] recording
  [run 3] recording
  [run 4] recording
  [run 5] recording
  [run 6] recording

################################################################
# routed_16   GCD(1,6)   tier=routed   num_links=0
# Hypothesis: no direct link, routed via 2-link path
################################################################
  [run 1] warm-up — output discarded
  [run 2] recording
  [run 3] recording
  [run 4] recording
  [run 5] recording
  [run 6] recording

################################################################
# routed_03   GCD(0,3)   tier=routed   num_links=0
# Hypothesis: no direct link, routed via 1-link path
################################################################
  [run 1] warm-up — output discarded
  [run 2] recording
  [run 3] recording
  [run 4] recording
  [run 5] recording
  [run 6] recording

################################################################
# routed_14   GCD(1,4)   tier=routed   num_links=0
# Hypothesis: no direct link, routed via 1-link path
################################################################
  [run 1] warm-up — output discarded
  [run 2] recording
  [run 3] recording
  [run 4] recording
  [run 5] recording
  [run 6] recording

################################################################
# routed_17   GCD(1,7)   tier=routed   num_links=0
# Hypothesis: no direct link, routed (anomaly pair)
################################################################
  [run 1] warm-up — output discarded
  [run 2] recording
  [run 3] recording
  [run 4] recording
  [run 5] recording
  [run 6] recording

################################################################
# routed_35   GCD(3,5)   tier=routed   num_links=0
# Hypothesis: no direct link, routed (anomaly pair)
################################################################
  [run 1] warm-up — output discarded
  [run 2] recording
  [run 3] recording
  [run 4] recording
  [run 5] recording
  [run 6] recording

################################################################
# self_GCD0   GCD(0,0)   tier=self   num_links=NA
# Hypothesis: same GCD, intra-process HBM, ~250 GB/s
################################################################
  [run 1] warm-up — output discarded
  [run 2] recording
  [run 3] recording
  [run 4] recording
  [run 5] recording
  [run 6] recording

===============================================================
BENCHMARK RUN COMPLETED
CSV: results/osu_bibw_native_18597531.csv
Log: results/osu_bibw_native_18597531.log
===============================================================
