Using OSU collective binaries from: /users/joglekar/osu-native/osu-micro-benchmarks-7.5/c/mpi/collective/blocking

################################################################
# osu_allreduce  N=2 GCDs   devices=0,1
################################################################
  [run 1/6] warm-up starting
  [run 2/6] recording

# OSU MPI-ROCM All-to-All Personalized Exchange Latency Test v7.5
# Datatype: MPI_CHAR.
# Size       Avg Latency(us)
1                       0.37
2                       0.38
4                       0.39
8                       0.38
16                      0.38
32                      0.40
64                      0.41
128                     0.43
256                     1.54
512                     1.56
1024                    3.36
2048                    3.42
4096                    3.56
8192                   24.24
16384                  24.29
32768                  24.32
65536                  26.30
131072                 27.03
262144                 30.53
524288                 37.91
1048576                43.62
  [run 3/6] recording

# OSU MPI-ROCM All-to-All Personalized Exchange Latency Test v7.5
# Datatype: MPI_CHAR.
# Size       Avg Latency(us)
1                       0.37
2                       0.38
4                       0.38
8                       0.38
16                      0.38
32                      0.39
64                      0.41
128                     0.43
256                     1.53
512                     1.56
1024                    3.37
2048                    3.43
4096                    3.52
8192                   23.74
16384                  23.57
32768                  23.62
65536                  24.91
131072                 26.48
262144                 29.87
524288                 38.26
1048576                42.38
  [run 4/6] recording

# OSU MPI-ROCM All-to-All Personalized Exchange Latency Test v7.5
# Datatype: MPI_CHAR.
# Size       Avg Latency(us)
1                       0.37
2                       0.38
4                       0.38
8                       0.39
16                      0.37
32                      0.39
64                      0.41
128                     0.42
256                     1.53
512                     1.56
1024                    3.39
2048                    3.43
4096                    3.56
8192                   24.37
16384                  25.07
32768                  25.92
65536                  26.78
131072                 28.43
262144                 29.91
524288                 37.29
1048576                42.32
  [run 5/6] recording

# OSU MPI-ROCM All-to-All Personalized Exchange Latency Test v7.5
# Datatype: MPI_CHAR.
# Size       Avg Latency(us)
1                       0.37
2                       0.38
4                       0.38
8                       0.37
16                      0.37
32                      0.39
64                      0.40
128                     0.42
256                     1.56
512                     1.59
1024                    3.42
2048                    3.47
4096                    3.56
8192                   23.29
16384                  24.03
32768                  24.06
65536                  25.26
131072                 27.06
262144                 30.17
524288                 37.82
1048576                42.06
  [run 6/6] recording

# OSU MPI-ROCM All-to-All Personalized Exchange Latency Test v7.5
# Datatype: MPI_CHAR.
# Size       Avg Latency(us)
1                       0.37
2                       0.39
4                       0.38
8                       0.42
16                      0.45
32                      0.40
64                      0.41
128                     0.42
256                     1.52
512                     1.56
1024                    3.38
2048                    3.44
4096                    3.52
8192                   23.86
16384                  23.12
32768                  23.13
65536                  24.95
131072                 26.02
262144                 29.96
524288                 37.58
1048576                42.84

################################################################
# osu_allreduce  N=4 GCDs   devices=0,1,2,3
################################################################
  [run 1/6] warm-up starting
  [run 2/6] recording

# OSU MPI-ROCM All-to-All Personalized Exchange Latency Test v7.5
# Datatype: MPI_CHAR.
# Size       Avg Latency(us)
1                       1.18
2                       1.19
4                       1.17
8                       1.17
16                      1.17
32                      1.23
64                      1.24
128                     1.27
256                     6.16
512                     6.31
1024                   11.03
2048                   11.22
4096                   11.48
8192                   48.00
16384                  48.24
32768                  47.75
65536                  50.97
131072                 56.73
262144                 68.40
524288                 92.37
1048576               131.21
  [run 3/6] recording

# OSU MPI-ROCM All-to-All Personalized Exchange Latency Test v7.5
# Datatype: MPI_CHAR.
# Size       Avg Latency(us)
1                       1.17
2                       1.19
4                       1.17
8                       1.17
16                      1.17
32                      1.31
64                      1.24
128                     1.39
256                     6.15
512                     6.33
1024                   11.09
2048                   11.35
4096                   11.54
8192                   48.59
16384                  49.78
32768                  50.19
65536                  52.55
131072                 57.91
262144                 69.05
524288                 92.29
1048576               133.38
  [run 4/6] recording

# OSU MPI-ROCM All-to-All Personalized Exchange Latency Test v7.5
# Datatype: MPI_CHAR.
# Size       Avg Latency(us)
1                       1.19
2                       1.20
4                       1.20
8                       1.21
16                      1.19
32                      1.28
64                      1.30
128                     1.28
256                     6.27
512                     6.41
1024                   11.31
2048                   11.50
4096                   11.43
8192                   46.63
16384                  47.77
32768                  48.70
65536                  51.16
131072                 56.29
262144                 67.46
524288                 90.33
1048576               130.84
  [run 5/6] recording

# OSU MPI-ROCM All-to-All Personalized Exchange Latency Test v7.5
# Datatype: MPI_CHAR.
# Size       Avg Latency(us)
1                       1.17
2                       1.16
4                       1.30
8                       1.17
16                      1.16
32                      1.20
64                      1.36
128                     1.30
256                     6.15
512                     6.25
1024                   11.13
2048                   11.51
4096                   12.10
8192                   47.57
16384                  48.67
32768                  49.09
65536                  51.34
131072                 56.78
262144                 68.41
524288                 91.08
1048576               131.80
  [run 6/6] recording

# OSU MPI-ROCM All-to-All Personalized Exchange Latency Test v7.5
# Datatype: MPI_CHAR.
# Size       Avg Latency(us)
1                       1.18
2                       1.19
4                       1.18
8                       1.20
16                      1.19
32                      1.23
64                      1.40
128                     1.29
256                     6.23
512                     6.26
1024                   11.16
2048                   11.12
4096                   11.96
8192                   46.36
16384                  46.87
32768                  47.71
65536                  49.91
131072                 55.30
262144                 66.91
524288                 90.18
1048576               129.81

################################################################
# osu_allreduce  N=6 GCDs   devices=0,1,2,3,4,5
################################################################
  [run 1/6] warm-up starting
  [run 2/6] recording

# OSU MPI-ROCM All-to-All Personalized Exchange Latency Test v7.5
# Datatype: MPI_CHAR.
# Size       Avg Latency(us)
1                       2.00
2                       2.03
4                       2.02
8                       2.01
16                      2.05
32                      2.16
64                      2.15
128                     2.16
256                    11.92
512                    12.17
1024                   20.37
2048                   21.10
4096                   22.65
8192                   95.44
16384                  96.45
32768                  98.04
65536                 100.48
131072                107.63
262144                119.80
524288                152.06
1048576               224.98
  [run 3/6] recording

# OSU MPI-ROCM All-to-All Personalized Exchange Latency Test v7.5
# Datatype: MPI_CHAR.
# Size       Avg Latency(us)
1                       1.99
2                       1.99
4                       2.00
8                       1.99
16                      2.00
32                      2.13
64                      2.14
128                     2.13
256                    11.98
512                    12.02
1024                   20.11
2048                   20.89
4096                   22.88
8192                   95.74
16384                  95.68
32768                  95.92
65536                  99.88
131072                106.63
262144                120.79
524288                151.16
1048576               226.60
  [run 4/6] recording

# OSU MPI-ROCM All-to-All Personalized Exchange Latency Test v7.5
# Datatype: MPI_CHAR.
# Size       Avg Latency(us)
1                       2.04
2                       2.02
4                       2.12
8                       1.94
16                      2.00
32                      2.09
64                      2.05
128                     2.26
256                    12.07
512                    12.24
1024                   21.04
2048                   21.47
4096                   24.17
8192                   96.52
16384                  96.08
32768                  96.11
65536                  99.33
131072                105.53
262144                120.16
524288                150.97
1048576               226.86
  [run 5/6] recording

# OSU MPI-ROCM All-to-All Personalized Exchange Latency Test v7.5
# Datatype: MPI_CHAR.
# Size       Avg Latency(us)
1                       2.11
2                       1.94
4                       1.93
8                       2.11
16                      2.10
32                      2.04
64                      2.13
128                     2.10
256                    12.40
512                    12.59
1024                   20.86
2048                   21.73
4096                   23.29
8192                   95.15
16384                  95.56
32768                  96.75
65536                  99.82
131072                107.48
262144                121.61
524288                151.35
1048576               222.79
  [run 6/6] recording

# OSU MPI-ROCM All-to-All Personalized Exchange Latency Test v7.5
# Datatype: MPI_CHAR.
# Size       Avg Latency(us)
1                       1.99
2                       2.10
4                       1.96
8                       2.08
16                      1.97
32                      2.01
64                      2.19
128                     2.11
256                    12.36
512                    12.49
1024                   20.54
2048                   21.40
4096                   23.71
8192                   94.03
16384                  95.16
32768                  95.40
65536                  98.80
131072                105.61
262144                120.01
524288                148.87
1048576               222.48

################################################################
# osu_allreduce  N=8 GCDs   devices=0,1,2,3,4,5,6,7
################################################################
  [run 1/6] warm-up starting
  [run 2/6] recording

# OSU MPI-ROCM All-to-All Personalized Exchange Latency Test v7.5
# Datatype: MPI_CHAR.
# Size       Avg Latency(us)
1                       4.62
2                       4.46
4                       4.45
8                       4.61
16                      4.57
32                      4.56
64                      5.45
128                     5.91
256                     8.92
512                     8.80
1024                   37.00
2048                   37.83
4096                   39.95
8192                  116.67
16384                 118.95
32768                 122.85
65536                 135.64
131072                140.53
262144                168.14
524288                229.94
1048576               359.56
  [run 3/6] recording

# OSU MPI-ROCM All-to-All Personalized Exchange Latency Test v7.5
# Datatype: MPI_CHAR.
# Size       Avg Latency(us)
1                       4.36
2                       4.40
4                       4.46
8                       4.61
16                      4.76
32                      4.81
64                      5.70
128                     6.15
256                     9.28
512                     8.84
1024                   36.48
2048                   36.01
4096                   40.16
8192                  115.48
16384                 118.31
32768                 120.90
65536                 134.74
131072                138.32
262144                165.70
524288                227.21
1048576               357.67
  [run 4/6] recording

# OSU MPI-ROCM All-to-All Personalized Exchange Latency Test v7.5
# Datatype: MPI_CHAR.
# Size       Avg Latency(us)
1                       4.60
2                       4.58
4                       4.54
8                       4.66
16                      4.79
32                      4.78
64                      5.67
128                     6.09
256                     9.22
512                     8.96
1024                   38.59
2048                   38.38
4096                   41.38
8192                  119.37
16384                 121.84
32768                 124.67
65536                 136.82
131072                142.38
262144                171.18
524288                231.05
1048576               362.54
  [run 5/6] recording

# OSU MPI-ROCM All-to-All Personalized Exchange Latency Test v7.5
# Datatype: MPI_CHAR.
# Size       Avg Latency(us)
1                       4.51
2                       4.58
4                       4.43
8                       4.58
16                      4.68
32                      4.79
64                      5.69
128                     6.26
256                     7.91
512                     8.87
1024                   38.68
2048                   39.23
4096                   41.23
8192                  119.30
16384                 121.40
32768                 125.66
65536                 139.53
131072                144.02
262144                170.61
524288                231.53
1048576               360.58
  [run 6/6] recording

# OSU MPI-ROCM All-to-All Personalized Exchange Latency Test v7.5
# Datatype: MPI_CHAR.
# Size       Avg Latency(us)
1                       4.52
2                       4.57
4                       4.59
8                       4.66
16                      4.76
32                      4.88
64                      5.76
128                     6.17
256                     8.98
512                     8.63
1024                   38.29
2048                   39.52
4096                   42.59
8192                  118.30
16384                 120.62
32768                 123.88
65536                 136.51
131072                140.69
262144                169.09
524288                231.21
1048576               360.66
