
################################################################
# intra_pkg_OAM0   GCD(0,1)   tier=intra_pkg   num_links=4
# Hypothesis: intra-package, 4 links, ~100 GB/s uni
################################################################
  [run 1] warm-up — output discarded
  [run 2] recording

# OSU MPI-ROCM Bi-Directional Bandwidth Test v7.5
# Datatype: MPI_CHAR.
# Size      Bandwidth (MB/s)
1                       4.47
2                       8.87
4                      17.77
8                      35.32
16                     70.77
32                    137.91
64                    270.20
128                   526.82
256                   522.66
512                   932.47
1024                  874.56
2048                 1734.16
4096                 3411.09
8192                 1478.12
16384                2975.14
32768                5889.99
65536               11539.00
131072              21978.38
262144              41361.54
524288              72457.23
1048576            115482.41
2097152            162783.96
4194304            202729.35
  [run 3] recording

# OSU MPI-ROCM Bi-Directional Bandwidth Test v7.5
# Datatype: MPI_CHAR.
# Size      Bandwidth (MB/s)
1                       4.72
2                       9.46
4                      18.96
8                      37.70
16                     75.76
32                    146.18
64                    283.34
128                   551.38
256                   535.34
512                   946.69
1024                  886.98
2048                 1759.14
4096                 3460.34
8192                 1463.15
16384                2968.92
32768                5880.24
65536               11459.19
131072              21766.09
262144              41274.46
524288              72344.06
1048576            115479.67
2097152            163142.64
4194304            202445.87
  [run 4] recording

# OSU MPI-ROCM Bi-Directional Bandwidth Test v7.5
# Datatype: MPI_CHAR.
# Size      Bandwidth (MB/s)
1                       4.60
2                       9.18
4                      18.39
8                      36.61
16                     73.21
32                    142.56
64                    275.75
128                   528.91
256                   532.87
512                   954.71
1024                  896.24
2048                 1773.25
4096                 3483.16
8192                 1478.56
16384                2960.37
32768                5883.68
65536               11435.76
131072              22002.14
262144              41193.13
524288              72236.27
1048576            115362.02
2097152            163445.21
4194304            202496.40
  [run 5] recording

# OSU MPI-ROCM Bi-Directional Bandwidth Test v7.5
# Datatype: MPI_CHAR.
# Size      Bandwidth (MB/s)
1                       4.60
2                       9.11
4                      18.12
8                      36.38
16                     72.86
32                    140.91
64                    274.75
128                   532.13
256                   526.59
512                   943.56
1024                  887.13
2048                 1747.16
4096                 3436.46
8192                 1480.65
16384                2977.03
32768                5874.69
65536               11466.11
131072              21999.40
262144              41264.64
524288              72259.10
1048576            115556.12
2097152            163683.62
4194304            203174.73
  [run 6] recording

# OSU MPI-ROCM Bi-Directional Bandwidth Test v7.5
# Datatype: MPI_CHAR.
# Size      Bandwidth (MB/s)
1                       4.62
2                       9.21
4                      18.22
8                      36.71
16                     72.89
32                    141.78
64                    274.56
128                   526.92
256                   528.53
512                   952.80
1024                  878.20
2048                 1741.76
4096                 3422.97
8192                 1464.67
16384                2959.92
32768                5861.16
65536               11442.41
131072              21783.77
262144              41166.77
524288              72205.51
1048576            114183.31
2097152            163263.11
4194304            202731.71

################################################################
# intra_pkg_OAM1   GCD(2,3)   tier=intra_pkg   num_links=4
# Hypothesis: intra-package, 4 links, ~100 GB/s uni
################################################################
  [run 1] warm-up — output discarded
  [run 2] recording

# OSU MPI-ROCM Bi-Directional Bandwidth Test v7.5
# Datatype: MPI_CHAR.
# Size      Bandwidth (MB/s)
1                       4.64
2                       9.16
4                      18.33
8                      36.43
16                     73.04
32                    141.47
64                    275.60
128                   530.56
256                   525.56
512                   941.09
1024                  885.11
2048                 1750.98
4096                 3437.43
8192                 1450.43
16384                2892.59
32768                5754.09
65536               11213.30
131072              21602.14
262144              40476.21
524288              71107.33
1048576            114461.08
2097152            161892.77
4194304            201386.07
  [run 3] recording

# OSU MPI-ROCM Bi-Directional Bandwidth Test v7.5
# Datatype: MPI_CHAR.
# Size      Bandwidth (MB/s)
1                       4.60
2                       9.17
4                      18.19
8                      36.32
16                     72.54
32                    141.10
64                    274.38
128                   530.88
256                   524.52
512                   928.89
1024                  899.59
2048                 1785.68
4096                 3507.80
8192                 1449.90
16384                2898.45
32768                5753.04
65536               11245.30
131072              21554.45
262144              40391.52
524288              70979.21
1048576            113816.88
2097152            161007.77
4194304            201482.11
  [run 4] recording

# OSU MPI-ROCM Bi-Directional Bandwidth Test v7.5
# Datatype: MPI_CHAR.
# Size      Bandwidth (MB/s)
1                       4.79
2                       9.40
4                      18.83
8                      37.67
16                     75.42
32                    145.46
64                    284.51
128                   542.55
256                   531.32
512                   958.44
1024                  891.05
2048                 1768.19
4096                 3472.06
8192                 1451.54
16384                2901.61
32768                5760.04
65536               11221.21
131072              21609.00
262144              40497.58
524288              71146.62
1048576            114531.55
2097152            162138.35
4194304            201481.28
  [run 5] recording

# OSU MPI-ROCM Bi-Directional Bandwidth Test v7.5
# Datatype: MPI_CHAR.
# Size      Bandwidth (MB/s)
1                       4.59
2                       9.19
4                      18.31
8                      36.69
16                     73.20
32                    141.12
64                    276.23
128                   528.06
256                   504.20
512                   911.12
1024                  852.60
2048                 1694.51
4096                 3325.97
8192                 1448.23
16384                2899.74
32768                5754.17
65536               11262.48
131072              21604.66
262144              40484.97
524288              71067.54
1048576            114158.46
2097152            161954.77
4194304            201325.31
  [run 6] recording

# OSU MPI-ROCM Bi-Directional Bandwidth Test v7.5
# Datatype: MPI_CHAR.
# Size      Bandwidth (MB/s)
1                       4.55
2                       9.09
4                      18.13
8                      36.30
16                     72.64
32                    140.01
64                    274.75
128                   524.81
256                   511.61
512                   922.58
1024                  890.26
2048                 1760.59
4096                 3471.89
8192                 1447.63
16384                2896.84
32768                5759.33
65536               11257.75
131072              21518.62
262144              40457.12
524288              71167.52
1048576            113923.45
2097152            161479.06
4194304            201989.73

################################################################
# intra_pkg_OAM2   GCD(4,5)   tier=intra_pkg   num_links=4
# Hypothesis: intra-package, 4 links, ~100 GB/s uni
################################################################
  [run 1] warm-up — output discarded
  [run 2] recording

# OSU MPI-ROCM Bi-Directional Bandwidth Test v7.5
# Datatype: MPI_CHAR.
# Size      Bandwidth (MB/s)
1                       4.58
2                       9.11
4                      18.25
8                      36.42
16                     72.23
32                    140.09
64                    274.34
128                   521.31
256                   507.70
512                   904.30
1024                  891.33
2048                 1767.07
4096                 3483.11
8192                 1454.66
16384                2943.52
32768                5801.40
65536               11328.93
131072              21801.78
262144              40767.04
524288              71610.13
1048576            114300.38
2097152            162649.03
4194304            201806.32
  [run 3] recording

# OSU MPI-ROCM Bi-Directional Bandwidth Test v7.5
# Datatype: MPI_CHAR.
# Size      Bandwidth (MB/s)
1                       4.65
2                       9.18
4                      18.30
8                      36.72
16                     73.24
32                    142.03
64                    276.75
128                   530.91
256                   519.94
512                   935.99
1024                  879.54
2048                 1739.52
4096                 3434.93
8192                 1458.54
16384                2921.10
32768                5793.21
65536               11345.41
131072              21772.51
262144              40770.92
524288              71417.02
1048576            115066.37
2097152            162508.52
4194304            201773.34
  [run 4] recording

# OSU MPI-ROCM Bi-Directional Bandwidth Test v7.5
# Datatype: MPI_CHAR.
# Size      Bandwidth (MB/s)
1                       4.60
2                       9.11
4                      18.34
8                      36.56
16                     72.93
32                    140.50
64                    274.30
128                   531.28
256                   533.60
512                   948.22
1024                  899.32
2048                 1782.31
4096                 3504.70
8192                 1457.30
16384                2926.55
32768                5795.12
65536               11323.80
131072              21746.52
262144              40724.46
524288              71450.66
1048576            114899.08
2097152            161897.61
4194304            201709.42
  [run 5] recording

# OSU MPI-ROCM Bi-Directional Bandwidth Test v7.5
# Datatype: MPI_CHAR.
# Size      Bandwidth (MB/s)
1                       4.63
2                       9.11
4                      18.24
8                      36.59
16                     73.22
32                    141.94
64                    277.12
128                   533.00
256                   525.55
512                   948.03
1024                  889.71
2048                 1755.02
4096                 3450.19
8192                 1458.84
16384                2917.33
32768                5795.11
65536               11362.87
131072              21765.51
262144              40716.01
524288              71569.03
1048576            115021.77
2097152            162603.45
4194304            202212.01
  [run 6] recording

# OSU MPI-ROCM Bi-Directional Bandwidth Test v7.5
# Datatype: MPI_CHAR.
# Size      Bandwidth (MB/s)
1                       4.58
2                       9.12
4                      18.25
8                      36.53
16                     73.00
32                    140.94
64                    273.42
128                   526.89
256                   527.23
512                   946.49
1024                  891.08
2048                 1767.72
4096                 3485.91
8192                 1511.74
16384                3026.11
32768                6038.70
65536               11801.50
131072              22577.04
262144              42130.63
524288              73629.01
1048576            117650.81
2097152            164024.89
4194304            201831.90

################################################################
# intra_pkg_OAM3   GCD(6,7)   tier=intra_pkg   num_links=4
# Hypothesis: intra-package, 4 links, ~100 GB/s uni
################################################################
  [run 1] warm-up — output discarded
  [run 2] recording

# OSU MPI-ROCM Bi-Directional Bandwidth Test v7.5
# Datatype: MPI_CHAR.
# Size      Bandwidth (MB/s)
1                       4.64
2                       9.14
4                      18.32
8                      36.62
16                     73.15
32                    141.92
64                    275.11
128                   530.82
256                   525.95
512                   934.72
1024                  881.47
2048                 1743.87
4096                 3443.40
8192                 1489.59
16384                3019.62
32768                5950.04
65536               11624.96
131072              22119.42
262144              41906.10
524288              73394.83
1048576            117054.94
2097152            164455.66
4194304            203655.15
  [run 3] recording

# OSU MPI-ROCM Bi-Directional Bandwidth Test v7.5
# Datatype: MPI_CHAR.
# Size      Bandwidth (MB/s)
1                       4.66
2                       9.23
4                      18.34
8                      36.72
16                     73.53
32                    142.49
64                    275.81
128                   535.56
256                   533.48
512                   953.36
1024                  893.13
2048                 1767.10
4096                 3481.85
8192                 1505.88
16384                3023.19
32768                5974.25
65536               11718.31
131072              22423.47
262144              41949.68
524288              73287.03
1048576            117088.71
2097152            164263.64
4194304            203598.28
  [run 4] recording

# OSU MPI-ROCM Bi-Directional Bandwidth Test v7.5
# Datatype: MPI_CHAR.
# Size      Bandwidth (MB/s)
1                       4.63
2                       9.09
4                      18.14
8                      36.23
16                     72.72
32                    141.01
64                    273.29
128                   523.95
256                   529.43
512                   942.62
1024                  877.82
2048                 1746.24
4096                 3422.48
8192                 1501.39
16384                3018.02
32768                5985.30
65536               11657.33
131072              22409.37
262144              41990.28
524288              73355.09
1048576            117084.89
2097152            164597.87
4194304            203395.31
  [run 5] recording

# OSU MPI-ROCM Bi-Directional Bandwidth Test v7.5
# Datatype: MPI_CHAR.
# Size      Bandwidth (MB/s)
1                       4.58
2                       9.14
4                      18.39
8                      36.68
16                     73.12
32                    141.87
64                    273.83
128                   526.95
256                   517.82
512                   923.39
1024                  892.97
2048                 1768.64
4096                 3478.74
8192                 1502.28
16384                3030.13
32768                5982.46
65536               11553.63
131072              22424.23
262144              42016.01
524288              73384.94
1048576            116392.50
2097152            163372.44
4194304            203733.50
  [run 6] recording

# OSU MPI-ROCM Bi-Directional Bandwidth Test v7.5
# Datatype: MPI_CHAR.
# Size      Bandwidth (MB/s)
1                       4.66
2                       9.16
4                      18.27
8                      36.51
16                     72.76
32                    141.15
64                    274.31
128                   530.18
256                   522.82
512                   931.75
1024                  861.76
2048                 1710.00
4096                 3369.70
8192                 1505.75
16384                3054.07
32768                6051.33
65536               11783.69
131072              22549.25
262144              42085.21
524288              73720.27
1048576            117099.31
2097152            165256.62
4194304            203689.61

################################################################
# inter_pkg_2link_06   GCD(0,6)   tier=inter_pkg_2link   num_links=2
# Hypothesis: inter-package, 2 links, ~70 GB/s uni
################################################################
  [run 1] warm-up — output discarded
  [run 2] recording

# OSU MPI-ROCM Bi-Directional Bandwidth Test v7.5
# Datatype: MPI_CHAR.
# Size      Bandwidth (MB/s)
1                       4.60
2                       9.11
4                      18.22
8                      36.18
16                     73.26
32                    141.95
64                    275.07
128                   526.68
256                   528.47
512                   953.54
1024                  887.65
2048                 1731.54
4096                 3457.37
8192                 1962.59
16384                3931.44
32768                7594.06
65536               14695.46
131072              27098.90
262144              46439.63
524288              71465.87
1048576             91659.25
2097152            105842.50
4194304            114942.69
  [run 3] recording

# OSU MPI-ROCM Bi-Directional Bandwidth Test v7.5
# Datatype: MPI_CHAR.
# Size      Bandwidth (MB/s)
1                       4.61
2                       9.10
4                      18.31
8                      36.55
16                     73.43
32                    140.76
64                    275.17
128                   533.11
256                   517.68
512                   930.96
1024                  894.03
2048                 1775.93
4096                 3478.95
8192                 1964.62
16384                3911.36
32768                7626.96
65536               14723.18
131072              27078.30
262144              46436.24
524288              71493.52
1048576             91880.20
2097152            105944.77
4194304            114991.56
  [run 4] recording

# OSU MPI-ROCM Bi-Directional Bandwidth Test v7.5
# Datatype: MPI_CHAR.
# Size      Bandwidth (MB/s)
1                       4.62
2                       9.16
4                      18.34
8                      36.71
16                     73.01
32                    141.39
64                    275.52
128                   531.81
256                   520.43
512                   939.19
1024                  881.11
2048                 1747.32
4096                 3459.22
8192                 1959.98
16384                3922.53
32768                7663.37
65536               14705.45
131072              27178.95
262144              46528.69
524288              71926.37
1048576             92042.92
2097152            105847.65
4194304            115155.96
  [run 5] recording

# OSU MPI-ROCM Bi-Directional Bandwidth Test v7.5
# Datatype: MPI_CHAR.
# Size      Bandwidth (MB/s)
1                       4.68
2                       9.39
4                      18.68
8                      37.48
16                     75.02
32                    145.37
64                    283.14
128                   550.56
256                   537.96
512                   963.23
1024                  889.41
2048                 1784.28
4096                 3500.64
8192                 1954.22
16384                3896.77
32768                7547.56
65536               14557.57
131072              26827.48
262144              45747.21
524288              70400.74
1048576             90618.56
2097152            105363.32
4194304            114672.23
  [run 6] recording

# OSU MPI-ROCM Bi-Directional Bandwidth Test v7.5
# Datatype: MPI_CHAR.
# Size      Bandwidth (MB/s)
1                       4.59
2                       9.19
4                      18.31
8                      36.45
16                     73.20
32                    141.55
64                    275.67
128                   531.87
256                   528.84
512                   941.95
1024                  889.87
2048                 1757.97
4096                 3467.20
8192                 1968.60
16384                3908.50
32768                7625.49
65536               14729.45
131072              27071.01
262144              46458.50
524288              71531.66
1048576             91698.04
2097152            105844.20
4194304            115028.51

################################################################
# inter_pkg_2link_24   GCD(2,4)   tier=inter_pkg_2link   num_links=2
# Hypothesis: inter-package, 2 links, ~70 GB/s uni
################################################################
  [run 1] warm-up — output discarded
  [run 2] recording

# OSU MPI-ROCM Bi-Directional Bandwidth Test v7.5
# Datatype: MPI_CHAR.
# Size      Bandwidth (MB/s)
1                       4.64
2                       9.16
4                      18.26
8                      36.76
16                     73.03
32                    140.81
64                    276.24
128                   532.42
256                   519.20
512                   933.49
1024                  894.52
2048                 1765.01
4096                 3498.35
8192                 1941.24
16384                3842.92
32768                7477.94
65536               14421.82
131072              26782.51
262144              46322.36
524288              72239.23
1048576             92045.55
2097152            106019.21
4194304            115296.06
  [run 3] recording

# OSU MPI-ROCM Bi-Directional Bandwidth Test v7.5
# Datatype: MPI_CHAR.
# Size      Bandwidth (MB/s)
1                       4.79
2                       9.44
4                      18.70
8                      37.73
16                     75.42
32                    145.64
64                    284.90
128                   548.12
256                   543.25
512                   980.83
1024                  908.32
2048                 1806.97
4096                 3563.55
8192                 1950.39
16384                3870.91
32768                7568.74
65536               14560.94
131072              26854.65
262144              46378.53
524288              72185.90
1048576             92024.17
2097152            106364.21
4194304            115249.73
  [run 4] recording

# OSU MPI-ROCM Bi-Directional Bandwidth Test v7.5
# Datatype: MPI_CHAR.
# Size      Bandwidth (MB/s)
1                       4.61
2                       9.17
4                      18.35
8                      36.52
16                     72.97
32                    141.26
64                    274.68
128                   529.22
256                   528.36
512                   949.78
1024                  876.39
2048                 1738.96
4096                 3415.09
8192                 1927.30
16384                3857.22
32768                7512.15
65536               14509.81
131072              26802.31
262144              46278.29
524288              72173.88
1048576             91552.00
2097152            106178.46
4194304            115288.14
  [run 5] recording

# OSU MPI-ROCM Bi-Directional Bandwidth Test v7.5
# Datatype: MPI_CHAR.
# Size      Bandwidth (MB/s)
1                       4.68
2                       9.18
4                      18.40
8                      36.77
16                     73.95
32                    141.14
64                    274.98
128                   527.84
256                   523.32
512                   945.23
1024                  887.34
2048                 1764.55
4096                 3460.45
8192                 1942.30
16384                3834.18
32768                7474.63
65536               14403.56
131072              26721.82
262144              46208.43
524288              72198.19
1048576             92099.05
2097152            106295.33
4194304            115345.93
  [run 6] recording

# OSU MPI-ROCM Bi-Directional Bandwidth Test v7.5
# Datatype: MPI_CHAR.
# Size      Bandwidth (MB/s)
1                       4.68
2                       9.28
4                      18.42
8                      36.95
16                     73.94
32                    142.93
64                    276.28
128                   514.14
256                   518.95
512                   946.20
1024                  884.12
2048                 1761.34
4096                 3466.50
8192                 1925.82
16384                3854.78
32768                7503.13
65536               14451.37
131072              26826.71
262144              46271.35
524288              72245.50
1048576             91984.81
2097152            106151.59
4194304            115234.93

################################################################
# inter_pkg_1link_02   GCD(0,2)   tier=inter_pkg_1link   num_links=1
# Hypothesis: inter-package, 1 link, ~35 GB/s uni
################################################################
  [run 1] warm-up — output discarded
  [run 2] recording

# OSU MPI-ROCM Bi-Directional Bandwidth Test v7.5
# Datatype: MPI_CHAR.
# Size      Bandwidth (MB/s)
1                       4.67
2                       9.15
4                      18.32
8                      36.80
16                     73.25
32                    141.68
64                    277.02
128                   530.38
256                   526.42
512                   945.82
1024                  896.95
2048                 1777.76
4096                 3491.76
8192                 2851.50
16384                5434.57
32768               10144.52
65536               17746.37
131072              28611.08
262144              40704.48
524288              51502.01
1048576             59108.49
2097152             63515.22
4194304             65261.40
  [run 3] recording

# OSU MPI-ROCM Bi-Directional Bandwidth Test v7.5
# Datatype: MPI_CHAR.
# Size      Bandwidth (MB/s)
1                       4.54
2                       9.03
4                      18.03
8                      36.28
16                     72.37
32                    138.84
64                    272.03
128                   527.91
256                   519.17
512                   874.43
1024                  890.58
2048                 1766.60
4096                 3484.19
8192                 2870.27
16384                5453.73
32768               10167.68
65536               17724.88
131072              28586.59
262144              40793.46
524288              51491.31
1048576             59115.73
2097152             63553.16
4194304             65258.83
  [run 4] recording

# OSU MPI-ROCM Bi-Directional Bandwidth Test v7.5
# Datatype: MPI_CHAR.
# Size      Bandwidth (MB/s)
1                       4.64
2                       9.21
4                      18.30
8                      36.77
16                     73.47
32                    141.86
64                    277.14
128                   534.38
256                   530.60
512                   945.62
1024                  889.89
2048                 1779.23
4096                 3504.33
8192                 2853.35
16384                5434.38
32768               10132.44
65536               17742.23
131072              28581.73
262144              40659.78
524288              51575.66
1048576             59150.18
2097152             63520.86
4194304             65265.75
  [run 5] recording

# OSU MPI-ROCM Bi-Directional Bandwidth Test v7.5
# Datatype: MPI_CHAR.
# Size      Bandwidth (MB/s)
1                       4.63
2                       9.37
4                      18.89
8                      37.96
16                     76.02
32                    146.14
64                    285.52
128                   547.20
256                   542.67
512                   972.34
1024                  902.01
2048                 1788.55
4096                 3518.94
8192                 2853.69
16384                5435.81
32768               10109.17
65536               17602.63
131072              28298.26
262144              40241.49
524288              50771.10
1048576             58818.40
2097152             63434.84
4194304             65218.96
  [run 6] recording

# OSU MPI-ROCM Bi-Directional Bandwidth Test v7.5
# Datatype: MPI_CHAR.
# Size      Bandwidth (MB/s)
1                       4.79
2                       9.47
4                      17.94
8                      37.76
16                     75.53
32                    145.80
64                    284.38
128                   550.01
256                   537.00
512                   966.61
1024                  896.10
2048                 1780.51
4096                 3483.35
8192                 2906.81
16384                5502.58
32768               10289.57
65536               17984.18
131072              28651.71
262144              40935.74
524288              51174.21
1048576             58857.08
2097152             63527.64
4194304             65274.68

################################################################
# inter_pkg_1link_13   GCD(1,3)   tier=inter_pkg_1link   num_links=1
# Hypothesis: inter-package, 1 link, ~35 GB/s uni
################################################################
  [run 1] warm-up — output discarded
  [run 2] recording

# OSU MPI-ROCM Bi-Directional Bandwidth Test v7.5
# Datatype: MPI_CHAR.
# Size      Bandwidth (MB/s)
1                       4.76
2                       9.49
4                      18.85
8                      37.76
16                     75.53
32                    145.85
64                    284.08
128                   545.94
256                   543.19
512                   978.45
1024                  902.24
2048                 1784.77
4096                 3523.51
8192                 2948.55
16384                5577.60
32768               10395.20
65536               18132.42
131072              28795.88
262144              41142.50
524288              51508.25
1048576             59079.85
2097152             63554.43
4194304             65273.50
  [run 3] recording

# OSU MPI-ROCM Bi-Directional Bandwidth Test v7.5
# Datatype: MPI_CHAR.
# Size      Bandwidth (MB/s)
1                       4.47
2                       8.92
4                      17.92
8                      34.43
16                     72.12
32                    139.22
64                    270.29
128                   531.26
256                   529.08
512                   942.65
1024                  895.08
2048                 1770.03
4096                 3495.32
8192                 2932.92
16384                5546.26
32768               10376.16
65536               18058.03
131072              28811.46
262144              40015.31
524288              51353.92
1048576             59131.15
2097152             63541.05
4194304             65290.79
  [run 4] recording

# OSU MPI-ROCM Bi-Directional Bandwidth Test v7.5
# Datatype: MPI_CHAR.
# Size      Bandwidth (MB/s)
1                       4.58
2                       9.12
4                      18.20
8                      36.69
16                     72.84
32                    141.13
64                    276.80
128                   531.58
256                   507.28
512                   902.39
1024                  894.67
2048                 1778.76
4096                 3495.45
8192                 2870.38
16384                5410.36
32768               10160.03
65536               17720.50
131072              28470.92
262144              40538.37
524288              51533.90
1048576             59093.34
2097152             63517.96
4194304             65274.46
  [run 5] recording

# OSU MPI-ROCM Bi-Directional Bandwidth Test v7.5
# Datatype: MPI_CHAR.
# Size      Bandwidth (MB/s)
1                       4.80
2                       9.44
4                      18.91
8                      37.80
16                     75.69
32                    147.02
64                    283.41
128                   549.81
256                   544.80
512                   970.08
1024                  902.50
2048                 1800.21
4096                 3546.97
8192                 2918.12
16384                5509.76
32768               10322.58
65536               17971.19
131072              28666.52
262144              40861.88
524288              51345.39
1048576             58860.84
2097152             63449.08
4194304             65259.59
  [run 6] recording

# OSU MPI-ROCM Bi-Directional Bandwidth Test v7.5
# Datatype: MPI_CHAR.
# Size      Bandwidth (MB/s)
1                       4.79
2                       9.39
4                      18.92
8                      37.78
16                     75.57
32                    146.89
64                    284.26
128                   548.33
256                   540.43
512                   970.59
1024                  893.36
2048                 1755.59
4096                 3413.86
8192                 2887.80
16384                5407.84
32768               10138.86
65536               17650.97
131072              28463.13
262144              40512.01
524288              51415.65
1048576             58982.45
2097152             63455.42
4194304             65219.00

################################################################
# inter_pkg_1link_15   GCD(1,5)   tier=inter_pkg_1link   num_links=1
# Hypothesis: inter-package, 1 link, ~35 GB/s uni
################################################################
  [run 1] warm-up — output discarded
  [run 2] recording

# OSU MPI-ROCM Bi-Directional Bandwidth Test v7.5
# Datatype: MPI_CHAR.
# Size      Bandwidth (MB/s)
1                       4.60
2                       9.13
4                      18.15
8                      36.20
16                     72.29
32                    140.09
64                    274.40
128                   523.21
256                   511.49
512                   923.29
1024                  882.54
2048                 1758.51
4096                 3468.75
8192                 2950.21
16384                5535.60
32768               10374.00
65536               18059.85
131072              28863.59
262144              41228.65
524288              51571.55
1048576             59066.50
2097152             63604.03
4194304             65304.83
  [run 3] recording

# OSU MPI-ROCM Bi-Directional Bandwidth Test v7.5
# Datatype: MPI_CHAR.
# Size      Bandwidth (MB/s)
1                       4.58
2                       9.10
4                      18.23
8                      36.48
16                     73.08
32                    118.72
64                    243.27
128                   485.64
256                   530.14
512                   952.05
1024                  885.10
2048                 1775.48
4096                 3480.45
8192                 2910.85
16384                5515.30
32768               10330.30
65536               18013.18
131072              29026.15
262144              41458.96
524288              52063.08
1048576             59330.43
2097152             63611.54
4194304             65324.39
  [run 4] recording

# OSU MPI-ROCM Bi-Directional Bandwidth Test v7.5
# Datatype: MPI_CHAR.
# Size      Bandwidth (MB/s)
1                       4.64
2                       9.16
4                      18.35
8                      36.57
16                     73.64
32                    141.58
64                    276.13
128                   525.87
256                   518.38
512                   924.63
1024                  889.82
2048                 1769.10
4096                 3454.10
8192                 2933.21
16384                5527.95
32768               10341.91
65536               17976.17
131072              28659.03
262144              41006.98
524288              51230.07
1048576             58860.69
2097152             63421.57
4194304             65209.36
  [run 5] recording

# OSU MPI-ROCM Bi-Directional Bandwidth Test v7.5
# Datatype: MPI_CHAR.
# Size      Bandwidth (MB/s)
1                       4.59
2                       9.16
4                      18.36
8                      36.69
16                     73.42
32                    141.65
64                    276.44
128                   529.88
256                   527.03
512                   943.53
1024                  878.41
2048                 1739.72
4096                 3428.12
8192                 2924.88
16384                5524.71
32768               10335.45
65536               17958.48
131072              28697.50
262144              40981.74
524288              51185.19
1048576             58832.63
2097152             63380.67
4194304             65201.87
  [run 6] recording

# OSU MPI-ROCM Bi-Directional Bandwidth Test v7.5
# Datatype: MPI_CHAR.
# Size      Bandwidth (MB/s)
1                       4.64
2                       9.14
4                      18.25
8                      36.53
16                     73.01
32                    142.03
64                    276.95
128                   530.49
256                   523.45
512                   945.92
1024                  890.08
2048                 1762.41
4096                 3471.17
8192                 2930.06
16384                5521.82
32768               10352.80
65536               17937.47
131072              28709.36
262144              40980.36
524288              51246.78
1048576             58822.89
2097152             63435.66
4194304             65242.50

################################################################
# inter_pkg_1link_37   GCD(3,7)   tier=inter_pkg_1link   num_links=1
# Hypothesis: inter-package, 1 link, ~35 GB/s uni
################################################################
  [run 1] warm-up — output discarded
  [run 2] recording

# OSU MPI-ROCM Bi-Directional Bandwidth Test v7.5
# Datatype: MPI_CHAR.
# Size      Bandwidth (MB/s)
1                       4.59
2                       9.15
4                      18.35
8                      36.70
16                     73.45
32                    140.66
64                    273.58
128                   530.44
256                   521.84
512                   921.79
1024                  865.44
2048                 1716.82
4096                 3382.79
8192                 2855.32
16384                5457.56
32768               10153.30
65536               17733.91
131072              28453.24
262144              40574.30
524288              51567.52
1048576             59029.12
2097152             63524.49
4194304             65265.86
  [run 3] recording

# OSU MPI-ROCM Bi-Directional Bandwidth Test v7.5
# Datatype: MPI_CHAR.
# Size      Bandwidth (MB/s)
1                       4.75
2                       9.41
4                      18.73
8                      37.73
16                     75.51
32                    145.41
64                    283.40
128                   549.58
256                   534.48
512                   959.31
1024                  899.05
2048                 1781.86
4096                 3507.58
8192                 2844.48
16384                5365.73
32768               10102.16
65536               17656.01
131072              28384.37
262144              40438.12
524288              51526.82
1048576             59133.56
2097152             63518.58
4194304             65288.22
  [run 4] recording

# OSU MPI-ROCM Bi-Directional Bandwidth Test v7.5
# Datatype: MPI_CHAR.
# Size      Bandwidth (MB/s)
1                       4.57
2                       9.10
4                      18.17
8                      36.22
16                     69.70
32                    134.99
64                    274.24
128                   530.72
256                   503.69
512                   939.83
1024                  887.05
2048                 1754.23
4096                 3452.92
8192                 2895.55
16384                5483.76
32768               10137.35
65536               17693.94
131072              28430.29
262144              40643.65
524288              51536.99
1048576             59123.84
2097152             63521.03
4194304             65270.32
  [run 5] recording

# OSU MPI-ROCM Bi-Directional Bandwidth Test v7.5
# Datatype: MPI_CHAR.
# Size      Bandwidth (MB/s)
1                       4.58
2                       9.12
4                      18.26
8                      35.37
16                     72.87
32                    140.12
64                    274.76
128                   528.72
256                   526.46
512                   940.78
1024                  888.63
2048                 1763.15
4096                 3473.84
8192                 2894.22
16384                5494.46
32768               10125.48
65536               17711.95
131072              28457.92
262144              40641.56
524288              51544.73
1048576             59130.59
2097152             63566.54
4194304             65300.86
  [run 6] recording

# OSU MPI-ROCM Bi-Directional Bandwidth Test v7.5
# Datatype: MPI_CHAR.
# Size      Bandwidth (MB/s)
1                       4.63
2                       9.15
4                      18.25
8                      36.59
16                     73.40
32                    143.00
64                    277.01
128                   531.67
256                   520.84
512                   941.68
1024                  873.61
2048                 1727.66
4096                 3419.16
8192                 2863.62
16384                5402.50
32768               10129.82
65536               17735.07
131072              28512.13
262144              40736.28
524288              51646.55
1048576             59239.78
2097152             63585.34
4194304             65330.14

################################################################
# inter_pkg_1link_46   GCD(4,6)   tier=inter_pkg_1link   num_links=1
# Hypothesis: inter-package, 1 link, ~35 GB/s uni
################################################################
  [run 1] warm-up — output discarded
  [run 2] recording

# OSU MPI-ROCM Bi-Directional Bandwidth Test v7.5
# Datatype: MPI_CHAR.
# Size      Bandwidth (MB/s)
1                       4.61
2                       9.09
4                      18.14
8                      36.33
16                     72.52
32                    140.38
64                    272.08
128                   528.32
256                   525.88
512                   938.86
1024                  889.06
2048                 1762.86
4096                 3458.88
8192                 2819.53
16384                5393.68
32768               10127.79
65536               17575.36
131072              28207.64
262144              40028.75
524288              50504.31
1048576             58598.52
2097152             63337.69
4194304             65234.35
  [run 3] recording

# OSU MPI-ROCM Bi-Directional Bandwidth Test v7.5
# Datatype: MPI_CHAR.
# Size      Bandwidth (MB/s)
1                       4.71
2                       9.01
4                      18.84
8                      37.54
16                     75.14
32                    145.49
64                    283.46
128                   549.07
256                   526.33
512                   968.12
1024                  892.22
2048                 1774.05
4096                 3499.52
8192                 2853.43
16384                5431.20
32768               10167.37
65536               17658.67
131072              28347.85
262144              40552.11
524288              50834.61
1048576             58702.03
2097152             63468.57
4194304             65235.77
  [run 4] recording

# OSU MPI-ROCM Bi-Directional Bandwidth Test v7.5
# Datatype: MPI_CHAR.
# Size      Bandwidth (MB/s)
1                       4.57
2                       9.14
4                      18.17
8                      36.45
16                     73.00
32                    139.98
64                    274.29
128                   532.05
256                   529.06
512                   940.24
1024                  869.64
2048                 1737.14
4096                 3406.06
8192                 2835.80
16384                5387.20
32768               10122.68
65536               17618.05
131072              28112.17
262144              40222.68
524288              50745.04
1048576             58679.22
2097152             63318.74
4194304             65295.69
  [run 5] recording

# OSU MPI-ROCM Bi-Directional Bandwidth Test v7.5
# Datatype: MPI_CHAR.
# Size      Bandwidth (MB/s)
1                       4.60
2                       9.17
4                      18.16
8                      36.48
16                     73.08
32                    141.99
64                    274.08
128                   526.64
256                   521.87
512                   935.25
1024                  863.86
2048                 1713.98
4096                 3389.24
8192                 2831.13
16384                5409.17
32768               10112.60
65536               17657.29
131072              28342.85
262144              40607.05
524288              50876.62
1048576             58718.59
2097152             63362.21
4194304             65192.22
  [run 6] recording

# OSU MPI-ROCM Bi-Directional Bandwidth Test v7.5
# Datatype: MPI_CHAR.
# Size      Bandwidth (MB/s)
1                       4.60
2                       9.15
4                      18.26
8                      36.64
16                     73.29
32                    142.07
64                    274.07
128                   532.66
256                   532.32
512                   951.10
1024                  880.02
2048                 1745.55
4096                 3431.33
8192                 2840.28
16384                5409.57
32768               10131.45
65536               17640.89
131072              28203.20
262144              40508.73
524288              50666.64
1048576             58622.02
2097152             63352.34
4194304             65230.98

################################################################
# inter_pkg_1link_57   GCD(5,7)   tier=inter_pkg_1link   num_links=1
# Hypothesis: inter-package, 1 link, ~35 GB/s uni
################################################################
  [run 1] warm-up — output discarded
  [run 2] recording

# OSU MPI-ROCM Bi-Directional Bandwidth Test v7.5
# Datatype: MPI_CHAR.
# Size      Bandwidth (MB/s)
1                       4.60
2                       9.17
4                      18.26
8                      36.57
16                     73.03
32                    141.82
64                    275.17
128                   529.83
256                   513.51
512                   905.72
1024                  881.17
2048                 1743.81
4096                 3431.01
8192                 2870.37
16384                5410.26
32768               10107.41
65536               17669.91
131072              28433.24
262144              40670.78
524288              51525.85
1048576             59115.69
2097152             63508.10
4194304             65221.44
  [run 3] recording

# OSU MPI-ROCM Bi-Directional Bandwidth Test v7.5
# Datatype: MPI_CHAR.
# Size      Bandwidth (MB/s)
1                       4.80
2                       9.44
4                      18.86
8                      37.79
16                     75.86
32                    145.82
64                    285.69
128                   543.94
256                   539.04
512                   971.53
1024                  897.05
2048                 1780.93
4096                 3506.14
8192                 2887.18
16384                5401.71
32768               10128.03
65536               17666.01
131072              28448.19
262144              40792.84
524288              51214.54
1048576             58872.98
2097152             63357.68
4194304             65202.08
  [run 4] recording

# OSU MPI-ROCM Bi-Directional Bandwidth Test v7.5
# Datatype: MPI_CHAR.
# Size      Bandwidth (MB/s)
1                       4.69
2                       9.22
4                      18.38
8                      36.60
16                     73.13
32                    141.13
64                    273.28
128                   528.31
256                   530.34
512                   950.53
1024                  899.64
2048                 1786.12
4096                 3506.95
8192                 2857.12
16384                5407.80
32768               10124.16
65536               17712.38
131072              28411.41
262144              40733.97
524288              51568.71
1048576             59080.57
2097152             63399.96
4194304             65194.27
  [run 5] recording

# OSU MPI-ROCM Bi-Directional Bandwidth Test v7.5
# Datatype: MPI_CHAR.
# Size      Bandwidth (MB/s)
1                       4.63
2                       9.15
4                      18.24
8                      36.56
16                     73.11
32                    141.49
64                    273.12
128                   527.63
256                   529.98
512                   944.12
1024                  898.49
2048                 1782.05
4096                 3502.74
8192                 2866.92
16384                5410.68
32768               10147.15
65536               17706.64
131072              28510.41
262144              40762.48
524288              51582.80
1048576             59031.91
2097152             63503.07
4194304             65242.33
  [run 6] recording

# OSU MPI-ROCM Bi-Directional Bandwidth Test v7.5
# Datatype: MPI_CHAR.
# Size      Bandwidth (MB/s)
1                       4.60
2                       9.13
4                      18.25
8                      36.59
16                     72.80
32                    140.81
64                    272.91
128                   520.94
256                   509.03
512                   916.72
1024                  881.83
2048                 1754.77
4096                 3393.94
8192                 2858.47
16384                5401.32
32768               10145.80
65536               17681.52
131072              28494.45
262144              40689.31
524288              51260.69
1048576             59236.66
2097152             63658.48
4194304             65287.62

################################################################
# routed_07   GCD(0,7)   tier=routed   num_links=0
# Hypothesis: no direct link, routed via 2-link path
################################################################
  [run 1] warm-up — output discarded
  [run 2] recording

# OSU MPI-ROCM Bi-Directional Bandwidth Test v7.5
# Datatype: MPI_CHAR.
# Size      Bandwidth (MB/s)
1                       4.65
2                       9.18
4                      18.26
8                      36.77
16                     73.34
32                    141.55
64                    273.96
128                   529.21
256                   530.50
512                   948.56
1024                  894.01
2048                 1770.70
4096                 3480.85
8192                 2872.98
16384                5472.45
32768               10529.72
65536               18780.76
131072              31768.69
262144              48365.28
524288              65971.62
1048576             79903.77
2097152             89536.39
4194304             95437.62
  [run 3] recording

# OSU MPI-ROCM Bi-Directional Bandwidth Test v7.5
# Datatype: MPI_CHAR.
# Size      Bandwidth (MB/s)
1                       4.74
2                       9.46
4                      18.95
8                      37.70
16                     75.67
32                    146.31
64                    280.83
128                   540.99
256                   529.46
512                   969.26
1024                  903.63
2048                 1795.95
4096                 3530.54
8192                 2840.57
16384                5457.97
32768               10418.07
65536               18470.24
131072              31308.98
262144              48246.34
524288              65650.78
1048576             79822.14
2097152             89494.53
4194304             95439.02
  [run 4] recording

# OSU MPI-ROCM Bi-Directional Bandwidth Test v7.5
# Datatype: MPI_CHAR.
# Size      Bandwidth (MB/s)
1                       4.65
2                       9.11
4                      18.34
8                      36.77
16                     72.88
32                    141.39
64                    272.56
128                   530.53
256                   530.53
512                   950.60
1024                  894.56
2048                 1775.58
4096                 3491.59
8192                 2874.13
16384                5480.24
32768               10527.77
65536               18855.25
131072              32017.40
262144              48951.91
524288              66353.35
1048576             80348.07
2097152             89870.69
4194304             95617.51
  [run 5] recording

# OSU MPI-ROCM Bi-Directional Bandwidth Test v7.5
# Datatype: MPI_CHAR.
# Size      Bandwidth (MB/s)
1                       4.58
2                       9.16
4                      18.28
8                      36.75
16                     73.39
32                    141.03
64                    275.66
128                   526.15
256                   525.92
512                   935.26
1024                  899.53
2048                 1781.63
4096                 3513.81
8192                 2873.95
16384                5473.13
32768               10532.29
65536               18760.32
131072              31803.26
262144              48383.76
524288              66032.80
1048576             79979.36
2097152             89646.15
4194304             95505.40
  [run 6] recording

# OSU MPI-ROCM Bi-Directional Bandwidth Test v7.5
# Datatype: MPI_CHAR.
# Size      Bandwidth (MB/s)
1                       4.65
2                       9.18
4                      18.44
8                      36.85
16                     73.67
32                    141.91
64                    277.50
128                   532.54
256                   530.08
512                   947.30
1024                  893.79
2048                 1771.39
4096                 3502.82
8192                 2864.79
16384                5465.79
32768               10507.14
65536               18726.73
131072              31812.71
262144              48563.66
524288              66092.57
1048576             79995.35
2097152             89645.26
4194304             95478.45

################################################################
# routed_16   GCD(1,6)   tier=routed   num_links=0
# Hypothesis: no direct link, routed via 2-link path
################################################################
  [run 1] warm-up — output discarded
  [run 2] recording

# OSU MPI-ROCM Bi-Directional Bandwidth Test v7.5
# Datatype: MPI_CHAR.
# Size      Bandwidth (MB/s)
1                       4.57
2                       9.12
4                      18.21
8                      36.63
16                     72.77
32                    141.55
64                    273.98
128                   531.75
256                   520.88
512                   934.05
1024                  886.49
2048                 1753.95
4096                 3458.54
8192                 2821.27
16384                5413.27
32768               10374.93
65536               18459.36
131072              30829.95
262144              47402.78
524288              64975.72
1048576             79338.55
2097152             89097.83
4194304             95296.10
  [run 3] recording

# OSU MPI-ROCM Bi-Directional Bandwidth Test v7.5
# Datatype: MPI_CHAR.
# Size      Bandwidth (MB/s)
1                       4.66
2                       9.18
4                      18.33
8                      36.69
16                     73.44
32                    142.18
64                    277.71
128                   528.25
256                   532.01
512                   951.95
1024                  896.64
2048                 1779.70
4096                 3494.34
8192                 2842.56
16384                5444.87
32768               10438.63
65536               18520.02
131072              31309.13
262144              48048.79
524288              65601.10
1048576             79692.78
2097152             89311.70
4194304             95283.35
  [run 4] recording

# OSU MPI-ROCM Bi-Directional Bandwidth Test v7.5
# Datatype: MPI_CHAR.
# Size      Bandwidth (MB/s)
1                       4.77
2                       9.48
4                      18.99
8                      37.93
16                     75.47
32                    145.23
64                    284.52
128                   545.82
256                   530.79
512                   946.72
1024                  885.17
2048                 1755.17
4096                 3434.31
8192                 2838.64
16384                5411.07
32768               10415.07
65536               18539.79
131072              31208.59
262144              48118.72
524288              65652.26
1048576             79734.78
2097152             89534.06
4194304             95466.48
  [run 5] recording

# OSU MPI-ROCM Bi-Directional Bandwidth Test v7.5
# Datatype: MPI_CHAR.
# Size      Bandwidth (MB/s)
1                       4.56
2                       9.08
4                      18.26
8                      36.40
16                     72.48
32                    139.24
64                    272.48
128                   516.86
256                   521.95
512                   923.08
1024                  888.81
2048                 1770.14
4096                 3466.43
8192                 2849.99
16384                5463.82
32768               10425.60
65536               18560.34
131072              31362.85
262144              48185.12
524288              65688.87
1048576             79837.93
2097152             89534.16
4194304             95460.37
  [run 6] recording

# OSU MPI-ROCM Bi-Directional Bandwidth Test v7.5
# Datatype: MPI_CHAR.
# Size      Bandwidth (MB/s)
1                       4.53
2                       8.95
4                      17.95
8                      35.90
16                     71.85
32                    141.24
64                    274.09
128                   535.34
256                   524.94
512                   941.82
1024                  896.90
2048                 1785.17
4096                 3505.90
8192                 2844.73
16384                5441.00
32768               10416.28
65536               18544.35
131072              31289.33
262144              48032.14
524288              65667.26
1048576             79865.21
2097152             89548.55
4194304             95483.73

################################################################
# routed_03   GCD(0,3)   tier=routed   num_links=0
# Hypothesis: no direct link, routed via 1-link path
################################################################
  [run 1] warm-up — output discarded
  [run 2] recording

# OSU MPI-ROCM Bi-Directional Bandwidth Test v7.5
# Datatype: MPI_CHAR.
# Size      Bandwidth (MB/s)
1                       4.64
2                       9.19
4                      18.35
8                      36.75
16                     73.36
32                    142.31
64                    276.50
128                   532.07
256                   532.54
512                   956.90
1024                  887.30
2048                 1763.36
4096                 3475.77
8192                 2841.36
16384                5376.27
32768               10056.83
65536               17617.48
131072              28477.19
262144              40937.40
524288              52163.11
1048576             60162.83
2097152             65038.56
4194304             67036.28
  [run 3] recording

# OSU MPI-ROCM Bi-Directional Bandwidth Test v7.5
# Datatype: MPI_CHAR.
# Size      Bandwidth (MB/s)
1                       4.59
2                       9.15
4                      18.32
8                      36.53
16                     73.19
32                    141.02
64                    274.48
128                   523.84
256                   531.07
512                   957.16
1024                  903.99
2048                 1793.23
4096                 3519.85
8192                 2789.47
16384                5285.24
32768                9904.20
65536               17408.68
131072              28156.06
262144              40676.63
524288              52086.44
1048576             60261.91
2097152             65099.40
4194304             66985.26
  [run 4] recording

# OSU MPI-ROCM Bi-Directional Bandwidth Test v7.5
# Datatype: MPI_CHAR.
# Size      Bandwidth (MB/s)
1                       4.62
2                       9.16
4                      18.33
8                      36.69
16                     73.31
32                    142.48
64                    275.80
128                   531.50
256                   525.69
512                   947.91
1024                  890.63
2048                 1757.05
4096                 3460.67
8192                 2827.69
16384                5379.90
32768               10092.68
65536               17616.39
131072              28503.57
262144              40973.61
524288              51635.59
1048576             60133.65
2097152             65130.55
4194304             67078.19
  [run 5] recording

# OSU MPI-ROCM Bi-Directional Bandwidth Test v7.5
# Datatype: MPI_CHAR.
# Size      Bandwidth (MB/s)
1                       4.60
2                       9.02
4                      18.17
8                      36.34
16                     72.69
32                    140.32
64                    273.00
128                   525.25
256                   531.08
512                   950.39
1024                  894.86
2048                 1769.58
4096                 3487.60
8192                 2756.33
16384                5269.65
32768                9799.84
65536               17259.65
131072              27940.35
262144              40449.91
524288              51979.99
1048576             60147.52
2097152             65075.14
4194304             66970.26
  [run 6] recording

# OSU MPI-ROCM Bi-Directional Bandwidth Test v7.5
# Datatype: MPI_CHAR.
# Size      Bandwidth (MB/s)
1                       4.69
2                       9.23
4                      18.40
8                      36.96
16                     74.13
32                    143.04
64                    279.44
128                   528.36
256                   530.95
512                   947.99
1024                  892.48
2048                 1765.75
4096                 3472.07
8192                 2790.84
16384                5289.15
32768                9884.82
65536               17351.41
131072              28164.94
262144              41066.37
524288              52296.49
1048576             60371.65
2097152             65080.73
4194304             66989.24

################################################################
# routed_14   GCD(1,4)   tier=routed   num_links=0
# Hypothesis: no direct link, routed via 1-link path
################################################################
  [run 1] warm-up — output discarded
  [run 2] recording

# OSU MPI-ROCM Bi-Directional Bandwidth Test v7.5
# Datatype: MPI_CHAR.
# Size      Bandwidth (MB/s)
1                       4.57
2                       8.72
4                      18.27
8                      36.36
16                     72.88
32                    140.46
64                    274.89
128                   527.30
256                   528.16
512                   915.55
1024                  897.72
2048                 1786.59
4096                 3510.99
8192                 2822.05
16384                5378.12
32768               10041.41
65536               17645.74
131072              28344.83
262144              40325.40
524288              50658.17
1048576             58589.45
2097152             63032.70
4194304             65059.03
  [run 3] recording

# OSU MPI-ROCM Bi-Directional Bandwidth Test v7.5
# Datatype: MPI_CHAR.
# Size      Bandwidth (MB/s)
1                       4.64
2                       9.11
4                      18.39
8                      36.71
16                     73.44
32                    141.49
64                    273.89
128                   521.43
256                   528.16
512                   938.95
1024                  891.92
2048                 1775.54
4096                 3487.47
8192                 2817.24
16384                5358.81
32768               10024.86
65536               17583.77
131072              28330.05
262144              40594.85
524288              50676.97
1048576             58589.79
2097152             63056.42
4194304             65034.31
  [run 4] recording

# OSU MPI-ROCM Bi-Directional Bandwidth Test v7.5
# Datatype: MPI_CHAR.
# Size      Bandwidth (MB/s)
1                       4.59
2                       9.05
4                      18.14
8                      36.13
16                     72.41
32                    142.31
64                    276.16
128                   533.81
256                   530.73
512                   946.29
1024                  862.15
2048                 1713.32
4096                 3372.44
8192                 2819.78
16384                5345.18
32768               10015.14
65536               17525.34
131072              28298.84
262144              40550.76
524288              50970.51
1048576             58685.28
2097152             63072.70
4194304             65102.64
  [run 5] recording

# OSU MPI-ROCM Bi-Directional Bandwidth Test v7.5
# Datatype: MPI_CHAR.
# Size      Bandwidth (MB/s)
1                       4.63
2                       9.14
4                      18.24
8                      36.45
16                     73.16
32                    140.75
64                    275.30
128                   535.01
256                   525.26
512                   931.96
1024                  878.75
2048                 1731.43
4096                 3414.58
8192                 2817.52
16384                5362.97
32768               10046.97
65536               17652.62
131072              28320.88
262144              40626.24
524288              51202.92
1048576             58755.04
2097152             63198.49
4194304             65191.84
  [run 6] recording

# OSU MPI-ROCM Bi-Directional Bandwidth Test v7.5
# Datatype: MPI_CHAR.
# Size      Bandwidth (MB/s)
1                       4.56
2                       9.17
4                      18.30
8                      36.56
16                     73.18
32                    142.09
64                    278.03
128                   532.28
256                   534.38
512                   950.58
1024                  907.61
2048                 1797.72
4096                 3530.85
8192                 2825.24
16384                5405.94
32768               10078.54
65536               17703.87
131072              28231.51
262144              40510.49
524288              51115.29
1048576             58767.15
2097152             63259.31
4194304             65194.33

################################################################
# routed_17   GCD(1,7)   tier=routed   num_links=0
# Hypothesis: no direct link, routed (anomaly pair)
################################################################
  [run 1] warm-up — output discarded
  [run 2] recording

# OSU MPI-ROCM Bi-Directional Bandwidth Test v7.5
# Datatype: MPI_CHAR.
# Size      Bandwidth (MB/s)
1                       4.64
2                       9.18
4                      18.39
8                      36.75
16                     73.52
32                    142.55
64                    276.90
128                   536.01
256                   527.88
512                   947.59
1024                  888.89
2048                 1761.53
4096                 3331.53
8192                 2793.81
16384                5335.84
32768               10295.07
65536               18311.34
131072              30898.76
262144              47844.22
524288              65289.66
1048576             79593.09
2097152             89464.77
4194304             95423.50
  [run 3] recording

# OSU MPI-ROCM Bi-Directional Bandwidth Test v7.5
# Datatype: MPI_CHAR.
# Size      Bandwidth (MB/s)
1                       4.55
2                       9.12
4                      18.21
8                      36.37
16                     73.06
32                    140.95
64                    274.51
128                   528.87
256                   527.86
512                   939.17
1024                  878.74
2048                 1759.83
4096                 3469.61
8192                 2798.97
16384                5369.62
32768               10309.03
65536               18314.52
131072              30910.79
262144              47869.12
524288              65296.50
1048576             79557.45
2097152             89338.97
4194304             95344.30
  [run 4] recording

# OSU MPI-ROCM Bi-Directional Bandwidth Test v7.5
# Datatype: MPI_CHAR.
# Size      Bandwidth (MB/s)
1                       4.61
2                       9.16
4                      18.28
8                      36.69
16                     73.16
32                    141.81
64                    278.19
128                   535.26
256                   534.87
512                   957.79
1024                  897.37
2048                 1778.80
4096                 3502.31
8192                 2801.45
16384                5413.09
32768               10307.55
65536               18301.64
131072              30991.92
262144              47869.70
524288              65353.21
1048576             79372.92
2097152             89156.66
4194304             95241.52
  [run 5] recording

# OSU MPI-ROCM Bi-Directional Bandwidth Test v7.5
# Datatype: MPI_CHAR.
# Size      Bandwidth (MB/s)
1                       4.59
2                       9.12
4                      18.20
8                      36.53
16                     73.04
32                    142.05
64                    274.80
128                   533.23
256                   527.92
512                   946.54
1024                  885.65
2048                 1751.44
4096                 3446.45
8192                 2795.09
16384                5341.33
32768               10290.44
65536               18307.09
131072              30899.53
262144              47818.54
524288              65293.67
1048576             79581.50
2097152             89375.77
4194304             95338.19
  [run 6] recording

# OSU MPI-ROCM Bi-Directional Bandwidth Test v7.5
# Datatype: MPI_CHAR.
# Size      Bandwidth (MB/s)
1                       4.57
2                       9.13
4                      18.33
8                      36.45
16                     73.00
32                    140.48
64                    275.10
128                   534.23
256                   526.99
512                   944.03
1024                  882.14
2048                 1630.14
4096                 3451.04
8192                 2797.69
16384                5362.34
32768               10303.94
65536               18309.60
131072              30939.07
262144              47821.57
524288              65336.82
1048576             79566.64
2097152             89342.36
4194304             95362.31

################################################################
# routed_35   GCD(3,5)   tier=routed   num_links=0
# Hypothesis: no direct link, routed (anomaly pair)
################################################################
  [run 1] warm-up — output discarded
  [run 2] recording

# OSU MPI-ROCM Bi-Directional Bandwidth Test v7.5
# Datatype: MPI_CHAR.
# Size      Bandwidth (MB/s)
1                       4.58
2                       9.05
4                      18.04
8                      36.34
16                     72.36
32                    139.15
64                    272.91
128                   520.94
256                   525.78
512                   936.12
1024                  895.06
2048                 1772.24
4096                 3443.99
8192                 2738.51
16384                5240.92
32768                9977.82
65536               17913.69
131072              30535.08
262144              47281.58
524288              64883.62
1048576             79207.95
2097152             89026.48
4194304             95257.34
  [run 3] recording

# OSU MPI-ROCM Bi-Directional Bandwidth Test v7.5
# Datatype: MPI_CHAR.
# Size      Bandwidth (MB/s)
1                       4.44
2                       9.07
4                      18.24
8                      36.46
16                     73.10
32                    141.61
64                    276.46
128                   531.86
256                   529.72
512                   951.01
1024                  900.96
2048                 1774.53
4096                 3493.68
8192                 2693.35
16384                5231.81
32768                9985.44
65536               17934.33
131072              30556.12
262144              47067.31
524288              64135.74
1048576             79205.61
2097152             88995.37
4194304             95294.17
  [run 4] recording

# OSU MPI-ROCM Bi-Directional Bandwidth Test v7.5
# Datatype: MPI_CHAR.
# Size      Bandwidth (MB/s)
1                       4.78
2                       9.45
4                      18.85
8                      37.82
16                     75.69
32                    146.27
64                    284.70
128                   547.03
256                   546.53
512                   974.37
1024                  894.53
2048                 1777.72
4096                 3498.90
8192                 2705.13
16384                5236.02
32768                9969.17
65536               17928.22
131072              30561.99
262144              47248.03
524288              64870.39
1048576             79199.24
2097152             89016.01
4194304             95266.87
  [run 5] recording

# OSU MPI-ROCM Bi-Directional Bandwidth Test v7.5
# Datatype: MPI_CHAR.
# Size      Bandwidth (MB/s)
1                       4.63
2                       9.12
4                      18.31
8                      36.80
16                     72.87
32                    141.24
64                    274.46
128                   528.89
256                   534.08
512                   959.95
1024                  889.32
2048                 1760.37
4096                 3465.25
8192                 2740.53
16384                5297.61
32768               10139.51
65536               17977.66
131072              30586.86
262144              47206.44
524288              64794.33
1048576             79061.21
2097152             88921.21
4194304             95095.94
  [run 6] recording

# OSU MPI-ROCM Bi-Directional Bandwidth Test v7.5
# Datatype: MPI_CHAR.
# Size      Bandwidth (MB/s)
1                       4.56
2                       9.13
4                      18.33
8                      36.67
16                     73.28
32                    142.17
64                    279.37
128                   540.27
256                   521.39
512                   944.32
1024                  879.67
2048                 1743.54
4096                 3431.72
8192                 2713.23
16384                5296.10
32768               10116.39
65536               17956.03
131072              30568.97
262144              47164.25
524288              64797.84
1048576             79020.73
2097152             88928.05
4194304             95067.43

################################################################
# self_GCD0   GCD(0,0)   tier=self   num_links=NA
# Hypothesis: same GCD, intra-process HBM, ~250 GB/s
################################################################
  [run 1] warm-up — output discarded
  [run 2] recording

# OSU MPI-ROCM Bi-Directional Bandwidth Test v7.5
# Datatype: MPI_CHAR.
# Size      Bandwidth (MB/s)
1                       4.51
2                       9.01
4                      17.94
8                      36.13
16                     72.23
32                    141.06
64                    274.38
128                   536.76
256                   523.71
512                   918.90
1024                  883.14
2048                 1757.34
4096                 3391.28
8192                 1461.05
16384                2799.48
32768                5229.61
65536                9389.80
131072              15580.38
262144              23575.06
524288              32158.66
1048576            139653.56
2097152            242990.94
4194304            364444.98
  [run 3] recording

# OSU MPI-ROCM Bi-Directional Bandwidth Test v7.5
# Datatype: MPI_CHAR.
# Size      Bandwidth (MB/s)
1                       4.65
2                       9.16
4                      18.34
8                      36.62
16                     73.11
32                    141.97
64                    277.12
128                   525.37
256                   535.37
512                   963.96
1024                  899.39
2048                 1769.04
4096                 3481.80
8192                 1465.86
16384                2801.95
32768                5246.64
65536                9423.28
131072              15660.46
262144              23586.02
524288              32107.20
1048576            139289.36
2097152            243798.59
4194304            363883.28
  [run 4] recording

# OSU MPI-ROCM Bi-Directional Bandwidth Test v7.5
# Datatype: MPI_CHAR.
# Size      Bandwidth (MB/s)
1                       4.62
2                       9.11
4                      18.23
8                      36.47
16                     73.03
32                    141.14
64                    275.31
128                   517.76
256                   527.83
512                   947.42
1024                  878.89
2048                 1740.96
4096                 3448.29
8192                 1470.50
16384                2808.75
32768                5243.15
65536                9424.14
131072              15660.20
262144              23641.30
524288              32240.94
1048576            142028.33
2097152            242988.41
4194304            364907.97
  [run 5] recording

# OSU MPI-ROCM Bi-Directional Bandwidth Test v7.5
# Datatype: MPI_CHAR.
# Size      Bandwidth (MB/s)
1                       4.59
2                       9.09
4                      18.23
8                      36.40
16                     72.93
32                    140.27
64                    274.88
128                   525.54
256                   524.46
512                   944.87
1024                  898.79
2048                 1787.62
4096                 3497.53
8192                 1470.89
16384                2813.14
32768                5261.84
65536                9422.90
131072              15653.62
262144              23603.86
524288              32268.73
1048576            142113.99
2097152            242936.85
4194304            364942.78
  [run 6] recording

# OSU MPI-ROCM Bi-Directional Bandwidth Test v7.5
# Datatype: MPI_CHAR.
# Size      Bandwidth (MB/s)
1                       4.57
2                       9.11
4                      18.24
8                      36.52
16                     73.08
32                    141.93
64                    277.36
128                   530.85
256                   530.75
512                   947.08
1024                  876.72
2048                 1746.81
4096                 3437.75
8192                 1465.74
16384                2831.18
32768                5268.53
65536                9419.45
131072              15690.97
262144              23586.23
524288              32195.94
1048576            146522.51
2097152            244805.15
4194304            368235.14
