# === EESSI / UCX_RNDV_THRESH=DEFAULT @ 2026-05-15T18:06:24+03:00 ===
# pair=(0,1) tier=intra_pkg_OAM0  HSA_ENABLE_SDMA=0
# UCX_PROTO_ENABLE=y  UCX_PROTO_INFO=y  UCX_LOG_LEVEL=info
# OSU_FLAGS='-m 1:67108864 -i 100 -d rocm D D'

# ==== recorded run begin ====
[1778857607.759148] [nid007958:93543:0]     ucp_context.c:2257 UCX  INFO  Version 1.18.0 (loaded from /users/joglekar/eessi/versions/2025.06/software/linux/x86_64/amd/zen3/software/UCX-ROCm/1.18.0-rocm-compilers-19.0.0-ROCm-6.4.1/lib64/libucp.so.0)
[1778857607.762503] [nid007958:93542:0]     ucp_context.c:2257 UCX  INFO  Version 1.18.0 (loaded from /users/joglekar/eessi/versions/2025.06/software/linux/x86_64/amd/zen3/software/UCX-ROCm/1.18.0-rocm-compilers-19.0.0-ROCm-6.4.1/lib64/libucp.so.0)
[1778857608.151441] [nid007958:93543:0]   +--------------------------+-----------------------------------------------------+
[1778857608.151452] [nid007958:93543:0]   | ucp_context_0 self cfg#0 | tagged message by ucp_tag_send* from host memory    |
[1778857608.151454] [nid007958:93543:0]   +--------------------------+--------------------------------------------------+--+
[1778857608.151457] [nid007958:93543:0]   +--------------------------+--------------------------------------------------+--+
[1778857608.151547] [nid007958:93543:0]          parser.c:2337 UCX  INFO  UCX_* env variables: UCX_PROTO_INFO=y UCX_PROTO_ENABLE=y UCX_LOG_LEVEL=info
[1778857608.151640] [nid007958:93542:0]   +--------------------------+-----------------------------------------------------+
[1778857608.151648] [nid007958:93542:0]   | ucp_context_0 self cfg#0 | tagged message by ucp_tag_send* from host memory    |
[1778857608.151650] [nid007958:93542:0]   +--------------------------+--------------------------------------------------+--+
[1778857608.151652] [nid007958:93542:0]   +--------------------------+--------------------------------------------------+--+
[1778857608.151739] [nid007958:93542:0]          parser.c:2337 UCX  INFO  UCX_* env variables: UCX_PROTO_INFO=y UCX_PROTO_ENABLE=y UCX_LOG_LEVEL=info
[1778857608.157863] [nid007958:93542:0]      ucp_worker.c:1903 UCX  INFO    ucp_context_0 self cfg#1 tag(self/memory cma/memory rocm_copy/rocm_cpy)
[1778857608.157883] [nid007958:93543:0]      ucp_worker.c:1903 UCX  INFO    ucp_context_0 self cfg#1 tag(self/memory cma/memory rocm_copy/rocm_cpy)
[1778857608.158024] [nid007958:93542:0]   +--------------------------+-------------------------------------------------------------+
[1778857608.158029] [nid007958:93542:0]   | ucp_context_0 self cfg#1 | tagged message by ucp_tag_send* from host memory            |
[1778857608.158031] [nid007958:93542:0]   +--------------------------+-----------------------------------------------+-------------+
[1778857608.158033] [nid007958:93542:0]   |                  0..2312 | eager short                                   | self/memory |
[1778857608.158035] [nid007958:93542:0]   |                2313..inf | (?) rendezvous copy from mapped remote memory | self/memory |
[1778857608.158037] [nid007958:93542:0]   +--------------------------+-----------------------------------------------+-------------+
[1778857608.158034] [nid007958:93543:0]   +--------------------------+-------------------------------------------------------------+
[1778857608.158038] [nid007958:93543:0]   | ucp_context_0 self cfg#1 | tagged message by ucp_tag_send* from host memory            |
[1778857608.158040] [nid007958:93543:0]   +--------------------------+-----------------------------------------------+-------------+
[1778857608.158042] [nid007958:93543:0]   |                  0..2312 | eager short                                   | self/memory |
[1778857608.158044] [nid007958:93543:0]   |                2313..inf | (?) rendezvous copy from mapped remote memory | self/memory |
[1778857608.158046] [nid007958:93543:0]   +--------------------------+-----------------------------------------------+-------------+
[1778857608.158087] [nid007958:93542:0]   +--------------------------+----------------------------------------------------------------------+
[1778857608.158090] [nid007958:93542:0]   | ucp_context_0 self cfg#1 | tagged message by ucp_tag_send*(fast-completion) from host memory    |
[1778857608.158092] [nid007958:93542:0]   +--------------------------+--------------------------------------------------------+-------------+
[1778857608.158094] [nid007958:93542:0]   |                  0..8184 | eager short                                            | self/memory |
[1778857608.158097] [nid007958:93542:0]   |             8185..262143 | multi-frag eager copy-in copy-out                      | self/memory |
[1778857608.158100] [nid007958:93542:0]   |                256K..inf | (?) rendezvous copy from mapped remote memory          | self/memory |
[1778857608.158102] [nid007958:93542:0]   +--------------------------+--------------------------------------------------------+-------------+
[1778857608.158097] [nid007958:93543:0]   +--------------------------+----------------------------------------------------------------------+
[1778857608.158102] [nid007958:93543:0]   | ucp_context_0 self cfg#1 | tagged message by ucp_tag_send*(fast-completion) from host memory    |
[1778857608.158104] [nid007958:93543:0]   +--------------------------+--------------------------------------------------------+-------------+
[1778857608.158106] [nid007958:93543:0]   |                  0..8184 | eager short                                            | self/memory |
[1778857608.158107] [nid007958:93543:0]   |             8185..262143 | multi-frag eager copy-in copy-out                      | self/memory |
[1778857608.158109] [nid007958:93543:0]   |                256K..inf | (?) rendezvous copy from mapped remote memory          | self/memory |
[1778857608.158111] [nid007958:93543:0]   +--------------------------+--------------------------------------------------------+-------------+
[1778857608.158224] [nid007958:93543:0]   +--------------------------+-------------------------------------------------------------+
[1778857608.158228] [nid007958:93543:0]   | ucp_context_0 self cfg#1 | tagged message by ucp_tag_send*(multi) from host memory     |
[1778857608.158230] [nid007958:93543:0]   +--------------------------+-----------------------------------------------+-------------+
[1778857608.158226] [nid007958:93542:0]   +--------------------------+-------------------------------------------------------------+
[1778857608.158229] [nid007958:93542:0]   | ucp_context_0 self cfg#1 | tagged message by ucp_tag_send*(multi) from host memory     |
[1778857608.158231] [nid007958:93542:0]   +--------------------------+-----------------------------------------------+-------------+
[1778857608.158233] [nid007958:93542:0]   |                  0..2459 | eager short                                   | self/memory |
[1778857608.158235] [nid007958:93542:0]   |                2460..inf | (?) rendezvous copy from mapped remote memory | self/memory |
[1778857608.158236] [nid007958:93542:0]   +--------------------------+-----------------------------------------------+-------------+
[1778857608.158233] [nid007958:93543:0]   |                  0..2459 | eager short                                   | self/memory |
[1778857608.158237] [nid007958:93543:0]   |                2460..inf | (?) rendezvous copy from mapped remote memory | self/memory |
[1778857608.158238] [nid007958:93543:0]   +--------------------------+-----------------------------------------------+-------------+
[1778857608.158622] [nid007958:93542:0]      ucp_worker.c:1903 UCX  INFO    ucp_context_0 intra-node cfg#2 tag(sysv/memory xpmem/memory cma/memory rocm_ipc/rocm_ipc)
[1778857608.158633] [nid007958:93543:0]      ucp_worker.c:1903 UCX  INFO    ucp_context_0 intra-node cfg#2 tag(sysv/memory xpmem/memory cma/memory rocm_ipc/rocm_ipc)
[1778857608.158750] [nid007958:93542:0]   +--------------------------------+--------------------------------------------------------------+
[1778857608.158755] [nid007958:93542:0]   | ucp_context_0 intra-node cfg#2 | tagged message by ucp_tag_send* from host memory             |
[1778857608.158757] [nid007958:93542:0]   +--------------------------------+-----------------------------------------------+--------------+
[1778857608.158759] [nid007958:93542:0]   |                          0..92 | eager short                                   | sysv/memory  |
[1778857608.158761] [nid007958:93542:0]   |                       93..2863 | eager copy-in copy-out                        | sysv/memory  |
[1778857608.158762] [nid007958:93542:0]   |                      2864..inf | (?) rendezvous copy from mapped remote memory | xpmem/memory |
[1778857608.158765] [nid007958:93542:0]   +--------------------------------+-----------------------------------------------+--------------+
[1778857608.158761] [nid007958:93543:0]   +--------------------------------+--------------------------------------------------------------+
[1778857608.158765] [nid007958:93543:0]   | ucp_context_0 intra-node cfg#2 | tagged message by ucp_tag_send* from host memory             |
[1778857608.158767] [nid007958:93543:0]   +--------------------------------+-----------------------------------------------+--------------+
[1778857608.158769] [nid007958:93543:0]   |                          0..92 | eager short                                   | sysv/memory  |
[1778857608.158770] [nid007958:93543:0]   |                       93..2863 | eager copy-in copy-out                        | sysv/memory  |
[1778857608.158772] [nid007958:93543:0]   |                      2864..inf | (?) rendezvous copy from mapped remote memory | xpmem/memory |
[1778857608.158774] [nid007958:93543:0]   +--------------------------------+-----------------------------------------------+--------------+
[1778857608.158810] [nid007958:93542:0]   +--------------------------------+----------------------------------------------------------------------+
[1778857608.158814] [nid007958:93542:0]   | ucp_context_0 intra-node cfg#2 | tagged message by ucp_tag_send*(fast-completion) from host memory    |
[1778857608.158815] [nid007958:93542:0]   +--------------------------------+-------------------------------------------------------+--------------+
[1778857608.158817] [nid007958:93542:0]   |                          0..92 | eager short                                           | sysv/memory  |
[1778857608.158820] [nid007958:93542:0]   |                       93..8248 | eager copy-in copy-out                                | sysv/memory  |
[1778857608.158822] [nid007958:93542:0]   |                   8249..262143 | multi-frag eager copy-in copy-out                     | sysv/memory  |
[1778857608.158816] [nid007958:93543:0]   +--------------------------------+----------------------------------------------------------------------+
[1778857608.158820] [nid007958:93543:0]   | ucp_context_0 intra-node cfg#2 | tagged message by ucp_tag_send*(fast-completion) from host memory    |
[1778857608.158822] [nid007958:93543:0]   +--------------------------------+-------------------------------------------------------+--------------+
[1778857608.158827] [nid007958:93543:0]   |                          0..92 | eager short                                           | sysv/memory  |
[1778857608.158830] [nid007958:93543:0]   |                       93..8248 | eager copy-in copy-out                                | sysv/memory  |
[1778857608.158831] [nid007958:93543:0]   |                   8249..262143 | multi-frag eager copy-in copy-out                     | sysv/memory  |
[1778857608.158833] [nid007958:93543:0]   |                      256K..inf | (?) rendezvous copy from mapped remote memory         | xpmem/memory |
[1778857608.158835] [nid007958:93543:0]   +--------------------------------+-------------------------------------------------------+--------------+
[1778857608.158827] [nid007958:93542:0]   |                      256K..inf | (?) rendezvous copy from mapped remote memory         | xpmem/memory |
[1778857608.158830] [nid007958:93542:0]   +--------------------------------+-------------------------------------------------------+--------------+
[1778857608.158939] [nid007958:93542:0]   +--------------------------------+--------------------------------------------------------------+
[1778857608.158942] [nid007958:93542:0]   | ucp_context_0 intra-node cfg#2 | tagged message by ucp_tag_send*(multi) from host memory      |
[1778857608.158944] [nid007958:93542:0]   +--------------------------------+-----------------------------------------------+--------------+
[1778857608.158946] [nid007958:93542:0]   |                          0..92 | eager short                                   | sysv/memory  |
[1778857608.158948] [nid007958:93542:0]   |                       93..2422 | eager copy-in copy-out                        | sysv/memory  |
[1778857608.158949] [nid007958:93542:0]   |                      2423..inf | (?) rendezvous copy from mapped remote memory | xpmem/memory |
[1778857608.158951] [nid007958:93542:0]   +--------------------------------+-----------------------------------------------+--------------+
[1778857608.158960] [nid007958:93543:0]   +--------------------------------+--------------------------------------------------------------+
[1778857608.158963] [nid007958:93543:0]   | ucp_context_0 intra-node cfg#2 | tagged message by ucp_tag_send*(multi) from host memory      |
[1778857608.158965] [nid007958:93543:0]   +--------------------------------+-----------------------------------------------+--------------+
[1778857608.158966] [nid007958:93543:0]   |                          0..92 | eager short                                   | sysv/memory  |
[1778857608.158968] [nid007958:93543:0]   |                       93..2422 | eager copy-in copy-out                        | sysv/memory  |
[1778857608.158970] [nid007958:93543:0]   |                      2423..inf | (?) rendezvous copy from mapped remote memory | xpmem/memory |
[1778857608.158971] [nid007958:93543:0]   +--------------------------------+-----------------------------------------------+--------------+

# OSU MPI-ROCM Bandwidth Test v7.5
# Datatype: MPI_CHAR.
# Size      Bandwidth (MB/s)
[1778857608.437133] [nid007958:93542:0]   +--------------------------------+---------------------------------------------------------------+
[1778857608.437143] [nid007958:93542:0]   | ucp_context_0 intra-node cfg#2 | tagged message by ucp_tag_send*(multi) from rocm/GPU0         |
[1778857608.437146] [nid007958:93542:0]   +--------------------------------+-------------------------------------------+-------------------+
[1778857608.437148] [nid007958:93542:0]   |                              0 | eager short                               | sysv/memory       |
[1778857608.437149] [nid007958:93542:0]   |                         1..241 | eager copy-in copy-out                    | sysv/memory       |
[1778857608.437151] [nid007958:93542:0]   |                       242..inf | (?) rendezvous zero-copy read from remote | rocm_ipc/rocm_ipc |
[1778857608.437153] [nid007958:93542:0]   +--------------------------------+-------------------------------------------+-------------------+
[1778857608.439146] [nid007958:93543:0]   +--------------------------------+--------------------------------------------------------------------+
[1778857608.439153] [nid007958:93543:0]   | ucp_context_0 intra-node cfg#2 | tagged message by ucp_tag_send*(fast-completion) from rocm/GPU1    |
[1778857608.439156] [nid007958:93543:0]   +--------------------------------+------------------------------------------------+-------------------+
[1778857608.439158] [nid007958:93543:0]   |                              0 | eager short                                    | sysv/memory       |
[1778857608.439159] [nid007958:93543:0]   |                         1..901 | eager copy-in copy-out                         | sysv/memory       |
[1778857608.439161] [nid007958:93543:0]   |                       902..inf | (?) rendezvous zero-copy read from remote      | rocm_ipc/rocm_ipc |
[1778857608.439163] [nid007958:93543:0]   +--------------------------------+------------------------------------------------+-------------------+
1                       2.96
2                       5.92
4                      12.68
8                      25.36
16                     50.86
32                    103.75
64                    206.11
128                   405.83
[1778857608.459584] [nid007958:93543:0]   +--------------------------------+-------------------------------------------------------------------------------------+
[1778857608.459589] [nid007958:93543:0]   | ucp_context_0 intra-node cfg#2 | rendezvous data fetch(multi) into rocm/GPU1 from rocm/dev[0]                        |
[1778857608.459592] [nid007958:93543:0]   +--------------------------------+-----------------------------------------------------------------+-------------------+
[1778857608.459593] [nid007958:93543:0]   |                              0 | no data fetch                                                   |                   |
[1778857608.459595] [nid007958:93543:0]   |                         1..127 | (?) rocm_copy, copy to attached, frag host, rocm_copy, frag hos |                   |
[1778857608.459597] [nid007958:93543:0]   |                       128..inf | zero-copy read from remote                                      | rocm_ipc/rocm_ipc |
[1778857608.459599] [nid007958:93543:0]   +--------------------------------+-----------------------------------------------------------------+-------------------+
256                    30.79
512                    60.80
1024                  119.70
2048                  238.04
4096                  479.34
8192                  927.56
16384                1848.54
32768                3500.89
65536                6794.34
131072              12391.38
262144              21198.08
524288              37737.07
1048576             57648.28
2097152             82065.04
4194304            115776.64
8388608            131043.04
16777216           141374.77
33554432           147420.62
67108864           149937.14
# ==== recorded run end ====
