# === EESSI / UCX_RNDV_THRESH=1024 @ 2026-05-15T18:07:16+03:00 ===
# pair=(0,1) tier=intra_pkg_OAM0  HSA_ENABLE_SDMA=0
# UCX_PROTO_ENABLE=y  UCX_PROTO_INFO=y  UCX_LOG_LEVEL=info
# OSU_FLAGS='-m 1:67108864 -i 100 -d rocm D D'

# ==== recorded run begin ====
[1778857647.296683] [nid007958:93729:0]     ucp_context.c:2257 UCX  INFO  Version 1.18.0 (loaded from /users/joglekar/eessi/versions/2025.06/software/linux/x86_64/amd/zen3/software/UCX-ROCm/1.18.0-rocm-compilers-19.0.0-ROCm-6.4.1/lib64/libucp.so.0)
[1778857647.296692] [nid007958:93728:0]     ucp_context.c:2257 UCX  INFO  Version 1.18.0 (loaded from /users/joglekar/eessi/versions/2025.06/software/linux/x86_64/amd/zen3/software/UCX-ROCm/1.18.0-rocm-compilers-19.0.0-ROCm-6.4.1/lib64/libucp.so.0)
[1778857647.689290] [nid007958:93729:0]   +--------------------------+-----------------------------------------------------+
[1778857647.689301] [nid007958:93729:0]   | ucp_context_0 self cfg#0 | tagged message by ucp_tag_send* from host memory    |
[1778857647.689303] [nid007958:93729:0]   +--------------------------+--------------------------------------------------+--+
[1778857647.689305] [nid007958:93729:0]   +--------------------------+--------------------------------------------------+--+
[1778857647.689399] [nid007958:93729:0]          parser.c:2337 UCX  INFO  UCX_* env variables: UCX_RNDV_THRESH=1024 UCX_PROTO_INFO=y UCX_PROTO_ENABLE=y UCX_LOG_LEVEL=info
[1778857647.689623] [nid007958:93728:0]   +--------------------------+-----------------------------------------------------+
[1778857647.689630] [nid007958:93728:0]   | ucp_context_0 self cfg#0 | tagged message by ucp_tag_send* from host memory    |
[1778857647.689632] [nid007958:93728:0]   +--------------------------+--------------------------------------------------+--+
[1778857647.689634] [nid007958:93728:0]   +--------------------------+--------------------------------------------------+--+
[1778857647.689722] [nid007958:93728:0]          parser.c:2337 UCX  INFO  UCX_* env variables: UCX_RNDV_THRESH=1024 UCX_PROTO_INFO=y UCX_PROTO_ENABLE=y UCX_LOG_LEVEL=info
[1778857647.696011] [nid007958:93729:0]      ucp_worker.c:1903 UCX  INFO    ucp_context_0 self cfg#1 tag(self/memory cma/memory rocm_copy/rocm_cpy)
[1778857647.696033] [nid007958:93728:0]      ucp_worker.c:1903 UCX  INFO    ucp_context_0 self cfg#1 tag(self/memory cma/memory rocm_copy/rocm_cpy)
[1778857647.696163] [nid007958:93729:0]   +--------------------------+-------------------------------------------------------------+
[1778857647.696167] [nid007958:93729:0]   | ucp_context_0 self cfg#1 | tagged message by ucp_tag_send* from host memory            |
[1778857647.696169] [nid007958:93729:0]   +--------------------------+-----------------------------------------------+-------------+
[1778857647.696171] [nid007958:93729:0]   |                  0..1023 | eager short                                   | self/memory |
[1778857647.696173] [nid007958:93729:0]   |                  1K..inf | (?) rendezvous copy from mapped remote memory | self/memory |
[1778857647.696174] [nid007958:93729:0]   +--------------------------+-----------------------------------------------+-------------+
[1778857647.696226] [nid007958:93729:0]   +--------------------------+----------------------------------------------------------------------+
[1778857647.696229] [nid007958:93729:0]   | ucp_context_0 self cfg#1 | tagged message by ucp_tag_send*(fast-completion) from host memory    |
[1778857647.696231] [nid007958:93729:0]   +--------------------------+--------------------------------------------------------+-------------+
[1778857647.696233] [nid007958:93729:0]   |                  0..1023 | eager short                                            | self/memory |
[1778857647.696180] [nid007958:93728:0]   +--------------------------+-------------------------------------------------------------+
[1778857647.696185] [nid007958:93728:0]   | ucp_context_0 self cfg#1 | tagged message by ucp_tag_send* from host memory            |
[1778857647.696187] [nid007958:93728:0]   +--------------------------+-----------------------------------------------+-------------+
[1778857647.696189] [nid007958:93728:0]   |                  0..1023 | eager short                                   | self/memory |
[1778857647.696191] [nid007958:93728:0]   |                  1K..inf | (?) rendezvous copy from mapped remote memory | self/memory |
[1778857647.696192] [nid007958:93728:0]   +--------------------------+-----------------------------------------------+-------------+
[1778857647.696235] [nid007958:93729:0]   |                  1K..inf | (?) rendezvous copy from mapped remote memory          | self/memory |
[1778857647.696238] [nid007958:93729:0]   +--------------------------+--------------------------------------------------------+-------------+
[1778857647.696245] [nid007958:93728:0]   +--------------------------+----------------------------------------------------------------------+
[1778857647.696249] [nid007958:93728:0]   | ucp_context_0 self cfg#1 | tagged message by ucp_tag_send*(fast-completion) from host memory    |
[1778857647.696251] [nid007958:93728:0]   +--------------------------+--------------------------------------------------------+-------------+
[1778857647.696253] [nid007958:93728:0]   |                  0..1023 | eager short                                            | self/memory |
[1778857647.696255] [nid007958:93728:0]   |                  1K..inf | (?) rendezvous copy from mapped remote memory          | self/memory |
[1778857647.696256] [nid007958:93728:0]   +--------------------------+--------------------------------------------------------+-------------+
[1778857647.696347] [nid007958:93729:0]   +--------------------------+-------------------------------------------------------------+
[1778857647.696350] [nid007958:93729:0]   | ucp_context_0 self cfg#1 | tagged message by ucp_tag_send*(multi) from host memory     |
[1778857647.696352] [nid007958:93729:0]   +--------------------------+-----------------------------------------------+-------------+
[1778857647.696354] [nid007958:93729:0]   |                  0..1023 | eager short                                   | self/memory |
[1778857647.696356] [nid007958:93729:0]   |                  1K..inf | (?) rendezvous copy from mapped remote memory | self/memory |
[1778857647.696357] [nid007958:93729:0]   +--------------------------+-----------------------------------------------+-------------+
[1778857647.696362] [nid007958:93728:0]   +--------------------------+-------------------------------------------------------------+
[1778857647.696367] [nid007958:93728:0]   | ucp_context_0 self cfg#1 | tagged message by ucp_tag_send*(multi) from host memory     |
[1778857647.696369] [nid007958:93728:0]   +--------------------------+-----------------------------------------------+-------------+
[1778857647.696371] [nid007958:93728:0]   |                  0..1023 | eager short                                   | self/memory |
[1778857647.696372] [nid007958:93728:0]   |                  1K..inf | (?) rendezvous copy from mapped remote memory | self/memory |
[1778857647.696375] [nid007958:93728:0]   +--------------------------+-----------------------------------------------+-------------+
[1778857647.696782] [nid007958:93729:0]      ucp_worker.c:1903 UCX  INFO    ucp_context_0 intra-node cfg#2 tag(sysv/memory xpmem/memory cma/memory rocm_ipc/rocm_ipc)
[1778857647.696785] [nid007958:93728:0]      ucp_worker.c:1903 UCX  INFO    ucp_context_0 intra-node cfg#2 tag(sysv/memory xpmem/memory cma/memory rocm_ipc/rocm_ipc)
[1778857647.696923] [nid007958:93729:0]   +--------------------------------+--------------------------------------------------------------+
[1778857647.696927] [nid007958:93729:0]   | ucp_context_0 intra-node cfg#2 | tagged message by ucp_tag_send* from host memory             |
[1778857647.696929] [nid007958:93729:0]   +--------------------------------+-----------------------------------------------+--------------+
[1778857647.696931] [nid007958:93729:0]   |                          0..92 | eager short                                   | sysv/memory  |
[1778857647.696933] [nid007958:93729:0]   |                       93..1023 | eager copy-in copy-out                        | sysv/memory  |
[1778857647.696935] [nid007958:93729:0]   |                        1K..inf | (?) rendezvous copy from mapped remote memory | xpmem/memory |
[1778857647.696937] [nid007958:93729:0]   +--------------------------------+-----------------------------------------------+--------------+
[1778857647.696923] [nid007958:93728:0]   +--------------------------------+--------------------------------------------------------------+
[1778857647.696927] [nid007958:93728:0]   | ucp_context_0 intra-node cfg#2 | tagged message by ucp_tag_send* from host memory             |
[1778857647.696929] [nid007958:93728:0]   +--------------------------------+-----------------------------------------------+--------------+
[1778857647.696931] [nid007958:93728:0]   |                          0..92 | eager short                                   | sysv/memory  |
[1778857647.696933] [nid007958:93728:0]   |                       93..1023 | eager copy-in copy-out                        | sysv/memory  |
[1778857647.696935] [nid007958:93728:0]   |                        1K..inf | (?) rendezvous copy from mapped remote memory | xpmem/memory |
[1778857647.696937] [nid007958:93728:0]   +--------------------------------+-----------------------------------------------+--------------+
[1778857647.696987] [nid007958:93729:0]   +--------------------------------+----------------------------------------------------------------------+
[1778857647.696991] [nid007958:93729:0]   | ucp_context_0 intra-node cfg#2 | tagged message by ucp_tag_send*(fast-completion) from host memory    |
[1778857647.696993] [nid007958:93729:0]   +--------------------------------+-------------------------------------------------------+--------------+
[1778857647.696995] [nid007958:93729:0]   |                          0..92 | eager short                                           | sysv/memory  |
[1778857647.696997] [nid007958:93729:0]   |                       93..1023 | eager copy-in copy-out                                | sysv/memory  |
[1778857647.697000] [nid007958:93729:0]   |                        1K..inf | (?) rendezvous copy from mapped remote memory         | xpmem/memory |
[1778857647.697002] [nid007958:93729:0]   +--------------------------------+-------------------------------------------------------+--------------+
[1778857647.696988] [nid007958:93728:0]   +--------------------------------+----------------------------------------------------------------------+
[1778857647.696991] [nid007958:93728:0]   | ucp_context_0 intra-node cfg#2 | tagged message by ucp_tag_send*(fast-completion) from host memory    |
[1778857647.696993] [nid007958:93728:0]   +--------------------------------+-------------------------------------------------------+--------------+
[1778857647.696995] [nid007958:93728:0]   |                          0..92 | eager short                                           | sysv/memory  |
[1778857647.696998] [nid007958:93728:0]   |                       93..1023 | eager copy-in copy-out                                | sysv/memory  |
[1778857647.696999] [nid007958:93728:0]   |                        1K..inf | (?) rendezvous copy from mapped remote memory         | xpmem/memory |
[1778857647.697001] [nid007958:93728:0]   +--------------------------------+-------------------------------------------------------+--------------+
[1778857647.697130] [nid007958:93728:0]   +--------------------------------+--------------------------------------------------------------+
[1778857647.697134] [nid007958:93728:0]   | ucp_context_0 intra-node cfg#2 | tagged message by ucp_tag_send*(multi) from host memory      |
[1778857647.697136] [nid007958:93728:0]   +--------------------------------+-----------------------------------------------+--------------+
[1778857647.697138] [nid007958:93728:0]   |                          0..92 | eager short                                   | sysv/memory  |
[1778857647.697140] [nid007958:93728:0]   |                       93..1023 | eager copy-in copy-out                        | sysv/memory  |
[1778857647.697142] [nid007958:93728:0]   |                        1K..inf | (?) rendezvous copy from mapped remote memory | xpmem/memory |
[1778857647.697144] [nid007958:93728:0]   +--------------------------------+-----------------------------------------------+--------------+
[1778857647.697132] [nid007958:93729:0]   +--------------------------------+--------------------------------------------------------------+
[1778857647.697137] [nid007958:93729:0]   | ucp_context_0 intra-node cfg#2 | tagged message by ucp_tag_send*(multi) from host memory      |
[1778857647.697139] [nid007958:93729:0]   +--------------------------------+-----------------------------------------------+--------------+
[1778857647.697141] [nid007958:93729:0]   |                          0..92 | eager short                                   | sysv/memory  |
[1778857647.697143] [nid007958:93729:0]   |                       93..1023 | eager copy-in copy-out                        | sysv/memory  |
[1778857647.697145] [nid007958:93729:0]   |                        1K..inf | (?) rendezvous copy from mapped remote memory | xpmem/memory |
[1778857647.697147] [nid007958:93729:0]   +--------------------------------+-----------------------------------------------+--------------+

# OSU MPI-ROCM Bandwidth Test v7.5
# Datatype: MPI_CHAR.
# Size      Bandwidth (MB/s)
[1778857647.969492] [nid007958:93728:0]   +--------------------------------+---------------------------------------------------------------+
[1778857647.969502] [nid007958:93728:0]   | ucp_context_0 intra-node cfg#2 | tagged message by ucp_tag_send*(multi) from rocm/GPU0         |
[1778857647.969505] [nid007958:93728:0]   +--------------------------------+-------------------------------------------+-------------------+
[1778857647.969506] [nid007958:93728:0]   |                              0 | eager short                               | sysv/memory       |
[1778857647.969508] [nid007958:93728:0]   |                        1..1023 | eager copy-in copy-out                    | sysv/memory       |
[1778857647.969510] [nid007958:93728:0]   |                        1K..inf | (?) rendezvous zero-copy read from remote | rocm_ipc/rocm_ipc |
[1778857647.969512] [nid007958:93728:0]   +--------------------------------+-------------------------------------------+-------------------+
[1778857647.971503] [nid007958:93729:0]   +--------------------------------+--------------------------------------------------------------------+
[1778857647.971510] [nid007958:93729:0]   | ucp_context_0 intra-node cfg#2 | tagged message by ucp_tag_send*(fast-completion) from rocm/GPU1    |
[1778857647.971513] [nid007958:93729:0]   +--------------------------------+------------------------------------------------+-------------------+
[1778857647.971515] [nid007958:93729:0]   |                              0 | eager short                                    | sysv/memory       |
[1778857647.971516] [nid007958:93729:0]   |                        1..1023 | eager copy-in copy-out                         | sysv/memory       |
[1778857647.971518] [nid007958:93729:0]   |                        1K..inf | (?) rendezvous zero-copy read from remote      | rocm_ipc/rocm_ipc |
[1778857647.971520] [nid007958:93729:0]   +--------------------------------+------------------------------------------------+-------------------+
1                       2.97
2                       5.46
4                      12.58
8                      26.14
16                     51.91
32                    104.70
64                    207.95
128                   406.52
256                   800.62
512                    42.89
[1778857648.081003] [nid007958:93729:0]   +--------------------------------+-------------------------------------------------------------------------------------+
[1778857648.081009] [nid007958:93729:0]   | ucp_context_0 intra-node cfg#2 | rendezvous data fetch(multi) into rocm/GPU1 from rocm/dev[0]                        |
[1778857648.081012] [nid007958:93729:0]   +--------------------------------+-----------------------------------------------------------------+-------------------+
[1778857648.081014] [nid007958:93729:0]   |                              0 | no data fetch                                                   |                   |
[1778857648.081015] [nid007958:93729:0]   |                         1..127 | (?) rocm_copy, copy to attached, frag host, rocm_copy, frag hos |                   |
[1778857648.081017] [nid007958:93729:0]   |                       128..inf | zero-copy read from remote                                      | rocm_ipc/rocm_ipc |
[1778857648.081019] [nid007958:93729:0]   +--------------------------------+-----------------------------------------------------------------+-------------------+
1024                  121.77
2048                  238.69
4096                  474.96
8192                  911.79
16384                1822.31
32768                3392.57
65536                6635.55
131072              12124.41
262144              21139.06
524288              37681.41
1048576             57630.09
2097152             82543.45
4194304            116556.10
8388608            131748.48
16777216           141353.00
33554432           147184.27
67108864           149664.21
# ==== recorded run end ====
